=== taskd run 464 2026-09-16T06:00:54Z ===
=== cwd=/home/nio/log/holds/SameTime ===
=== cmd=["python3", "ara/s1-echo/src/s1_th_embedding_fixed_point.py", "--pair-cache", "ara/s1-echo/evidence/s1_th_embedding_fixed_point/cache/formal_100k_v4096.pt", "--evidence-dir", "ara/s1-echo/evidence/s1_th_embedding_fixed_point/formal_r8_100k_v4096_seed19302", "--max-scan-lines", "100000", "--vocab-size", "4096", "--train-pair-cap", "1000000", "--test-pair-cap", "100000", "--dim", "64", "--depth", "9", "--rounds", "8", "--steps", "1000", "--batch-size", "512", "--negatives", "4", "--eval-pairs", "20000", "--seed", "19302"] ===
{"step": 1, "baseline_loss": 1.4922798871994019, "tree_loss": 1.4916751384735107, "elapsed_seconds": 0.37885451316833496}
{"step": 100, "baseline_loss": 1.3862676620483398, "tree_loss": 1.3892264366149902, "elapsed_seconds": 6.61774754524231}
{"step": 200, "baseline_loss": 1.3406565189361572, "tree_loss": 1.344968318939209, "elapsed_seconds": 12.997703313827515}
{"step": 300, "baseline_loss": 1.3433825969696045, "tree_loss": 1.3503564596176147, "elapsed_seconds": 19.355247735977173}
{"step": 400, "baseline_loss": 1.3218660354614258, "tree_loss": 1.3296784162521362, "elapsed_seconds": 25.70466423034668}
{"step": 500, "baseline_loss": 1.311291217803955, "tree_loss": 1.314113974571228, "elapsed_seconds": 31.926778316497803}
{"step": 600, "baseline_loss": 1.2993230819702148, "tree_loss": 1.3043591976165771, "elapsed_seconds": 38.13583421707153}
{"step": 700, "baseline_loss": 1.3438165187835693, "tree_loss": 1.3480720520019531, "elapsed_seconds": 44.17845129966736}
{"step": 800, "baseline_loss": 1.3137922286987305, "tree_loss": 1.3163151741027832, "elapsed_seconds": 50.00247097015381}
{"step": 900, "baseline_loss": 1.2686489820480347, "tree_loss": 1.2716816663742065, "elapsed_seconds": 56.376455545425415}
{"step": 1000, "baseline_loss": 1.2950305938720703, "tree_loss": 1.2978007793426514, "elapsed_seconds": 62.67298197746277}
{
  "evaluation": {
    "pairs": 20000,
    "baseline_pair_accuracy": 0.6683499813079834,
    "tree_pair_accuracy": 0.6690499782562256,
    "baseline_margin": 0.11445480585098267,
    "tree_margin": 0.11326541751623154,
    "leaf_utilization": 0.15234375,
    "occupancy_entropy": 0.4715754344361022,
    "positive_lcp": 2.2900500297546387,
    "negative_lcp": 1.695199966430664,
    "lcp_margin": 0.5948500037193298,
    "round_flip_rate": [
      0.021484375,
      0.02294921875,
      0.025634765625,
      0.024658203125,
      0.02734375,
      0.0234375,
      0.023193359375
    ]
  },
  "gradients": {
    "embedding": 1.080620527267456,
    "route_weight": 0.0002691914269234985,
    "route_bias": 0.0013305250322446227,
    "node_value": 0.14542554318904877
  },
  "gates": {
    "all_gradients_finite_positive": true,
    "tree_pair_accuracy_gt_0_52": true,
    "positive_lcp_gt_negative_lcp": true,
    "leaf_utilization_gt_0_10": true,
    "occupancy_entropy_gt_0_50": false,
    "finite_losses": true
  },
  "smoke_pass": false
}
=== status=done exit=0 elapsed=65.2s 2026-09-16T06:01:59Z ===