=== taskd run 460 2026-09-16T05:55:23Z ===
=== cwd=/home/nio/log/holds/SameTime ===
=== cmd=["python3", "ara/s1-echo/src/s1_th_embedding_fixed_point.py", "--pair-cache", "ara/s1-echo/evidence/s1_th_embedding_fixed_point/cache/formal_100k_v4096.pt", "--evidence-dir", "ara/s1-echo/evidence/s1_th_embedding_fixed_point/formal_r1_100k_v4096_seed19301", "--max-scan-lines", "100000", "--vocab-size", "4096", "--train-pair-cap", "1000000", "--test-pair-cap", "100000", "--dim", "64", "--depth", "9", "--rounds", "1", "--steps", "1000", "--batch-size", "512", "--negatives", "4", "--eval-pairs", "20000", "--seed", "19301"] ===
{"step": 1, "baseline_loss": 1.452174425125122, "tree_loss": 1.4516448974609375, "elapsed_seconds": 0.34803009033203125}
{"step": 100, "baseline_loss": 1.3777658939361572, "tree_loss": 1.3774940967559814, "elapsed_seconds": 1.2610321044921875}
{"step": 200, "baseline_loss": 1.3418850898742676, "tree_loss": 1.3445888757705688, "elapsed_seconds": 2.18373966217041}
{"step": 300, "baseline_loss": 1.3004186153411865, "tree_loss": 1.3001418113708496, "elapsed_seconds": 3.1035032272338867}
{"step": 400, "baseline_loss": 1.3408046960830688, "tree_loss": 1.3417153358459473, "elapsed_seconds": 4.0729663372039795}
{"step": 500, "baseline_loss": 1.3054070472717285, "tree_loss": 1.3069779872894287, "elapsed_seconds": 5.158849716186523}
{"step": 600, "baseline_loss": 1.3173422813415527, "tree_loss": 1.3172293901443481, "elapsed_seconds": 6.074327230453491}
{"step": 700, "baseline_loss": 1.2939667701721191, "tree_loss": 1.2947720289230347, "elapsed_seconds": 6.988574981689453}
{"step": 800, "baseline_loss": 1.2855156660079956, "tree_loss": 1.2865957021713257, "elapsed_seconds": 7.903059720993042}
{"step": 900, "baseline_loss": 1.284903883934021, "tree_loss": 1.2869013547897339, "elapsed_seconds": 8.818379640579224}
{"step": 1000, "baseline_loss": 1.2836496829986572, "tree_loss": 1.283463954925537, "elapsed_seconds": 9.733461380004883}
{
  "evaluation": {
    "pairs": 20000,
    "baseline_pair_accuracy": 0.6686999797821045,
    "tree_pair_accuracy": 0.6674999594688416,
    "baseline_margin": 0.1109059676527977,
    "tree_margin": 0.11029623448848724,
    "leaf_utilization": 0.158203125,
    "occupancy_entropy": 0.38325458283588304,
    "positive_lcp": 3.2060000896453857,
    "negative_lcp": 2.4911000728607178,
    "lcp_margin": 0.714900016784668,
    "round_flip_rate": []
  },
  "gradients": {
    "embedding": 1.1231255531311035,
    "route_weight": 3.206659312127158e-05,
    "route_bias": 0.00017035685596056283,
    "node_value": 0.018314100801944733
  },
  "gates": {
    "all_gradients_finite_positive": true,
    "tree_pair_accuracy_gt_0_52": true,
    "positive_lcp_gt_negative_lcp": true,
    "leaf_utilization_gt_0_10": true,
    "occupancy_entropy_gt_0_50": false,
    "finite_losses": true
  },
  "smoke_pass": false
}
=== status=done exit=0 elapsed=12.0s 2026-09-16T05:55:35Z ===