=== taskd run 465 2026-09-16T06:01:59Z ===
=== cwd=/home/nio/log/holds/SameTime ===
=== cmd=["python3", "ara/s1-echo/src/s1_th_embedding_fixed_point.py", "--pair-cache", "ara/s1-echo/evidence/s1_th_embedding_fixed_point/cache/formal_100k_v4096.pt", "--evidence-dir", "ara/s1-echo/evidence/s1_th_embedding_fixed_point/formal_r8_100k_v4096_seed19303", "--max-scan-lines", "100000", "--vocab-size", "4096", "--train-pair-cap", "1000000", "--test-pair-cap", "100000", "--dim", "64", "--depth", "9", "--rounds", "8", "--steps", "1000", "--batch-size", "512", "--negatives", "4", "--eval-pairs", "20000", "--seed", "19303"] ===
{"step": 1, "baseline_loss": 1.491414189338684, "tree_loss": 1.486839771270752, "elapsed_seconds": 0.3766777515411377}
{"step": 100, "baseline_loss": 1.3415430784225464, "tree_loss": 1.349141240119934, "elapsed_seconds": 6.517057657241821}
{"step": 200, "baseline_loss": 1.3524625301361084, "tree_loss": 1.353590488433838, "elapsed_seconds": 12.570160150527954}
{"step": 300, "baseline_loss": 1.3202147483825684, "tree_loss": 1.322544813156128, "elapsed_seconds": 18.73781394958496}
{"step": 400, "baseline_loss": 1.3114646673202515, "tree_loss": 1.3187100887298584, "elapsed_seconds": 25.027944326400757}
{"step": 500, "baseline_loss": 1.2914789915084839, "tree_loss": 1.2949652671813965, "elapsed_seconds": 31.27641773223877}
{"step": 600, "baseline_loss": 1.2981338500976562, "tree_loss": 1.298750638961792, "elapsed_seconds": 37.42094922065735}
{"step": 700, "baseline_loss": 1.2886743545532227, "tree_loss": 1.2919167280197144, "elapsed_seconds": 43.35759377479553}
{"step": 800, "baseline_loss": 1.3019905090332031, "tree_loss": 1.304954171180725, "elapsed_seconds": 49.60692644119263}
{"step": 900, "baseline_loss": 1.2954959869384766, "tree_loss": 1.3001766204833984, "elapsed_seconds": 55.67030882835388}
{"step": 1000, "baseline_loss": 1.2681723833084106, "tree_loss": 1.2725303173065186, "elapsed_seconds": 61.042848110198975}
{
  "evaluation": {
    "pairs": 20000,
    "baseline_pair_accuracy": 0.6659500002861023,
    "tree_pair_accuracy": 0.6643499732017517,
    "baseline_margin": 0.11040060967206955,
    "tree_margin": 0.10965117812156677,
    "leaf_utilization": 0.162109375,
    "occupancy_entropy": 0.4497819057380362,
    "positive_lcp": 2.4969000816345215,
    "negative_lcp": 1.9089499711990356,
    "lcp_margin": 0.5879499912261963,
    "round_flip_rate": [
      0.026611328125,
      0.024658203125,
      0.031005859375,
      0.03271484375,
      0.02587890625,
      0.025634765625,
      0.02587890625
    ]
  },
  "gradients": {
    "embedding": 1.1017719507217407,
    "route_weight": 0.0002329755952814594,
    "route_bias": 0.0013324441388249397,
    "node_value": 0.13668565452098846
  },
  "gates": {
    "all_gradients_finite_positive": true,
    "tree_pair_accuracy_gt_0_52": true,
    "positive_lcp_gt_negative_lcp": true,
    "leaf_utilization_gt_0_10": true,
    "occupancy_entropy_gt_0_50": false,
    "finite_losses": true
  },
  "smoke_pass": false
}
=== status=done exit=0 elapsed=63.4s 2026-09-16T06:03:03Z ===