[2026-06-17 15:01:12] loading texts
[2026-06-17 15:01:12] loaded texts=80000
[2026-06-17 15:01:12] parsing docs
[2026-06-17 15:01:49] parsed docs=80000
[2026-06-17 15:01:51] extracted role_examples=160000 svo_cases=660
[2026-06-17 15:01:51] found checkpoints=['/mnt/nas/datasets/wmt_massive/checkpoints/anchor_tree_massive_ep1.pt', '/mnt/nas/datasets/wmt_massive/checkpoints/anchor_tree_massive_ep2.pt', '/mnt/nas/datasets/wmt_massive/checkpoints/anchor_tree_massive_ep3.pt']
[2026-06-17 15:01:51] loading checkpoint /mnt/nas/datasets/wmt_massive/checkpoints/anchor_tree_massive_ep1.pt
[2026-06-17 15:01:51] geometry audit anchor_tree_massive_ep1
[2026-06-17 15:01:51] role probe ckpt=anchor_tree_massive_ep1 mode=l0 ctx=none
[2026-06-17 15:01:53] role probe ckpt=anchor_tree_massive_ep1 mode=l0 ctx=ctx_only
[2026-06-17 15:02:16] role probe ckpt=anchor_tree_massive_ep1 mode=l0 ctx=token_ctx
[2026-06-17 15:02:39] role probe ckpt=anchor_tree_massive_ep1 mode=l0 ctx=token_minus_ctx
[2026-06-17 15:03:02] role probe ckpt=anchor_tree_massive_ep1 mode=path ctx=none
[2026-06-17 15:03:03] role probe ckpt=anchor_tree_massive_ep1 mode=path ctx=ctx_only
[2026-06-17 15:03:54] role probe ckpt=anchor_tree_massive_ep1 mode=path ctx=token_ctx
[2026-06-17 15:04:47] role probe ckpt=anchor_tree_massive_ep1 mode=path ctx=token_minus_ctx
[2026-06-17 15:05:37] role probe ckpt=anchor_tree_massive_ep1 mode=cmul ctx=none
[2026-06-17 15:05:38] role probe ckpt=anchor_tree_massive_ep1 mode=cmul ctx=ctx_only
[2026-06-17 15:06:51] role probe ckpt=anchor_tree_massive_ep1 mode=cmul ctx=token_ctx
[2026-06-17 15:08:02] role probe ckpt=anchor_tree_massive_ep1 mode=cmul ctx=token_minus_ctx
[2026-06-17 15:09:12] role probe ckpt=anchor_tree_massive_ep1 mode=tree ctx=none
[2026-06-17 15:09:13] role probe ckpt=anchor_tree_massive_ep1 mode=tree ctx=ctx_only
[2026-06-17 15:10:29] role probe ckpt=anchor_tree_massive_ep1 mode=tree ctx=token_ctx
[2026-06-17 15:11:46] role probe ckpt=anchor_tree_massive_ep1 mode=tree ctx=token_minus_ctx
[2026-06-17 15:13:03] role probe ckpt=anchor_tree_massive_ep1 mode=l0_path ctx=none
[2026-06-17 15:13:04] role probe ckpt=anchor_tree_massive_ep1 mode=l0_path ctx=token_ctx
[2026-06-17 15:13:28] tensor ranking ckpt=anchor_tree_massive_ep1 mode=l0
[2026-06-17 15:13:28] tensor ranking ckpt=anchor_tree_massive_ep1 mode=cmul
[2026-06-17 15:13:28] tensor ranking ckpt=anchor_tree_massive_ep1 mode=tree
[2026-06-17 15:13:29] tensor ranking ckpt=anchor_tree_massive_ep1 mode=l0_path
[2026-06-17 15:13:30] loading checkpoint /mnt/nas/datasets/wmt_massive/checkpoints/anchor_tree_massive_ep2.pt
[2026-06-17 15:13:30] geometry audit anchor_tree_massive_ep2
[2026-06-17 15:13:30] role probe ckpt=anchor_tree_massive_ep2 mode=l0 ctx=none
[2026-06-17 15:13:31] role probe ckpt=anchor_tree_massive_ep2 mode=l0 ctx=ctx_only
[2026-06-17 15:13:53] role probe ckpt=anchor_tree_massive_ep2 mode=l0 ctx=token_ctx
[2026-06-17 15:14:16] role probe ckpt=anchor_tree_massive_ep2 mode=l0 ctx=token_minus_ctx
[2026-06-17 15:14:40] role probe ckpt=anchor_tree_massive_ep2 mode=path ctx=none
[2026-06-17 15:14:41] role probe ckpt=anchor_tree_massive_ep2 mode=path ctx=ctx_only
[2026-06-17 15:15:35] role probe ckpt=anchor_tree_massive_ep2 mode=path ctx=token_ctx
[2026-06-17 15:16:28] role probe ckpt=anchor_tree_massive_ep2 mode=path ctx=token_minus_ctx
[2026-06-17 15:17:18] role probe ckpt=anchor_tree_massive_ep2 mode=cmul ctx=none
[2026-06-17 15:17:19] role probe ckpt=anchor_tree_massive_ep2 mode=cmul ctx=ctx_only
[2026-06-17 15:18:28] role probe ckpt=anchor_tree_massive_ep2 mode=cmul ctx=token_ctx
[2026-06-17 15:19:38] role probe ckpt=anchor_tree_massive_ep2 mode=cmul ctx=token_minus_ctx
[2026-06-17 15:20:47] role probe ckpt=anchor_tree_massive_ep2 mode=tree ctx=none
[2026-06-17 15:20:48] role probe ckpt=anchor_tree_massive_ep2 mode=tree ctx=ctx_only
[2026-06-17 15:22:03] role probe ckpt=anchor_tree_massive_ep2 mode=tree ctx=token_ctx
[2026-06-17 15:23:17] role probe ckpt=anchor_tree_massive_ep2 mode=tree ctx=token_minus_ctx
[2026-06-17 15:24:32] role probe ckpt=anchor_tree_massive_ep2 mode=l0_path ctx=none
[2026-06-17 15:24:33] role probe ckpt=anchor_tree_massive_ep2 mode=l0_path ctx=token_ctx
[2026-06-17 15:24:56] tensor ranking ckpt=anchor_tree_massive_ep2 mode=l0
[2026-06-17 15:24:56] tensor ranking ckpt=anchor_tree_massive_ep2 mode=cmul
[2026-06-17 15:24:57] tensor ranking ckpt=anchor_tree_massive_ep2 mode=tree
[2026-06-17 15:24:58] tensor ranking ckpt=anchor_tree_massive_ep2 mode=l0_path
[2026-06-17 15:24:58] loading checkpoint /mnt/nas/datasets/wmt_massive/checkpoints/anchor_tree_massive_ep3.pt
[2026-06-17 15:24:58] geometry audit anchor_tree_massive_ep3
[2026-06-17 15:24:58] role probe ckpt=anchor_tree_massive_ep3 mode=l0 ctx=none
[2026-06-17 15:24:59] role probe ckpt=anchor_tree_massive_ep3 mode=l0 ctx=ctx_only
[2026-06-17 15:25:22] role probe ckpt=anchor_tree_massive_ep3 mode=l0 ctx=token_ctx
[2026-06-17 15:25:45] role probe ckpt=anchor_tree_massive_ep3 mode=l0 ctx=token_minus_ctx
[2026-06-17 15:26:07] role probe ckpt=anchor_tree_massive_ep3 mode=path ctx=none
[2026-06-17 15:26:08] role probe ckpt=anchor_tree_massive_ep3 mode=path ctx=ctx_only
[2026-06-17 15:26:58] role probe ckpt=anchor_tree_massive_ep3 mode=path ctx=token_ctx
[2026-06-17 15:27:48] role probe ckpt=anchor_tree_massive_ep3 mode=path ctx=token_minus_ctx
[2026-06-17 15:28:38] role probe ckpt=anchor_tree_massive_ep3 mode=cmul ctx=none
[2026-06-17 15:28:39] role probe ckpt=anchor_tree_massive_ep3 mode=cmul ctx=ctx_only
[2026-06-17 15:29:48] role probe ckpt=anchor_tree_massive_ep3 mode=cmul ctx=token_ctx
[2026-06-17 15:31:00] role probe ckpt=anchor_tree_massive_ep3 mode=cmul ctx=token_minus_ctx
[2026-06-17 15:32:10] role probe ckpt=anchor_tree_massive_ep3 mode=tree ctx=none
[2026-06-17 15:32:11] role probe ckpt=anchor_tree_massive_ep3 mode=tree ctx=ctx_only
[2026-06-17 15:33:26] role probe ckpt=anchor_tree_massive_ep3 mode=tree ctx=token_ctx
[2026-06-17 15:34:40] role probe ckpt=anchor_tree_massive_ep3 mode=tree ctx=token_minus_ctx
[2026-06-17 15:35:55] role probe ckpt=anchor_tree_massive_ep3 mode=l0_path ctx=none
[2026-06-17 15:35:57] role probe ckpt=anchor_tree_massive_ep3 mode=l0_path ctx=token_ctx
[2026-06-17 15:36:20] tensor ranking ckpt=anchor_tree_massive_ep3 mode=l0
[2026-06-17 15:36:20] tensor ranking ckpt=anchor_tree_massive_ep3 mode=cmul
[2026-06-17 15:36:20] tensor ranking ckpt=anchor_tree_massive_ep3 mode=tree
[2026-06-17 15:36:21] tensor ranking ckpt=anchor_tree_massive_ep3 mode=l0_path
[2026-06-17 15:36:22] container stability sample=5000
[2026-06-17 15:43:26] container stability sample=12000
[2026-06-17 15:59:25] container stability sample=30000
[2026-06-17 16:42:58] container stability sample=80000
