{"event": "pool_sampling_started", "required": 334000}
{"event": "dataset_ready", "train_doses": [30000, 300000], "train_sha256": {"30000": "50e7a7213af49b8e0c1f7e705aa80a7caa561e2dd36b3c42b67f68cf904120be", "300000": "73a187c2911188405a8a328261fb59b619cdcee4e89f995d25646613ed7fe3fc"}, "validation_rows": 2000, "validation_sha256": "86ac3b0fe60302b397416a6fabb8921f6890565ebb373cd04768fa72bddf6f76", "test_rows": 2000, "test_sha256": "b893d33aa433214f87a6c16ee357178beffb12adcde53576a5d178e2813660c0"}
/usr/local/lib/python3.10/dist-packages/transformers/models/marian/tokenization_marian.py:176: UserWarning: Recommended: pip install sacremoses.
  warnings.warn("Recommended: pip install sacremoses.")
Loading weights:   0%|          | 0/258 [00:00<?, ?it/s]Loading weights: 100%|██████████| 258/258 [00:00<00:00, 5253.54it/s]
[transformers] Both `max_new_tokens` (=64) and `max_length`(=512) seem to have been set. `max_new_tokens` will take precedence. Please refer to the documentation for more information. (https://huggingface.co/docs/transformers/main/en/main_classes/text_generation)
[transformers] Both `max_new_tokens` (=64) and `max_length`(=512) seem to have been set. `max_new_tokens` will take precedence. Please refer to the documentation for more information. (https://huggingface.co/docs/transformers/main/en/main_classes/text_generation)
[transformers] Both `max_new_tokens` (=64) and `max_length`(=512) seem to have been set. `max_new_tokens` will take precedence. Please refer to the documentation for more information. (https://huggingface.co/docs/transformers/main/en/main_classes/text_generation)
[transformers] Both `max_new_tokens` (=64) and `max_length`(=512) seem to have been set. `max_new_tokens` will take precedence. Please refer to the documentation for more information. (https://huggingface.co/docs/transformers/main/en/main_classes/text_generation)
[transformers] Both `max_new_tokens` (=64) and `max_length`(=512) seem to have been set. `max_new_tokens` will take precedence. Please refer to the documentation for more information. (https://huggingface.co/docs/transformers/main/en/main_classes/text_generation)
[transformers] Both `max_new_tokens` (=64) and `max_length`(=512) seem to have been set. `max_new_tokens` will take precedence. Please refer to the documentation for more information. (https://huggingface.co/docs/transformers/main/en/main_classes/text_generation)
[transformers] Both `max_new_tokens` (=64) and `max_length`(=512) seem to have been set. `max_new_tokens` will take precedence. Please refer to the documentation for more information. (https://huggingface.co/docs/transformers/main/en/main_classes/text_generation)
[transformers] Both `max_new_tokens` (=64) and `max_length`(=512) seem to have been set. `max_new_tokens` will take precedence. Please refer to the documentation for more information. (https://huggingface.co/docs/transformers/main/en/main_classes/text_generation)
[transformers] Both `max_new_tokens` (=64) and `max_length`(=512) seem to have been set. `max_new_tokens` will take precedence. Please refer to the documentation for more information. (https://huggingface.co/docs/transformers/main/en/main_classes/text_generation)
[transformers] Both `max_new_tokens` (=64) and `max_length`(=512) seem to have been set. `max_new_tokens` will take precedence. Please refer to the documentation for more information. (https://huggingface.co/docs/transformers/main/en/main_classes/text_generation)
[transformers] Both `max_new_tokens` (=64) and `max_length`(=512) seem to have been set. `max_new_tokens` will take precedence. Please refer to the documentation for more information. (https://huggingface.co/docs/transformers/main/en/main_classes/text_generation)
[transformers] Both `max_new_tokens` (=64) and `max_length`(=512) seem to have been set. `max_new_tokens` will take precedence. Please refer to the documentation for more information. (https://huggingface.co/docs/transformers/main/en/main_classes/text_generation)
[transformers] Both `max_new_tokens` (=64) and `max_length`(=512) seem to have been set. `max_new_tokens` will take precedence. Please refer to the documentation for more information. (https://huggingface.co/docs/transformers/main/en/main_classes/text_generation)
[transformers] Both `max_new_tokens` (=64) and `max_length`(=512) seem to have been set. `max_new_tokens` will take precedence. Please refer to the documentation for more information. (https://huggingface.co/docs/transformers/main/en/main_classes/text_generation)
[transformers] Both `max_new_tokens` (=64) and `max_length`(=512) seem to have been set. `max_new_tokens` will take precedence. Please refer to the documentation for more information. (https://huggingface.co/docs/transformers/main/en/main_classes/text_generation)
[transformers] Both `max_new_tokens` (=64) and `max_length`(=512) seem to have been set. `max_new_tokens` will take precedence. Please refer to the documentation for more information. (https://huggingface.co/docs/transformers/main/en/main_classes/text_generation)
[transformers] Both `max_new_tokens` (=64) and `max_length`(=512) seem to have been set. `max_new_tokens` will take precedence. Please refer to the documentation for more information. (https://huggingface.co/docs/transformers/main/en/main_classes/text_generation)
[transformers] Both `max_new_tokens` (=64) and `max_length`(=512) seem to have been set. `max_new_tokens` will take precedence. Please refer to the documentation for more information. (https://huggingface.co/docs/transformers/main/en/main_classes/text_generation)
[transformers] Both `max_new_tokens` (=64) and `max_length`(=512) seem to have been set. `max_new_tokens` will take precedence. Please refer to the documentation for more information. (https://huggingface.co/docs/transformers/main/en/main_classes/text_generation)
[transformers] Both `max_new_tokens` (=64) and `max_length`(=512) seem to have been set. `max_new_tokens` will take precedence. Please refer to the documentation for more information. (https://huggingface.co/docs/transformers/main/en/main_classes/text_generation)
[transformers] Both `max_new_tokens` (=64) and `max_length`(=512) seem to have been set. `max_new_tokens` will take precedence. Please refer to the documentation for more information. (https://huggingface.co/docs/transformers/main/en/main_classes/text_generation)
[transformers] Both `max_new_tokens` (=64) and `max_length`(=512) seem to have been set. `max_new_tokens` will take precedence. Please refer to the documentation for more information. (https://huggingface.co/docs/transformers/main/en/main_classes/text_generation)
[transformers] Both `max_new_tokens` (=64) and `max_length`(=512) seem to have been set. `max_new_tokens` will take precedence. Please refer to the documentation for more information. (https://huggingface.co/docs/transformers/main/en/main_classes/text_generation)
[transformers] Both `max_new_tokens` (=64) and `max_length`(=512) seem to have been set. `max_new_tokens` will take precedence. Please refer to the documentation for more information. (https://huggingface.co/docs/transformers/main/en/main_classes/text_generation)
[transformers] Both `max_new_tokens` (=64) and `max_length`(=512) seem to have been set. `max_new_tokens` will take precedence. Please refer to the documentation for more information. (https://huggingface.co/docs/transformers/main/en/main_classes/text_generation)
[transformers] Both `max_new_tokens` (=64) and `max_length`(=512) seem to have been set. `max_new_tokens` will take precedence. Please refer to the documentation for more information. (https://huggingface.co/docs/transformers/main/en/main_classes/text_generation)
[transformers] Both `max_new_tokens` (=64) and `max_length`(=512) seem to have been set. `max_new_tokens` will take precedence. Please refer to the documentation for more information. (https://huggingface.co/docs/transformers/main/en/main_classes/text_generation)
[transformers] Both `max_new_tokens` (=64) and `max_length`(=512) seem to have been set. `max_new_tokens` will take precedence. Please refer to the documentation for more information. (https://huggingface.co/docs/transformers/main/en/main_classes/text_generation)
[transformers] Both `max_new_tokens` (=64) and `max_length`(=512) seem to have been set. `max_new_tokens` will take precedence. Please refer to the documentation for more information. (https://huggingface.co/docs/transformers/main/en/main_classes/text_generation)
[transformers] Both `max_new_tokens` (=64) and `max_length`(=512) seem to have been set. `max_new_tokens` will take precedence. Please refer to the documentation for more information. (https://huggingface.co/docs/transformers/main/en/main_classes/text_generation)
[transformers] Both `max_new_tokens` (=64) and `max_length`(=512) seem to have been set. `max_new_tokens` will take precedence. Please refer to the documentation for more information. (https://huggingface.co/docs/transformers/main/en/main_classes/text_generation)
[transformers] Both `max_new_tokens` (=64) and `max_length`(=512) seem to have been set. `max_new_tokens` will take precedence. Please refer to the documentation for more information. (https://huggingface.co/docs/transformers/main/en/main_classes/text_generation)
Exception in thread Thread-auto_conversion:
Traceback (most recent call last):
  File "/usr/local/lib/python3.10/dist-packages/httpx/_transports/default.py", line 101, in map_httpcore_exceptions
    yield
  File "/usr/local/lib/python3.10/dist-packages/httpx/_transports/default.py", line 250, in handle_request
    resp = self._pool.handle_request(req)
  File "/usr/local/lib/python3.10/dist-packages/httpcore/_sync/connection_pool.py", line 256, in handle_request
    raise exc from None
  File "/usr/local/lib/python3.10/dist-packages/httpcore/_sync/connection_pool.py", line 236, in handle_request
    response = connection.handle_request(
  File "/usr/local/lib/python3.10/dist-packages/httpcore/_sync/connection.py", line 101, in handle_request
    raise exc
  File "/usr/local/lib/python3.10/dist-packages/httpcore/_sync/connection.py", line 78, in handle_request
    stream = self._connect(request)
  File "/usr/local/lib/python3.10/dist-packages/httpcore/_sync/connection.py", line 124, in _connect
    stream = self._network_backend.connect_tcp(**kwargs)
  File "/usr/local/lib/python3.10/dist-packages/httpcore/_backends/sync.py", line 207, in connect_tcp
    with map_exceptions(exc_map):
  File "/usr/lib/python3.10/contextlib.py", line 153, in __exit__
    self.gen.throw(typ, value, traceback)
  File "/usr/local/lib/python3.10/dist-packages/httpcore/_exceptions.py", line 14, in map_exceptions
    raise to_exc(exc) from exc
httpcore.ConnectError: [Errno 101] Network is unreachable

The above exception was the direct cause of the following exception:

Traceback (most recent call last):
  File "/usr/lib/python3.10/threading.py", line 1016, in _bootstrap_inner
    self.run()
  File "/usr/lib/python3.10/threading.py", line 953, in run
    self._target(*self._args, **self._kwargs)
  File "/usr/local/lib/python3.10/dist-packages/transformers/safetensors_conversion.py", line 117, in auto_conversion
    raise e
  File "/usr/local/lib/python3.10/dist-packages/transformers/safetensors_conversion.py", line 96, in auto_conversion
    sha = get_conversion_pr_reference(api, pretrained_model_name_or_path, **cached_file_kwargs)
  File "/usr/local/lib/python3.10/dist-packages/transformers/safetensors_conversion.py", line 60, in get_conversion_pr_reference
    private = api.model_info(model_id).private
  File "/usr/local/lib/python3.10/dist-packages/huggingface_hub/utils/_validators.py", line 88, in _inner_fn
    return fn(*args, **kwargs)
  File "/usr/local/lib/python3.10/dist-packages/huggingface_hub/hf_api.py", line 3294, in model_info
    r = get_session().get(path, headers=headers, timeout=timeout, params=params)
  File "/usr/local/lib/python3.10/dist-packages/httpx/_client.py", line 1053, in get
    return self.request(
  File "/usr/local/lib/python3.10/dist-packages/httpx/_client.py", line 825, in request
    return self.send(request, auth=auth, follow_redirects=follow_redirects)
  File "/usr/local/lib/python3.10/dist-packages/httpx/_client.py", line 914, in send
    response = self._send_handling_auth(
  File "/usr/local/lib/python3.10/dist-packages/httpx/_client.py", line 942, in _send_handling_auth
    response = self._send_handling_redirects(
  File "/usr/local/lib/python3.10/dist-packages/httpx/_client.py", line 979, in _send_handling_redirects
    response = self._send_single_request(request)
  File "/usr/local/lib/python3.10/dist-packages/httpx/_client.py", line 1014, in _send_single_request
    response = transport.handle_request(request)
  File "/usr/local/lib/python3.10/dist-packages/httpx/_transports/default.py", line 249, in handle_request
    with map_httpcore_exceptions():
  File "/usr/lib/python3.10/contextlib.py", line 153, in __exit__
    self.gen.throw(typ, value, traceback)
  File "/usr/local/lib/python3.10/dist-packages/httpx/_transports/default.py", line 118, in map_httpcore_exceptions
    raise mapped_exc(message) from exc
httpx.ConnectError: [Errno 101] Network is unreachable
{"arm": "gold", "step": 500, "train_loss": 2.7218410968780518, "valid_nll": 3.487901179037849, "elapsed_sec": 107.83251667022705}
{"arm": "gold", "step": 1000, "train_loss": 3.1862597465515137, "valid_nll": 3.464900016411679, "elapsed_sec": 215.8552017211914}
{"arm": "gold", "step": 1500, "train_loss": 2.856746196746826, "valid_nll": 3.441653444310876, "elapsed_sec": 323.2244653701782}
{"arm": "gold", "step": 2000, "train_loss": 2.623568534851074, "valid_nll": 3.427828012797702, "elapsed_sec": 430.35516929626465}
{"arm": "gold", "step": 2500, "train_loss": 2.9982948303222656, "valid_nll": 3.4166474258136854, "elapsed_sec": 538.723865032196}
{"arm": "gold", "step": 3000, "train_loss": 2.5814690589904785, "valid_nll": 3.4029309794863996, "elapsed_sec": 645.577921628952}
{"arm": "gold", "step": 3500, "train_loss": 3.196249008178711, "valid_nll": 3.395901163231398, "elapsed_sec": 751.6643123626709}
{"arm": "gold", "step": 4000, "train_loss": 2.5369770526885986, "valid_nll": 3.3891067617353205, "elapsed_sec": 861.2886199951172}
{"arm": "gold", "step": 4500, "train_loss": 3.0668811798095703, "valid_nll": 3.380001482075132, "elapsed_sec": 969.328206539154}
{"arm": "gold", "step": 5000, "train_loss": 2.8461127281188965, "valid_nll": 3.3717952640934783, "elapsed_sec": 1076.2484090328217}
{"arm": "gold", "step": 5500, "train_loss": 3.146872043609619, "valid_nll": 3.3656729654541495, "elapsed_sec": 1184.067331314087}
{"arm": "gold", "step": 6000, "train_loss": 2.7318828105926514, "valid_nll": 3.36183710080191, "elapsed_sec": 1291.1366062164307}
{"arm": "gold", "step": 6500, "train_loss": 2.8706226348876953, "valid_nll": 3.352960283853305, "elapsed_sec": 1397.5375652313232}
{"arm": "gold", "step": 7000, "train_loss": 2.62880802154541, "valid_nll": 3.3489177509559083, "elapsed_sec": 1505.8437509536743}
{"arm": "gold", "step": 7500, "train_loss": 3.224837064743042, "valid_nll": 3.346901928992251, "elapsed_sec": 1612.9052290916443}
{"arm": "gold", "step": 8000, "train_loss": 2.553377151489258, "valid_nll": 3.3388565262250762, "elapsed_sec": 1719.8869910240173}
{"arm": "gold", "step": 8500, "train_loss": 2.98158597946167, "valid_nll": 3.336713294130201, "elapsed_sec": 1828.5049862861633}
{"arm": "gold", "step": 9000, "train_loss": 2.37858510017395, "valid_nll": 3.330208906488566, "elapsed_sec": 1935.1802875995636}
{"arm": "gold", "step": 9375, "train_loss": 2.5382847785949707, "valid_nll": 3.32751528010794, "elapsed_sec": 2016.0808417797089}
{"status": "selected_arm_materialized", "selected_arms": ["gold"], "metrics": {"gold": {"nll": 3.2375198321331906, "bleu4": 15.526427955688165}}}
