{"variant": "token_only", "step": 1, "train_nll": 10.458227157592773, "valid_nll_by_width": {"1": 6.451374918222427, "2": 7.941083828608195, "4": 9.121802568435669, "8": 9.896541913350424}, "elapsed_sec": 1.4980740547180176}
{"variant": "token_only", "step": 500, "train_nll": 3.730372190475464, "valid_nll_by_width": {"1": 4.084368675947189, "2": 13.253434975941977, "4": 13.74372901916504, "8": 13.251087718539768}, "elapsed_sec": 28.057015657424927}
{"variant": "token_only", "step": 1000, "train_nll": 4.078823089599609, "valid_nll_by_width": {"1": 4.022997364401817, "2": 12.448225259780884, "4": 19.667304134368898, "8": 18.286924892001682}, "elapsed_sec": 54.68683886528015}
{"variant": "token_only", "step": 1500, "train_nll": 2.2872982025146484, "valid_nll_by_width": {"1": 4.012459084391594, "2": 14.298163255055746, "4": 32.51094551086426, "8": 40.04216639200846}, "elapsed_sec": 81.24943327903748}
{"variant": "token_only", "step": 2000, "train_nll": 3.6218268871307373, "valid_nll_by_width": {"1": 4.136455878615379, "2": 16.16129779815674, "4": 30.913016510009765, "8": 38.46859444512261}, "elapsed_sec": 107.72566246986389}
{"variant": "token_only", "step": 2500, "train_nll": 3.4146885871887207, "valid_nll_by_width": {"1": 4.079771921038628, "2": 19.648969491322834, "4": 22.187853717803954, "8": 22.26137373182509}, "elapsed_sec": 134.29336261749268}
{"variant": "token_only", "step": 3000, "train_nll": 3.9926059246063232, "valid_nll_by_width": {"1": 3.9840886294841766, "2": 24.453186353047688, "4": 25.8815616607666, "8": 25.15506585439046}, "elapsed_sec": 160.846449136734}
{"variant": "token_only", "step": 3500, "train_nll": 3.944518804550171, "valid_nll_by_width": {"1": 3.957025706768036, "2": 25.34648561477661, "4": 26.58974132537842, "8": 25.581346829732258}, "elapsed_sec": 186.975280046463}
{"variant": "token_only", "step": 4000, "train_nll": 3.550983428955078, "valid_nll_by_width": {"1": 3.906224802136421, "2": 38.64175144831339, "4": 38.66689281463623, "8": 36.0644416809082}, "elapsed_sec": 212.48431062698364}
{"variant": "token_only", "step": 4500, "train_nll": 3.9359664916992188, "valid_nll_by_width": {"1": 3.859000653028488, "2": 35.853336334228516, "4": 39.1151044845581, "8": 38.208404329088}, "elapsed_sec": 239.58189916610718}
{"variant": "token_only", "step": 5000, "train_nll": 3.9447977542877197, "valid_nll_by_width": {"1": 3.822260022163391, "2": 26.217086633046467, "4": 31.443686294555665, "8": 31.865988625420464}, "elapsed_sec": 266.44006872177124}
{"variant": "random_span", "step": 1, "train_nll": 10.61452865600586, "valid_nll_by_width": {"1": 7.172121584415436, "2": 8.355493625005087, "4": 9.246483755111694, "8": 9.800231456756592}, "elapsed_sec": 1.4140605926513672}
{"variant": "random_span", "step": 500, "train_nll": 5.929419040679932, "valid_nll_by_width": {"1": 4.017837703227997, "2": 5.296595672766368, "4": 6.2255895137786865, "8": 6.929513772328694}, "elapsed_sec": 50.17175555229187}
{"variant": "random_span", "step": 1000, "train_nll": 6.09882926940918, "valid_nll_by_width": {"1": 3.9625683575868607, "2": 5.142359395821889, "4": 6.043300747871399, "8": 6.721906661987305}, "elapsed_sec": 96.5044949054718}
{"variant": "random_span", "step": 1500, "train_nll": 2.82352352142334, "valid_nll_by_width": {"1": 3.893767833709717, "2": 4.999034782250722, "4": 5.891257262229919, "8": 6.583542346954346}, "elapsed_sec": 143.81966710090637}
{"variant": "random_span", "step": 2000, "train_nll": 5.842416286468506, "valid_nll_by_width": {"1": 3.8436553925275803, "2": 4.899448076883952, "4": 5.786089134216309, "8": 6.448145310084025}, "elapsed_sec": 193.21037125587463}
{"variant": "random_span", "step": 2500, "train_nll": 5.675721168518066, "valid_nll_by_width": {"1": 3.819783851504326, "2": 4.851502100626628, "4": 5.723241996765137, "8": 6.386435137854682}, "elapsed_sec": 242.80499625205994}
{"variant": "random_span", "step": 3000, "train_nll": 5.297547817230225, "valid_nll_by_width": {"1": 3.801741659641266, "2": 4.834266384442647, "4": 5.646949219703674, "8": 6.278556717766656}, "elapsed_sec": 290.4395432472229}
{"variant": "random_span", "step": 3500, "train_nll": 5.514143466949463, "valid_nll_by_width": {"1": 3.7390391379594803, "2": 4.729208747545878, "4": 5.596620011329651, "8": 6.227798011567858}, "elapsed_sec": 340.0855610370636}
{"variant": "random_span", "step": 4000, "train_nll": 5.295962810516357, "valid_nll_by_width": {"1": 3.7132920771837234, "2": 4.712857286135356, "4": 5.536382150650025, "8": 6.173892656962077}, "elapsed_sec": 388.42521500587463}
{"variant": "random_span", "step": 4500, "train_nll": 5.6808977127075195, "valid_nll_by_width": {"1": 3.7028107047080994, "2": 4.6744919419288635, "4": 5.499773550033569, "8": 6.095888747109307}, "elapsed_sec": 436.6966745853424}
{"variant": "random_span", "step": 5000, "train_nll": 5.859050750732422, "valid_nll_by_width": {"1": 3.690559759736061, "2": 4.647312521934509, "4": 5.49108579158783, "8": 6.065777354770237}, "elapsed_sec": 486.19253945350647}
{"variant": "subheap", "step": 1, "train_nll": 10.620457649230957, "valid_nll_by_width": {"1": 7.7650604248046875, "2": 8.696749051411947, "4": 9.421566486358643, "8": 9.873285876380073}, "elapsed_sec": 1.4057235717773438}
{"variant": "subheap", "step": 500, "train_nll": 6.018795967102051, "valid_nll_by_width": {"1": 4.026733174920082, "2": 5.223897099494934, "4": 6.22323157787323, "8": 6.993911027908325}, "elapsed_sec": 49.932918310165405}
{"variant": "subheap", "step": 1000, "train_nll": 6.08502721786499, "valid_nll_by_width": {"1": 3.941761866211891, "2": 5.1083672642707825, "4": 6.080838036537171, "8": 6.774116251203749}, "elapsed_sec": 97.34910011291504}
{"variant": "subheap", "step": 1500, "train_nll": 3.137266159057617, "valid_nll_by_width": {"1": 3.8900016993284225, "2": 4.992323895295461, "4": 5.933363962173462, "8": 6.617367532518175}, "elapsed_sec": 143.69186210632324}
{"variant": "subheap", "step": 2000, "train_nll": 5.607798099517822, "valid_nll_by_width": {"1": 3.814452886581421, "2": 4.897967159748077, "4": 5.7999064207077025, "8": 6.43724791208903}, "elapsed_sec": 192.36149501800537}
{"variant": "subheap", "step": 2500, "train_nll": 5.659006118774414, "valid_nll_by_width": {"1": 3.810841917991638, "2": 4.832551538944244, "4": 5.71530134677887, "8": 6.336678319507175}, "elapsed_sec": 240.71468997001648}
{"variant": "subheap", "step": 3000, "train_nll": 5.265784740447998, "valid_nll_by_width": {"1": 3.7590232491493225, "2": 4.761415064334869, "4": 5.617810249328613, "8": 6.227699332767063}, "elapsed_sec": 289.25143456459045}
{"variant": "subheap", "step": 3500, "train_nll": 5.851589679718018, "valid_nll_by_width": {"1": 3.7327121794223785, "2": 4.712603231271108, "4": 5.601190829277039, "8": 6.184053182601929}, "elapsed_sec": 339.3408193588257}
{"variant": "subheap", "step": 4000, "train_nll": 5.3270182609558105, "valid_nll_by_width": {"1": 3.719921588897705, "2": 4.690068523089091, "4": 5.522438669204712, "8": 6.140845033857557}, "elapsed_sec": 389.2739474773407}
{"variant": "subheap", "step": 4500, "train_nll": 5.638596057891846, "valid_nll_by_width": {"1": 3.70112544298172, "2": 4.653105457623799, "4": 5.4803989887237545, "8": 6.084564791785346}, "elapsed_sec": 437.95991253852844}
{"variant": "subheap", "step": 5000, "train_nll": 5.876288890838623, "valid_nll_by_width": {"1": 3.675765708088875, "2": 4.60838242371877, "4": 5.439572882652283, "8": 6.04242475827535}, "elapsed_sec": 488.28808641433716}
{
  "derived": {
    "subheap_nll_gain_over_token_by_width": {
      "1": 2.908453159034252,
      "2": 3.368296394745509,
      "4": 3.749530076980591,
      "8": 3.9798017342885332
    },
    "subheap_nll_gain_over_random_span_by_width": {
      "1": 0.015177503228187561,
      "2": 0.06246497233708759,
      "4": 0.03637676239013654,
      "8": 0.053954972161187165
    },
    "subheap_accuracy_gain_over_token_by_width": {
      "1": 0.525634765625,
      "2": 0.3538411458333333,
      "4": 0.22001953125,
      "8": 0.13096788194444445
    },
    "subheap_source_shuffle_damage_width8": 0.1345140536626177,
    "subheap_root_zero_damage_width8": 0.004236936569213867,
    "subheap_no_source_damage_width8": 1.5644674963421288,
    "subheap_sibling_swap_damage_width8": 0.0022424591912164615,
    "subheap_detail_shuffle_damage_width8": [
      0.5311322212219238,
      2.156076974338956,
      0.8220028479893999,
      2.8829954862594596,
      5.562277383274503,
      9.685644110043842
    ]
  },
  "gates": {
    "P1_finite_and_learning": true,
    "P2_subheap_beats_matched_span_on_deep": true,
    "P3_generation_nonempty_and_accuracy_gain": true,
    "P4_source_causal": true,
    "P5_root_and_depth_causal": false,
    "P6_addresses_causal": false,
    "P7_closed": true
  }
}
