{"seed": 81, "architecture": "treeheap", "parameters": 5232, "auc_after": 1.0, "mrr_after": 0.5435185185185185, "auc_delta": 0.030864179134368896}
{"seed": 81, "architecture": "mlp", "parameters": 4916, "auc_after": 1.0, "mrr_after": 0.6111111111111112, "auc_delta": 0.0}
{"seed": 82, "architecture": "treeheap", "parameters": 5232, "auc_after": 1.0, "mrr_after": 0.4759259259259258, "auc_delta": 0.07860082387924194}
{"seed": 82, "architecture": "mlp", "parameters": 4916, "auc_after": 1.0, "mrr_after": 0.6111111111111112, "auc_delta": 0.0}
{"seed": 83, "architecture": "treeheap", "parameters": 5232, "auc_after": 1.0, "mrr_after": 0.4759259259259259, "auc_delta": 0.08518517017364502}
{"seed": 83, "architecture": "mlp", "parameters": 4916, "auc_after": 1.0, "mrr_after": 0.6111111111111112, "auc_delta": 0.0}
{"seed": 84, "architecture": "treeheap", "parameters": 5232, "auc_after": 1.0, "mrr_after": 0.4759259259259259, "auc_delta": 0.05144035816192627}
{"seed": 84, "architecture": "mlp", "parameters": 4916, "auc_after": 1.0, "mrr_after": 0.6111111111111112, "auc_delta": 0.0}
{"seed": 85, "architecture": "treeheap", "parameters": 5232, "auc_after": 1.0, "mrr_after": 0.31432980599647264, "auc_delta": 0.14855968952178955}
{"seed": 85, "architecture": "mlp", "parameters": 4916, "auc_after": 1.0, "mrr_after": 0.6111111111111112, "auc_delta": 0.0}
{"seed": 86, "architecture": "treeheap", "parameters": 5232, "auc_after": 1.0, "mrr_after": 0.4759259259259259, "auc_delta": 0.06255143880844116}
{"seed": 86, "architecture": "mlp", "parameters": 4916, "auc_after": 1.0, "mrr_after": 0.6111111111111112, "auc_delta": 0.0}
{"seed": 87, "architecture": "treeheap", "parameters": 5232, "auc_after": 1.0, "mrr_after": 0.3951278659611993, "auc_delta": 0.03333336114883423}
{"seed": 87, "architecture": "mlp", "parameters": 4916, "auc_after": 1.0, "mrr_after": 0.6111111111111112, "auc_delta": 0.0}
{"seed": 88, "architecture": "treeheap", "parameters": 5232, "auc_after": 1.0, "mrr_after": 0.36997354497354495, "auc_delta": 0.1810699701309204}
{"seed": 88, "architecture": "mlp", "parameters": 4916, "auc_after": 1.0, "mrr_after": 0.6111111111111112, "auc_delta": 0.0}
{
  "treeheap": {
    "parameters": 5232,
    "before": {
      "pair_distance_auc": {
        "mean": 0.9160493761301041,
        "std": 0.05415818582742317,
        "n": 8
      },
      "standardized_margin": {
        "mean": 2.5258180797100067,
        "std": 0.6382552123234477,
        "n": 8
      },
      "positive_distance_native_units": {
        "mean": 1.2658402174711227,
        "std": 0.059108127637021675,
        "n": 8
      },
      "negative_distance_native_units": {
        "mean": 2.199416756629944,
        "std": 0.07492273811594873,
        "n": 8
      },
      "nearest_neighbor_category_accuracy_audit": {
        "mean": 0.5625000000000001,
        "std": 0.17925354728754342,
        "n": 8
      },
      "echo_accuracy": {
        "mean": 1.0,
        "std": 0.0,
        "n": 8
      },
      "full_context_cell_accuracy": {
        "mean": 0.8834876492619514,
        "std": 0.027145959509382887,
        "n": 8
      },
      "code_variance": {
        "mean": 0.028541548643261194,
        "std": 0.001311270336531115,
        "n": 8
      },
      "heldout_top1": {
        "mean": 0.18055555555555555,
        "std": 0.08784104611578832,
        "n": 8
      },
      "heldout_top3": {
        "mean": 0.5833333333333333,
        "std": 0.1781741612749496,
        "n": 8
      },
      "heldout_mrr": {
        "mean": 0.4239833854417187,
        "std": 0.09520413741215954,
        "n": 8
      },
      "heldout_beats_other_category": {
        "mean": 0.5138888888888888,
        "std": 0.2515384760593727,
        "n": 8
      },
      "heldout_mean_rank": {
        "mean": 3.625,
        "std": 0.9533890167628062,
        "n": 8
      }
    },
    "after": {
      "pair_distance_auc": {
        "mean": 1.0,
        "std": 0.0,
        "n": 8
      },
      "standardized_margin": {
        "mean": 12.599310278892517,
        "std": 3.7886522207057545,
        "n": 8
      },
      "positive_distance_native_units": {
        "mean": 0.19644460268318653,
        "std": 0.05613687149182198,
        "n": 8
      },
      "negative_distance_native_units": {
        "mean": 2.323806256055832,
        "std": 0.04214347636693356,
        "n": 8
      },
      "nearest_neighbor_category_accuracy_audit": {
        "mean": 1.0,
        "std": 0.0,
        "n": 8
      },
      "echo_accuracy": {
        "mean": 1.0,
        "std": 0.0,
        "n": 8
      },
      "full_context_cell_accuracy": {
        "mean": 0.8881172835826874,
        "std": 0.025650997481570553,
        "n": 8
      },
      "code_variance": {
        "mean": 0.029313838109374046,
        "std": 0.000897165287034805,
        "n": 8
      },
      "heldout_top1": {
        "mean": 0.19444444444444445,
        "std": 0.05939138709164987,
        "n": 8
      },
      "heldout_top3": {
        "mean": 0.6041666666666666,
        "std": 0.15268756355215074,
        "n": 8
      },
      "heldout_mrr": {
        "mean": 0.4408316798941798,
        "std": 0.07424231488548705,
        "n": 8
      },
      "heldout_beats_other_category": {
        "mean": 0.5694444444444444,
        "std": 0.17251638983558856,
        "n": 8
      },
      "heldout_mean_rank": {
        "mean": 3.3958333333333335,
        "std": 0.7965077546230188,
        "n": 8
      }
    },
    "delta": {
      "pair_distance_auc": {
        "mean": 0.08395062386989594,
        "std": 0.05415818582742317,
        "n": 8
      },
      "standardized_margin": {
        "mean": 10.07349219918251,
        "std": 3.241372715293442,
        "n": 8
      },
      "positive_distance_native_units": {
        "mean": -1.0693956147879362,
        "std": 0.03205354157979754,
        "n": 8
      },
      "negative_distance_native_units": {
        "mean": 0.12438949942588806,
        "std": 0.04256243470139041,
        "n": 8
      },
      "nearest_neighbor_category_accuracy_audit": {
        "mean": 0.4375,
        "std": 0.17925354728754342,
        "n": 8
      },
      "echo_accuracy": {
        "mean": 0.0,
        "std": 0.0,
        "n": 8
      },
      "full_context_cell_accuracy": {
        "mean": 0.004629634320735931,
        "std": 0.011429872111889538,
        "n": 8
      },
      "code_variance": {
        "mean": 0.0007722894661128521,
        "std": 0.0006534667873707652,
        "n": 8
      },
      "heldout_top1": {
        "mean": 0.013888888888888888,
        "std": 0.0392837100659193,
        "n": 8
      },
      "heldout_top3": {
        "mean": 0.020833333333333336,
        "std": 0.05892556509887897,
        "n": 8
      },
      "heldout_mrr": {
        "mean": 0.01684829445246111,
        "std": 0.040064637976623456,
        "n": 8
      },
      "heldout_beats_other_category": {
        "mean": 0.055555555555555546,
        "std": 0.11501092655705904,
        "n": 8
      },
      "heldout_mean_rank": {
        "mean": -0.22916666666666663,
        "std": 0.5043352619412901,
        "n": 8
      }
    }
  },
  "mlp": {
    "parameters": 4916,
    "before": {
      "pair_distance_auc": {
        "mean": 1.0,
        "std": 0.0,
        "n": 8
      },
      "standardized_margin": {
        "mean": 121.32280969619751,
        "std": 66.28264053961011,
        "n": 8
      },
      "positive_distance_native_units": {
        "mean": 0.03782752132974565,
        "std": 0.008577555546364855,
        "n": 8
      },
      "negative_distance_native_units": {
        "mean": 1.5490007996559143,
        "std": 0.00010946371279341762,
        "n": 8
      },
      "nearest_neighbor_category_accuracy_audit": {
        "mean": 1.0,
        "std": 0.0,
        "n": 8
      },
      "echo_accuracy": {
        "mean": 1.0,
        "std": 0.0,
        "n": 8
      },
      "full_context_cell_accuracy": {
        "mean": 1.0,
        "std": 0.0,
        "n": 8
      },
      "code_variance": {
        "mean": 0.031246516853570938,
        "std": 2.710914033380413e-06,
        "n": 8
      },
      "heldout_top1": {
        "mean": 0.11805555555555555,
        "std": 0.07534459343669653,
        "n": 8
      },
      "heldout_top3": {
        "mean": 1.0,
        "std": 0.0,
        "n": 8
      },
      "heldout_mrr": {
        "mean": 0.45717592592592593,
        "std": 0.038951040031022725,
        "n": 8
      },
      "heldout_beats_other_category": {
        "mean": 1.0,
        "std": 0.0,
        "n": 8
      },
      "heldout_mean_rank": {
        "mean": 2.493055555555556,
        "std": 0.10472732714600506,
        "n": 8
      }
    },
    "after": {
      "pair_distance_auc": {
        "mean": 1.0,
        "std": 0.0,
        "n": 8
      },
      "standardized_margin": {
        "mean": 26.57906174659729,
        "std": 4.293236025734194,
        "n": 8
      },
      "positive_distance_native_units": {
        "mean": 0.0003107146818948081,
        "std": 0.0004469145981530187,
        "n": 8
      },
      "negative_distance_native_units": {
        "mean": 1.5394568592309952,
        "std": 0.0036576792074696873,
        "n": 8
      },
      "nearest_neighbor_category_accuracy_audit": {
        "mean": 1.0,
        "std": 0.0,
        "n": 8
      },
      "echo_accuracy": {
        "mean": 1.0,
        "std": 0.0,
        "n": 8
      },
      "full_context_cell_accuracy": {
        "mean": 1.0,
        "std": 0.0,
        "n": 8
      },
      "code_variance": {
        "mean": 0.03095253906212747,
        "std": 0.00015350370420343356,
        "n": 8
      },
      "heldout_top1": {
        "mean": 0.3333333333333333,
        "std": 0.0,
        "n": 8
      },
      "heldout_top3": {
        "mean": 1.0,
        "std": 0.0,
        "n": 8
      },
      "heldout_mrr": {
        "mean": 0.6111111111111112,
        "std": 0.0,
        "n": 8
      },
      "heldout_beats_other_category": {
        "mean": 1.0,
        "std": 0.0,
        "n": 8
      },
      "heldout_mean_rank": {
        "mean": 2.0,
        "std": 0.0,
        "n": 8
      }
    },
    "delta": {
      "pair_distance_auc": {
        "mean": 0.0,
        "std": 0.0,
        "n": 8
      },
      "standardized_margin": {
        "mean": -94.74374794960022,
        "std": 64.13896343262992,
        "n": 8
      },
      "positive_distance_native_units": {
        "mean": -0.03751680664785084,
        "std": 0.00869920293313848,
        "n": 8
      },
      "negative_distance_native_units": {
        "mean": -0.009543940424919128,
        "std": 0.0036968342607142904,
        "n": 8
      },
      "nearest_neighbor_category_accuracy_audit": {
        "mean": 0.0,
        "std": 0.0,
        "n": 8
      },
      "echo_accuracy": {
        "mean": 0.0,
        "std": 0.0,
        "n": 8
      },
      "full_context_cell_accuracy": {
        "mean": 0.0,
        "std": 0.0,
        "n": 8
      },
      "code_variance": {
        "mean": -0.00029397779144346714,
        "std": 0.00015451008495780073,
        "n": 8
      },
      "heldout_top1": {
        "mean": 0.21527777777777773,
        "std": 0.07534459343669654,
        "n": 8
      },
      "heldout_top3": {
        "mean": 0.0,
        "std": 0.0,
        "n": 8
      },
      "heldout_mrr": {
        "mean": 0.1539351851851853,
        "std": 0.038951040031022725,
        "n": 8
      },
      "heldout_beats_other_category": {
        "mean": 0.0,
        "std": 0.0,
        "n": 8
      },
      "heldout_mean_rank": {
        "mean": -0.4930555555555556,
        "std": 0.10472732714600506,
        "n": 8
      }
    }
  }
}
