{"event": "pool_sampling_started", "required": 8448}
{"event": "dataset_ready", "train_doses": [4096], "train_sha256": {"4096": "b46c78744916390438a3eccdb0893337dc7dfac18c3cd5071aedfd1f39ae0d5c"}, "validation_rows": 128, "validation_sha256": "df4ba5413def0e343f08dadab01ca0f3026ba4d4c403a28eec8aaf4a024c5e17", "test_rows": 128, "test_sha256": "69c6ab15ca2c0b452d02311970c271f927cd3baae470ff40dbba490abae39a10"}
{"event": "evaluation", "step": 100, "sample_exposures": 6400, "train_nll_window": 7.742976322174072, "valid_nll": 7.8286143775258195, "route_mass_by_level": [0.9995741844177246, 0.000402456964366138, 2.3160260752774775e-05, 2.1911543512942444e-07, 2.485263195239895e-08, 2.4055207603623785e-08], "elapsed_sec": 31.545948266983032}
{"event": "evaluation", "step": 200, "sample_exposures": 12800, "train_nll_window": 5.303802301883698, "valid_nll": 7.821324581836551, "route_mass_by_level": [0.9999700784683228, 2.6433379389345646e-05, 3.3090498163801385e-06, 5.850620254932437e-08, 2.177606006625865e-08, 1.039046324535775e-07], "elapsed_sec": 50.71155905723572}
{"event": "evaluation", "step": 300, "sample_exposures": 19200, "train_nll_window": 2.518926320075989, "valid_nll": 8.235793580910418, "route_mass_by_level": [0.9999924898147583, 6.725956154696178e-06, 8.059998322096362e-07, 1.6169623862083427e-08, 6.639706118249933e-09, 1.304369856569565e-08], "elapsed_sec": 69.55442404747009}
{"event": "evaluation", "step": 400, "sample_exposures": 25600, "train_nll_window": 1.0396787223219872, "valid_nll": 8.71609876655815, "route_mass_by_level": [0.999997615814209, 2.2769402221456403e-06, 1.444043817855345e-07, 1.2268361881950796e-09, 2.522723974163199e-10, 1.3907890117348387e-10], "elapsed_sec": 88.64563298225403}
{"event": "evaluation", "step": 500, "sample_exposures": 32000, "train_nll_window": 0.401764345318079, "valid_nll": 8.857506068982937, "route_mass_by_level": [0.9999972581863403, 2.6728521334007382e-06, 1.7616682157495234e-07, 1.552888262423835e-09, 3.63578528395081e-10, 2.0162703451287456e-10], "elapsed_sec": 107.85469794273376}
{"event": "milestone", "step": 500, "normal": {"nll": 8.857506068982937, "ppl": 7026.936179605344, "tokens": 2227, "route_mass_by_level": [0.9999972581863403, 2.6728521334007382e-06, 1.7616682157495234e-07, 1.552888262423835e-09, 3.63578528395081e-10, 2.0162703451287456e-10]}, "root_only": {"nll": 8.857505630472609, "ppl": 7026.933098221927, "tokens": 2227, "route_mass_by_level": [1.0]}, "postfold_address_swap": {"nll": 8.857505630472609, "ppl": 7026.933098221927, "tokens": 2227, "route_mass_by_level": [0.9999972581863403, 2.6728516786533874e-06, 2.2795829668353917e-09, 7.66693097897786e-11, 4.505394668452567e-11, 3.137026402533216e-11]}, "force_algebraic": {"nll": 9.195804508587786, "ppl": 9855.692722449614, "tokens": 2227, "route_mass_by_level": [0.9999940395355225, 5.558054908760823e-06, 4.287877004571783e-07, 7.086293329905402e-09, 2.1000228223044815e-09, 1.1117327058940418e-09]}, "prefold_mirrors": [{"depth": 0, "nll": 8.928594293752807, "damage_nll": 0.07108822476986987}, {"depth": 1, "nll": 8.909980407358555, "damage_nll": 0.052474338375617435}, {"depth": 2, "nll": 8.87723157905815, "damage_nll": 0.019725510075213393}, {"depth": 3, "nll": 8.851837884485855, "damage_nll": -0.005668184497082507}, {"depth": 4, "nll": 8.870293030141445, "damage_nll": 0.012786961158507637}, {"depth": 5, "nll": 8.808437640323305, "damage_nll": -0.049068428659632346}], "nonroot_route_mass": 2.7418136596679688e-06, "root_to_full_gain_nll": -4.3851032849318017e-07, "postfold_address_damage_nll": -4.3851032849318017e-07, "force_algebraic_damage_nll": 0.3382984396048485, "max_prefold_mirror_damage_nll": 0.07108822476986987}
{"event": "evaluation", "step": 600, "sample_exposures": 38400, "train_nll_window": 0.19260134346783161, "valid_nll": 9.071954282667265, "route_mass_by_level": [0.9999958872795105, 3.8641246646875516e-06, 2.76895860906734e-07, 2.865636394844273e-09, 6.853335121626003e-10, 3.6168337769204584e-10], "elapsed_sec": 130.20270133018494}
{"event": "evaluation", "step": 700, "sample_exposures": 44800, "train_nll_window": 0.10410331219434737, "valid_nll": 9.143331485743152, "route_mass_by_level": [0.9999966621398926, 3.0799556043348275e-06, 2.1522123461181764e-07, 2.2417530054497092e-09, 5.001560277051453e-10, 2.5599233843820457e-10], "elapsed_sec": 149.14574766159058}
{"event": "evaluation", "step": 800, "sample_exposures": 51200, "train_nll_window": 0.05411246245726943, "valid_nll": 9.299966936321285, "route_mass_by_level": [0.9999960660934448, 3.633728283602977e-06, 2.5860248342723935e-07, 2.9883797658669664e-09, 8.044523935879511e-10, 4.681045551180318e-10], "elapsed_sec": 168.4992368221283}
{"event": "evaluation", "step": 900, "sample_exposures": 57600, "train_nll_window": 0.03275322547182441, "valid_nll": 9.351353330573641, "route_mass_by_level": [0.9999955892562866, 4.132813046453521e-06, 3.2476594924446545e-07, 3.887748789566103e-09, 9.959666424919078e-10, 5.760356081019324e-10], "elapsed_sec": 187.97665333747864}
{"event": "evaluation", "step": 1000, "sample_exposures": 64000, "train_nll_window": 0.02172061805613339, "valid_nll": 9.432993867871575, "route_mass_by_level": [0.9999958276748657, 3.934365850000177e-06, 2.9172184667913825e-07, 3.4258929026975693e-09, 8.714483579197463e-10, 4.694388766601776e-10], "elapsed_sec": 206.88208055496216}
{"event": "milestone", "step": 1000, "normal": {"nll": 9.432993867871575, "ppl": 12493.875807984088, "tokens": 2227, "route_mass_by_level": [0.9999958276748657, 3.934365850000177e-06, 2.9172184667913825e-07, 3.4258929026975693e-09, 8.714483579197463e-10, 4.694388766601776e-10]}, "root_only": {"nll": 9.432993867871575, "ppl": 12493.875807984088, "tokens": 2227, "route_mass_by_level": [1.0]}, "postfold_address_swap": {"nll": 9.432993867871575, "ppl": 12493.875807984088, "tokens": 2227, "route_mass_by_level": [0.9999958276748657, 3.9343663047475275e-06, 2.3521840031293095e-09, 8.978464499653782e-11, 5.957313115034779e-11, 4.062258168735511e-11]}, "force_algebraic": {"nll": 9.935908207510103, "ppl": 20659.038605891026, "tokens": 2227, "route_mass_by_level": [0.9999924898147583, 6.8674607973662205e-06, 6.436459898395697e-07, 1.2324186116074998e-08, 3.572007134522437e-09, 1.8522794409392418e-09]}, "prefold_mirrors": [{"depth": 0, "nll": 9.475460085035923, "damage_nll": 0.04246621716434795}, {"depth": 1, "nll": 9.465159038925686, "damage_nll": 0.03216517105411043}, {"depth": 2, "nll": 9.42408289950045, "damage_nll": -0.008910968371125705}, {"depth": 3, "nll": 9.42124442214863, "damage_nll": -0.011749445722944785}, {"depth": 4, "nll": 9.38993916984733, "damage_nll": -0.04305469802424611}, {"depth": 5, "nll": 9.352979765379434, "damage_nll": -0.08001410249214125}], "nonroot_route_mass": 4.172325134277344e-06, "root_to_full_gain_nll": 0.0, "postfold_address_damage_nll": 0.0, "force_algebraic_damage_nll": 0.5029143396385276, "max_prefold_mirror_damage_nll": 0.04246621716434795}
{
  "status": "smoke_only",
  "seconds": 210.35776281356812,
  "final_test_nll": 9.264354035821476,
  "gates": {
    "G1_nll_gain_at_31250_at_least_0_08": false,
    "G2_nonroot_route_growth": false,
    "G3_final_root_to_full_gain_at_least_0_10": false,
    "G4_final_postfold_address_damage_at_least_0_10": false,
    "G5_final_prefold_mirror_damage_at_least_0_10": false,
    "E1_finite_final_nll": true,
    "E2_generation_nonempty": true
  }
}
