[2026-07-05 20:40:40] start samples=20000 vocab=1024 max_len=32 train_max_len=24 epochs=5 flat_epochs=2 batch=512 hidden=256
[2026-07-05 20:40:40] read_wmt rows=20000 sec=0.17
[2026-07-05 20:40:40] build_vocab_encode vocab=1024 heap_max_len=32 sec=0.08
[2026-07-05 20:40:40] split train_rows=18158 ood_rows=1842
[2026-07-05 20:40:50] build_train_route_examples steps=352110 sec=9.88
[2026-07-05 20:40:51] build_ood_route_examples steps=44130 sec=0.85
[2026-07-05 20:40:51] complexity_estimate {"train_route_steps": 352110, "ood_route_steps": 44130, "route_steps_total": 396240, "dense_feature_memory_mb": 6191.25, "batches_per_content_epoch": 688, "mlp_input_dim": 7168, "rough_muladds_per_content_epoch": 669470968320, "rough_muladds_all_content_epochs": 3347354841600}
[2026-07-05 20:41:04] content_epoch 1/5 loss=0.061719 step_acc=0.9748 epoch_sec=12.85 eta_min=0.9
[2026-07-05 20:41:17] content_epoch 2/5 loss=0.003245 step_acc=0.9990 epoch_sec=12.95 eta_min=0.6
[2026-07-05 20:41:30] content_epoch 3/5 loss=0.001996 step_acc=0.9994 epoch_sec=12.77 eta_min=0.4
[2026-07-05 20:41:43] content_epoch 4/5 loss=0.001622 step_acc=0.9995 epoch_sec=12.68 eta_min=0.2
[2026-07-05 20:41:55] content_epoch 5/5 loss=0.001159 step_acc=0.9997 epoch_sec=12.90 eta_min=0.0
[2026-07-05 20:42:04] flat_epoch 1/2 epoch_sec=0.05 eta_min=0.0
[2026-07-05 20:42:04] flat_epoch 2/2 epoch_sec=0.05 eta_min=0.0
{
  "pilot_pass": true,
  "pass_checks": {
    "kernel_reads_heap_content": true,
    "no_geometry_answer_features": true,
    "ood_route_exact_ge_0_99": true,
    "ood_step_acc_ge_0_99": true,
    "flat_length_matrix_fails_unseen_lengths": true
  },
  "ood": {
    "steps": 44130,
    "routes": 7355,
    "step_acc": 0.9983457922935486,
    "route_exact": 0.990210740992522
  },
  "flat_ood": {
    "token_acc": 0.002882178872823715,
    "exact": 0.0
  }
}
