=== taskd run 561 2026-09-23T08:01:27Z ===
=== cwd=/home/nio/log/holds/SameTime ===
=== cmd=["python3", "ara/s1-echo/src/s1_probability_residual_tree_mc_a11.py", "--out", "ara/s1-echo/evidence/s1_probability_residual_tree_mc_a11/formal_seed20260924", "--seed", "20260924", "--iterations", "256"] ===
{"iteration": 0, "proposal": {"node": 10, "members": 58, "mode": "perturb", "quantile": 0.8}, "proposal_dev_nll": 5.373915345012115, "accepted": true, "current_dev_nll": 5.373915345012115, "best_dev_nll": 5.373435589668923, "temperature": 0.02}
{"iteration": 31, "proposal": {"node": 1, "members": 200, "mode": "pair", "quantile": 0.65}, "proposal_dev_nll": 5.389119558014163, "accepted": false, "current_dev_nll": 5.383835518995725, "best_dev_nll": 5.373435589668923, "temperature": 0.012518524426807578}
{"iteration": 63, "proposal": {"node": 28, "members": 120, "mode": "perturb", "quantile": 0.8}, "proposal_dev_nll": 5.3945559203173605, "accepted": true, "current_dev_nll": 5.3945559203173605, "best_dev_nll": 5.373435589668923, "temperature": 0.007718137600860466}
{"iteration": 95, "proposal": {"node": 22, "members": 88, "mode": "perturb", "quantile": 0.5}, "proposal_dev_nll": 5.376230312649963, "accepted": true, "current_dev_nll": 5.376230312649963, "best_dev_nll": 5.368085478359216, "temperature": 0.0047585199337273135}
{"iteration": 127, "proposal": {"node": 18, "members": 27, "mode": "perturb", "quantile": 0.65}, "proposal_dev_nll": 5.362752416347646, "accepted": true, "current_dev_nll": 5.362752416347646, "best_dev_nll": 5.361846215214929, "temperature": 0.002933805165271446}
{"iteration": 159, "proposal": {"node": 13, "members": 44, "mode": "perturb", "quantile": 0.65}, "proposal_dev_nll": 5.366253869405394, "accepted": true, "current_dev_nll": 5.366253869405394, "best_dev_nll": 5.3612104411959765, "temperature": 0.001808800397528533}
{"iteration": 191, "proposal": {"node": 21, "members": 69, "mode": "pair", "quantile": 0.65}, "proposal_dev_nll": 5.363701922665499, "accepted": false, "current_dev_nll": 5.362117428968471, "best_dev_nll": 5.359495057840108, "temperature": 0.0011151929640142498}
{"iteration": 223, "proposal": {"node": 25, "members": 52, "mode": "perturb", "quantile": 0.5}, "proposal_dev_nll": 5.359829067131695, "accepted": true, "current_dev_nll": 5.359829067131695, "best_dev_nll": 5.35921474986271, "temperature": 0.0006875580902603542}
{"iteration": 255, "proposal": {"node": 0, "members": 512, "mode": "pair", "quantile": 0.2}, "proposal_dev_nll": 5.378898645697698, "accepted": false, "current_dev_nll": 5.35736607672832, "best_dev_nll": 5.35736607672832, "temperature": 0.00042390522782784066}
{
  "claim": "S1-F-MC-A11-C01",
  "boundary": "Corpus context-field embedding F search only; no next-token, decoder, READ, translation, or generation target.",
  "config": {
    "counts": "ara/s1-echo/evidence/s1_real_corpus_annealed_token_space/formal_200k_seed19101/context_counts.pt",
    "out": "ara/s1-echo/evidence/s1_probability_residual_tree_mc_a11/formal_seed20260924",
    "depth": 5,
    "iterations": 256,
    "fit_ratio": 0.8,
    "alpha": 0.05,
    "temperature": 0.02,
    "seed": 20260924,
    "device": "cuda"
  },
  "shape": {
    "tokens": 512,
    "contexts": 1024,
    "leaves": 32
  },
  "counts": {
    "fit": 5278851.0,
    "search_dev": 1320737.0,
    "sealed_test": 735369.0
  },
  "search": {
    "initial_dev_nll": 5.373435589668923,
    "best_dev_nll": 5.35736607672832,
    "dev_gain": 0.01606951294060277,
    "accepted": 175,
    "iterations": 256
  },
  "sealed_evaluation": {
    "initial_test_nll": 5.3963719737835865,
    "best_test_nll": 5.378040502100365,
    "random_test_nll": 5.45788796033742,
    "best_minus_initial": -0.018331471683221245,
    "best_minus_random": -0.07984745823705452
  },
  "structure": {
    "leaf_utilization": 1.0,
    "occupancy_entropy": 0.9130750035806318,
    "fold_conservation_max_abs": 1.3877787807814457e-17,
    "residual_closure_max_abs": 3.469446951953614e-18
  },
  "gates": {
    "finite": true,
    "accepted_at_least_one": true,
    "fold_conservation_le_1e_10": true,
    "residual_closure_le_1e_10": true,
    "dev_gain_ge_0_005": true,
    "sealed_test_not_worse_gt_0_01": true,
    "sealed_test_better_than_random": true,
    "leaf_utilization_ge_0_50": true
  },
  "claim_supported": true
}
=== status=done exit=0 elapsed=2.8s 2026-09-23T08:01:29Z ===
