2026-07-18T23:35:08+08:00 launcher started; waiting for the current full-corpus repair job
2026-07-18T23:35:08+08:00 current repair training is still running
2026-07-18T23:36:08+08:00 current repair training is still running
2026-07-18T23:37:08+08:00 current repair training is still running
2026-07-18T23:38:08+08:00 current repair training is still running
2026-07-18T23:39:08+08:00 current repair training is still running
2026-07-18T23:40:08+08:00 current repair training is still running
2026-07-18T23:41:08+08:00 current repair training is still running
2026-07-18T23:42:08+08:00 current repair training is still running
2026-07-18T23:43:08+08:00 current repair training is still running
2026-07-18T23:44:08+08:00 current repair training is still running
2026-07-18T23:45:08+08:00 current repair training is still running
2026-07-18T23:46:08+08:00 current repair training is still running
2026-07-18T23:47:08+08:00 current repair training is still running
2026-07-18T23:48:08+08:00 current repair training is still running
2026-07-18T23:49:08+08:00 current repair training is still running
2026-07-18T23:50:08+08:00 current repair training is still running
2026-07-18T23:51:08+08:00 current repair training is still running
2026-07-18T23:52:08+08:00 current repair training is still running
2026-07-18T23:53:08+08:00 current repair training is still running
2026-07-18T23:54:08+08:00 current repair training is still running
2026-07-18T23:55:08+08:00 current repair training is still running
2026-07-18T23:56:08+08:00 current repair training is still running
2026-07-18T23:57:08+08:00 current repair training is still running
2026-07-18T23:58:08+08:00 current repair training is still running
2026-07-18T23:59:08+08:00 current repair training is still running
2026-07-19T00:00:08+08:00 current repair training is still running
2026-07-19T00:01:08+08:00 current repair training is still running
2026-07-19T00:02:08+08:00 current repair training is still running
2026-07-19T00:03:08+08:00 current repair training is still running
2026-07-19T00:04:08+08:00 current repair training is still running
2026-07-19T00:05:08+08:00 current repair training is still running
2026-07-19T00:06:08+08:00 current repair training is still running
2026-07-19T00:07:08+08:00 current repair training is still running
2026-07-19T00:08:08+08:00 current repair training is still running
2026-07-19T00:09:08+08:00 current repair training is still running
2026-07-19T00:10:08+08:00 current repair training is still running
2026-07-19T00:11:08+08:00 current repair training is still running
2026-07-19T00:12:08+08:00 current repair training is still running
2026-07-19T00:13:08+08:00 current repair training is still running
2026-07-19T00:14:08+08:00 current repair training is still running
2026-07-19T00:15:08+08:00 current repair training is still running
2026-07-19T00:16:08+08:00 current repair training is still running
2026-07-19T00:17:08+08:00 current repair training is still running
2026-07-19T00:18:08+08:00 current repair training is still running
2026-07-19T00:19:08+08:00 current repair training is still running
2026-07-19T00:20:08+08:00 current repair training is still running
2026-07-19T00:21:08+08:00 current repair training is still running
2026-07-19T00:22:08+08:00 current repair training is still running
2026-07-19T00:23:08+08:00 current repair training is still running
2026-07-19T00:24:08+08:00 current repair training is still running
2026-07-19T00:25:08+08:00 current repair training is still running
2026-07-19T00:26:08+08:00 current repair training is still running
2026-07-19T00:27:09+08:00 current repair training is still running
2026-07-19T00:28:09+08:00 current repair training is still running
2026-07-19T00:29:09+08:00 current repair training is still running
2026-07-19T00:30:09+08:00 current repair training is still running
2026-07-19T00:31:09+08:00 current repair training is still running
2026-07-19T00:32:09+08:00 current repair training is still running
2026-07-19T00:33:09+08:00 current repair training is still running
2026-07-19T00:34:09+08:00 current repair training is still running
2026-07-19T00:35:09+08:00 current repair training is still running
2026-07-19T00:36:09+08:00 current repair training is still running
2026-07-19T00:37:09+08:00 current repair training is still running
2026-07-19T00:38:09+08:00 current repair training is still running
2026-07-19T00:39:09+08:00 current repair training is still running
2026-07-19T00:40:09+08:00 current repair training is still running
2026-07-19T00:41:09+08:00 current repair training is still running
2026-07-19T00:42:09+08:00 current repair training is still running
2026-07-19T00:43:09+08:00 current repair training is still running
2026-07-19T00:44:09+08:00 current repair training is still running
2026-07-19T00:45:09+08:00 current repair training is still running
2026-07-19T00:46:09+08:00 current repair training is still running
2026-07-19T00:47:09+08:00 current repair training is still running
2026-07-19T00:48:09+08:00 current repair training is still running
2026-07-19T00:49:09+08:00 current repair training is still running
2026-07-19T00:50:09+08:00 current repair training is still running
2026-07-19T00:51:09+08:00 current repair training is still running
2026-07-19T00:52:09+08:00 current repair training is still running
2026-07-19T00:53:09+08:00 current repair training is still running
2026-07-19T00:54:09+08:00 current repair training is still running
2026-07-19T00:55:09+08:00 current repair training is still running
2026-07-19T00:56:09+08:00 current repair training is still running
2026-07-19T00:57:09+08:00 current repair training is still running
2026-07-19T00:58:09+08:00 GPU idle confirmation 1/2
2026-07-19T00:59:09+08:00 GPU idle confirmation 2/2
2026-07-19T01:00:09+08:00 GPU is idle; recording safety state and starting depth-growth pilot
2026-07-19T01:33:46+08:00 depth-growth pilot completed successfully
Failed to authenticate: 535 Error: authentication failed
