=== taskd run 488 2026-09-16T07:40:25Z ===
=== cwd=/home/nio/log/holds/SameTime ===
=== cmd=["python3", "ara/s1-echo/src/s1_differentiable_balanced_capacity.py", "--experiment", "P-S1-BALANCED-CAPACITY04-AUDIT", "--evidence-dir", "ara/s1-echo/evidence/s1_balanced_capacity_sharpening/gradient_audit_100k_v256", "--max-scan-lines", "100000", "--target-vocab", "256", "--context-vocab", "512", "--depth", "6", "--train-steps", "0", "--learning-rate", "0.01", "--temperature", "0.20", "--sinkhorn-steps", "30", "--route-entropy-weight", "0.0", "--seed", "19411", "--device", "cuda"] ===
{
  "claim": "S1-BALANCED-CAPACITY-TRAIN-C01",
  "experiment": "P-S1-BALANCED-CAPACITY04-AUDIT",
  "config": {
    "experiment": "P-S1-BALANCED-CAPACITY04-AUDIT",
    "data": "/home/nio/datasets/wmt_massive/train.massive.zh-en.tsv",
    "spm_model": "/home/nio/datasets/wmt_massive/sp_bpe_massive.model",
    "evidence_dir": "ara/s1-echo/evidence/s1_balanced_capacity_sharpening/gradient_audit_100k_v256",
    "max_scan_lines": 100000,
    "target_vocab": 256,
    "context_vocab": 512,
    "window": 4,
    "max_sentence_tokens": 96,
    "test_mod": 10,
    "depth": 6,
    "split_iterations": 30,
    "alpha": 0.1,
    "train_steps": 0,
    "learning_rate": 0.01,
    "temperature": 0.2,
    "sinkhorn_steps": 30,
    "route_entropy_weight": 0.0,
    "neighbor_k": 3,
    "seed": 19411,
    "device": "cuda"
  },
  "corpus": {
    "train_lines": 90000,
    "test_lines": 10000,
    "train_pairs": 2451081,
    "test_pairs": 270770,
    "valid_lines": 100000,
    "token_total": 2142531,
    "scan_sha256": "ee465537b3826e9106d9f8fba3fe947081e70bbbb3b57c02064dd727719c9aae"
  },
  "frozen_semantic": {
    "hard_heldout_nll": 4.777788906607269,
    "leaf_utilization": 1.0,
    "leaf_entropy": 1.0,
    "leaf_count_min": 4,
    "leaf_count_max": 4,
    "heldout_neighbor_lcp": 2.25,
    "random_pair_lcp": 0.9140625,
    "lcp_gain": 1.3359375
  },
  "controls": {
    "random": {
      "hard_heldout_nll": 4.851593942384738,
      "leaf_utilization": 1.0,
      "leaf_entropy": 1.0,
      "leaf_count_min": 4,
      "leaf_count_max": 4,
      "heldout_neighbor_lcp": 0.9986979166666666,
      "random_pair_lcp": 1.0182291666666665,
      "lcp_gain": -0.01953124999999989
    },
    "frequency": {
      "hard_heldout_nll": 4.8687346334847375,
      "leaf_utilization": 1.0,
      "leaf_entropy": 1.0,
      "leaf_count_min": 4,
      "leaf_count_max": 4,
      "heldout_neighbor_lcp": 1.15234375,
      "random_pair_lcp": 0.984375,
      "lcp_gain": 0.16796875
    }
  },
  "balanced": {
    "name": "sinkhorn_balanced",
    "balanced": true,
    "route_entropy_weight": 0.0,
    "initial_train_nll": 4.89265251159668,
    "final_train_nll": 4.89265251159668,
    "train_nll_decrease": 0.0,
    "initial_route_entropy": 3.8766555786132812,
    "initial_context_gradient_l2": 0.00305737997405231,
    "initial_entropy_gradient_l2": 0.011812067590653896,
    "gradient_balance_weight": 0.25883529285519935,
    "final_route_entropy": 3.8766555786132812,
    "normalized_route_entropy": 0.9321386297499861,
    "mean_top1_mass": 0.09723500907421112,
    "soft_heldout_nll": 4.899043433127808,
    "hard_heldout_nll": 4.778141669499623,
    "hard_soft_nll_gap": -0.1209017636281855,
    "projected_top1_agreement": 0.8671875,
    "parameter_delta_l2": 0.0,
    "last_gradient_l2": 0.0,
    "finite_gradients": true,
    "soft_row_mass_error": 9.465217590332031e-05,
    "soft_column_mass_error": 1.1920928955078125e-06,
    "leaf_utilization": 1.0,
    "leaf_entropy": 1.0,
    "leaf_count_min": 4,
    "leaf_count_max": 4,
    "heldout_neighbor_lcp": 2.25,
    "random_pair_lcp": 0.921875,
    "lcp_gain": 1.328125
  },
  "unconstrained": {
    "name": "row_softmax_unconstrained",
    "balanced": false,
    "route_entropy_weight": 0.0,
    "initial_train_nll": 4.904208183288574,
    "final_train_nll": 4.904208183288574,
    "train_nll_decrease": 0.0,
    "initial_route_entropy": 3.9111342430114746,
    "initial_context_gradient_l2": 0.002420012140646577,
    "initial_entropy_gradient_l2": 0.009234270080924034,
    "gradient_balance_weight": 0.2620685900930912,
    "final_route_entropy": 3.9111342430114746,
    "normalized_route_entropy": 0.9404289961072775,
    "mean_top1_mass": 0.07024069130420685,
    "soft_heldout_nll": 4.909498799321541,
    "hard_heldout_nll": 4.777952033582679,
    "hard_soft_nll_gap": -0.13154676573886182,
    "projected_top1_agreement": 1.0,
    "parameter_delta_l2": 0.0,
    "last_gradient_l2": 0.0,
    "finite_gradients": true,
    "soft_row_mass_error": 1.1920928955078125e-07,
    "soft_column_mass_error": 2.8772950172424316,
    "leaf_utilization": 1.0,
    "leaf_entropy": 0.9917019702005659,
    "leaf_count_min": 2,
    "leaf_count_max": 7,
    "heldout_neighbor_lcp": 2.329427083333333,
    "random_pair_lcp": 0.9140625,
    "lcp_gain": 1.415364583333333
  },
  "gates": {
    "finite_gradients": true,
    "train_nll_decrease_ge_0_005": false,
    "parameters_changed": false,
    "soft_capacity": true,
    "exact_hard_capacity": true,
    "heldout_nll_beats_random": true,
    "heldout_nll_retains_initializer": true,
    "neighbor_lcp_beats_controls": true,
    "neighbor_lcp_retains_initializer": true
  },
  "smoke_pass": false,
  "elapsed_seconds": 22.37139868736267
}
=== status=done exit=0 elapsed=24.1s 2026-09-16T07:40:49Z ===
