=== taskd run 489 2026-09-16T07:42:31Z ===
=== cwd=/home/nio/log/holds/SameTime ===
=== cmd=["python3", "ara/s1-echo/src/s1_differentiable_balanced_capacity.py", "--experiment", "P-S1-BALANCED-CAPACITY05", "--evidence-dir", "ara/s1-echo/evidence/s1_balanced_capacity_calibrated_sharpening/w004_100k_v256", "--max-scan-lines", "100000", "--target-vocab", "256", "--context-vocab", "512", "--depth", "6", "--train-steps", "200", "--learning-rate", "0.01", "--temperature", "0.20", "--sinkhorn-steps", "30", "--route-entropy-weight", "4.0", "--seed", "19411", "--device", "cuda"] ===
{
  "claim": "S1-BALANCED-CAPACITY-TRAIN-C01",
  "experiment": "P-S1-BALANCED-CAPACITY05",
  "config": {
    "experiment": "P-S1-BALANCED-CAPACITY05",
    "data": "/home/nio/datasets/wmt_massive/train.massive.zh-en.tsv",
    "spm_model": "/home/nio/datasets/wmt_massive/sp_bpe_massive.model",
    "evidence_dir": "ara/s1-echo/evidence/s1_balanced_capacity_calibrated_sharpening/w004_100k_v256",
    "max_scan_lines": 100000,
    "target_vocab": 256,
    "context_vocab": 512,
    "window": 4,
    "max_sentence_tokens": 96,
    "test_mod": 10,
    "depth": 6,
    "split_iterations": 30,
    "alpha": 0.1,
    "train_steps": 200,
    "learning_rate": 0.01,
    "temperature": 0.2,
    "sinkhorn_steps": 30,
    "route_entropy_weight": 4.0,
    "neighbor_k": 3,
    "seed": 19411,
    "device": "cuda"
  },
  "corpus": {
    "train_lines": 90000,
    "test_lines": 10000,
    "train_pairs": 2451081,
    "test_pairs": 270770,
    "valid_lines": 100000,
    "token_total": 2142531,
    "scan_sha256": "ee465537b3826e9106d9f8fba3fe947081e70bbbb3b57c02064dd727719c9aae"
  },
  "frozen_semantic": {
    "hard_heldout_nll": 4.777788906607269,
    "leaf_utilization": 1.0,
    "leaf_entropy": 1.0,
    "leaf_count_min": 4,
    "leaf_count_max": 4,
    "heldout_neighbor_lcp": 2.25,
    "random_pair_lcp": 0.9140625,
    "lcp_gain": 1.3359375
  },
  "controls": {
    "random": {
      "hard_heldout_nll": 4.851593942384738,
      "leaf_utilization": 1.0,
      "leaf_entropy": 1.0,
      "leaf_count_min": 4,
      "leaf_count_max": 4,
      "heldout_neighbor_lcp": 0.9986979166666666,
      "random_pair_lcp": 1.0182291666666665,
      "lcp_gain": -0.01953124999999989
    },
    "frequency": {
      "hard_heldout_nll": 4.8687346334847375,
      "leaf_utilization": 1.0,
      "leaf_entropy": 1.0,
      "leaf_count_min": 4,
      "leaf_count_max": 4,
      "heldout_neighbor_lcp": 1.15234375,
      "random_pair_lcp": 0.984375,
      "lcp_gain": 0.16796875
    }
  },
  "balanced": {
    "name": "sinkhorn_balanced",
    "balanced": true,
    "route_entropy_weight": 4.0,
    "initial_train_nll": 4.89265251159668,
    "final_train_nll": 4.858851432800293,
    "train_nll_decrease": 0.03380107879638672,
    "initial_route_entropy": 3.8766555786132812,
    "initial_context_gradient_l2": 0.00305737997405231,
    "initial_entropy_gradient_l2": 0.011812067590653896,
    "gradient_balance_weight": 0.25883529285519935,
    "final_route_entropy": 3.445464849472046,
    "normalized_route_entropy": 0.8284591753150933,
    "mean_top1_mass": 0.18689867854118347,
    "soft_heldout_nll": 4.869911243667356,
    "hard_heldout_nll": 5.796498723502626,
    "hard_soft_nll_gap": 0.9265874798352707,
    "projected_top1_agreement": 0.7734375,
    "parameter_delta_l2": 270.3607482910156,
    "last_gradient_l2": 0.019649241119623184,
    "finite_gradients": true,
    "soft_row_mass_error": 0.0002472400665283203,
    "soft_column_mass_error": 9.5367431640625e-07,
    "leaf_utilization": 1.0,
    "leaf_entropy": 1.0,
    "leaf_count_min": 4,
    "leaf_count_max": 4,
    "heldout_neighbor_lcp": 2.2135416666666665,
    "random_pair_lcp": 0.8815104166666666,
    "lcp_gain": 1.33203125
  },
  "unconstrained": {
    "name": "row_softmax_unconstrained",
    "balanced": false,
    "route_entropy_weight": 4.0,
    "initial_train_nll": 4.904208183288574,
    "final_train_nll": 4.889857769012451,
    "train_nll_decrease": 0.014350414276123047,
    "initial_route_entropy": 3.9111342430114746,
    "initial_context_gradient_l2": 0.002420012140646577,
    "initial_entropy_gradient_l2": 0.009234270080924034,
    "gradient_balance_weight": 0.2620685900930912,
    "final_route_entropy": 2.74611234664917,
    "normalized_route_entropy": 0.6603004440391186,
    "mean_top1_mass": 0.14279276132583618,
    "soft_heldout_nll": 4.896657099830647,
    "hard_heldout_nll": 4.920276215258808,
    "hard_soft_nll_gap": 0.023619115428161308,
    "projected_top1_agreement": 1.0,
    "parameter_delta_l2": 292.2214660644531,
    "last_gradient_l2": 0.047787562012672424,
    "finite_gradients": true,
    "soft_row_mass_error": 1.7881393432617188e-07,
    "soft_column_mass_error": 17.006851196289062,
    "leaf_utilization": 0.359375,
    "leaf_entropy": 0.5726217587390823,
    "leaf_count_min": 0,
    "leaf_count_max": 61,
    "heldout_neighbor_lcp": 3.3203125,
    "random_pair_lcp": 1.5416666666666665,
    "lcp_gain": 1.7786458333333335
  },
  "gates": {
    "finite_gradients": true,
    "train_nll_decrease_ge_0_005": true,
    "parameters_changed": true,
    "soft_capacity": true,
    "exact_hard_capacity": true,
    "heldout_nll_beats_random": false,
    "heldout_nll_retains_initializer": false,
    "neighbor_lcp_beats_controls": true,
    "neighbor_lcp_retains_initializer": true
  },
  "smoke_pass": false,
  "elapsed_seconds": 25.656496286392212
}
=== status=done exit=0 elapsed=27.3s 2026-09-16T07:42:59Z ===
