started_at=2026-07-20T11:05:16+08:00
{"recipe": "same_recipe", "seed": 71901, "epoch": 1, "train_loss": 7.422598215562703, "valid_nll": 6.714371363341067, "lr": 0.002, "elapsed_sec": 11.396238327026367}
{"recipe": "same_recipe", "seed": 71901, "epoch": 2, "train_loss": 5.784793873077263, "valid_nll": 6.478188955897534, "lr": 0.002, "elapsed_sec": 24.413716077804565}
{"recipe": "same_recipe", "seed": 71901, "epoch": 3, "train_loss": 4.8777875198738405, "valid_nll": 6.577162705172435, "lr": 0.002, "elapsed_sec": 36.41717576980591}
{"recipe": "same_recipe", "seed": 71901, "epoch": 4, "train_loss": 4.255148402155081, "valid_nll": 6.78163223773866, "lr": 0.002, "elapsed_sec": 48.013102769851685}
{"recipe": "same_recipe", "seed": 71902, "epoch": 1, "train_loss": 7.419253648217045, "valid_nll": 6.7039332406902945, "lr": 0.002, "elapsed_sec": 11.845466375350952}
{"recipe": "same_recipe", "seed": 71902, "epoch": 2, "train_loss": 5.771427417868998, "valid_nll": 6.471482547562728, "lr": 0.002, "elapsed_sec": 24.734319925308228}
{"recipe": "same_recipe", "seed": 71902, "epoch": 3, "train_loss": 4.846217621109887, "valid_nll": 6.58740141093435, "lr": 0.002, "elapsed_sec": 36.08977007865906}
{"recipe": "same_recipe", "seed": 71902, "epoch": 4, "train_loss": 4.211132090228961, "valid_nll": 6.804169368649215, "lr": 0.002, "elapsed_sec": 47.743130683898926}
{"recipe": "same_recipe", "seed": 71903, "epoch": 1, "train_loss": 7.4318625027182765, "valid_nll": 6.7284842177581305, "lr": 0.002, "elapsed_sec": 13.47124719619751}
{"recipe": "same_recipe", "seed": 71903, "epoch": 2, "train_loss": 5.79814806370847, "valid_nll": 6.486866646084983, "lr": 0.002, "elapsed_sec": 24.709632396697998}
{"recipe": "same_recipe", "seed": 71903, "epoch": 3, "train_loss": 4.8713630176048035, "valid_nll": 6.596515379735589, "lr": 0.002, "elapsed_sec": 37.010313510894775}
{"recipe": "same_recipe", "seed": 71903, "epoch": 4, "train_loss": 4.231627612734146, "valid_nll": 6.806100319078774, "lr": 0.002, "elapsed_sec": 51.334142208099365}
{"recipe": "standard_recipe", "seed": 71901, "epoch": 1, "train_loss": 8.861736476548446, "valid_nll": 7.54389283611096, "lr": 0.000499140256144715, "elapsed_sec": 11.934910297393799}
{"recipe": "standard_recipe", "seed": 71901, "epoch": 2, "train_loss": 7.647178803425608, "valid_nll": 7.052022166579075, "lr": 0.0004698382705534459, "elapsed_sec": 23.951387405395508}
{"recipe": "standard_recipe", "seed": 71901, "epoch": 3, "train_loss": 7.110375373856599, "valid_nll": 6.8156983163720515, "lr": 0.00040403088304675556, "elapsed_sec": 35.86737275123596}
{"recipe": "standard_recipe", "seed": 71901, "epoch": 4, "train_loss": 6.715308428319024, "valid_nll": 6.683785899006297, "lr": 0.00031404793582203014, "elapsed_sec": 47.83656191825867}
{"recipe": "standard_recipe", "seed": 71901, "epoch": 5, "train_loss": 6.425821939765263, "valid_nll": 6.621351596404543, "lr": 0.00021674886642530174, "elapsed_sec": 60.58198642730713}
{"recipe": "standard_recipe", "seed": 71901, "epoch": 6, "train_loss": 6.222262403858242, "valid_nll": 6.579471530407616, "lr": 0.00013036387996070414, "elapsed_sec": 72.5323736667633}
{"recipe": "standard_recipe", "seed": 71901, "epoch": 7, "train_loss": 6.091841195437954, "valid_nll": 6.562391866834704, "lr": 7.107829074759897e-05, "elapsed_sec": 84.88790655136108}
{"recipe": "standard_recipe", "seed": 71901, "epoch": 8, "train_loss": 6.018027580114824, "valid_nll": 6.553413604347961, "lr": 5e-05, "elapsed_sec": 96.83764886856079}
{"recipe": "standard_recipe", "seed": 71902, "epoch": 1, "train_loss": 8.861050550871566, "valid_nll": 7.527820216809273, "lr": 0.000499140256144715, "elapsed_sec": 11.962657690048218}
{"recipe": "standard_recipe", "seed": 71902, "epoch": 2, "train_loss": 7.643130173306984, "valid_nll": 7.053827179550941, "lr": 0.0004698382705534459, "elapsed_sec": 23.974867820739746}
{"recipe": "standard_recipe", "seed": 71902, "epoch": 3, "train_loss": 7.114480652026276, "valid_nll": 6.816624260769305, "lr": 0.00040403088304675556, "elapsed_sec": 36.042165756225586}
{"recipe": "standard_recipe", "seed": 71902, "epoch": 4, "train_loss": 6.719355624876043, "valid_nll": 6.680114858105078, "lr": 0.00031404793582203014, "elapsed_sec": 48.72746706008911}
{"recipe": "standard_recipe", "seed": 71902, "epoch": 5, "train_loss": 6.428127182063772, "valid_nll": 6.615304982534165, "lr": 0.00021674886642530174, "elapsed_sec": 60.759201526641846}
{"recipe": "standard_recipe", "seed": 71902, "epoch": 6, "train_loss": 6.224103611415383, "valid_nll": 6.569249134229557, "lr": 0.00013036387996070414, "elapsed_sec": 72.91856122016907}
{"recipe": "standard_recipe", "seed": 71902, "epoch": 7, "train_loss": 6.092758319016967, "valid_nll": 6.547564846552854, "lr": 7.107829074759897e-05, "elapsed_sec": 84.97670316696167}
{"recipe": "standard_recipe", "seed": 71902, "epoch": 8, "train_loss": 6.018388369952692, "valid_nll": 6.537653992439228, "lr": 5e-05, "elapsed_sec": 97.03752493858337}
{"recipe": "standard_recipe", "seed": 71903, "epoch": 1, "train_loss": 8.85660843452665, "valid_nll": 7.534148948653596, "lr": 0.000499140256144715, "elapsed_sec": 12.257161378860474}
{"recipe": "standard_recipe", "seed": 71903, "epoch": 2, "train_loss": 7.634714207923743, "valid_nll": 7.043715138402225, "lr": 0.0004698382705534459, "elapsed_sec": 24.344037294387817}
{"recipe": "standard_recipe", "seed": 71903, "epoch": 3, "train_loss": 7.108565890712779, "valid_nll": 6.819671574853711, "lr": 0.00040403088304675556, "elapsed_sec": 36.39279103279114}
{"recipe": "standard_recipe", "seed": 71903, "epoch": 4, "train_loss": 6.719028855183486, "valid_nll": 6.696136932754069, "lr": 0.00031404793582203014, "elapsed_sec": 48.854487895965576}
{"recipe": "standard_recipe", "seed": 71903, "epoch": 5, "train_loss": 6.432200324052433, "valid_nll": 6.625780274583321, "lr": 0.00021674886642530174, "elapsed_sec": 61.701507568359375}
{"recipe": "standard_recipe", "seed": 71903, "epoch": 6, "train_loss": 6.229435543515789, "valid_nll": 6.583397207946144, "lr": 0.00013036387996070414, "elapsed_sec": 73.89167594909668}
{"recipe": "standard_recipe", "seed": 71903, "epoch": 7, "train_loss": 6.098572395503648, "valid_nll": 6.565971418352218, "lr": 7.107829074759897e-05, "elapsed_sec": 86.11806464195251}
{"recipe": "standard_recipe", "seed": 71903, "epoch": 8, "train_loss": 6.02469389575885, "valid_nll": 6.55682862775091, "lr": 5e-05, "elapsed_sec": 98.19056272506714}
{
  "claim": "S3-PRIVATE-PROTOCOL-TF-C02",
  "predict": "P-S3-PRIVATE-PROTOCOL-TF-02",
  "status": "competitive",
  "smoke": false,
  "host": "io",
  "seconds": 460.63783407211304,
  "config": {
    "baseline_summary": "ara/s3-generation/evidence/s3_private_protocol_battle_full/summary.json",
    "data": "/home/nio/datasets/wmt_massive/train.massive.zh-en.tsv",
    "spm_model": "/home/nio/datasets/wmt_massive/sp_bpe_massive.model",
    "evidence_dir": "ara/s3-generation/evidence/s3_private_protocol_transformer_benchmark_full",
    "recipes": [
      "same_recipe",
      "standard_recipe"
    ],
    "seeds": [
      71901,
      71902,
      71903
    ],
    "source_col": 1,
    "target_col": 0,
    "train_samples": 30000,
    "valid_samples": 2000,
    "test_samples": 2000,
    "max_scan": 300000,
    "min_len": 8,
    "max_len": 32,
    "batch_size": 64,
    "num_workers": 2,
    "device": "cuda",
    "tf_dim": 256,
    "tf_heads": 4,
    "tf_encoder_layers": 2,
    "tf_decoder_layers": 2,
    "tf_feedforward": 512,
    "tf_dropout": 0.1,
    "max_positions": 128,
    "same_epochs": 4,
    "standard_epochs": 8,
    "same_lr": 0.002,
    "standard_lr": 0.0005,
    "warmup_fraction": 0.1,
    "label_smoothing": 0.1,
    "smoke": false
  },
  "sampling": {
    "scanned": 300000,
    "eligible": 173313,
    "selected": 34000,
    "sampling": "deterministic_reservoir_then_shuffle"
  },
  "transformer": {
    "same_recipe": {
      "nll_mean": 6.442279684384492,
      "nll_stdev": 0.00623350375697195,
      "bleu4_mean": 2.9422168718848067,
      "bleu4_stdev": 0.15293674251121353,
      "parameters": 27278337,
      "seconds_mean": 52.17865435282389
    },
    "standard_recipe": {
      "nll_mean": 6.533036939035269,
      "nll_stdev": 0.004260404419119122,
      "bleu4_mean": 2.8941157559766975,
      "bleu4_stdev": 0.1916264468049261,
      "parameters": 27278337,
      "seconds_mean": 100.82245723406474
    }
  },
  "registered_baselines": {
    "flat": {
      "nll_mean": 6.040144935437881,
      "nll_min": 6.0319869227017495,
      "nll_max": 6.045468151886887,
      "bleu4_mean": 5.352978997251923,
      "parameters": 27421377,
      "seconds_mean": 111.60624853769939
    },
    "h1": {
      "nll_mean": 6.1231115792555455,
      "nll_min": 6.117974015821166,
      "nll_max": 6.130276967287991,
      "bleu4_mean": 4.97188773471109,
      "parameters": 27619714,
      "seconds_mean": 405.4004827340444
    },
    "h2": {
      "nll_mean": 6.134092140087395,
      "nll_min": 6.125751353112188,
      "nll_max": 6.1407046960515705,
      "bleu4_mean": 5.289227101774938,
      "parameters": 27435395,
      "seconds_mean": 775.635891755422
    },
    "h4": {
      "nll_mean": 6.193396942777385,
      "nll_min": 6.178971576285389,
      "nll_max": 6.2058246484912765,
      "bleu4_mean": 5.0853287877723705,
      "parameters": 27343237,
      "seconds_mean": 1552.2178662618
    }
  },
  "treeheap_h1_minus_standard_transformer_nll": -0.40992535977972366,
  "parameter_gap_fraction_vs_h1": 0.012359903509500496,
  "boundary": "Small matched Transformer benchmark; not an industry-top or global-optimum result."
}
finished_at=2026-07-20T11:13:09+08:00
exit_code=0
