[proxychains] DLL init: proxychains-ng 4.16
{"event": "pool_sampling_started", "required": 4352}
{"event": "dataset_ready", "train_doses": [2048], "train_sha256": {"2048": "3c7a3db7ca5bafbe57aeda14eebca85f3c0db9b1c100ae0c6513fb3ef874d898"}, "validation_rows": 128, "validation_sha256": "7d16bcfec33a2b8dff62f0f3805bfb6030231fa0812ef789e218a6d6127c1405", "test_rows": 128, "test_sha256": "3c694664ed074a0d09d086df82fdd7c11885aafa52f2c7776ddcc7dfc17a52ec"}
[proxychains] Strict chain  ...  192.168.1.101:10809  ...  huggingface.co:443  ...  OK
Warning: You are sending unauthenticated requests to the HF Hub. Please set a HF_TOKEN to enable higher rate limits and faster downloads.
/usr/local/lib/python3.10/dist-packages/transformers/models/marian/tokenization_marian.py:176: UserWarning: Recommended: pip install sacremoses.
  warnings.warn("Recommended: pip install sacremoses.")
Loading weights:   0%|          | 0/258 [00:00<?, ?it/s]Loading weights: 100%|██████████| 258/258 [00:00<00:00, 5338.50it/s]
[proxychains] Strict chain  ...  192.168.1.101:10809  ...  huggingface.co:443  ...  OK
[transformers] Both `max_new_tokens` (=64) and `max_length`(=512) seem to have been set. `max_new_tokens` will take precedence. Please refer to the documentation for more information. (https://huggingface.co/docs/transformers/main/en/main_classes/text_generation)
[transformers] Both `max_new_tokens` (=64) and `max_length`(=512) seem to have been set. `max_new_tokens` will take precedence. Please refer to the documentation for more information. (https://huggingface.co/docs/transformers/main/en/main_classes/text_generation)
[transformers] Both `max_new_tokens` (=64) and `max_length`(=512) seem to have been set. `max_new_tokens` will take precedence. Please refer to the documentation for more information. (https://huggingface.co/docs/transformers/main/en/main_classes/text_generation)
[transformers] Both `max_new_tokens` (=64) and `max_length`(=512) seem to have been set. `max_new_tokens` will take precedence. Please refer to the documentation for more information. (https://huggingface.co/docs/transformers/main/en/main_classes/text_generation)
[transformers] Both `max_new_tokens` (=64) and `max_length`(=512) seem to have been set. `max_new_tokens` will take precedence. Please refer to the documentation for more information. (https://huggingface.co/docs/transformers/main/en/main_classes/text_generation)
[transformers] Both `max_new_tokens` (=64) and `max_length`(=512) seem to have been set. `max_new_tokens` will take precedence. Please refer to the documentation for more information. (https://huggingface.co/docs/transformers/main/en/main_classes/text_generation)
[transformers] Both `max_new_tokens` (=64) and `max_length`(=512) seem to have been set. `max_new_tokens` will take precedence. Please refer to the documentation for more information. (https://huggingface.co/docs/transformers/main/en/main_classes/text_generation)
[transformers] Both `max_new_tokens` (=64) and `max_length`(=512) seem to have been set. `max_new_tokens` will take precedence. Please refer to the documentation for more information. (https://huggingface.co/docs/transformers/main/en/main_classes/text_generation)
[transformers] Both `max_new_tokens` (=64) and `max_length`(=512) seem to have been set. `max_new_tokens` will take precedence. Please refer to the documentation for more information. (https://huggingface.co/docs/transformers/main/en/main_classes/text_generation)
[transformers] Both `max_new_tokens` (=64) and `max_length`(=512) seem to have been set. `max_new_tokens` will take precedence. Please refer to the documentation for more information. (https://huggingface.co/docs/transformers/main/en/main_classes/text_generation)
[transformers] Both `max_new_tokens` (=64) and `max_length`(=512) seem to have been set. `max_new_tokens` will take precedence. Please refer to the documentation for more information. (https://huggingface.co/docs/transformers/main/en/main_classes/text_generation)
[transformers] Both `max_new_tokens` (=64) and `max_length`(=512) seem to have been set. `max_new_tokens` will take precedence. Please refer to the documentation for more information. (https://huggingface.co/docs/transformers/main/en/main_classes/text_generation)
[transformers] Both `max_new_tokens` (=64) and `max_length`(=512) seem to have been set. `max_new_tokens` will take precedence. Please refer to the documentation for more information. (https://huggingface.co/docs/transformers/main/en/main_classes/text_generation)
[transformers] Both `max_new_tokens` (=64) and `max_length`(=512) seem to have been set. `max_new_tokens` will take precedence. Please refer to the documentation for more information. (https://huggingface.co/docs/transformers/main/en/main_classes/text_generation)
[transformers] Both `max_new_tokens` (=64) and `max_length`(=512) seem to have been set. `max_new_tokens` will take precedence. Please refer to the documentation for more information. (https://huggingface.co/docs/transformers/main/en/main_classes/text_generation)
[transformers] Both `max_new_tokens` (=64) and `max_length`(=512) seem to have been set. `max_new_tokens` will take precedence. Please refer to the documentation for more information. (https://huggingface.co/docs/transformers/main/en/main_classes/text_generation)
[transformers] Both `max_new_tokens` (=64) and `max_length`(=512) seem to have been set. `max_new_tokens` will take precedence. Please refer to the documentation for more information. (https://huggingface.co/docs/transformers/main/en/main_classes/text_generation)
[transformers] Both `max_new_tokens` (=64) and `max_length`(=512) seem to have been set. `max_new_tokens` will take precedence. Please refer to the documentation for more information. (https://huggingface.co/docs/transformers/main/en/main_classes/text_generation)
[transformers] Both `max_new_tokens` (=64) and `max_length`(=512) seem to have been set. `max_new_tokens` will take precedence. Please refer to the documentation for more information. (https://huggingface.co/docs/transformers/main/en/main_classes/text_generation)
[transformers] Both `max_new_tokens` (=64) and `max_length`(=512) seem to have been set. `max_new_tokens` will take precedence. Please refer to the documentation for more information. (https://huggingface.co/docs/transformers/main/en/main_classes/text_generation)
[transformers] Both `max_new_tokens` (=64) and `max_length`(=512) seem to have been set. `max_new_tokens` will take precedence. Please refer to the documentation for more information. (https://huggingface.co/docs/transformers/main/en/main_classes/text_generation)
[transformers] Both `max_new_tokens` (=64) and `max_length`(=512) seem to have been set. `max_new_tokens` will take precedence. Please refer to the documentation for more information. (https://huggingface.co/docs/transformers/main/en/main_classes/text_generation)
[transformers] Both `max_new_tokens` (=64) and `max_length`(=512) seem to have been set. `max_new_tokens` will take precedence. Please refer to the documentation for more information. (https://huggingface.co/docs/transformers/main/en/main_classes/text_generation)
[transformers] Both `max_new_tokens` (=64) and `max_length`(=512) seem to have been set. `max_new_tokens` will take precedence. Please refer to the documentation for more information. (https://huggingface.co/docs/transformers/main/en/main_classes/text_generation)
[transformers] Both `max_new_tokens` (=64) and `max_length`(=512) seem to have been set. `max_new_tokens` will take precedence. Please refer to the documentation for more information. (https://huggingface.co/docs/transformers/main/en/main_classes/text_generation)
[transformers] Both `max_new_tokens` (=64) and `max_length`(=512) seem to have been set. `max_new_tokens` will take precedence. Please refer to the documentation for more information. (https://huggingface.co/docs/transformers/main/en/main_classes/text_generation)
[transformers] Both `max_new_tokens` (=64) and `max_length`(=512) seem to have been set. `max_new_tokens` will take precedence. Please refer to the documentation for more information. (https://huggingface.co/docs/transformers/main/en/main_classes/text_generation)
[transformers] Both `max_new_tokens` (=64) and `max_length`(=512) seem to have been set. `max_new_tokens` will take precedence. Please refer to the documentation for more information. (https://huggingface.co/docs/transformers/main/en/main_classes/text_generation)
[transformers] Both `max_new_tokens` (=64) and `max_length`(=512) seem to have been set. `max_new_tokens` will take precedence. Please refer to the documentation for more information. (https://huggingface.co/docs/transformers/main/en/main_classes/text_generation)
[transformers] Both `max_new_tokens` (=64) and `max_length`(=512) seem to have been set. `max_new_tokens` will take precedence. Please refer to the documentation for more information. (https://huggingface.co/docs/transformers/main/en/main_classes/text_generation)
[transformers] Both `max_new_tokens` (=64) and `max_length`(=512) seem to have been set. `max_new_tokens` will take precedence. Please refer to the documentation for more information. (https://huggingface.co/docs/transformers/main/en/main_classes/text_generation)
[transformers] Both `max_new_tokens` (=64) and `max_length`(=512) seem to have been set. `max_new_tokens` will take precedence. Please refer to the documentation for more information. (https://huggingface.co/docs/transformers/main/en/main_classes/text_generation)
[proxychains] Strict chain  ...  192.168.1.101:10809  ...  huggingface.co:443  ...  OK
Loading weights:   0%|          | 0/258 [00:00<?, ?it/s]Loading weights: 100%|██████████| 258/258 [00:00<00:00, 5258.57it/s]
[proxychains] Strict chain  ...  192.168.1.101:10809  ...  huggingface.co:443  ...  OK
[transformers] Both `max_new_tokens` (=64) and `max_length`(=512) seem to have been set. `max_new_tokens` will take precedence. Please refer to the documentation for more information. (https://huggingface.co/docs/transformers/main/en/main_classes/text_generation)
[transformers] Both `max_new_tokens` (=64) and `max_length`(=512) seem to have been set. `max_new_tokens` will take precedence. Please refer to the documentation for more information. (https://huggingface.co/docs/transformers/main/en/main_classes/text_generation)
{"arm": "gold", "step": 128, "train_loss": 3.0818145275115967, "valid_nll": 3.0208658490862166, "elapsed_sec": 26.107818841934204}
{"arm": "top1", "step": 128, "train_loss": 3.56317400932312, "valid_nll": 3.0585720951395823, "elapsed_sec": 28.333120584487915}
{"arm": "topk", "step": 128, "train_loss": 3.5543553829193115, "valid_nll": 3.059612016032513, "elapsed_sec": 29.517942190170288}
{"arm": "shuffled", "step": 128, "train_loss": 3.5473744869232178, "valid_nll": 3.0627946781932858, "elapsed_sec": 29.491336584091187}
{"status": "smoke_teacher_distillation_not_supported_under_recipe", "teacher_test": {"rows": 128, "mean_top1_weight": 0.35864128777757287, "mean_probability_entropy_nats": 1.3111286859793732, "mean_top1_top2_gap": 0.09090213908348233, "mean_unique_candidates": 3.921875, "all_candidates_identical_fraction": 0.0, "top1_token_bleu4": 13.454605397927482}, "metrics": {"gold": {"nll": 3.102359943116026, "bleu4": 15.22822787460325}, "top1": {"nll": 3.1378071773046696, "bleu4": 15.36931391659589}, "topk": {"nll": 3.135896203030917, "bleu4": 15.613573450521221}, "shuffled": {"nll": 3.137151650114709, "bleu4": 15.11496118168693}}, "gates": {"U1_topk_nll_beats_top1_by_0_02": false, "U2_topk_bleu_beats_top1_by_0_20": true, "U3_topk_nll_beats_shuffled_by_0_02": false, "D1_top1_improves_gold": false, "D2_generation_valid": true, "D3_teacher_distribution_non_degenerate": true, "S1_encoder_gradient": true, "S2_encoder_changed": true, "S3_topk_detail_damage": true, "S4_topk_depth_floor": true}}
