/home/nio/log/holds/SameTime/ara/s3-generation/src/s3_treeheap_multiscale_mask.py:169: UserWarning: Converting a tensor with requires_grad=True to a scalar may lead to unexpected behavior.
Consider using tensor.detach() first. (Triggered internally at /pytorch/torch/csrc/autograd/generated/python_variable_methods.cpp:838.)
  if not math.isfinite(float(loss)):
{"model": "echo", "step": 1, "blocks": 32, "depth": 0, "nll": 16.42540740966797, "grad_norm": Infinity, "elapsed_sec": 0.28070878982543945, "gpu_memory_mb": 409.42236328125}
{"model": "echo", "step": 100, "blocks": 3200, "depth": 0, "nll": 0.3112894296646118, "grad_norm": 1.0645461082458496, "elapsed_sec": 1.7648484706878662, "gpu_memory_mb": 435.0595703125}
{"model": "echo", "step": 200, "blocks": 6400, "depth": 0, "nll": 0.03449743986129761, "grad_norm": 0.3718167543411255, "elapsed_sec": 3.2739663124084473, "gpu_memory_mb": 435.0595703125}
{"model": "echo", "step": 300, "blocks": 9600, "depth": 0, "nll": 0.018071532249450684, "grad_norm": 0.259886771440506, "elapsed_sec": 4.810375452041626, "gpu_memory_mb": 435.0595703125}
{"model": "echo", "step": 400, "blocks": 12800, "depth": 0, "nll": 0.014318075962364674, "grad_norm": 0.22165605425834656, "elapsed_sec": 6.261939525604248, "gpu_memory_mb": 435.0595703125}
{"model": "echo", "step": 500, "blocks": 16000, "depth": 0, "nll": 0.006868354044854641, "grad_norm": 0.15998317301273346, "elapsed_sec": 7.770791053771973, "gpu_memory_mb": 435.0595703125}
{"model": "echo", "step": 600, "blocks": 19200, "depth": 0, "nll": 0.005055267829447985, "grad_norm": 0.1469670832157135, "elapsed_sec": 9.272302865982056, "gpu_memory_mb": 435.0595703125}
{"model": "echo", "step": 700, "blocks": 22400, "depth": 0, "nll": 0.0014910195022821426, "grad_norm": 0.0570751391351223, "elapsed_sec": 10.752605438232422, "gpu_memory_mb": 435.0595703125}
{"model": "echo", "step": 800, "blocks": 25600, "depth": 0, "nll": 0.0017090117326006293, "grad_norm": 0.09188319742679596, "elapsed_sec": 12.270604133605957, "gpu_memory_mb": 435.0595703125}
{"model": "echo", "step": 900, "blocks": 28800, "depth": 0, "nll": 0.003698302898555994, "grad_norm": 0.15956346690654755, "elapsed_sec": 13.802293539047241, "gpu_memory_mb": 435.0595703125}
{"model": "echo", "step": 1000, "blocks": 32000, "depth": 0, "nll": 0.011021995916962624, "grad_norm": 0.2805310785770416, "elapsed_sec": 15.3265380859375, "gpu_memory_mb": 435.0595703125}
{"model": "echo", "step": 1100, "blocks": 35200, "depth": 0, "nll": 0.02681846171617508, "grad_norm": 0.5173119902610779, "elapsed_sec": 16.5206298828125, "gpu_memory_mb": 435.0595703125}
{"model": "echo", "step": 1200, "blocks": 38400, "depth": 0, "nll": 0.011028062552213669, "grad_norm": 0.2616601288318634, "elapsed_sec": 18.05960988998413, "gpu_memory_mb": 435.0595703125}
{"model": "echo", "step": 1300, "blocks": 41600, "depth": 0, "nll": 0.006683432962745428, "grad_norm": 0.22535747289657593, "elapsed_sec": 19.596010446548462, "gpu_memory_mb": 435.0595703125}
{"model": "echo", "step": 1400, "blocks": 44800, "depth": 0, "nll": 0.007795253768563271, "grad_norm": 0.2618810534477234, "elapsed_sec": 21.130016803741455, "gpu_memory_mb": 435.0595703125}
{"model": "echo", "step": 1500, "blocks": 48000, "depth": 0, "nll": 0.020874742418527603, "grad_norm": 0.426914244890213, "elapsed_sec": 22.622673749923706, "gpu_memory_mb": 435.0595703125}
{"model": "echo", "step": 1600, "blocks": 51200, "depth": 0, "nll": 0.007169013377279043, "grad_norm": 0.2558393180370331, "elapsed_sec": 24.122247457504272, "gpu_memory_mb": 435.0595703125}
{"model": "echo", "step": 1700, "blocks": 54400, "depth": 0, "nll": 0.008116442710161209, "grad_norm": 0.2451382577419281, "elapsed_sec": 25.655348300933838, "gpu_memory_mb": 435.0595703125}
{"model": "echo", "step": 1800, "blocks": 57600, "depth": 0, "nll": 0.00497853197157383, "grad_norm": 0.235976904630661, "elapsed_sec": 27.190230131149292, "gpu_memory_mb": 435.0595703125}
{"model": "echo", "step": 1900, "blocks": 60800, "depth": 0, "nll": 0.0040292986668646336, "grad_norm": 0.18958184123039246, "elapsed_sec": 28.492188692092896, "gpu_memory_mb": 435.0595703125}
{"model": "echo", "step": 2000, "blocks": 64000, "depth": 0, "nll": 0.002369426656514406, "grad_norm": 0.14387843012809753, "elapsed_sec": 29.9951331615448, "gpu_memory_mb": 435.0595703125}
{"model": "echo", "step": 2100, "blocks": 67200, "depth": 0, "nll": 0.007617461960762739, "grad_norm": 0.30353352427482605, "elapsed_sec": 31.48972511291504, "gpu_memory_mb": 435.0595703125}
{"model": "echo", "step": 2200, "blocks": 70400, "depth": 0, "nll": 0.002796520246192813, "grad_norm": 0.15355989336967468, "elapsed_sec": 32.92696213722229, "gpu_memory_mb": 435.0595703125}
{"model": "echo", "step": 2300, "blocks": 73600, "depth": 0, "nll": 0.011580923572182655, "grad_norm": 0.34184911847114563, "elapsed_sec": 34.43458366394043, "gpu_memory_mb": 435.0595703125}
{"model": "echo", "step": 2400, "blocks": 76800, "depth": 0, "nll": 0.014755974523723125, "grad_norm": 0.36975419521331787, "elapsed_sec": 35.9696991443634, "gpu_memory_mb": 435.0595703125}
{"model": "echo", "step": 2500, "blocks": 80000, "depth": 0, "nll": 0.02330821007490158, "grad_norm": 0.46229088306427, "elapsed_sec": 37.4819118976593, "gpu_memory_mb": 435.0595703125}
{"model": "echo", "step": 2600, "blocks": 83200, "depth": 0, "nll": 0.007484509143978357, "grad_norm": 0.252137690782547, "elapsed_sec": 38.52289032936096, "gpu_memory_mb": 435.0595703125}
{"model": "echo", "step": 2700, "blocks": 86400, "depth": 0, "nll": 0.006201811134815216, "grad_norm": 0.24188123643398285, "elapsed_sec": 39.815709590911865, "gpu_memory_mb": 435.0595703125}
{"model": "echo", "step": 2800, "blocks": 89600, "depth": 0, "nll": 0.00026228162460029125, "grad_norm": 0.023072270676493645, "elapsed_sec": 41.33588480949402, "gpu_memory_mb": 435.0595703125}
{"model": "echo", "step": 2900, "blocks": 92800, "depth": 0, "nll": 0.0009830050403252244, "grad_norm": 0.10781531780958176, "elapsed_sec": 42.853413343429565, "gpu_memory_mb": 435.0595703125}
{"model": "echo", "step": 3000, "blocks": 96000, "depth": 0, "nll": 0.0009384566801600158, "grad_norm": 0.09974830597639084, "elapsed_sec": 44.358240604400635, "gpu_memory_mb": 435.0595703125}
{"model": "echo", "step": 3100, "blocks": 99200, "depth": 0, "nll": 0.01247071661055088, "grad_norm": 0.368804395198822, "elapsed_sec": 45.90483331680298, "gpu_memory_mb": 435.0595703125}
{"model": "multiscale_mask", "step": 1, "blocks": 32, "depth": 3, "nll": 16.176132202148438, "grad_norm": Infinity, "elapsed_sec": 0.014173507690429688, "gpu_memory_mb": 435.0595703125}
{"model": "multiscale_mask", "step": 100, "blocks": 3200, "depth": 5, "nll": 8.984636306762695, "grad_norm": 3.4911370277404785, "elapsed_sec": 1.6203672885894775, "gpu_memory_mb": 435.0595703125}
{"model": "multiscale_mask", "step": 200, "blocks": 6400, "depth": 1, "nll": 7.778749465942383, "grad_norm": 6.536492347717285, "elapsed_sec": 3.083191394805908, "gpu_memory_mb": 435.0595703125}
{"model": "multiscale_mask", "step": 300, "blocks": 9600, "depth": 2, "nll": 8.067695617675781, "grad_norm": 4.906319618225098, "elapsed_sec": 4.7638890743255615, "gpu_memory_mb": 435.0595703125}
{"model": "multiscale_mask", "step": 400, "blocks": 12800, "depth": 3, "nll": 8.24386215209961, "grad_norm": 3.9287490844726562, "elapsed_sec": 6.399151086807251, "gpu_memory_mb": 435.0595703125}
{"model": "multiscale_mask", "step": 500, "blocks": 16000, "depth": 4, "nll": 8.100669860839844, "grad_norm": 1.6540271043777466, "elapsed_sec": 8.065990924835205, "gpu_memory_mb": 435.0595703125}
{"model": "multiscale_mask", "step": 600, "blocks": 19200, "depth": 5, "nll": 7.917367935180664, "grad_norm": 1.6467301845550537, "elapsed_sec": 9.73334789276123, "gpu_memory_mb": 435.0595703125}
{"model": "multiscale_mask", "step": 700, "blocks": 22400, "depth": 2, "nll": 7.7883453369140625, "grad_norm": 2.6894798278808594, "elapsed_sec": 11.36971378326416, "gpu_memory_mb": 435.0595703125}
{"model": "multiscale_mask", "step": 800, "blocks": 25600, "depth": 4, "nll": 8.06570816040039, "grad_norm": 1.531090497970581, "elapsed_sec": 13.030900716781616, "gpu_memory_mb": 435.0595703125}
{"model": "multiscale_mask", "step": 900, "blocks": 28800, "depth": 3, "nll": 8.006805419921875, "grad_norm": 1.744513750076294, "elapsed_sec": 14.699748277664185, "gpu_memory_mb": 435.0595703125}
{"model": "multiscale_mask", "step": 1000, "blocks": 32000, "depth": 1, "nll": 7.422721862792969, "grad_norm": 3.157538652420044, "elapsed_sec": 16.355302095413208, "gpu_memory_mb": 435.0595703125}
{"model": "multiscale_mask", "step": 1100, "blocks": 35200, "depth": 3, "nll": 7.9168548583984375, "grad_norm": 1.612385869026184, "elapsed_sec": 18.018636226654053, "gpu_memory_mb": 435.0595703125}
{"model": "multiscale_mask", "step": 1200, "blocks": 38400, "depth": 3, "nll": 7.885395050048828, "grad_norm": 1.4016541242599487, "elapsed_sec": 19.469799041748047, "gpu_memory_mb": 435.0595703125}
{"model": "multiscale_mask", "step": 1300, "blocks": 41600, "depth": 3, "nll": 7.888805389404297, "grad_norm": 1.8403362035751343, "elapsed_sec": 21.1316237449646, "gpu_memory_mb": 435.0595703125}
{"model": "multiscale_mask", "step": 1400, "blocks": 44800, "depth": 4, "nll": 8.06796646118164, "grad_norm": 1.0547707080841064, "elapsed_sec": 22.768526792526245, "gpu_memory_mb": 435.0595703125}
{"model": "multiscale_mask", "step": 1500, "blocks": 48000, "depth": 4, "nll": 8.010223388671875, "grad_norm": 1.1329635381698608, "elapsed_sec": 24.39763307571411, "gpu_memory_mb": 435.0595703125}
{"model": "multiscale_mask", "step": 1600, "blocks": 51200, "depth": 4, "nll": 7.909521102905273, "grad_norm": 1.6782028675079346, "elapsed_sec": 26.028571128845215, "gpu_memory_mb": 435.0595703125}
{"model": "multiscale_mask", "step": 1700, "blocks": 54400, "depth": 4, "nll": 7.973213195800781, "grad_norm": 1.3505827188491821, "elapsed_sec": 27.7004611492157, "gpu_memory_mb": 435.0595703125}
{"model": "multiscale_mask", "step": 1800, "blocks": 57600, "depth": 3, "nll": 7.5625762939453125, "grad_norm": 1.6384235620498657, "elapsed_sec": 29.349825620651245, "gpu_memory_mb": 435.0595703125}
{"model": "multiscale_mask", "step": 1900, "blocks": 60800, "depth": 5, "nll": 7.812004089355469, "grad_norm": 1.18634831905365, "elapsed_sec": 30.98489022254944, "gpu_memory_mb": 435.0595703125}
{"model": "multiscale_mask", "step": 2000, "blocks": 64000, "depth": 4, "nll": 7.975028991699219, "grad_norm": 1.2183667421340942, "elapsed_sec": 32.62594747543335, "gpu_memory_mb": 435.0595703125}
{"model": "multiscale_mask", "step": 2100, "blocks": 67200, "depth": 4, "nll": 7.8750152587890625, "grad_norm": 1.206498622894287, "elapsed_sec": 34.23222279548645, "gpu_memory_mb": 435.0595703125}
{"model": "multiscale_mask", "step": 2200, "blocks": 70400, "depth": 2, "nll": 7.342582702636719, "grad_norm": 1.7342555522918701, "elapsed_sec": 35.88347101211548, "gpu_memory_mb": 435.0595703125}
{"model": "multiscale_mask", "step": 2300, "blocks": 73600, "depth": 2, "nll": 7.064140319824219, "grad_norm": 2.0683398246765137, "elapsed_sec": 37.49051094055176, "gpu_memory_mb": 435.0595703125}
{"model": "multiscale_mask", "step": 2400, "blocks": 76800, "depth": 3, "nll": 7.469646453857422, "grad_norm": 1.466840386390686, "elapsed_sec": 39.12827157974243, "gpu_memory_mb": 435.0595703125}
{"model": "multiscale_mask", "step": 2500, "blocks": 80000, "depth": 4, "nll": 7.777362823486328, "grad_norm": 1.5770670175552368, "elapsed_sec": 40.7698540687561, "gpu_memory_mb": 435.0595703125}
{"model": "multiscale_mask", "step": 2600, "blocks": 83200, "depth": 3, "nll": 7.756221771240234, "grad_norm": 1.2747440338134766, "elapsed_sec": 42.3820641040802, "gpu_memory_mb": 435.0595703125}
{"model": "multiscale_mask", "step": 2700, "blocks": 86400, "depth": 2, "nll": 7.231636047363281, "grad_norm": 1.8855565786361694, "elapsed_sec": 44.03928470611572, "gpu_memory_mb": 435.0595703125}
{"model": "multiscale_mask", "step": 2800, "blocks": 89600, "depth": 1, "nll": 6.0584716796875, "grad_norm": 2.5584018230438232, "elapsed_sec": 45.672444343566895, "gpu_memory_mb": 435.0595703125}
{"model": "multiscale_mask", "step": 2900, "blocks": 92800, "depth": 4, "nll": 7.883991241455078, "grad_norm": 1.0214240550994873, "elapsed_sec": 47.322678565979004, "gpu_memory_mb": 435.0595703125}
{"model": "multiscale_mask", "step": 3000, "blocks": 96000, "depth": 2, "nll": 6.915596008300781, "grad_norm": 2.0599007606506348, "elapsed_sec": 48.958900928497314, "gpu_memory_mb": 435.0595703125}
{"model": "multiscale_mask", "step": 3100, "blocks": 99200, "depth": 2, "nll": 6.980400085449219, "grad_norm": 1.9203513860702515, "elapsed_sec": 50.59399127960205, "gpu_memory_mb": 435.0595703125}
{
  "gates": {
    "P1_deep_mask_gain": true,
    "P2_root_causal_depth_max": true,
    "P3_positive_depth_trend": false,
    "P4_more_root_than_echo": true,
    "P5_wrong_root_causal": true,
    "P6_all_gradients": true
  },
  "derived": {
    "masked_nll_improvement_over_echo": {
      "1": 2.206884667277336,
      "2": 13.912898898124695,
      "3": 22.875459790229797,
      "4": 29.420295357704163,
      "5": 32.55961811542511
    },
    "multiscale_root_nll_deltas": [
      0.8432201147079468,
      0.4988558292388916,
      0.3302910327911377,
      0.28748536109924316,
      0.2734074592590332
    ],
    "root_delta_depth_spearman": -0.9999999999999999
  },
  "claim_supported_smoke": false
}
