{
  "claim": "S3-TREEHEAP-ROOT-SIGNAL-RECOVERABILITY-F15",
  "host": "io",
  "checkpoint": "ara/s3-generation/evidence/s3_epoch_repeat_scaling_e01/formal_seed11301/treeheap-106m/checkpoint_latest.pt",
  "checkpoint_state_sha256": "e587931ef0e475467e045aed85d4fbfd6b716610f45cdfec1e297f8023ca31c7",
  "source_state_sha256": "5547eeced555989cacc2e663441729fbb1b971969852eae86165ff3d193d3a1e",
  "token_contract": {
    "push_source": [
      23188
    ],
    "neutral_source": [
      8177
    ],
    "push_target": [
      10766
    ],
    "push_target_pieces": [
      "▁push"
    ]
  },
  "case_count": 256,
  "train_count": 192,
  "test_count": 64,
  "protocol_depths": [
    5,
    6,
    7
  ],
  "native_fold_root": [
    {
      "mode": "native",
      "protocol_depth": 5,
      "stage": "fold",
      "level": 0,
      "level_from_leaf": 5,
      "node_count": 1,
      "feature_width": 640,
      "test_r2": 0.9990273023696398,
      "test_mae_count": 0.03321374942079604,
      "test_correlation": 0.9995224031403155,
      "test_exact_count_accuracy": 1.0,
      "active_features": 640,
      "shuffled_test_r2": -0.21618477584569806
    },
    {
      "mode": "native",
      "protocol_depth": 6,
      "stage": "fold",
      "level": 0,
      "level_from_leaf": 5,
      "node_count": 1,
      "feature_width": 640,
      "test_r2": 0.9998211534925331,
      "test_mae_count": 0.014053480185460682,
      "test_correlation": 0.9999129920077748,
      "test_exact_count_accuracy": 1.0,
      "active_features": 640,
      "shuffled_test_r2": 0.1025727731958509
    },
    {
      "mode": "native",
      "protocol_depth": 7,
      "stage": "fold",
      "level": 0,
      "level_from_leaf": 5,
      "node_count": 1,
      "feature_width": 640,
      "test_r2": 0.9999369340257523,
      "test_mae_count": 0.008525739587343525,
      "test_correlation": 0.9999691442807404,
      "test_exact_count_accuracy": 1.0,
      "active_features": 640,
      "shuffled_test_r2": 0.12272570814616601
    }
  ],
  "native_read_facing_root": [
    {
      "mode": "native",
      "protocol_depth": 5,
      "stage": "read_facing",
      "level": 0,
      "level_from_leaf": 5,
      "node_count": 1,
      "feature_width": 640,
      "test_r2": 0.99915940397673,
      "test_mae_count": 0.030108930819748025,
      "test_correlation": 0.9995850369572485,
      "test_exact_count_accuracy": 1.0,
      "active_features": 640,
      "shuffled_test_r2": -0.34123813092464683
    },
    {
      "mode": "native",
      "protocol_depth": 6,
      "stage": "read_facing",
      "level": 0,
      "level_from_leaf": 5,
      "node_count": 1,
      "feature_width": 640,
      "test_r2": 0.9997912480435763,
      "test_mae_count": 0.015656311429629657,
      "test_correlation": 0.9998985068307288,
      "test_exact_count_accuracy": 1.0,
      "active_features": 640,
      "shuffled_test_r2": -0.05934137537339601
    },
    {
      "mode": "native",
      "protocol_depth": 7,
      "stage": "read_facing",
      "level": 0,
      "level_from_leaf": 5,
      "node_count": 1,
      "feature_width": 640,
      "test_r2": 0.999840584547027,
      "test_mae_count": 0.013870623809936061,
      "test_correlation": 0.9999280581952784,
      "test_exact_count_accuracy": 1.0,
      "active_features": 640,
      "shuffled_test_r2": -0.24184726233383458
    }
  ],
  "mean_fold_root": [
    {
      "mode": "mean",
      "protocol_depth": 5,
      "stage": "fold",
      "level": 0,
      "level_from_leaf": 5,
      "node_count": 1,
      "feature_width": 640,
      "test_r2": 0.9990273070621863,
      "test_mae_count": 0.03321358145468973,
      "test_correlation": 0.9995224058995472,
      "test_exact_count_accuracy": 1.0,
      "active_features": 640,
      "shuffled_test_r2": -0.21619360145803257
    },
    {
      "mode": "mean",
      "protocol_depth": 6,
      "stage": "fold",
      "level": 0,
      "level_from_leaf": 5,
      "node_count": 1,
      "feature_width": 640,
      "test_r2": 0.9998211531855278,
      "test_mae_count": 0.014053484810504606,
      "test_correlation": 0.9999129919037916,
      "test_exact_count_accuracy": 1.0,
      "active_features": 640,
      "shuffled_test_r2": 0.10257541558778205
    },
    {
      "mode": "mean",
      "protocol_depth": 7,
      "stage": "fold",
      "level": 0,
      "level_from_leaf": 5,
      "node_count": 1,
      "feature_width": 640,
      "test_r2": 0.9999369325292338,
      "test_mae_count": 0.008525810638012755,
      "test_correlation": 0.9999691436092988,
      "test_exact_count_accuracy": 1.0,
      "active_features": 640,
      "shuffled_test_r2": 0.1227285523528906
    }
  ],
  "mean_read_facing_root": [
    {
      "mode": "mean",
      "protocol_depth": 5,
      "stage": "read_facing",
      "level": 0,
      "level_from_leaf": 5,
      "node_count": 1,
      "feature_width": 640,
      "test_r2": 0.9990635906297893,
      "test_mae_count": 0.032365733010608425,
      "test_correlation": 0.9995351381564914,
      "test_exact_count_accuracy": 1.0,
      "active_features": 640,
      "shuffled_test_r2": -0.21994968381273217
    },
    {
      "mode": "mean",
      "protocol_depth": 6,
      "stage": "read_facing",
      "level": 0,
      "level_from_leaf": 5,
      "node_count": 1,
      "feature_width": 640,
      "test_r2": 0.9997901492878664,
      "test_mae_count": 0.015282947211326635,
      "test_correlation": 0.9998973670152145,
      "test_exact_count_accuracy": 1.0,
      "active_features": 640,
      "shuffled_test_r2": -0.04543222067627117
    },
    {
      "mode": "mean",
      "protocol_depth": 7,
      "stage": "read_facing",
      "level": 0,
      "level_from_leaf": 5,
      "node_count": 1,
      "feature_width": 640,
      "test_r2": 0.9998435877413285,
      "test_mae_count": 0.013830824636952649,
      "test_correlation": 0.999927987569807,
      "test_exact_count_accuracy": 1.0,
      "active_features": 640,
      "shuffled_test_r2": 0.018031477449339972
    }
  ],
  "gates": {
    "O0_exhaustive_position_holdout": true,
    "O1_finite": true,
    "O2_frozen_checkpoint": true,
    "C0_shuffled_control_rejected": true,
    "P1_native_fold_root_recoverable": true,
    "P2_native_read_root_recoverable": true
  },
  "diagnosis": "source count reaches read-facing root; F14 failure is access/alignment/scale, not erasure",
  "seconds": 10.891690492630005,
  "claim_boundary": "synthetic source-count recoverability; not target-language semantic proof"
}
