=== taskd run 485 2026-09-16T07:35:06Z ===
=== cwd=/home/nio/log/holds/SameTime ===
=== cmd=["python3", "ara/s1-echo/src/s1_differentiable_balanced_capacity.py", "--experiment", "P-S1-BALANCED-CAPACITY04", "--evidence-dir", "ara/s1-echo/evidence/s1_balanced_capacity_sharpening/w005_100k_v256", "--max-scan-lines", "100000", "--target-vocab", "256", "--context-vocab", "512", "--depth", "6", "--train-steps", "200", "--learning-rate", "0.01", "--temperature", "0.20", "--sinkhorn-steps", "30", "--route-entropy-weight", "0.05", "--seed", "19411", "--device", "cuda"] ===
{
  "claim": "S1-BALANCED-CAPACITY-TRAIN-C01",
  "experiment": "P-S1-BALANCED-CAPACITY04",
  "config": {
    "experiment": "P-S1-BALANCED-CAPACITY04",
    "data": "/home/nio/datasets/wmt_massive/train.massive.zh-en.tsv",
    "spm_model": "/home/nio/datasets/wmt_massive/sp_bpe_massive.model",
    "evidence_dir": "ara/s1-echo/evidence/s1_balanced_capacity_sharpening/w005_100k_v256",
    "max_scan_lines": 100000,
    "target_vocab": 256,
    "context_vocab": 512,
    "window": 4,
    "max_sentence_tokens": 96,
    "test_mod": 10,
    "depth": 6,
    "split_iterations": 30,
    "alpha": 0.1,
    "train_steps": 200,
    "learning_rate": 0.01,
    "temperature": 0.2,
    "sinkhorn_steps": 30,
    "route_entropy_weight": 0.05,
    "neighbor_k": 3,
    "seed": 19411,
    "device": "cuda"
  },
  "corpus": {
    "train_lines": 90000,
    "test_lines": 10000,
    "train_pairs": 2451081,
    "test_pairs": 270770,
    "valid_lines": 100000,
    "token_total": 2142531,
    "scan_sha256": "ee465537b3826e9106d9f8fba3fe947081e70bbbb3b57c02064dd727719c9aae"
  },
  "frozen_semantic": {
    "hard_heldout_nll": 4.777788906607269,
    "leaf_utilization": 1.0,
    "leaf_entropy": 1.0,
    "leaf_count_min": 4,
    "leaf_count_max": 4,
    "heldout_neighbor_lcp": 2.25,
    "random_pair_lcp": 0.9140625,
    "lcp_gain": 1.3359375
  },
  "controls": {
    "random": {
      "hard_heldout_nll": 4.851593942384738,
      "leaf_utilization": 1.0,
      "leaf_entropy": 1.0,
      "leaf_count_min": 4,
      "leaf_count_max": 4,
      "heldout_neighbor_lcp": 0.9986979166666666,
      "random_pair_lcp": 1.0182291666666665,
      "lcp_gain": -0.01953124999999989
    },
    "frequency": {
      "hard_heldout_nll": 4.8687346334847375,
      "leaf_utilization": 1.0,
      "leaf_entropy": 1.0,
      "leaf_count_min": 4,
      "leaf_count_max": 4,
      "heldout_neighbor_lcp": 1.15234375,
      "random_pair_lcp": 0.984375,
      "lcp_gain": 0.16796875
    }
  },
  "balanced": {
    "name": "sinkhorn_balanced",
    "balanced": true,
    "route_entropy_weight": 0.05,
    "initial_train_nll": 4.89265251159668,
    "final_train_nll": 4.779940128326416,
    "train_nll_decrease": 0.11271238327026367,
    "initial_route_entropy": 3.8766555786132812,
    "final_route_entropy": 3.6012368202209473,
    "normalized_route_entropy": 0.8659144169332501,
    "mean_top1_mass": 0.16444502770900726,
    "soft_heldout_nll": 4.789364628692495,
    "hard_heldout_nll": 5.61144798718575,
    "hard_soft_nll_gap": 0.8220833584932548,
    "projected_top1_agreement": 0.7578125,
    "parameter_delta_l2": 226.73553466796875,
    "last_gradient_l2": 0.0010741064324975014,
    "finite_gradients": true,
    "soft_row_mass_error": 4.5180320739746094e-05,
    "soft_column_mass_error": 9.5367431640625e-07,
    "leaf_utilization": 1.0,
    "leaf_entropy": 1.0,
    "leaf_count_min": 4,
    "leaf_count_max": 4,
    "heldout_neighbor_lcp": 2.3619791666666665,
    "random_pair_lcp": 0.8893229166666666,
    "lcp_gain": 1.47265625
  },
  "unconstrained": {
    "name": "row_softmax_unconstrained",
    "balanced": false,
    "route_entropy_weight": 0.05,
    "initial_train_nll": 4.904208183288574,
    "final_train_nll": 4.779834747314453,
    "train_nll_decrease": 0.1243734359741211,
    "initial_route_entropy": 3.9111342430114746,
    "final_route_entropy": 3.1677746772766113,
    "normalized_route_entropy": 0.7616888029267673,
    "mean_top1_mass": 0.2703549861907959,
    "soft_heldout_nll": 4.788658119913528,
    "hard_heldout_nll": 5.183709720163803,
    "hard_soft_nll_gap": 0.39505160025027486,
    "projected_top1_agreement": 1.0,
    "parameter_delta_l2": 246.0702667236328,
    "last_gradient_l2": 0.002043086802586913,
    "finite_gradients": true,
    "soft_row_mass_error": 1.1920928955078125e-07,
    "soft_column_mass_error": 44.47068786621094,
    "leaf_utilization": 0.5,
    "leaf_entropy": 0.3386413470079598,
    "leaf_count_min": 0,
    "leaf_count_max": 189,
    "heldout_neighbor_lcp": 4.889322916666666,
    "random_pair_lcp": 3.345052083333333,
    "lcp_gain": 1.544270833333333
  },
  "gates": {
    "finite_gradients": true,
    "train_nll_decrease_ge_0_005": true,
    "parameters_changed": true,
    "soft_capacity": true,
    "exact_hard_capacity": true,
    "heldout_nll_beats_random": false,
    "heldout_nll_retains_initializer": false,
    "neighbor_lcp_beats_controls": true,
    "neighbor_lcp_retains_initializer": true
  },
  "smoke_pass": false,
  "elapsed_seconds": 25.58872628211975
}
=== status=done exit=0 elapsed=27.3s 2026-09-16T07:35:33Z ===
