=== taskd run 487 2026-09-16T07:36:00Z ===
=== cwd=/home/nio/log/holds/SameTime ===
=== cmd=["python3", "ara/s1-echo/src/s1_differentiable_balanced_capacity.py", "--experiment", "P-S1-BALANCED-CAPACITY04", "--evidence-dir", "ara/s1-echo/evidence/s1_balanced_capacity_sharpening/w100_100k_v256", "--max-scan-lines", "100000", "--target-vocab", "256", "--context-vocab", "512", "--depth", "6", "--train-steps", "200", "--learning-rate", "0.01", "--temperature", "0.20", "--sinkhorn-steps", "30", "--route-entropy-weight", "1.00", "--seed", "19411", "--device", "cuda"] ===
{
  "claim": "S1-BALANCED-CAPACITY-TRAIN-C01",
  "experiment": "P-S1-BALANCED-CAPACITY04",
  "config": {
    "experiment": "P-S1-BALANCED-CAPACITY04",
    "data": "/home/nio/datasets/wmt_massive/train.massive.zh-en.tsv",
    "spm_model": "/home/nio/datasets/wmt_massive/sp_bpe_massive.model",
    "evidence_dir": "ara/s1-echo/evidence/s1_balanced_capacity_sharpening/w100_100k_v256",
    "max_scan_lines": 100000,
    "target_vocab": 256,
    "context_vocab": 512,
    "window": 4,
    "max_sentence_tokens": 96,
    "test_mod": 10,
    "depth": 6,
    "split_iterations": 30,
    "alpha": 0.1,
    "train_steps": 200,
    "learning_rate": 0.01,
    "temperature": 0.2,
    "sinkhorn_steps": 30,
    "route_entropy_weight": 1.0,
    "neighbor_k": 3,
    "seed": 19411,
    "device": "cuda"
  },
  "corpus": {
    "train_lines": 90000,
    "test_lines": 10000,
    "train_pairs": 2451081,
    "test_pairs": 270770,
    "valid_lines": 100000,
    "token_total": 2142531,
    "scan_sha256": "ee465537b3826e9106d9f8fba3fe947081e70bbbb3b57c02064dd727719c9aae"
  },
  "frozen_semantic": {
    "hard_heldout_nll": 4.777788906607269,
    "leaf_utilization": 1.0,
    "leaf_entropy": 1.0,
    "leaf_count_min": 4,
    "leaf_count_max": 4,
    "heldout_neighbor_lcp": 2.25,
    "random_pair_lcp": 0.9140625,
    "lcp_gain": 1.3359375
  },
  "controls": {
    "random": {
      "hard_heldout_nll": 4.851593942384738,
      "leaf_utilization": 1.0,
      "leaf_entropy": 1.0,
      "leaf_count_min": 4,
      "leaf_count_max": 4,
      "heldout_neighbor_lcp": 0.9986979166666666,
      "random_pair_lcp": 1.0182291666666665,
      "lcp_gain": -0.01953124999999989
    },
    "frequency": {
      "hard_heldout_nll": 4.8687346334847375,
      "leaf_utilization": 1.0,
      "leaf_entropy": 1.0,
      "leaf_count_min": 4,
      "leaf_count_max": 4,
      "heldout_neighbor_lcp": 1.15234375,
      "random_pair_lcp": 0.984375,
      "lcp_gain": 0.16796875
    }
  },
  "balanced": {
    "name": "sinkhorn_balanced",
    "balanced": true,
    "route_entropy_weight": 1.0,
    "initial_train_nll": 4.89265251159668,
    "final_train_nll": 4.806849479675293,
    "train_nll_decrease": 0.08580303192138672,
    "initial_route_entropy": 3.8766555786132812,
    "final_route_entropy": 3.479731559753418,
    "normalized_route_entropy": 0.8366985774801791,
    "mean_top1_mass": 0.18456289172172546,
    "soft_heldout_nll": 4.817128309051938,
    "hard_heldout_nll": 5.690069105302318,
    "hard_soft_nll_gap": 0.8729407962503801,
    "projected_top1_agreement": 0.80859375,
    "parameter_delta_l2": 257.9636535644531,
    "last_gradient_l2": 0.005027031525969505,
    "finite_gradients": true,
    "soft_row_mass_error": 0.00018227100372314453,
    "soft_column_mass_error": 9.5367431640625e-07,
    "leaf_utilization": 1.0,
    "leaf_entropy": 1.0,
    "leaf_count_min": 4,
    "leaf_count_max": 4,
    "heldout_neighbor_lcp": 2.2330729166666665,
    "random_pair_lcp": 0.8684895833333333,
    "lcp_gain": 1.3645833333333333
  },
  "unconstrained": {
    "name": "row_softmax_unconstrained",
    "balanced": false,
    "route_entropy_weight": 1.0,
    "initial_train_nll": 4.904208183288574,
    "final_train_nll": 4.87268590927124,
    "train_nll_decrease": 0.031522274017333984,
    "initial_route_entropy": 3.9111342430114746,
    "final_route_entropy": 2.667545795440674,
    "normalized_route_entropy": 0.6414091817377443,
    "mean_top1_mass": 0.16154319047927856,
    "soft_heldout_nll": 4.8796962568042765,
    "hard_heldout_nll": 4.911560052891035,
    "hard_soft_nll_gap": 0.03186379608675871,
    "projected_top1_agreement": 1.0,
    "parameter_delta_l2": 292.93035888671875,
    "last_gradient_l2": 0.012724358588457108,
    "finite_gradients": true,
    "soft_row_mass_error": 1.7881393432617188e-07,
    "soft_column_mass_error": 20.253700256347656,
    "leaf_utilization": 0.375,
    "leaf_entropy": 0.5643110493045418,
    "leaf_count_min": 0,
    "leaf_count_max": 73,
    "heldout_neighbor_lcp": 3.0533854166666665,
    "random_pair_lcp": 1.578125,
    "lcp_gain": 1.4752604166666665
  },
  "gates": {
    "finite_gradients": true,
    "train_nll_decrease_ge_0_005": true,
    "parameters_changed": true,
    "soft_capacity": true,
    "exact_hard_capacity": true,
    "heldout_nll_beats_random": false,
    "heldout_nll_retains_initializer": false,
    "neighbor_lcp_beats_controls": true,
    "neighbor_lcp_retains_initializer": true
  },
  "smoke_pass": false,
  "elapsed_seconds": 25.448659420013428
}
=== status=done exit=0 elapsed=27.1s 2026-09-16T07:36:27Z ===
