{"seed": 71411, "step": 1, "blocks": 16, "train_nll": 16.461971282958984, "grad_norm": Infinity, "elapsed_sec": 0.28432464599609375, "gpu_memory_mb": 216.15478515625}
{"seed": 71411, "step": 50, "blocks": 800, "train_nll": 1.7580020427703857, "grad_norm": 2.837195873260498, "elapsed_sec": 0.9908764362335205, "gpu_memory_mb": 241.0419921875}
{"seed": 71411, "step": 100, "blocks": 1600, "train_nll": 0.5223499536514282, "grad_norm": 1.7865294218063354, "elapsed_sec": 1.7514357566833496, "gpu_memory_mb": 241.0419921875}
{"seed": 71411, "step": 150, "blocks": 2400, "train_nll": 0.344172865152359, "grad_norm": 1.4501729011535645, "elapsed_sec": 2.507537841796875, "gpu_memory_mb": 241.0419921875}
{"seed": 71411, "step": 200, "blocks": 3200, "train_nll": 0.15758275985717773, "grad_norm": 1.0922048091888428, "elapsed_sec": 3.2701430320739746, "gpu_memory_mb": 241.0419921875}
{"seed": 71411, "step": 250, "blocks": 4000, "train_nll": 0.16989627480506897, "grad_norm": 1.1279935836791992, "elapsed_sec": 4.028539419174194, "gpu_memory_mb": 241.0419921875}
{"seed": 71411, "step": 300, "blocks": 4800, "train_nll": 0.07799075543880463, "grad_norm": 0.7504362463951111, "elapsed_sec": 4.79034423828125, "gpu_memory_mb": 241.0419921875}
{"seed": 71411, "step": 350, "blocks": 5600, "train_nll": 0.06027309596538544, "grad_norm": 0.5835187435150146, "elapsed_sec": 5.546117544174194, "gpu_memory_mb": 241.0419921875}
{"seed": 71411, "step": 400, "blocks": 6400, "train_nll": 0.03453013673424721, "grad_norm": 0.5301344990730286, "elapsed_sec": 6.2751524448394775, "gpu_memory_mb": 241.0419921875}
{"seed": 71411, "step": 450, "blocks": 7200, "train_nll": 0.05125245451927185, "grad_norm": 0.4638225734233856, "elapsed_sec": 7.032349586486816, "gpu_memory_mb": 241.0419921875}
{"seed": 71411, "step": 500, "blocks": 8000, "train_nll": 0.019146626815199852, "grad_norm": 0.4552864134311676, "elapsed_sec": 7.794010639190674, "gpu_memory_mb": 241.0419921875}
{"seed": 71411, "step": 550, "blocks": 8800, "train_nll": 0.02058989182114601, "grad_norm": 0.33899131417274475, "elapsed_sec": 8.379410743713379, "gpu_memory_mb": 241.0419921875}
{"seed": 71411, "step": 600, "blocks": 9600, "train_nll": 0.01836482621729374, "grad_norm": 0.42505335807800293, "elapsed_sec": 8.922139883041382, "gpu_memory_mb": 241.0419921875}
{"seed": 71411, "step": 650, "blocks": 10400, "train_nll": 0.008160099387168884, "grad_norm": 0.2923415005207062, "elapsed_sec": 9.654796600341797, "gpu_memory_mb": 241.0419921875}
{"seed": 71411, "step": 700, "blocks": 11200, "train_nll": 0.016903970390558243, "grad_norm": 0.39372485876083374, "elapsed_sec": 10.410879611968994, "gpu_memory_mb": 241.0419921875}
{"seed": 71411, "step": 750, "blocks": 12000, "train_nll": 0.017628107219934464, "grad_norm": 0.4027692377567291, "elapsed_sec": 11.167219877243042, "gpu_memory_mb": 241.0419921875}
{"seed": 71411, "step": 800, "blocks": 12800, "train_nll": 0.007557826116681099, "grad_norm": 0.29513582587242126, "elapsed_sec": 11.931531429290771, "gpu_memory_mb": 241.0419921875}
{"seed": 71411, "step": 850, "blocks": 13600, "train_nll": 0.024687234312295914, "grad_norm": 0.5149222016334534, "elapsed_sec": 12.682371616363525, "gpu_memory_mb": 241.0419921875}
{"seed": 71411, "step": 900, "blocks": 14400, "train_nll": 0.014893821440637112, "grad_norm": 0.48336589336395264, "elapsed_sec": 13.44432282447815, "gpu_memory_mb": 241.0419921875}
{"seed": 71411, "step": 950, "blocks": 15200, "train_nll": 0.01642613671720028, "grad_norm": 0.44144532084465027, "elapsed_sec": 14.197586297988892, "gpu_memory_mb": 241.0419921875}
{"seed": 71411, "step": 1000, "blocks": 16000, "train_nll": 0.008365336805582047, "grad_norm": 0.2925518751144409, "elapsed_sec": 14.965644598007202, "gpu_memory_mb": 241.0419921875}
{"seed": 71411, "step": 1050, "blocks": 16800, "train_nll": 0.00679932301864028, "grad_norm": 0.27732834219932556, "elapsed_sec": 15.722004413604736, "gpu_memory_mb": 241.0419921875}
{"seed": 71411, "step": 1100, "blocks": 17600, "train_nll": 0.014295659959316254, "grad_norm": 0.391591340303421, "elapsed_sec": 16.4765625, "gpu_memory_mb": 241.0419921875}
{"seed": 71411, "step": 1150, "blocks": 18400, "train_nll": 0.019750718027353287, "grad_norm": 0.4311720132827759, "elapsed_sec": 17.230443239212036, "gpu_memory_mb": 241.0419921875}
{"seed": 71411, "step": 1200, "blocks": 19200, "train_nll": 0.009166134521365166, "grad_norm": 0.36092835664749146, "elapsed_sec": 17.95753002166748, "gpu_memory_mb": 241.0419921875}
{"seed": 71411, "step": 1250, "blocks": 20000, "train_nll": 0.05002260580658913, "grad_norm": 1.456220030784607, "elapsed_sec": 18.71922731399536, "gpu_memory_mb": 241.0419921875}
{
  "gates": {
    "P1_echo": true,
    "P2_address_shift": true,
    "P3_detail_zero": true,
    "P4_wrong_sample": true,
    "P5_length32": true,
    "P6_all_gradients": true,
    "P7_root_causal": false
  },
  "claim_supported": false
}
