=== taskd run 96 2026-08-03T15:45:44Z ===
=== cwd=/home/nio/log/holds/SameTime ===
=== cmd=["bash", "ara/s3-generation/evidence/s3_treeheap_canonical_view_ratio/command.sh"] ===
{"event": "startup", "claim": "S3-TREEHEAP-CANONICAL-VIEW-C05", "checkpoint": "ara/s3-generation/evidence/s3_treeheap_butterfly_bilingual_full/checkpoint_best.pt", "checkpoint_claim": "S3-TREEHEAP-BUTTERFLY-BIDIR-C03", "checkpoint_examples": 48811685, "checkpoint_tokens": 1032196489, "ratios": [0.0, 0.2, 0.4, 0.6], "seeds": [9101], "initial_metrics": {"native": {"en2zh": 3.778171640808118, "zh2en": 3.1657199881002933, "mean": 3.4719458144542057}, "identity": {"en2zh": 5.3938025621006185, "zh2en": 4.558349319239722, "mean": 4.976075940670171}, "adjacent": {"en2zh": 5.180337103063047, "zh2en": 4.368982254932256, "mean": 4.774659678997651}, "identity_damage": 1.5041301262159652, "adjacent_damage": 1.302713864543445, "cross_view_js": 0.2398319821176303, "source_shuffle": {"matched_native_nll": 3.690076525401316, "shuffled_nll": 5.51656917454267, "damage": 1.8264926491413536, "tokens": 2786}, "source_shuffle_damage": 1.8264926491413536, "communication_delta_rms": 0.24891792237758636, "grammar_reference_native": {"en2zh": 2.016176223754883, "zh2en": 1.4113390604654947, "mean": 1.7137576421101888}, "grammar_reference_identity": {"en2zh": 4.709951574152166, "zh2en": 2.8406214396158855, "mean": 3.775286506884026}}, "config": {"checkpoint": "ara/s3-generation/evidence/s3_treeheap_butterfly_bilingual_full/checkpoint_best.pt", "data": "/home/nio/datasets/wmt_massive/train.massive.zh-en.tsv", "spm_model": "/home/nio/datasets/wmt_massive/sp_bpe_massive.model", "dreams": "ara/s3-generation/dreams.txt", "evidence_dir": "ara/s3-generation/evidence/s3_treeheap_canonical_view_ratio", "ratios": "0.0,0.2,0.4,0.6", "seeds": "9101", "start_line": -1, "train_lines": 300000, "block_lines": 50000, "eval_pairs": 1000, "eval_scan": 3000000, "diagnostic_rows": 128, "diagnostic_batch": 4, "dream_limit": 0, "dream_max_output": 128, "lr": 0.0002, "batch_seed": 8104, "device": "cuda", "reuse_optimizer": true, "save_arm_checkpoints": false, "notify": true, "heap_width": 256, "max_content": 253, "dim": 256, "hidden": 256, "coupling_scale": 0.25, "batch_32": 64, "batch_64": 32, "batch_128": 16, "batch_256": 8}}
{"event": "ratio_block", "arm": "p000_seed9101", "cursor": 6450000, "updates": 1013, "examples": 49899, "target_tokens": 1056697, "counts": {"raw": 50000, "train_partition": 49901, "eligible": 49899, "en2zh": 25001, "zh2en": 24898}}
{"event": "ratio_block", "arm": "p000_seed9101", "cursor": 6500000, "updates": 2024, "examples": 99807, "target_tokens": 2106983, "counts": {"raw": 50000, "train_partition": 49910, "eligible": 49908, "en2zh": 25087, "zh2en": 24821}}
{"event": "ratio_block", "arm": "p000_seed9101", "cursor": 6550000, "updates": 3031, "examples": 149716, "target_tokens": 3157536, "counts": {"raw": 50000, "train_partition": 49910, "eligible": 49909, "en2zh": 24936, "zh2en": 24973}}
{"event": "ratio_block", "arm": "p000_seed9101", "cursor": 6600000, "updates": 4039, "examples": 199623, "target_tokens": 4206179, "counts": {"raw": 50000, "train_partition": 49910, "eligible": 49907, "en2zh": 24930, "zh2en": 24977}}
{"event": "ratio_block", "arm": "p000_seed9101", "cursor": 6650000, "updates": 5045, "examples": 249510, "target_tokens": 5254494, "counts": {"raw": 50000, "train_partition": 49890, "eligible": 49887, "en2zh": 24935, "zh2en": 24952}}
{"event": "ratio_block", "arm": "p000_seed9101", "cursor": 6700000, "updates": 6056, "examples": 299407, "target_tokens": 6308579, "counts": {"raw": 50000, "train_partition": 49898, "eligible": 49897, "en2zh": 25023, "zh2en": 24874}}
Traceback (most recent call last):
  File "/home/nio/log/holds/SameTime/ara/s3-generation/src/s3_treeheap_canonical_view_ratio.py", line 510, in <module>
    main()
  File "/home/nio/log/holds/SameTime/ara/s3-generation/src/s3_treeheap_canonical_view_ratio.py", line 488, in main
    results.append(train_arm(
  File "/home/nio/log/holds/SameTime/ara/s3-generation/src/s3_treeheap_canonical_view_ratio.py", line 268, in train_arm
    loss, local_examples, local_tokens = grouped_view_loss(
  File "/home/nio/log/holds/SameTime/ara/s3-generation/src/s3_treeheap_canonical_view_ratio.py", line 91, in grouped_view_loss
    logits, _ = model.teacher(local_source, local_length, local_target, bos)
  File "/home/nio/log/holds/SameTime/ara/s3-generation/src/s2_adaptive_lifting_wmt.py", line 201, in teacher
    _, _, _, levels, masks = self.states(src, length, intervention, pair_break_depth)
  File "/home/nio/log/holds/SameTime/ara/s3-generation/src/s2_adaptive_lifting_wmt.py", line 195, in states
    return self.encoder.states(src, length, intervention, pair_break_depth)
  File "/home/nio/log/holds/SameTime/ara/s3-generation/src/s2_adaptive_lifting_wmt.py", line 172, in states
    leaf, root, details, masks = self.fold(src, length, pair_break_depth)
  File "/home/nio/log/holds/SameTime/ara/s3-generation/src/s2_treeheap_butterfly_wmt.py", line 146, in fold
    leaf, leaf_mask = self.raw_leaf(src, length)
  File "/home/nio/log/holds/SameTime/ara/s3-generation/src/s2_treeheap_butterfly_wmt.py", line 139, in raw_leaf
    padded[:, : src.shape[1]] = src
RuntimeError: The expanded size of the tensor (128) must match the existing size (173) at non-singleton dimension 1.  Target sizes: [1, 128].  Tensor sizes: [173]
=== status=failed exit=1 elapsed=2179.5s 2026-08-03T16:22:03Z ===
