{
  "aggregate": {
    "iid_edge_loss_pearson_mean": -0.018631210550665855,
    "iid_exact_mass_mean": 0.28327187040122226,
    "iid_exact_random_loss_gap_mean": 0.000991523265838623,
    "iid_exact_winner_count": 2,
    "iid_winner_histogram": {
      "exact": 2,
      "mild": 1,
      "random": 5
    },
    "max_echo_inverse_error": 0.0,
    "seed_count": 8,
    "structured_edge_loss_pearson_mean": -0.9974042847752571,
    "structured_exact_mass_mean": 0.9996571615338326,
    "structured_exact_mass_min": 0.9992151856422424,
    "structured_exact_winner_count": 8
  },
  "gates": {
    "C1_structured_winners": true,
    "C2_structured_mass_mean": true,
    "C3_structured_mass_min": true,
    "C4_structured_correlation": true,
    "C5_iid_winners": true,
    "C6_iid_mass_mean": true,
    "C7_iid_loss_tie": true,
    "C8_iid_correlation": true,
    "C9_echo_inverse": true
  },
  "parent_predict": "P-ROT02-B",
  "pilot_pass": true,
  "predict": "P-ROT02-C",
  "rows": [
    {
      "echo_max_inverse_error": 0.0,
      "iid_edge_loss_pearson": -0.15550565719604492,
      "iid_exact_mass": 0.26304712891578674,
      "iid_exact_random_loss_gap": 0.0008170008659362793,
      "iid_winner_kind": "random",
      "seed": 1,
      "structured_edge_loss_pearson": -0.9990006685256958,
      "structured_exact_mass": 0.9996649026870728,
      "structured_winner_kind": "exact"
    },
    {
      "echo_max_inverse_error": 0.0,
      "iid_edge_loss_pearson": -0.14517401158809662,
      "iid_exact_mass": 0.013403412885963917,
      "iid_exact_random_loss_gap": 0.000589907169342041,
      "iid_winner_kind": "random",
      "seed": 7,
      "structured_edge_loss_pearson": -0.9966158270835876,
      "structured_exact_mass": 0.9997856020927429,
      "structured_winner_kind": "exact"
    },
    {
      "echo_max_inverse_error": 0.0,
      "iid_edge_loss_pearson": 0.3564758002758026,
      "iid_exact_mass": 0.02484741434454918,
      "iid_exact_random_loss_gap": 0.0016970634460449219,
      "iid_winner_kind": "random",
      "seed": 19,
      "structured_edge_loss_pearson": -0.9975090026855469,
      "structured_exact_mass": 0.9992151856422424,
      "structured_winner_kind": "exact"
    },
    {
      "echo_max_inverse_error": 0.0,
      "iid_edge_loss_pearson": -0.26890674233436584,
      "iid_exact_mass": 0.9058884978294373,
      "iid_exact_random_loss_gap": 0.0014014840126037598,
      "iid_winner_kind": "exact",
      "seed": 42,
      "structured_edge_loss_pearson": -0.9974200129508972,
      "structured_exact_mass": 0.9997132420539856,
      "structured_winner_kind": "exact"
    },
    {
      "echo_max_inverse_error": 0.0,
      "iid_edge_loss_pearson": 0.2562805414199829,
      "iid_exact_mass": 0.007139881607145071,
      "iid_exact_random_loss_gap": 0.0009098052978515625,
      "iid_winner_kind": "random",
      "seed": 73,
      "structured_edge_loss_pearson": -0.9971271753311157,
      "structured_exact_mass": 0.9997879266738892,
      "structured_winner_kind": "exact"
    },
    {
      "echo_max_inverse_error": 0.0,
      "iid_edge_loss_pearson": -0.2737807035446167,
      "iid_exact_mass": 0.02296539396047592,
      "iid_exact_random_loss_gap": 0.0012956857681274414,
      "iid_winner_kind": "random",
      "seed": 99,
      "structured_edge_loss_pearson": -0.9972923994064331,
      "structured_exact_mass": 0.9997392296791077,
      "structured_winner_kind": "exact"
    },
    {
      "echo_max_inverse_error": 0.0,
      "iid_edge_loss_pearson": 0.18115845322608948,
      "iid_exact_mass": 0.9426591992378235,
      "iid_exact_random_loss_gap": 0.0007540583610534668,
      "iid_winner_kind": "exact",
      "seed": 314,
      "structured_edge_loss_pearson": -0.9974448680877686,
      "structured_exact_mass": 0.9996007680892944,
      "structured_winner_kind": "exact"
    },
    {
      "echo_max_inverse_error": 0.0,
      "iid_edge_loss_pearson": -0.09959736466407776,
      "iid_exact_mass": 0.0862240344285965,
      "iid_exact_random_loss_gap": 0.0004671812057495117,
      "iid_winner_kind": "mild",
      "seed": 2026,
      "structured_edge_loss_pearson": -0.996824324131012,
      "structured_exact_mass": 0.9997504353523254,
      "structured_winner_kind": "exact"
    }
  ],
  "seeds": [
    1,
    7,
    19,
    42,
    73,
    99,
    314,
    2026
  ]
}
