[proxychains] DLL init: proxychains-ng 4.16
{"event": "pool_sampling_started", "required": 4352}
{"event": "dataset_ready", "train_doses": [2048], "train_sha256": {"2048": "3c7a3db7ca5bafbe57aeda14eebca85f3c0db9b1c100ae0c6513fb3ef874d898"}, "validation_rows": 128, "validation_sha256": "7d16bcfec33a2b8dff62f0f3805bfb6030231fa0812ef789e218a6d6127c1405", "test_rows": 128, "test_sha256": "3c694664ed074a0d09d086df82fdd7c11885aafa52f2c7776ddcc7dfc17a52ec"}
[proxychains] Strict chain  ...  192.168.1.101:10809  ...  huggingface.co:443  ...  OK
Warning: You are sending unauthenticated requests to the HF Hub. Please set a HF_TOKEN to enable higher rate limits and faster downloads.
/usr/local/lib/python3.10/dist-packages/transformers/models/marian/tokenization_marian.py:176: UserWarning: Recommended: pip install sacremoses.
  warnings.warn("Recommended: pip install sacremoses.")
[transformers] `torch_dtype` is deprecated! Use `dtype` instead!
[proxychains] Strict chain  ...  192.168.1.101:10809  ...  us.aws.cdn.hf.co:443  ...  OK
[proxychains] Strict chain  ...  192.168.1.101:10809  ...  huggingface.co:443  ...  OK
Loading weights:   0%|          | 0/258 [00:00<?, ?it/s]Loading weights: 100%|██████████| 258/258 [00:00<00:00, 3914.30it/s]
[proxychains] Strict chain  ...  192.168.1.101:10809  ...  huggingface.co:443  ...  OK
[transformers] Both `max_new_tokens` (=64) and `max_length`(=512) seem to have been set. `max_new_tokens` will take precedence. Please refer to the documentation for more information. (https://huggingface.co/docs/transformers/main/en/main_classes/text_generation)
[proxychains] Strict chain  ...  192.168.1.101:10809  ...  us.gcp.cdn.hf.co:443  ...  OK
[transformers] Both `max_new_tokens` (=64) and `max_length`(=512) seem to have been set. `max_new_tokens` will take precedence. Please refer to the documentation for more information. (https://huggingface.co/docs/transformers/main/en/main_classes/text_generation)
[transformers] Both `max_new_tokens` (=64) and `max_length`(=512) seem to have been set. `max_new_tokens` will take precedence. Please refer to the documentation for more information. (https://huggingface.co/docs/transformers/main/en/main_classes/text_generation)
[transformers] Both `max_new_tokens` (=64) and `max_length`(=512) seem to have been set. `max_new_tokens` will take precedence. Please refer to the documentation for more information. (https://huggingface.co/docs/transformers/main/en/main_classes/text_generation)
[transformers] Both `max_new_tokens` (=64) and `max_length`(=512) seem to have been set. `max_new_tokens` will take precedence. Please refer to the documentation for more information. (https://huggingface.co/docs/transformers/main/en/main_classes/text_generation)
[transformers] Both `max_new_tokens` (=64) and `max_length`(=512) seem to have been set. `max_new_tokens` will take precedence. Please refer to the documentation for more information. (https://huggingface.co/docs/transformers/main/en/main_classes/text_generation)
[transformers] Both `max_new_tokens` (=64) and `max_length`(=512) seem to have been set. `max_new_tokens` will take precedence. Please refer to the documentation for more information. (https://huggingface.co/docs/transformers/main/en/main_classes/text_generation)
[transformers] Both `max_new_tokens` (=64) and `max_length`(=512) seem to have been set. `max_new_tokens` will take precedence. Please refer to the documentation for more information. (https://huggingface.co/docs/transformers/main/en/main_classes/text_generation)
[transformers] Both `max_new_tokens` (=64) and `max_length`(=512) seem to have been set. `max_new_tokens` will take precedence. Please refer to the documentation for more information. (https://huggingface.co/docs/transformers/main/en/main_classes/text_generation)
[transformers] Both `max_new_tokens` (=64) and `max_length`(=512) seem to have been set. `max_new_tokens` will take precedence. Please refer to the documentation for more information. (https://huggingface.co/docs/transformers/main/en/main_classes/text_generation)
[transformers] Both `max_new_tokens` (=64) and `max_length`(=512) seem to have been set. `max_new_tokens` will take precedence. Please refer to the documentation for more information. (https://huggingface.co/docs/transformers/main/en/main_classes/text_generation)
[transformers] Both `max_new_tokens` (=64) and `max_length`(=512) seem to have been set. `max_new_tokens` will take precedence. Please refer to the documentation for more information. (https://huggingface.co/docs/transformers/main/en/main_classes/text_generation)
[transformers] Both `max_new_tokens` (=64) and `max_length`(=512) seem to have been set. `max_new_tokens` will take precedence. Please refer to the documentation for more information. (https://huggingface.co/docs/transformers/main/en/main_classes/text_generation)
[transformers] Both `max_new_tokens` (=64) and `max_length`(=512) seem to have been set. `max_new_tokens` will take precedence. Please refer to the documentation for more information. (https://huggingface.co/docs/transformers/main/en/main_classes/text_generation)
[transformers] Both `max_new_tokens` (=64) and `max_length`(=512) seem to have been set. `max_new_tokens` will take precedence. Please refer to the documentation for more information. (https://huggingface.co/docs/transformers/main/en/main_classes/text_generation)
[transformers] Both `max_new_tokens` (=64) and `max_length`(=512) seem to have been set. `max_new_tokens` will take precedence. Please refer to the documentation for more information. (https://huggingface.co/docs/transformers/main/en/main_classes/text_generation)
[transformers] Both `max_new_tokens` (=64) and `max_length`(=512) seem to have been set. `max_new_tokens` will take precedence. Please refer to the documentation for more information. (https://huggingface.co/docs/transformers/main/en/main_classes/text_generation)
[transformers] Both `max_new_tokens` (=64) and `max_length`(=512) seem to have been set. `max_new_tokens` will take precedence. Please refer to the documentation for more information. (https://huggingface.co/docs/transformers/main/en/main_classes/text_generation)
[transformers] Both `max_new_tokens` (=64) and `max_length`(=512) seem to have been set. `max_new_tokens` will take precedence. Please refer to the documentation for more information. (https://huggingface.co/docs/transformers/main/en/main_classes/text_generation)
[transformers] Both `max_new_tokens` (=64) and `max_length`(=512) seem to have been set. `max_new_tokens` will take precedence. Please refer to the documentation for more information. (https://huggingface.co/docs/transformers/main/en/main_classes/text_generation)
[transformers] Both `max_new_tokens` (=64) and `max_length`(=512) seem to have been set. `max_new_tokens` will take precedence. Please refer to the documentation for more information. (https://huggingface.co/docs/transformers/main/en/main_classes/text_generation)
[transformers] Both `max_new_tokens` (=64) and `max_length`(=512) seem to have been set. `max_new_tokens` will take precedence. Please refer to the documentation for more information. (https://huggingface.co/docs/transformers/main/en/main_classes/text_generation)
[transformers] Both `max_new_tokens` (=64) and `max_length`(=512) seem to have been set. `max_new_tokens` will take precedence. Please refer to the documentation for more information. (https://huggingface.co/docs/transformers/main/en/main_classes/text_generation)
[transformers] Both `max_new_tokens` (=64) and `max_length`(=512) seem to have been set. `max_new_tokens` will take precedence. Please refer to the documentation for more information. (https://huggingface.co/docs/transformers/main/en/main_classes/text_generation)
[transformers] Both `max_new_tokens` (=64) and `max_length`(=512) seem to have been set. `max_new_tokens` will take precedence. Please refer to the documentation for more information. (https://huggingface.co/docs/transformers/main/en/main_classes/text_generation)
[transformers] Both `max_new_tokens` (=64) and `max_length`(=512) seem to have been set. `max_new_tokens` will take precedence. Please refer to the documentation for more information. (https://huggingface.co/docs/transformers/main/en/main_classes/text_generation)
[transformers] Both `max_new_tokens` (=64) and `max_length`(=512) seem to have been set. `max_new_tokens` will take precedence. Please refer to the documentation for more information. (https://huggingface.co/docs/transformers/main/en/main_classes/text_generation)
[transformers] Both `max_new_tokens` (=64) and `max_length`(=512) seem to have been set. `max_new_tokens` will take precedence. Please refer to the documentation for more information. (https://huggingface.co/docs/transformers/main/en/main_classes/text_generation)
[transformers] Both `max_new_tokens` (=64) and `max_length`(=512) seem to have been set. `max_new_tokens` will take precedence. Please refer to the documentation for more information. (https://huggingface.co/docs/transformers/main/en/main_classes/text_generation)
[transformers] Both `max_new_tokens` (=64) and `max_length`(=512) seem to have been set. `max_new_tokens` will take precedence. Please refer to the documentation for more information. (https://huggingface.co/docs/transformers/main/en/main_classes/text_generation)
[transformers] Both `max_new_tokens` (=64) and `max_length`(=512) seem to have been set. `max_new_tokens` will take precedence. Please refer to the documentation for more information. (https://huggingface.co/docs/transformers/main/en/main_classes/text_generation)
[transformers] Both `max_new_tokens` (=64) and `max_length`(=512) seem to have been set. `max_new_tokens` will take precedence. Please refer to the documentation for more information. (https://huggingface.co/docs/transformers/main/en/main_classes/text_generation)
[proxychains] Strict chain  ...  192.168.1.101:10809  ...  huggingface.co:443  ...  OK
[proxychains] Strict chain  ...  192.168.1.101:10809  ...  huggingface.co:443  ...  OK
Loading weights:   0%|          | 0/258 [00:00<?, ?it/s]Loading weights: 100%|██████████| 258/258 [00:00<00:00, 4591.82it/s]
[proxychains] Strict chain  ...  192.168.1.101:10809  ...  huggingface.co:443  ...  OK
[transformers] Both `max_new_tokens` (=64) and `max_length`(=512) seem to have been set. `max_new_tokens` will take precedence. Please refer to the documentation for more information. (https://huggingface.co/docs/transformers/main/en/main_classes/text_generation)
[transformers] Both `max_new_tokens` (=64) and `max_length`(=512) seem to have been set. `max_new_tokens` will take precedence. Please refer to the documentation for more information. (https://huggingface.co/docs/transformers/main/en/main_classes/text_generation)
{"arm": "gold", "step": 128, "train_loss": 3.0818145275115967, "valid_nll": 3.0208658490862166, "elapsed_sec": 25.875473737716675}
Exception in thread Thread-auto_conversion:
Traceback (most recent call last):
  File "/usr/local/lib/python3.10/dist-packages/httpx/_transports/default.py", line 101, in map_httpcore_exceptions
    yield
  File "/usr/local/lib/python3.10/dist-packages/httpx/_transports/default.py", line 127, in __iter__
    for part in self._httpcore_stream:
  File "/usr/local/lib/python3.10/dist-packages/httpcore/_sync/connection_pool.py", line 407, in __iter__
    raise exc from None
  File "/usr/local/lib/python3.10/dist-packages/httpcore/_sync/connection_pool.py", line 403, in __iter__
    for part in self._stream:
  File "/usr/local/lib/python3.10/dist-packages/httpcore/_sync/http11.py", line 342, in __iter__
    raise exc
  File "/usr/local/lib/python3.10/dist-packages/httpcore/_sync/http11.py", line 334, in __iter__
    for chunk in self._connection._receive_response_body(**kwargs):
  File "/usr/local/lib/python3.10/dist-packages/httpcore/_sync/http11.py", line 203, in _receive_response_body
    event = self._receive_event(timeout=timeout)
  File "/usr/local/lib/python3.10/dist-packages/httpcore/_sync/http11.py", line 213, in _receive_event
    with map_exceptions({h11.RemoteProtocolError: RemoteProtocolError}):
  File "/usr/lib/python3.10/contextlib.py", line 153, in __exit__
    self.gen.throw(typ, value, traceback)
  File "/usr/local/lib/python3.10/dist-packages/httpcore/_exceptions.py", line 14, in map_exceptions
    raise to_exc(exc) from exc
httpcore.RemoteProtocolError: peer closed connection without sending complete message body (received 3713173 bytes, expected 312062580)

The above exception was the direct cause of the following exception:

Traceback (most recent call last):
  File "/usr/lib/python3.10/threading.py", line 1016, in _bootstrap_inner
    self.run()
  File "/usr/lib/python3.10/threading.py", line 953, in run
    self._target(*self._args, **self._kwargs)
  File "/usr/local/lib/python3.10/dist-packages/transformers/safetensors_conversion.py", line 117, in auto_conversion
    raise e
  File "/usr/local/lib/python3.10/dist-packages/transformers/safetensors_conversion.py", line 113, in auto_conversion
    resolved_archive_file = cached_file(pretrained_model_name_or_path, filename, **cached_file_kwargs)
  File "/usr/local/lib/python3.10/dist-packages/transformers/utils/hub.py", line 278, in cached_file
    file = cached_files(path_or_repo_id=path_or_repo_id, filenames=[filename], **kwargs)
  File "/usr/local/lib/python3.10/dist-packages/transformers/utils/hub.py", line 512, in cached_files
    raise e
  File "/usr/local/lib/python3.10/dist-packages/transformers/utils/hub.py", line 422, in cached_files
    hf_hub_download(
  File "/usr/local/lib/python3.10/dist-packages/huggingface_hub/utils/_validators.py", line 88, in _inner_fn
    return fn(*args, **kwargs)
  File "/usr/local/lib/python3.10/dist-packages/huggingface_hub/file_download.py", line 1010, in hf_hub_download
    return _hf_hub_download_to_cache_dir(
  File "/usr/local/lib/python3.10/dist-packages/huggingface_hub/file_download.py", line 1229, in _hf_hub_download_to_cache_dir
    _download_to_tmp_and_move(
  File "/usr/local/lib/python3.10/dist-packages/huggingface_hub/file_download.py", line 1872, in _download_to_tmp_and_move
    http_get(
  File "/usr/local/lib/python3.10/dist-packages/huggingface_hub/utils/_validators.py", line 88, in _inner_fn
    return fn(*args, **kwargs)
  File "/usr/local/lib/python3.10/dist-packages/huggingface_hub/file_download.py", line 432, in http_get
    for chunk in response.iter_bytes(chunk_size=constants.DOWNLOAD_CHUNK_SIZE):
  File "/usr/local/lib/python3.10/dist-packages/httpx/_models.py", line 897, in iter_bytes
    for raw_bytes in self.iter_raw():
  File "/usr/local/lib/python3.10/dist-packages/httpx/_models.py", line 951, in iter_raw
    for raw_stream_bytes in self.stream:
  File "/usr/local/lib/python3.10/dist-packages/httpx/_client.py", line 153, in __iter__
    for chunk in self._stream:
  File "/usr/local/lib/python3.10/dist-packages/httpx/_transports/default.py", line 126, in __iter__
    with map_httpcore_exceptions():
  File "/usr/lib/python3.10/contextlib.py", line 153, in __exit__
    self.gen.throw(typ, value, traceback)
  File "/usr/local/lib/python3.10/dist-packages/httpx/_transports/default.py", line 118, in map_httpcore_exceptions
    raise mapped_exc(message) from exc
httpx.RemoteProtocolError: peer closed connection without sending complete message body (received 3713173 bytes, expected 312062580)
{"arm": "top1", "step": 128, "train_loss": 3.56317400932312, "valid_nll": 3.0585720951395823, "elapsed_sec": 28.129436016082764}
[proxychains] Strict chain  ...  192.168.1.101:10809  ...  us.aws.cdn.hf.co:443  ...  OK
{"arm": "topk", "step": 128, "train_loss": 3.5536086559295654, "valid_nll": 3.060751606647233, "elapsed_sec": 29.694591522216797}
{"arm": "shuffled", "step": 128, "train_loss": 3.5519344806671143, "valid_nll": 3.061148191753187, "elapsed_sec": 30.190448999404907}
{"status": "smoke_teacher_distillation_not_supported_under_recipe", "teacher_test": {"rows": 128, "mean_top1_weight": 0.26068283384665847, "mean_probability_entropy_nats": 1.3852960298927017, "mean_top1_top2_gap": 0.007378350594080985, "mean_unique_candidates": 3.921875, "all_candidates_identical_fraction": 0.0, "top1_token_bleu4": 13.454605397927482}, "metrics": {"gold": {"nll": 3.102359943116026, "bleu4": 15.22822787460325}, "top1": {"nll": 3.1378071773046696, "bleu4": 15.36931391659589}, "topk": {"nll": 3.1363252018711645, "bleu4": 15.550823592940617}, "shuffled": {"nll": 3.136442522806059, "bleu4": 15.514553229350788}}, "gates": {"U1_topk_nll_beats_top1_by_0_02": false, "U2_topk_bleu_beats_top1_by_0_20": false, "U3_topk_nll_beats_shuffled_by_0_02": false, "D1_top1_improves_gold": false, "D2_generation_valid": true, "S1_encoder_gradient": true, "S2_encoder_changed": true, "S3_topk_detail_damage": true, "S4_topk_depth_floor": true}}
