=== taskd run 498 2026-09-16T11:27:03Z ===
=== cwd=/home/nio/log/holds/SameTime ===
=== cmd=["bash", "-lc", "python3 ara/s1-echo/src/s1_root_unfold_token_embedding.py --experiment P-S1-ROOT-UNFOLD-EMBED08-SCALE --evidence-dir ara/s1-echo/evidence/s1_root_unfold_token_embedding/scale_100k_v256_d4_seed19501 --max-scan-lines 100000 --target-vocab 256 --context-vocab 512 --depth 4 --train-steps 240 --device cuda"] ===
{
  "claim": "S1-ROOT-UNFOLD-EMBED-C01",
  "experiment": "P-S1-ROOT-UNFOLD-EMBED08-SCALE",
  "config": {
    "claim": "S1-ROOT-UNFOLD-EMBED-C01",
    "experiment": "P-S1-ROOT-UNFOLD-EMBED08-SCALE",
    "data": "/home/nio/datasets/wmt_massive/train.massive.zh-en.tsv",
    "spm_model": "/home/nio/datasets/wmt_massive/sp_bpe_massive.model",
    "evidence_dir": "ara/s1-echo/evidence/s1_root_unfold_token_embedding/scale_100k_v256_d4_seed19501",
    "max_scan_lines": 100000,
    "target_vocab": 256,
    "context_vocab": 512,
    "window": 4,
    "max_sentence_tokens": 96,
    "test_mod": 10,
    "depth": 4,
    "split_iterations": 30,
    "alpha": 0.1,
    "train_steps": 240,
    "learning_rate": 0.01,
    "temperature": 0.5,
    "decoder_blend": 0.5,
    "balance_weight": 0.1,
    "neighbor_k": 3,
    "inspect_pieces": "\u2581push,\u2581bank,\u2581like,\u2581want",
    "seed": 19501,
    "device": "cuda"
  },
  "corpus": {
    "train_lines": 90000,
    "test_lines": 10000,
    "train_pairs": 2446726,
    "test_pairs": 270331,
    "valid_lines": 100000,
    "token_total": 2142531,
    "scan_sha256": "ee465537b3826e9106d9f8fba3fe947081e70bbbb3b57c02064dd727719c9aae",
    "forced_inspection_pieces": [
      "\u2581push",
      "\u2581bank"
    ]
  },
  "architecture_audit": {
    "root_input": 1.0,
    "level_widths": [
      1,
      2,
      4,
      8,
      16
    ],
    "final_embedding_width": 16,
    "direct_token_leaf_parameter": false,
    "trainable_token_lookup": false,
    "token_condition": "fixed sqrt(P_train(context|token))",
    "unfold_level_mass_ranges": [
      {
        "level": 0,
        "min_sum": 1.0,
        "max_sum": 1.0
      },
      {
        "level": 1,
        "min_sum": 1.0,
        "max_sum": 1.0
      },
      {
        "level": 2,
        "min_sum": 0.9999999403953552,
        "max_sum": 1.0000001192092896
      },
      {
        "level": 3,
        "min_sum": 0.9999998807907104,
        "max_sum": 1.0000001192092896
      },
      {
        "level": 4,
        "min_sum": 0.9999998211860657,
        "max_sum": 1.0000001192092896
      }
    ]
  },
  "controls": {
    "global_context_heldout_nll": 5.020036409405592,
    "balanced_random_topology": {
      "heldout_neighbor_lcp": 0.9401041666666666,
      "random_pair_lcp": 0.90625,
      "lcp_gain": 0.03385416666666663
    },
    "semantic_initializer_heldout_nll": 4.859005619905097
  },
  "arms": {
    "local_argmax": {
      "name": "local_argmax",
      "selector": "argmax",
      "initial_train_context_nll": 4.900099277496338,
      "final_train_context_nll": 4.854024410247803,
      "train_nll_decrease": 0.046074867248535156,
      "initial_objective": 4.900722980499268,
      "final_objective": 4.854170799255371,
      "initial_gate_gradient_l2": 0.01352372020483017,
      "initial_decoder_gradient_l2": 0.009135053493082523,
      "gate_parameter_delta_l2": 32.9505729675293,
      "finite_gradients": true,
      "trainable_token_parameter_count": 0,
      "trainable_gate_parameter_count": 7695,
      "trainable_decoder_parameter_count": 8192,
      "initial": {
        "heldout_nll": 4.90671711072626,
        "shuffled_observation_nll": 5.098386931003368,
        "input_causal_nll_delta": 0.19166982027710855,
        "route_agreement_after_shuffle": 0.046875,
        "route_js_after_shuffle": 0.00752560980618,
        "root_mass_min": 1.0,
        "root_mass_max": 1.0,
        "unfold_conservation_max_abs": 1.1920928955078125e-07,
        "route_vector_variance": 0.00012654659803956747,
        "mean_top1_route_mass": 0.08475258201360703,
        "normalized_route_entropy": 0.9933143258094788,
        "leaf_utilization": 1.0,
        "leaf_entropy": 0.9955151093574764,
        "leaf_count_min": 12,
        "leaf_count_max": 24,
        "heldout_neighbor_lcp": 2.0859375,
        "random_pair_lcp": 0.9114583333333333,
        "lcp_gain": 1.1744791666666667
      },
      "final": {
        "heldout_nll": 4.862409957198416,
        "shuffled_observation_nll": 5.294879777068361,
        "input_causal_nll_delta": 0.4324698198699446,
        "route_agreement_after_shuffle": 0.05859375,
        "route_js_after_shuffle": 0.3520823121070862,
        "root_mass_min": 1.0,
        "root_mass_max": 1.0,
        "unfold_conservation_max_abs": 1.1920928955078125e-07,
        "route_vector_variance": 0.01220233365893364,
        "mean_top1_route_mass": 0.3673316240310669,
        "normalized_route_entropy": 0.6693617701530457,
        "leaf_utilization": 1.0,
        "leaf_entropy": 0.9942909950979085,
        "leaf_count_min": 12,
        "leaf_count_max": 21,
        "heldout_neighbor_lcp": 2.0221354166666665,
        "random_pair_lcp": 0.9296875,
        "lcp_gain": 1.0924479166666665
      }
    },
    "capacity_selected": {
      "name": "capacity_selected",
      "selector": "exact_capacity",
      "initial_train_context_nll": 4.890808582305908,
      "final_train_context_nll": 4.863601207733154,
      "train_nll_decrease": 0.027207374572753906,
      "initial_objective": 4.891432285308838,
      "final_objective": 4.863713264465332,
      "initial_gate_gradient_l2": 0.010636446066200733,
      "initial_decoder_gradient_l2": 0.008672717958688736,
      "gate_parameter_delta_l2": 38.798160552978516,
      "finite_gradients": true,
      "trainable_token_parameter_count": 0,
      "trainable_gate_parameter_count": 7695,
      "trainable_decoder_parameter_count": 8192,
      "initial": {
        "heldout_nll": 4.897552123834232,
        "shuffled_observation_nll": 5.0979577365827,
        "input_causal_nll_delta": 0.2004056127484679,
        "route_agreement_after_shuffle": 0.0390625,
        "route_js_after_shuffle": 0.00752560980618,
        "root_mass_min": 1.0,
        "root_mass_max": 1.0,
        "unfold_conservation_max_abs": 1.1920928955078125e-07,
        "route_vector_variance": 0.00012654659803956747,
        "mean_top1_route_mass": 0.08475258201360703,
        "normalized_route_entropy": 0.9933143258094788,
        "leaf_utilization": 1.0,
        "leaf_entropy": 1.0,
        "leaf_count_min": 16,
        "leaf_count_max": 16,
        "heldout_neighbor_lcp": 2.005208333333333,
        "random_pair_lcp": 0.9205729166666666,
        "lcp_gain": 1.0846354166666665
      },
      "final": {
        "heldout_nll": 4.872339040377145,
        "shuffled_observation_nll": 5.293773130231094,
        "input_causal_nll_delta": 0.4214340898539488,
        "route_agreement_after_shuffle": 0.04296875,
        "route_js_after_shuffle": 0.3979491889476776,
        "root_mass_min": 1.0,
        "root_mass_max": 1.0,
        "unfold_conservation_max_abs": 1.7881393432617188e-07,
        "route_vector_variance": 0.014384320005774498,
        "mean_top1_route_mass": 0.40271514654159546,
        "normalized_route_entropy": 0.6168012619018555,
        "leaf_utilization": 1.0,
        "leaf_entropy": 1.0,
        "leaf_count_min": 16,
        "leaf_count_max": 16,
        "heldout_neighbor_lcp": 2.0611979166666665,
        "random_pair_lcp": 0.9231770833333333,
        "lcp_gain": 1.1380208333333333
      }
    }
  },
  "examples": [
    {
      "piece": "\u2581push",
      "root": 1.0,
      "initial_leaf_values": [
        0.0572093,
        0.0413229,
        0.0708578,
        0.066144,
        0.0700143,
        0.0754493,
        0.0653524,
        0.0674228,
        0.0653297,
        0.0662465,
        0.0602312,
        0.066789,
        0.0562084,
        0.0601767,
        0.0582715,
        0.0529741
      ],
      "final_leaf_values": [
        0.0101005,
        0.0026503,
        0.1700694,
        0.042299,
        0.2294857,
        0.2936626,
        0.0326314,
        0.0527469,
        0.0758334,
        0.0310074,
        0.0134267,
        0.0294938,
        0.0019139,
        0.0104558,
        0.0034395,
        0.0007838
      ],
      "selected_leaf": 5
    },
    {
      "piece": "\u2581bank",
      "root": 1.0,
      "initial_leaf_values": [
        0.0557739,
        0.0400786,
        0.0696301,
        0.0670386,
        0.0723728,
        0.0714797,
        0.0735669,
        0.0673465,
        0.0657166,
        0.0669326,
        0.0586124,
        0.0659232,
        0.0561419,
        0.0615695,
        0.055729,
        0.0520878
      ],
      "final_leaf_values": [
        0.0050599,
        0.0010813,
        0.0681747,
        0.0490876,
        0.3198004,
        0.1223014,
        0.1874701,
        0.0656957,
        0.0722298,
        0.0424742,
        0.0032651,
        0.0215482,
        0.0123132,
        0.0237499,
        0.0043431,
        0.0014056
      ],
      "selected_leaf": 4
    },
    {
      "piece": "\u2581like",
      "root": 1.0,
      "initial_leaf_values": [
        0.0454331,
        0.0352934,
        0.06114,
        0.0585363,
        0.0652381,
        0.0593263,
        0.0578572,
        0.0576612,
        0.0642766,
        0.064882,
        0.0685992,
        0.0672533,
        0.0729119,
        0.0702476,
        0.0737355,
        0.0776084
      ],
      "final_leaf_values": [
        9.73e-05,
        4.35e-05,
        0.0036048,
        0.0068483,
        0.0144516,
        0.0220733,
        0.0051634,
        0.0106295,
        0.0172291,
        0.0574464,
        0.1186157,
        0.0955536,
        0.0676632,
        0.0714337,
        0.2259196,
        0.2832271
      ],
      "selected_leaf": 15
    },
    {
      "piece": "\u2581want",
      "root": 1.0,
      "initial_leaf_values": [
        0.041135,
        0.0374083,
        0.0507971,
        0.0600672,
        0.0555905,
        0.0497871,
        0.0581768,
        0.0584341,
        0.0602063,
        0.0598976,
        0.0653881,
        0.0619732,
        0.0958142,
        0.0783085,
        0.0755472,
        0.0914688
      ],
      "final_leaf_values": [
        8.4e-06,
        5.6e-06,
        6.93e-05,
        0.0009704,
        0.0006497,
        0.0011379,
        0.0023069,
        0.0039455,
        0.0008153,
        0.0013228,
        0.005806,
        0.0051837,
        0.1348033,
        0.0108797,
        0.0262732,
        0.8058221
      ],
      "selected_leaf": 15
    },
    {
      "piece": "\u2581the",
      "root": 1.0,
      "initial_leaf_values": [
        0.0518183,
        0.0343712,
        0.0680563,
        0.0624246,
        0.0718109,
        0.0711471,
        0.0663254,
        0.0674631,
        0.071264,
        0.069141,
        0.0625743,
        0.0682926,
        0.0559644,
        0.0638031,
        0.0608244,
        0.0547192
      ],
      "final_leaf_values": [
        0.0010013,
        0.000181,
        0.0449695,
        0.0354276,
        0.1412513,
        0.1522885,
        0.0827719,
        0.059461,
        0.3284404,
        0.0290886,
        0.0207066,
        0.054302,
        0.0088706,
        0.0301932,
        0.0091978,
        0.0018488
      ],
      "selected_leaf": 8
    },
    {
      "piece": "\u2581and",
      "root": 1.0,
      "initial_leaf_values": [
        0.0532487,
        0.0350655,
        0.0695853,
        0.0645608,
        0.0722767,
        0.0703546,
        0.0651861,
        0.0670102,
        0.0670532,
        0.0675808,
        0.0624096,
        0.0676163,
        0.056804,
        0.0633474,
        0.0620701,
        0.0558307
      ],
      "final_leaf_values": [
        0.0017007,
        0.0002154,
        0.0564149,
        0.0943138,
        0.0608105,
        0.4748497,
        0.0360274,
        0.096111,
        0.0683916,
        0.0360705,
        0.0123412,
        0.0360414,
        0.00373,
        0.0155329,
        0.0062042,
        0.0012449
      ],
      "selected_leaf": 5
    },
    {
      "piece": "\u2581of",
      "root": 1.0,
      "initial_leaf_values": [
        0.0545655,
        0.037758,
        0.0716751,
        0.0658825,
        0.0776373,
        0.0736641,
        0.0676755,
        0.0656732,
        0.0653379,
        0.0683904,
        0.0598731,
        0.0687181,
        0.0538082,
        0.0611478,
        0.0567395,
        0.0514537
      ],
      "final_leaf_values": [
        0.0028736,
        0.0004908,
        0.0559348,
        0.0143235,
        0.7359475,
        0.0581094,
        0.0365554,
        0.0150381,
        0.051323,
        0.0106319,
        0.0018562,
        0.0107581,
        0.0006594,
        0.0043102,
        0.0010118,
        0.0001762
      ],
      "selected_leaf": 4
    },
    {
      "piece": "\u2581to",
      "root": 1.0,
      "initial_leaf_values": [
        0.0456406,
        0.0328914,
        0.0612816,
        0.0621101,
        0.0707031,
        0.0641698,
        0.0650276,
        0.0646693,
        0.0667105,
        0.0679337,
        0.0628352,
        0.0685861,
        0.066101,
        0.0713902,
        0.0662134,
        0.0637363
      ],
      "final_leaf_values": [
        0.0005408,
        0.0001178,
        0.0132731,
        0.0637966,
        0.049748,
        0.1490314,
        0.0913009,
        0.1191466,
        0.0573891,
        0.0258599,
        0.0149422,
        0.0603445,
        0.1074979,
        0.1726201,
        0.0404759,
        0.033915
      ],
      "selected_leaf": 13
    },
    {
      "piece": "\u2581in",
      "root": 1.0,
      "initial_leaf_values": [
        0.0555609,
        0.0363692,
        0.0709859,
        0.0656078,
        0.0765029,
        0.0710198,
        0.0647924,
        0.0660229,
        0.0661716,
        0.0681496,
        0.0606714,
        0.06781,
        0.0555442,
        0.0618849,
        0.0590926,
        0.053814
      ],
      "final_leaf_values": [
        0.0064249,
        0.0006239,
        0.1454143,
        0.1544649,
        0.2527577,
        0.2368123,
        0.0214039,
        0.0511909,
        0.0494745,
        0.0242356,
        0.0129292,
        0.0286961,
        0.0019704,
        0.010066,
        0.002911,
        0.0006245
      ],
      "selected_leaf": 4
    },
    {
      "piece": "\u2581is",
      "root": 1.0,
      "initial_leaf_values": [
        0.054404,
        0.0379453,
        0.0692621,
        0.0644544,
        0.0750818,
        0.0695694,
        0.06301,
        0.0632003,
        0.0655749,
        0.0676355,
        0.062409,
        0.0676076,
        0.0572344,
        0.06593,
        0.060772,
        0.0559094
      ],
      "final_leaf_values": [
        0.0015795,
        0.0002683,
        0.0380666,
        0.0154358,
        0.25151,
        0.0261027,
        0.0152425,
        0.0221851,
        0.085435,
        0.1447155,
        0.2576415,
        0.0278513,
        0.0358305,
        0.0470068,
        0.019894,
        0.0112351
      ],
      "selected_leaf": 10
    }
  ],
  "gates": {
    "unit_root_mass": true,
    "unfold_mass_conservation": true,
    "no_trainable_token_parameters": true,
    "finite_gradients": true,
    "shared_gates_receive_gradient": true,
    "shared_gates_changed": true,
    "train_nll_decrease_ge_0_01": true,
    "exact_hard_capacity": true,
    "heldout_beats_global_by_0_05": true,
    "heldout_retains_frozen_unfold": true,
    "input_causality_delta_ge_0_02": true,
    "topology_beats_balanced_random": true,
    "derived_embeddings_vary": true
  },
  "smoke_pass": true,
  "elapsed_seconds": 25.060071229934692
}
=== status=done exit=0 elapsed=26.8s 2026-09-16T11:27:30Z ===
