{"shard": 0, "rows": 100000, "total_blocks": 100000}
{"shard": 1, "rows": 100000, "total_blocks": 200000}
{"shard": 2, "rows": 100000, "total_blocks": 300000}
{"shard": 3, "rows": 100000, "total_blocks": 400000}
{"shard": 4, "rows": 100000, "total_blocks": 500000}
{"shard": 5, "rows": 100000, "total_blocks": 600000}
{"shard": 6, "rows": 100000, "total_blocks": 700000}
{"shard": 7, "rows": 100000, "total_blocks": 800000}
{"shard": 8, "rows": 100000, "total_blocks": 900000}
{"shard": 9, "rows": 100000, "total_blocks": 1000000}
{"shard": 10, "rows": 100000, "total_blocks": 1100000}
{"shard": 11, "rows": 100000, "total_blocks": 1200000}
{"shard": 12, "rows": 100000, "total_blocks": 1300000}
{"shard": 13, "rows": 100000, "total_blocks": 1400000}
{"shard": 14, "rows": 100000, "total_blocks": 1500000}
{"shard": 15, "rows": 100000, "total_blocks": 1600000}
{"shard": 16, "rows": 100000, "total_blocks": 1700000}
{"shard": 17, "rows": 100000, "total_blocks": 1800000}
{"shard": 18, "rows": 100000, "total_blocks": 1900000}
{"shard": 19, "rows": 100000, "total_blocks": 2000000}
{"shard": 20, "rows": 100000, "total_blocks": 2100000}
{"shard": 21, "rows": 100000, "total_blocks": 2200000}
{"shard": 22, "rows": 100000, "total_blocks": 2300000}
{"shard": 23, "rows": 100000, "total_blocks": 2400000}
{"shard": 24, "rows": 100000, "total_blocks": 2500000}
{"shard": 25, "rows": 100000, "total_blocks": 2600000}
{"shard": 26, "rows": 100000, "total_blocks": 2700000}
{"shard": 27, "rows": 100000, "total_blocks": 2800000}
{"shard": 28, "rows": 100000, "total_blocks": 2900000}
{"shard": 29, "rows": 100000, "total_blocks": 3000000}
{"shard": 30, "rows": 100000, "total_blocks": 3100000}
{"shard": 31, "rows": 100000, "total_blocks": 3200000}
{"shard": 32, "rows": 100000, "total_blocks": 3300000}
{"shard": 33, "rows": 100000, "total_blocks": 3400000}
{"shard": 34, "rows": 100000, "total_blocks": 3500000}
{"shard": 35, "rows": 100000, "total_blocks": 3600000}
{"shard": 36, "rows": 100000, "total_blocks": 3700000}
{"shard": 37, "rows": 100000, "total_blocks": 3800000}
{"shard": 38, "rows": 100000, "total_blocks": 3900000}
{"shard": 39, "rows": 100000, "total_blocks": 4000000}
{"shard": 40, "rows": 100000, "total_blocks": 4100000}
{"shard": 41, "rows": 100000, "total_blocks": 4200000}
{"shard": 42, "rows": 100000, "total_blocks": 4300000}
{"shard": 43, "rows": 100000, "total_blocks": 4400000}
{"shard": 44, "rows": 100000, "total_blocks": 4500000}
{"shard": 45, "rows": 100000, "total_blocks": 4600000}
{"shard": 46, "rows": 100000, "total_blocks": 4700000}
{"shard": 47, "rows": 100000, "total_blocks": 4800000}
{"shard": 48, "rows": 100000, "total_blocks": 4900000}
{"shard": 49, "rows": 100000, "total_blocks": 5000000}
{"shard": 50, "rows": 100000, "total_blocks": 5100000}
{"shard": 51, "rows": 100000, "total_blocks": 5200000}
{"shard": 52, "rows": 100000, "total_blocks": 5300000}
{"shard": 53, "rows": 100000, "total_blocks": 5400000}
{"shard": 54, "rows": 100000, "total_blocks": 5500000}
{"shard": 55, "rows": 100000, "total_blocks": 5600000}
{"shard": 56, "rows": 100000, "total_blocks": 5700000}
{"shard": 57, "rows": 100000, "total_blocks": 5800000}
{"shard": 58, "rows": 100000, "total_blocks": 5900000}
{"shard": 59, "rows": 100000, "total_blocks": 6000000}
{"shard": 60, "rows": 100000, "total_blocks": 6100000}
{"shard": 61, "rows": 100000, "total_blocks": 6200000}
{"shard": 62, "rows": 100000, "total_blocks": 6300000}
{"shard": 63, "rows": 100000, "total_blocks": 6400000}
{"shard": 64, "rows": 100000, "total_blocks": 6500000}
{"shard": 65, "rows": 100000, "total_blocks": 6600000}
{"shard": 66, "rows": 100000, "total_blocks": 6700000}
{"shard": 67, "rows": 100000, "total_blocks": 6800000}
{"shard": 68, "rows": 100000, "total_blocks": 6900000}
{"shard": 69, "rows": 100000, "total_blocks": 7000000}
{"shard": 70, "rows": 100000, "total_blocks": 7100000}
{"shard": 71, "rows": 100000, "total_blocks": 7200000}
{"shard": 72, "rows": 100000, "total_blocks": 7300000}
{"shard": 73, "rows": 100000, "total_blocks": 7400000}
{"shard": 74, "rows": 100000, "total_blocks": 7500000}
{"shard": 75, "rows": 100000, "total_blocks": 7600000}
{"shard": 76, "rows": 100000, "total_blocks": 7700000}
{"shard": 77, "rows": 100000, "total_blocks": 7800000}
{"shard": 78, "rows": 100000, "total_blocks": 7900000}
{"shard": 79, "rows": 100000, "total_blocks": 8000000}
{"shard": 80, "rows": 100000, "total_blocks": 8100000}
{"shard": 81, "rows": 100000, "total_blocks": 8200000}
{"shard": 82, "rows": 100000, "total_blocks": 8300000}
{"shard": 83, "rows": 100000, "total_blocks": 8400000}
{"shard": 84, "rows": 100000, "total_blocks": 8500000}
{"shard": 85, "rows": 100000, "total_blocks": 8600000}
{"shard": 86, "rows": 100000, "total_blocks": 8700000}
{"shard": 87, "rows": 100000, "total_blocks": 8800000}
{"shard": 88, "rows": 100000, "total_blocks": 8900000}
{"shard": 89, "rows": 100000, "total_blocks": 9000000}
{"shard": 90, "rows": 100000, "total_blocks": 9100000}
{"shard": 91, "rows": 100000, "total_blocks": 9200000}
{"shard": 92, "rows": 100000, "total_blocks": 9300000}
{"shard": 93, "rows": 100000, "total_blocks": 9400000}
{"shard": 94, "rows": 100000, "total_blocks": 9500000}
{"shard": 95, "rows": 100000, "total_blocks": 9600000}
{"shard": 96, "rows": 100000, "total_blocks": 9700000}
{"shard": 97, "rows": 100000, "total_blocks": 9800000}
{"shard": 98, "rows": 100000, "total_blocks": 9900000}
{"shard": 99, "rows": 100000, "total_blocks": 10000000}
{"shard": 100, "rows": 100000, "total_blocks": 10100000}
{"shard": 101, "rows": 100000, "total_blocks": 10200000}
{"shard": 102, "rows": 100000, "total_blocks": 10300000}
{"shard": 103, "rows": 100000, "total_blocks": 10400000}
{"shard": 104, "rows": 100000, "total_blocks": 10500000}
{"shard": 105, "rows": 100000, "total_blocks": 10600000}
{"shard": 106, "rows": 100000, "total_blocks": 10700000}
{"shard": 107, "rows": 100000, "total_blocks": 10800000}
{"shard": 108, "rows": 100000, "total_blocks": 10900000}
{"shard": 109, "rows": 100000, "total_blocks": 11000000}
{"shard": 110, "rows": 16813, "total_blocks": 11016813}
{
  "complete_source_pass": true,
  "files": 1276,
  "blocks": 11016813,
  "tokens": 2820304204,
  "shards": 111,
  "elapsed_sec": 558.5953772068024
}
