=== taskd run 499 2026-09-16T12:50:49Z ===
=== cwd=/home/nio/log/holds/SameTime ===
=== cmd=["python3", "ara/s1-echo/src/s1_compact_content_treeheap_route_probe.py", "--samples", "400", "--vocab", "64", "--dim", "8", "--min-len", "3", "--max-len", "8", "--train-max-len", "6", "--max-queries-per-sentence", "2", "--epochs", "1", "--flat-epochs", "1", "--batch", "128", "--hidden", "32", "--embedding-steps", "3", "--vector-mode", "root_unfold", "--device", "cuda", "--out", "ara/s1-echo/evidence/s1_root_unfold_embedding_dependency_recheck/contract_compact"] ===
[2026-09-16 20:50:50] start samples=400 vocab=64 dim=8 max_len=8 epochs=1 vector_mode=root_unfold
[2026-09-16 20:50:51] build_compact_heap sec=0.00
[2026-09-16 20:50:51] complexity_estimate {"train_route_steps": 1280, "ood_route_steps": 672, "compact_memory_mb": 0.2568359375, "dense_prior_memory_mb": 6191.25, "memory_reduction_x_vs_dense_prior": 24105.855513307986, "batches_per_epoch": 10}
[2026-09-16 20:50:51] compact_epoch 1/1 loss=0.990379 step_acc=0.5406 epoch_sec=0.04 eta_min=0.0
{
  "pilot_pass": false,
  "pass_checks": {
    "compact_memory_under_512mb": true,
    "ood_route_exact_ge_0_99": false,
    "ood_step_acc_ge_0_99": false,
    "flat_length_matrix_fails_unseen_lengths": true
  },
  "complexity": {
    "train_route_steps": 1280,
    "ood_route_steps": 672,
    "compact_memory_mb": 0.2568359375,
    "dense_prior_memory_mb": 6191.25,
    "memory_reduction_x_vs_dense_prior": 24105.855513307986,
    "batches_per_epoch": 10
  },
  "ood": {
    "steps": 672,
    "routes": 168,
    "step_acc": 0.4330357313156128,
    "route_exact": 0.0
  },
  "flat_ood": {
    "token_acc": 0.061500612646341324,
    "exact": 0.0
  }
}
=== status=done exit=0 elapsed=3.0s 2026-09-16T12:50:52Z ===
