=== taskd run 503 2026-09-16T12:53:11Z ===
=== cwd=/home/nio/log/holds/SameTime ===
=== cmd=["python3", "ara/s1-echo/src/s1_th_embedding_fixed_point.py", "--pair-cache", "ara/s1-echo/evidence/s1_th_embedding_fixed_point/cache/smoke_20k_v1024.pt", "--max-scan-lines", "20000", "--vocab-size", "1024", "--max-sentence-tokens", "96", "--window", "4", "--test-mod", "10", "--train-pair-cap", "200000", "--test-pair-cap", "30000", "--dim", "32", "--depth", "6", "--rounds", "2", "--mix", "0.5", "--steps", "300", "--batch-size", "256", "--negatives", "4", "--lr", "0.002", "--score-scale", "5.0", "--eval-pairs", "10000", "--seed", "19301", "--device", "cuda", "--embedding-init", "random", "--evidence-dir", "ara/s1-echo/evidence/s1_root_unfold_embedding_dependency_recheck/fixedpoint_random_seed19301"] ===
{"step": 1, "baseline_loss": 1.609955906867981, "tree_loss": 1.6107889413833618, "tree_pair_loss": 1.6107889413833618, "route_info_loss": -2.339482307434082e-06, "elapsed_seconds": 0.3372330665588379}
{"step": 30, "baseline_loss": 1.4845435619354248, "tree_loss": 1.4834098815917969, "tree_pair_loss": 1.4834098815917969, "route_info_loss": -3.5862128697772278e-06, "elapsed_seconds": 1.1401002407073975}
{"step": 60, "baseline_loss": 1.449804425239563, "tree_loss": 1.4484803676605225, "tree_pair_loss": 1.4484803676605225, "route_info_loss": -4.4802827687817626e-06, "elapsed_seconds": 2.004732847213745}
{"step": 90, "baseline_loss": 1.5058715343475342, "tree_loss": 1.5039360523223877, "tree_pair_loss": 1.5039360523223877, "route_info_loss": -5.155801773071289e-06, "elapsed_seconds": 2.8664088249206543}
{"step": 120, "baseline_loss": 1.418041706085205, "tree_loss": 1.4169330596923828, "tree_pair_loss": 1.4169330596923828, "route_info_loss": -6.064772605895996e-06, "elapsed_seconds": 3.734703540802002}
{"step": 150, "baseline_loss": 1.4293992519378662, "tree_loss": 1.4359582662582397, "tree_pair_loss": 1.4359582662582397, "route_info_loss": -7.331371307373047e-06, "elapsed_seconds": 4.5920569896698}
{"step": 180, "baseline_loss": 1.4066932201385498, "tree_loss": 1.4098501205444336, "tree_pair_loss": 1.4098501205444336, "route_info_loss": -9.12447831069585e-06, "elapsed_seconds": 5.450389623641968}
{"step": 210, "baseline_loss": 1.354361891746521, "tree_loss": 1.3602887392044067, "tree_pair_loss": 1.3602887392044067, "route_info_loss": -1.0535120964050293e-05, "elapsed_seconds": 6.2983551025390625}
{"step": 240, "baseline_loss": 1.3812541961669922, "tree_loss": 1.3864436149597168, "tree_pair_loss": 1.3864436149597168, "route_info_loss": -1.2874603271484375e-05, "elapsed_seconds": 7.15762186050415}
{"step": 270, "baseline_loss": 1.3952810764312744, "tree_loss": 1.4002964496612549, "tree_pair_loss": 1.4002964496612549, "route_info_loss": -1.4603137969970703e-05, "elapsed_seconds": 8.024670124053955}
{"step": 300, "baseline_loss": 1.4047430753707886, "tree_loss": 1.4064850807189941, "tree_pair_loss": 1.4064850807189941, "route_info_loss": -1.570582389831543e-05, "elapsed_seconds": 8.886686563491821}
{
  "evaluation": {
    "pairs": 10000,
    "baseline_pair_accuracy": 0.6208999752998352,
    "tree_pair_accuracy": 0.6240999698638916,
    "baseline_margin": 0.09600860625505447,
    "tree_margin": 0.09719108790159225,
    "leaf_utilization": 0.546875,
    "occupancy_entropy": 0.6816020266483699,
    "positive_lcp": 1.5667999982833862,
    "negative_lcp": 1.4170000553131104,
    "lcp_margin": 0.14980000257492065,
    "round_flip_rate": [
      0.0673828125
    ]
  },
  "gradients": {
    "embedding": 2.421882390975952,
    "route_weight": 0.00021279729844536632,
    "route_bias": 0.00165803253185004,
    "node_value": 0.06555298715829849
  },
  "gates": {
    "all_gradients_finite_positive": true,
    "tree_pair_accuracy_gt_0_52": true,
    "positive_lcp_gt_negative_lcp": true,
    "leaf_utilization_gt_0_10": true,
    "occupancy_entropy_gt_0_50": true,
    "finite_losses": true
  },
  "smoke_pass": true
}
=== status=done exit=0 elapsed=11.3s 2026-09-16T12:53:22Z ===
