=== taskd run 446 2026-09-16T01:50:45Z ===
=== cwd=/home/nio/log/holds/SameTime ===
=== cmd=["python3", "ara/s1-echo/src/s1_annealed_fold_unfold_token_space.py", "--evidence-dir", "ara/s1-echo/evidence/s1_annealed_fold_unfold_token_space/formal_seed19001", "--seeds", "24", "--seed-start", "19001", "--train-observations", "1200", "--test-observations", "600", "--depth", "4", "--em-steps", "30", "--device", "cuda"] ===
seed=19001 mode=structured nll=2.784008 purity=1.0000 pair_f1=0.8021
seed=19001 mode=shuffled nll=8.559086 purity=0.3594 pair_f1=0.0590
seed=19001 mode=random_route nll=3.760017 purity=0.3438 pair_f1=0.0457
seed=19002 mode=structured nll=2.775825 purity=1.0000 pair_f1=0.7200
seed=19002 mode=shuffled nll=8.646384 purity=0.4062 pair_f1=0.0843
seed=19002 mode=random_route nll=3.680179 purity=0.4062 pair_f1=0.0950
seed=19003 mode=structured nll=2.768669 purity=1.0000 pair_f1=0.7089
seed=19003 mode=shuffled nll=8.777362 purity=0.3438 pair_f1=0.0363
seed=19003 mode=random_route nll=3.634372 purity=0.4219 pair_f1=0.1029
seed=19004 mode=structured nll=2.775251 purity=1.0000 pair_f1=0.7521
seed=19004 mode=shuffled nll=8.651467 purity=0.4375 pair_f1=0.0938
seed=19004 mode=random_route nll=3.738553 purity=0.3438 pair_f1=0.0755
seed=19005 mode=structured nll=2.786577 purity=1.0000 pair_f1=0.8117
seed=19005 mode=shuffled nll=8.657253 purity=0.4219 pair_f1=0.0800
seed=19005 mode=random_route nll=3.717435 purity=0.3750 pair_f1=0.0692
seed=19006 mode=structured nll=2.764712 purity=1.0000 pair_f1=0.6785
seed=19006 mode=shuffled nll=8.412280 purity=0.3906 pair_f1=0.0994
seed=19006 mode=random_route nll=3.673518 purity=0.3906 pair_f1=0.0889
seed=19007 mode=structured nll=2.782228 purity=1.0000 pair_f1=0.7521
seed=19007 mode=shuffled nll=8.801013 purity=0.3438 pair_f1=0.0414
seed=19007 mode=random_route nll=3.742468 purity=0.3750 pair_f1=0.0665
seed=19008 mode=structured nll=2.786957 purity=1.0000 pair_f1=0.7692
seed=19008 mode=shuffled nll=8.776943 purity=0.4844 pair_f1=0.1098
seed=19008 mode=random_route nll=3.754987 purity=0.3594 pair_f1=0.0669
seed=19009 mode=structured nll=2.776102 purity=1.0000 pair_f1=0.7658
seed=19009 mode=shuffled nll=8.650486 purity=0.3906 pair_f1=0.0661
seed=19009 mode=random_route nll=3.634667 purity=0.4219 pair_f1=0.0963
seed=19010 mode=structured nll=2.776256 purity=1.0000 pair_f1=0.7726
seed=19010 mode=shuffled nll=8.311458 purity=0.3750 pair_f1=0.0562
seed=19010 mode=random_route nll=3.526131 purity=0.4844 pair_f1=0.1690
seed=19011 mode=structured nll=2.766762 purity=1.0000 pair_f1=0.7451
seed=19011 mode=shuffled nll=8.841148 purity=0.3750 pair_f1=0.0612
seed=19011 mode=random_route nll=3.763114 purity=0.3594 pair_f1=0.0800
seed=19012 mode=structured nll=2.770208 purity=1.0000 pair_f1=0.7925
seed=19012 mode=shuffled nll=8.821220 purity=0.4062 pair_f1=0.0669
seed=19012 mode=random_route nll=3.727090 purity=0.3594 pair_f1=0.0573
seed=19013 mode=structured nll=2.777057 purity=1.0000 pair_f1=0.7892
seed=19013 mode=shuffled nll=8.666540 purity=0.4688 pair_f1=0.1223
seed=19013 mode=random_route nll=3.633675 purity=0.4062 pair_f1=0.0824
seed=19014 mode=structured nll=2.773411 purity=1.0000 pair_f1=0.6901
seed=19014 mode=shuffled nll=8.579706 purity=0.4375 pair_f1=0.1047
seed=19014 mode=random_route nll=3.634583 purity=0.4219 pair_f1=0.0875
seed=19015 mode=structured nll=2.773930 purity=1.0000 pair_f1=0.7345
seed=19015 mode=shuffled nll=8.401529 purity=0.4531 pair_f1=0.0851
seed=19015 mode=random_route nll=3.687718 purity=0.4062 pair_f1=0.0955
seed=19016 mode=structured nll=2.787205 purity=1.0000 pair_f1=0.8211
seed=19016 mode=shuffled nll=8.699342 purity=0.3750 pair_f1=0.0700
seed=19016 mode=random_route nll=3.657281 purity=0.3750 pair_f1=0.0710
seed=19017 mode=structured nll=2.778495 purity=1.0000 pair_f1=0.7658
seed=19017 mode=shuffled nll=8.506300 purity=0.4062 pair_f1=0.0774
seed=19017 mode=random_route nll=3.785435 purity=0.3125 pair_f1=0.0453
seed=19018 mode=structured nll=2.766384 purity=1.0000 pair_f1=0.7200
seed=19018 mode=shuffled nll=8.711138 purity=0.3906 pair_f1=0.0606
seed=19018 mode=random_route nll=3.634769 purity=0.4062 pair_f1=0.1076
seed=19019 mode=structured nll=2.780980 purity=1.0000 pair_f1=0.7957
seed=19019 mode=shuffled nll=8.912775 purity=0.3906 pair_f1=0.0619
seed=19019 mode=random_route nll=3.766861 purity=0.3438 pair_f1=0.0654
seed=19020 mode=structured nll=2.777024 purity=1.0000 pair_f1=0.7309
seed=19020 mode=shuffled nll=8.529315 purity=0.3906 pair_f1=0.0909
seed=19020 mode=random_route nll=3.613777 purity=0.4375 pair_f1=0.1274
seed=19021 mode=structured nll=2.765681 purity=1.0000 pair_f1=0.7014
seed=19021 mode=shuffled nll=8.700229 purity=0.4062 pair_f1=0.0714
seed=19021 mode=random_route nll=3.723254 purity=0.3750 pair_f1=0.0638
seed=19022 mode=structured nll=2.770701 purity=1.0000 pair_f1=0.6901
seed=19022 mode=shuffled nll=8.714047 purity=0.3438 pair_f1=0.0358
seed=19022 mode=random_route nll=3.602391 purity=0.4531 pair_f1=0.1056
seed=19023 mode=structured nll=2.763216 purity=1.0000 pair_f1=0.6667
seed=19023 mode=shuffled nll=8.709855 purity=0.3906 pair_f1=0.0610
seed=19023 mode=random_route nll=3.701058 purity=0.4062 pair_f1=0.0843
seed=19024 mode=structured nll=2.760163 purity=1.0000 pair_f1=0.6746
seed=19024 mode=shuffled nll=8.574698 purity=0.3906 pair_f1=0.0798
seed=19024 mode=random_route nll=3.733278 purity=0.3906 pair_f1=0.0907
{
  "by_mode": {
    "structured": {
      "heldout_context_nll": {
        "mean": 2.774491779467663,
        "std": 0.007615700064999563,
        "n": 24
      },
      "token_reference_nll": {
        "mean": 2.6288906452500607,
        "std": 0.0033577103881898824,
        "n": 24
      },
      "global_reference_nll": {
        "mean": 4.573053127315711,
        "std": 0.0034760241893316813,
        "n": 24
      },
      "cluster_purity": {
        "mean": 1.0,
        "std": 0.0,
        "n": 24
      },
      "pairwise_f1": {
        "mean": 0.7437718472820883,
        "std": 0.045125273540512274,
        "n": 24
      },
      "route_knn_top3": {
        "mean": 0.8901909722222222,
        "std": 0.020937060929153362,
        "n": 24
      },
      "leaf_utilization": {
        "mean": 0.9947916666666666,
        "std": 0.01727408744976771,
        "n": 24
      },
      "leaf_occupancy_entropy": {
        "mean": 0.9440723750360503,
        "std": 0.019311694275891227,
        "n": 24
      },
      "fold_conservation_max_abs": {
        "mean": 1.0177044392397268e-16,
        "std": 2.0687784610393942e-17,
        "n": 24
      },
      "route_stability": 0.7093644791975993
    },
    "shuffled": {
      "heldout_context_nll": {
        "mean": 8.650482264834162,
        "std": 0.14342710304683123,
        "n": 24
      },
      "token_reference_nll": {
        "mean": 2.6288906452500607,
        "std": 0.0033577103881898824,
        "n": 24
      },
      "global_reference_nll": {
        "mean": 4.573053127315711,
        "std": 0.0034760241893316813,
        "n": 24
      },
      "cluster_purity": {
        "mean": 0.3990885416666667,
        "std": 0.03635938022250834,
        "n": 24
      },
      "pairwise_f1": {
        "mean": 0.07396515732716684,
        "std": 0.02186381235683063,
        "n": 24
      },
      "route_knn_top3": {
        "mean": 0.11480034722222221,
        "std": 0.036068073938513356,
        "n": 24
      },
      "leaf_utilization": {
        "mean": 0.9973958333333334,
        "std": 0.012489144591960207,
        "n": 24
      },
      "leaf_occupancy_entropy": {
        "mean": 0.9760225917354713,
        "std": 0.01795151320968523,
        "n": 24
      },
      "fold_conservation_max_abs": {
        "mean": 5.2909066017292616e-17,
        "std": 1.0752020790942939e-17,
        "n": 24
      },
      "route_stability": 0.22962556158985395
    },
    "random_route": {
      "heldout_context_nll": {
        "mean": 3.688608807665263,
        "std": 0.06357817157785063,
        "n": 24
      },
      "token_reference_nll": {
        "mean": 2.6288906452500607,
        "std": 0.0033577103881898824,
        "n": 24
      },
      "global_reference_nll": {
        "mean": 4.573053127315711,
        "std": 0.0034760241893316813,
        "n": 24
      },
      "cluster_purity": {
        "mean": 0.390625,
        "std": 0.03853814736184568,
        "n": 24
      },
      "pairwise_f1": {
        "mean": 0.08497660056844249,
        "std": 0.026193224256165798,
        "n": 24
      },
      "route_knn_top3": {
        "mean": 0.11046006944444443,
        "std": 0.04313229520818169,
        "n": 24
      },
      "leaf_utilization": {
        "mean": 0.9713541666666666,
        "std": 0.031141304018493226,
        "n": 24
      },
      "leaf_occupancy_entropy": {
        "mean": 0.9471204127245257,
        "std": 0.015939283054282573,
        "n": 24
      },
      "fold_conservation_max_abs": {
        "mean": 0.0,
        "std": 0.0,
        "n": 24
      },
      "route_stability": 0.23684176949606098
    }
  },
  "gaps": {
    "purity_vs_shuffled": 0.6009114583333333,
    "purity_vs_random": 0.609375,
    "pairwise_f1_vs_shuffled": 0.6698066899549215,
    "nll_vs_shuffled": 5.875990485366499,
    "nll_vs_random": 0.9141170281975999,
    "stability_vs_shuffled": 0.47973891760774534
  },
  "gates": {
    "purity_vs_shuffled_ge_0_20": true,
    "purity_vs_random_ge_0_20": true,
    "pairwise_f1_vs_shuffled_ge_0_20": true,
    "nll_better_than_shuffled": true,
    "nll_better_than_random": true,
    "stability_better_than_shuffled": true,
    "leaf_utilization_ge_0_75": true,
    "occupancy_entropy_ge_0_80": true,
    "conservation_le_1e_6": true
  },
  "pilot_supported": true
}
=== status=done exit=0 elapsed=28.6s 2026-09-16T01:51:14Z ===
