=== taskd run 639 2026-09-30T14:07:14Z ===
=== cwd=/home/nio/log/holds/SameTime ===
=== cmd=["python3", "ara/s1-echo/src/s1_recursive_context_codec_dimension_ladder_a19.py", "--counts", "ara/s1-echo/evidence/s1_probability_residual_corpus_scale_a14/formal/counts/train_1000000/context_counts.pt", "--out", "ara/s1-echo/evidence/s1_recursive_context_codec_dimension_ladder_a19/smoke_seed20260930", "--dimensions", "2,4", "--epochs", "2", "--batch-size", "64", "--eval-epochs", "1,2", "--seed", "20260930"] ===
{"dimension": 2, "step": 0, "epoch": 0.0, "fit": {"nll": 6.931471824645996, "ppl": 1024.0, "row_top1": 0.333984375, "finite": true}, "dev": {"nll": 6.931471824645996, "ppl": 1024.0, "row_top1": 0.337890625, "finite": true}, "test": {"nll": 6.931472301483154, "ppl": 1024.0006103515625, "row_top1": 0.337890625, "finite": true}, "root": {"numerical_rank": 2, "entropy_effective_rank": 1.0000000000000586, "participation_rank": 1.000000000000004, "mean_offdiag_cosine": 0.2808219178082185}, "fold_levels": [{"nodes": 1024, "rms": 0.5984079754531987, "dimension_variance": 0.1578385624485661, "sample_variance": 0.1096500305481444}, {"nodes": 512, "rms": 0.9943782309787065, "dimension_variance": 0.4876287567628402, "sample_variance": 0.4149381117550175}, {"nodes": 256, "rms": 0.9999346353566687, "dimension_variance": 0.5237297491092978, "sample_variance": 0.4365878996937466}, {"nodes": 128, "rms": 0.9999799018203271, "dimension_variance": 0.5024072712444386, "sample_variance": 0.42330289677544963}, {"nodes": 64, "rms": 0.9999812624898508, "dimension_variance": 0.5274831525850958, "sample_variance": 0.4147481846336361}, {"nodes": 32, "rms": 0.9999804140332309, "dimension_variance": 0.5532982128823496, "sample_variance": 0.4071121760776711}, {"nodes": 16, "rms": 0.9999790061932493, "dimension_variance": 0.5964183925361576, "sample_variance": 0.39364564079306996}, {"nodes": 8, "rms": 0.9999729209865921, "dimension_variance": 0.42569459501949614, "sample_variance": 0.4031980057863629}, {"nodes": 4, "rms": 0.9999854242237745, "dimension_variance": 0.4945434569895062, "sample_variance": 0.47660629435440244}, {"nodes": 2, "rms": 0.9999839908577092, "dimension_variance": 0.535340618061128, "sample_variance": 0.5127233972885531}, {"nodes": 1, "rms": 0.9999831620200298, "dimension_variance": 0.7177363856600081, "sample_variance": 0.7177363856600081}]}
{"dimension": 2, "step": 8, "epoch": 1.0, "fit": {"nll": 6.931471824645996, "ppl": 1024.0, "row_top1": 0.333984375, "finite": true}, "dev": {"nll": 6.931471824645996, "ppl": 1024.0, "row_top1": 0.337890625, "finite": true}, "test": {"nll": 6.931472301483154, "ppl": 1024.0006103515625, "row_top1": 0.337890625, "finite": true}, "root": {"numerical_rank": 2, "entropy_effective_rank": 1.0000000000000586, "participation_rank": 1.000000000000004, "mean_offdiag_cosine": 0.2808219178082185}, "fold_levels": [{"nodes": 1024, "rms": 0.5984079754531987, "dimension_variance": 0.1578385624485661, "sample_variance": 0.1096500305481444}, {"nodes": 512, "rms": 0.9943782309787065, "dimension_variance": 0.4876287567628402, "sample_variance": 0.4149381117550175}, {"nodes": 256, "rms": 0.9999346353566687, "dimension_variance": 0.5237297491092978, "sample_variance": 0.4365878996937466}, {"nodes": 128, "rms": 0.9999799018203271, "dimension_variance": 0.5024072712444386, "sample_variance": 0.42330289677544963}, {"nodes": 64, "rms": 0.9999812624898508, "dimension_variance": 0.5274831525850958, "sample_variance": 0.4147481846336361}, {"nodes": 32, "rms": 0.9999804140332309, "dimension_variance": 0.5532982128823496, "sample_variance": 0.4071121760776711}, {"nodes": 16, "rms": 0.9999790061932493, "dimension_variance": 0.5964183925361576, "sample_variance": 0.39364564079306996}, {"nodes": 8, "rms": 0.9999729209865921, "dimension_variance": 0.42569459501949614, "sample_variance": 0.4031980057863629}, {"nodes": 4, "rms": 0.9999854242237745, "dimension_variance": 0.4945434569895062, "sample_variance": 0.47660629435440244}, {"nodes": 2, "rms": 0.9999839908577092, "dimension_variance": 0.535340618061128, "sample_variance": 0.5127233972885531}, {"nodes": 1, "rms": 0.9999831620200298, "dimension_variance": 0.7177363856600081, "sample_variance": 0.7177363856600081}]}
{"dimension": 2, "step": 16, "epoch": 2.0, "fit": {"nll": 6.931471824645996, "ppl": 1024.0, "row_top1": 0.333984375, "finite": true}, "dev": {"nll": 6.931471824645996, "ppl": 1024.0, "row_top1": 0.337890625, "finite": true}, "test": {"nll": 6.931472301483154, "ppl": 1024.0006103515625, "row_top1": 0.337890625, "finite": true}, "root": {"numerical_rank": 2, "entropy_effective_rank": 1.0000000000000586, "participation_rank": 1.000000000000004, "mean_offdiag_cosine": 0.2808219178082185}, "fold_levels": [{"nodes": 1024, "rms": 0.5984079754531987, "dimension_variance": 0.1578385624485661, "sample_variance": 0.1096500305481444}, {"nodes": 512, "rms": 0.9943782309787065, "dimension_variance": 0.4876287567628402, "sample_variance": 0.4149381117550175}, {"nodes": 256, "rms": 0.9999346353566687, "dimension_variance": 0.5237297491092978, "sample_variance": 0.4365878996937466}, {"nodes": 128, "rms": 0.9999799018203271, "dimension_variance": 0.5024072712444386, "sample_variance": 0.42330289677544963}, {"nodes": 64, "rms": 0.9999812624898508, "dimension_variance": 0.5274831525850958, "sample_variance": 0.4147481846336361}, {"nodes": 32, "rms": 0.9999804140332309, "dimension_variance": 0.5532982128823496, "sample_variance": 0.4071121760776711}, {"nodes": 16, "rms": 0.9999790061932493, "dimension_variance": 0.5964183925361576, "sample_variance": 0.39364564079306996}, {"nodes": 8, "rms": 0.9999729209865921, "dimension_variance": 0.42569459501949614, "sample_variance": 0.4031980057863629}, {"nodes": 4, "rms": 0.9999854242237745, "dimension_variance": 0.4945434569895062, "sample_variance": 0.47660629435440244}, {"nodes": 2, "rms": 0.9999839908577092, "dimension_variance": 0.535340618061128, "sample_variance": 0.5127233972885531}, {"nodes": 1, "rms": 0.9999831620200298, "dimension_variance": 0.7177363856600081, "sample_variance": 0.7177363856600081}]}
{"dimension": 4, "step": 0, "epoch": 0.0, "fit": {"nll": 6.931471824645996, "ppl": 1024.0, "row_top1": 0.333984375, "finite": true}, "dev": {"nll": 6.931471824645996, "ppl": 1024.0, "row_top1": 0.337890625, "finite": true}, "test": {"nll": 6.931472301483154, "ppl": 1024.0006103515625, "row_top1": 0.337890625, "finite": true}, "root": {"numerical_rank": 4, "entropy_effective_rank": 1.6341982682967555, "participation_rank": 1.4524059691879554, "mean_offdiag_cosine": 0.999907194191528}, "fold_levels": [{"nodes": 1024, "rms": 0.5183569816825356, "dimension_variance": 0.07953015063189174, "sample_variance": 0.04449840909032941}, {"nodes": 512, "rms": 0.9999807070690604, "dimension_variance": 0.1993307935285768, "sample_variance": 0.09453576036253039}, {"nodes": 256, "rms": 0.9999964623772769, "dimension_variance": 0.1504189530135206, "sample_variance": 0.05526434125646355}, {"nodes": 128, "rms": 0.999996875386874, "dimension_variance": 0.11008170932365038, "sample_variance": 0.030237289446481935}, {"nodes": 64, "rms": 0.9999970662459124, "dimension_variance": 0.08366052244729166, "sample_variance": 0.015740848541632334}, {"nodes": 32, "rms": 0.9999970310366824, "dimension_variance": 0.06553744957123425, "sample_variance": 0.009312313195197411}, {"nodes": 16, "rms": 0.9999970335198416, "dimension_variance": 0.03803133995663338, "sample_variance": 0.0053921645098306175}, {"nodes": 8, "rms": 0.9999971198715922, "dimension_variance": 0.013461757417965903, "sample_variance": 0.0020703903262652883}, {"nodes": 4, "rms": 0.9999971912677666, "dimension_variance": 0.003747876928336686, "sample_variance": 0.0007259103009787394}, {"nodes": 2, "rms": 0.9999971995944569, "dimension_variance": 0.0008347207053933173, "sample_variance": 0.00025477372938601103}, {"nodes": 1, "rms": 0.999997211048534, "dimension_variance": 9.262403003958413e-05, "sample_variance": 9.262403003958413e-05}]}
{"dimension": 4, "step": 8, "epoch": 1.0, "fit": {"nll": 6.895092010498047, "ppl": 987.4165649414062, "row_top1": 0.0, "finite": true}, "dev": {"nll": 6.895085334777832, "ppl": 987.4099731445312, "row_top1": 0.0, "finite": true}, "test": {"nll": 6.8950629234313965, "ppl": 987.3878784179688, "row_top1": 0.0, "finite": true}, "root": {"numerical_rank": 4, "entropy_effective_rank": 1.9995744087014955, "participation_rank": 1.997969921536599, "mean_offdiag_cosine": 0.9999313663494823}, "fold_levels": [{"nodes": 1024, "rms": 0.5152192077274971, "dimension_variance": 0.07944593954993642, "sample_variance": 0.04413376912548264}, {"nodes": 512, "rms": 1.0091083939497325, "dimension_variance": 0.2096317099757804, "sample_variance": 0.09963062593203947}, {"nodes": 256, "rms": 1.0104833327087892, "dimension_variance": 0.1655150020409615, "sample_variance": 0.06047505779574941}, {"nodes": 128, "rms": 1.0114066977353708, "dimension_variance": 0.12593353269476126, "sample_variance": 0.03393734121924308}, {"nodes": 64, "rms": 1.0119705901352796, "dimension_variance": 0.0980772790657501, "sample_variance": 0.017974995166619594}, {"nodes": 32, "rms": 1.012292404535728, "dimension_variance": 0.08167159631958114, "sample_variance": 0.011074405463159642}, {"nodes": 16, "rms": 1.0124969469036351, "dimension_variance": 0.054991416456757876, "sample_variance": 0.0070526380879752885}, {"nodes": 8, "rms": 1.012910108040078, "dimension_variance": 0.021845861938514025, "sample_variance": 0.002898356776908607}, {"nodes": 4, "rms": 1.0129046020372638, "dimension_variance": 0.006104834235134948, "sample_variance": 0.0009715716964507196}, {"nodes": 2, "rms": 1.012692984398624, "dimension_variance": 0.0011674903907351532, "sample_variance": 0.0002717961335748744}, {"nodes": 1, "rms": 1.0124446003668244, "dimension_variance": 7.025039121491711e-05, "sample_variance": 7.025039121491711e-05}]}
{"dimension": 4, "step": 16, "epoch": 2.0, "fit": {"nll": 6.834982395172119, "ppl": 929.8119506835938, "row_top1": 0.0, "finite": true}, "dev": {"nll": 6.834974765777588, "ppl": 929.804931640625, "row_top1": 0.0, "finite": true}, "test": {"nll": 6.834893226623535, "ppl": 929.7290649414062, "row_top1": 0.0, "finite": true}, "root": {"numerical_rank": 4, "entropy_effective_rank": 1.9396077277036181, "participation_rank": 1.8849433591612494, "mean_offdiag_cosine": 0.9999667636369935}, "fold_levels": [{"nodes": 1024, "rms": 0.5162021281845266, "dimension_variance": 0.0795747805379238, "sample_variance": 0.04457049177480548}, {"nodes": 512, "rms": 1.0101570852371773, "dimension_variance": 0.20643236349328428, "sample_variance": 0.09849067991217549}, {"nodes": 256, "rms": 1.016308461804556, "dimension_variance": 0.16001678764270202, "sample_variance": 0.05812377372304398}, {"nodes": 128, "rms": 1.021292625880026, "dimension_variance": 0.11775301916379471, "sample_variance": 0.03082980411556673}, {"nodes": 64, "rms": 1.0246404530483824, "dimension_variance": 0.08960204628764129, "sample_variance": 0.015570205777431591}, {"nodes": 32, "rms": 1.026560990022989, "dimension_variance": 0.07241546632602519, "sample_variance": 0.009443546597802563}, {"nodes": 16, "rms": 1.0275394436465302, "dimension_variance": 0.04187554263476643, "sample_variance": 0.0060106833693827424}, {"nodes": 8, "rms": 1.028606178591025, "dimension_variance": 0.012777335114167686, "sample_variance": 0.0018919642072857759}, {"nodes": 4, "rms": 1.0290142324938147, "dimension_variance": 0.0030375974348814637, "sample_variance": 0.000550454192555832}, {"nodes": 2, "rms": 1.0289968211298335, "dimension_variance": 0.0005157351983875367, "sample_variance": 0.00014112964990688965}, {"nodes": 1, "rms": 1.0288113038042344, "dimension_variance": 3.516478813417794e-05, "sample_variance": 3.516478813417794e-05}]}
{
  "claim": "S1-RECURSIVE-CONTEXT-CODEC-A19-C01",
  "material": {
    "claim": "S1-RECURSIVE-CONTEXT-CODEC-A19-C01",
    "boundary": "Shared recursive context-field codec dimension ladder; not sentence generation or translation.",
    "counts": "ara/s1-echo/evidence/s1_probability_residual_corpus_scale_a14/formal/counts/train_1000000/context_counts.pt",
    "counts_sha256": "c4a2a0aad79a4357cbbd6e1591a8a31a873dfa2918fb62b8bda2d5925917f864",
    "source_sha256": "fc59568318a618f5418b9dd85fce13580e610c38a3518554afcd4963805e301f",
    "shape": [
      512,
      1024
    ],
    "levels": 10,
    "fit_pairs": 29460566.0,
    "dev_pairs": 7366000.0,
    "sealed_test_pairs": 3670609.0,
    "target_ids_sha256": "35480ad2e0c0c12c2afcab31abbda202b8fc32e5e0bcf07b5b0c57b8328bffa8",
    "context_ids_sha256": "817ed82c98a2ab78f299c41902864e887d3dc0d63a284ae57cdec67525173ee7",
    "config": {
      "counts": "ara/s1-echo/evidence/s1_probability_residual_corpus_scale_a14/formal/counts/train_1000000/context_counts.pt",
      "out": "ara/s1-echo/evidence/s1_recursive_context_codec_dimension_ladder_a19/smoke_seed20260930",
      "dimensions": "2,4",
      "fit_ratio": 0.8,
      "alpha": 0.05,
      "epochs": 2,
      "batch_size": 64,
      "learning_rate": 0.002,
      "weight_decay": 1e-05,
      "seed": 20260930,
      "split_seed": 20260924,
      "eval_epochs": "1,2",
      "device": "cuda"
    }
  },
  "rows": [
    {
      "dimension": 2,
      "parameters": 77,
      "test_nll": 6.931472301483154,
      "test_ppl": 1024.0006103515625,
      "read_depth_gain": 0.0,
      "shuffle_damage": 0.0,
      "branchless_damage": 0.0,
      "root_effective_rank": 1.0000000000000586,
      "reload_max_abs": 0.0,
      "finite": true,
      "full_budget": true
    },
    {
      "dimension": 4,
      "parameters": 249,
      "test_nll": 6.834893226623535,
      "test_ppl": 929.7290649414062,
      "read_depth_gain": 0.09657907485961914,
      "shuffle_damage": -9.918212890625e-05,
      "branchless_damage": 0.09657907485961914,
      "root_effective_rank": 1.9396077277036181,
      "reload_max_abs": 0.0,
      "finite": true,
      "full_budget": true
    }
  ],
  "gates": {
    "all_dimensions_completed": true,
    "all_finite": true,
    "all_full_budget": true,
    "all_reload_exact": true,
    "one_dimension_beats_shuffled_root": false,
    "one_dimension_beats_branchless_read": true,
    "one_dimension_has_nonflat_depth_curve": true
  },
  "supported": false
}
=== status=done exit=0 elapsed=3.5s 2026-09-30T14:07:18Z ===
