=== taskd run 641 2026-09-30T14:23:18Z ===
=== cwd=/home/nio/log/holds/SameTime ===
=== cmd=["python3", "ara/s1-echo/src/s1_recursive_context_codec_a19_audit.py", "--formal", "ara/s1-echo/evidence/s1_recursive_context_codec_dimension_ladder_a19/formal_seed20260930", "--counts", "ara/s1-echo/evidence/s1_probability_residual_corpus_scale_a14/formal/counts/train_1000000/context_counts.pt", "--out", "ara/s1-echo/evidence/s1_recursive_context_codec_dimension_ladder_a19/formal_seed20260930/posthoc_baselines.json"] ===
{
  "status": "post_hoc_diagnostic_not_preregistered_gate",
  "uniform_test_nll": 6.931471805599453,
  "uniform_test_ppl": 1024.0,
  "global_context_prior_test_nll": 5.555695801184229,
  "global_context_prior_test_ppl": 258.70691048468996,
  "direct_row_probability_field_test_nll": 5.116258434012755,
  "direct_row_probability_field_test_ppl": 166.71044312457374,
  "global_prior_gain_over_uniform": 1.3757760044152239,
  "direct_row_gain_over_global_prior": 0.4394373671714744,
  "dimensions": [
    {
      "dimension": 2,
      "full_test_nll": 6.931472301483154,
      "shuffled_root_test_nll": 6.931472301483154,
      "uniform_to_full_gain": -4.958837012125628e-07,
      "root_conditioning_gain": 0.0,
      "root_conditioning_fraction_of_total_gain": 0.0,
      "full_minus_global_prior_nll": 1.375776500298925,
      "full_minus_direct_row_field_nll": 1.8152138674703995
    },
    {
      "dimension": 4,
      "full_test_nll": 5.6059699058532715,
      "shuffled_root_test_nll": 5.632950782775879,
      "uniform_to_full_gain": 1.3255018997461816,
      "root_conditioning_gain": 0.026980876922607422,
      "root_conditioning_fraction_of_total_gain": 0.020355215581187736,
      "full_minus_global_prior_nll": 0.05027410466904225,
      "full_minus_direct_row_field_nll": 0.48971147184051667
    },
    {
      "dimension": 8,
      "full_test_nll": 5.597231864929199,
      "shuffled_root_test_nll": 5.638055324554443,
      "uniform_to_full_gain": 1.3342399406702539,
      "root_conditioning_gain": 0.04082345962524414,
      "root_conditioning_fraction_of_total_gain": 0.030596790263029094,
      "full_minus_global_prior_nll": 0.04153606374496999,
      "full_minus_direct_row_field_nll": 0.4809734309164444
    },
    {
      "dimension": 16,
      "full_test_nll": 5.572473049163818,
      "shuffled_root_test_nll": 5.640835285186768,
      "uniform_to_full_gain": 1.3589987564356347,
      "root_conditioning_gain": 0.06836223602294922,
      "root_conditioning_fraction_of_total_gain": 0.05030338379576509,
      "full_minus_global_prior_nll": 0.016777247979589127,
      "full_minus_direct_row_field_nll": 0.45621461515106354
    }
  ],
  "interpretation_boundary": "The global prior is the best measured address-only baseline under the registered smoothing. The direct row field is a non-recursive information ceiling, not a fair TreeHeap competitor."
}
=== status=done exit=0 elapsed=1.3s 2026-09-30T14:23:20Z ===
