=== taskd run 563 2026-09-23T08:56:31Z ===
=== cwd=/home/nio/log/holds/SameTime ===
=== cmd=["python3", "ara/s1-echo/src/s1_probability_residual_tree_mc_a11.py", "--out", "ara/s1-echo/evidence/s1_probability_residual_tree_replication_depth_a12/formal/depth_3/seed_20260925", "--depth", "3", "--iterations", "512", "--split-seed", "20260924", "--search-seed", "20260925", "--claim", "S1-F-MC-A12-C01"] ===
{"iteration": 0, "proposal": {"node": 0, "members": 512, "mode": "pair", "quantile": 0.2}, "proposal_dev_nll": 5.461800165474511, "accepted": true, "current_dev_nll": 5.461800165474511, "best_dev_nll": 5.461800165474511, "temperature": 0.02}
{"iteration": 31, "proposal": {"node": 4, "members": 45, "mode": "pair", "quantile": 0.65}, "proposal_dev_nll": 5.43421098904737, "accepted": true, "current_dev_nll": 5.43421098904737, "best_dev_nll": 5.432376992366581, "temperature": 0.012518524426807578}
{"iteration": 63, "proposal": {"node": 5, "members": 167, "mode": "pair", "quantile": 0.35}, "proposal_dev_nll": 5.45342212239066, "accepted": false, "current_dev_nll": 5.443756099010595, "best_dev_nll": 5.431976408882374, "temperature": 0.007718137600860466}
{"iteration": 95, "proposal": {"node": 0, "members": 512, "mode": "perturb", "quantile": 0.5}, "proposal_dev_nll": 5.4581484340818385, "accepted": false, "current_dev_nll": 5.437880793010077, "best_dev_nll": 5.431976408882374, "temperature": 0.0047585199337273135}
{"iteration": 127, "proposal": {"node": 0, "members": 512, "mode": "pair", "quantile": 0.2}, "proposal_dev_nll": 5.4500674002587886, "accepted": false, "current_dev_nll": 5.4230429504696085, "best_dev_nll": 5.4230429504696085, "temperature": 0.002933805165271446}
{"iteration": 159, "proposal": {"node": 4, "members": 141, "mode": "perturb", "quantile": 0.35}, "proposal_dev_nll": 5.420357110490296, "accepted": true, "current_dev_nll": 5.420357110490296, "best_dev_nll": 5.419810496475666, "temperature": 0.001808800397528533}
{"iteration": 191, "proposal": {"node": 6, "members": 137, "mode": "pair", "quantile": 0.65}, "proposal_dev_nll": 5.42253832295601, "accepted": false, "current_dev_nll": 5.419681533627464, "best_dev_nll": 5.419053342447982, "temperature": 0.0011151929640142498}
{"iteration": 223, "proposal": {"node": 3, "members": 143, "mode": "pair", "quantile": 0.5}, "proposal_dev_nll": 5.4154789470379505, "accepted": false, "current_dev_nll": 5.415169307283664, "best_dev_nll": 5.415169307283664, "temperature": 0.0006875580902603542}
{"iteration": 255, "proposal": {"node": 5, "members": 91, "mode": "pair", "quantile": 0.2}, "proposal_dev_nll": 5.423463875508709, "accepted": false, "current_dev_nll": 5.414376020368122, "best_dev_nll": 5.414376020368122, "temperature": 0.00042390522782784066}
{"iteration": 287, "proposal": {"node": 5, "members": 89, "mode": "pair", "quantile": 0.35}, "proposal_dev_nll": 5.419791608564923, "accepted": false, "current_dev_nll": 5.414347727350329, "best_dev_nll": 5.413867896381618, "temperature": 0.00026135339649880203}
{"iteration": 319, "proposal": {"node": 3, "members": 141, "mode": "pair", "quantile": 0.8}, "proposal_dev_nll": 5.417047072657034, "accepted": false, "current_dev_nll": 5.413762248786865, "best_dev_nll": 5.413762248786865, "temperature": 0.00016113412474639443}
{"iteration": 351, "proposal": {"node": 3, "members": 141, "mode": "pair", "quantile": 0.5}, "proposal_dev_nll": 5.4142863310424, "accepted": false, "current_dev_nll": 5.413757846003434, "best_dev_nll": 5.413637247981023, "temperature": 9.934520272402742e-05}
{"iteration": 383, "proposal": {"node": 4, "members": 142, "mode": "pair", "quantile": 0.5}, "proposal_dev_nll": 5.41512066574565, "accepted": false, "current_dev_nll": 5.413674653990611, "best_dev_nll": 5.413637247981023, "temperature": 6.125002583910422e-05}
{"iteration": 415, "proposal": {"node": 5, "members": 129, "mode": "perturb", "quantile": 0.65}, "proposal_dev_nll": 5.417164609262859, "accepted": false, "current_dev_nll": 5.413554055968199, "best_dev_nll": 5.413554055968199, "temperature": 3.776292727201401e-05}
{"iteration": 447, "proposal": {"node": 1, "members": 283, "mode": "perturb", "quantile": 0.2}, "proposal_dev_nll": 5.4239106692902554, "accepted": false, "current_dev_nll": 5.413319451951463, "best_dev_nll": 5.413319451951463, "temperature": 2.3282254278511423e-05}
{"iteration": 479, "proposal": {"node": 1, "members": 283, "mode": "pair", "quantile": 0.35}, "proposal_dev_nll": 5.423696038912903, "accepted": false, "current_dev_nll": 5.412414973930643, "best_dev_nll": 5.412414973930643, "temperature": 1.4354378843162008e-05}
{"iteration": 511, "proposal": {"node": 4, "members": 142, "mode": "pair", "quantile": 0.8}, "proposal_dev_nll": 5.4141322619186845, "accepted": false, "current_dev_nll": 5.4119510367504216, "best_dev_nll": 5.4119510367504216, "temperature": 8.850010377353844e-06}
{
  "claim": "S1-F-MC-A12-C01",
  "boundary": "Corpus context-field embedding F search only; no next-token, decoder, READ, translation, or generation target.",
  "config": {
    "counts": "ara/s1-echo/evidence/s1_real_corpus_annealed_token_space/formal_200k_seed19101/context_counts.pt",
    "out": "ara/s1-echo/evidence/s1_probability_residual_tree_replication_depth_a12/formal/depth_3/seed_20260925",
    "depth": 3,
    "iterations": 512,
    "fit_ratio": 0.8,
    "alpha": 0.05,
    "temperature": 0.02,
    "seed": 20260924,
    "split_seed": 20260924,
    "search_seed": 20260925,
    "claim": "S1-F-MC-A12-C01",
    "device": "cuda",
    "resolved_split_seed": 20260924,
    "resolved_search_seed": 20260925
  },
  "shape": {
    "tokens": 512,
    "contexts": 1024,
    "leaves": 8
  },
  "counts": {
    "fit": 5278851.0,
    "search_dev": 1320737.0,
    "sealed_test": 735369.0
  },
  "search": {
    "initial_dev_nll": 5.468152153764551,
    "best_dev_nll": 5.4119510367504216,
    "dev_gain": 0.056201117014129665,
    "accepted": 154,
    "iterations": 512
  },
  "sealed_evaluation": {
    "initial_test_nll": 5.486779592012254,
    "best_test_nll": 5.431107614407105,
    "random_test_nll": 5.5287695463605795,
    "best_minus_initial": -0.05567197760514908,
    "best_minus_random": -0.09766193195347483
  },
  "structure": {
    "leaf_utilization": 1.0,
    "occupancy_entropy": 0.8598045113146903,
    "fold_conservation_max_abs": 1.3877787807814457e-17,
    "residual_closure_max_abs": 1.734723475976807e-18
  },
  "gates": {
    "finite": true,
    "accepted_at_least_one": true,
    "fold_conservation_le_1e_10": true,
    "residual_closure_le_1e_10": true,
    "dev_gain_ge_0_005": true,
    "sealed_test_not_worse_gt_0_01": true,
    "sealed_test_better_than_random": true,
    "leaf_utilization_ge_0_50": true
  },
  "claim_supported": true
}
=== status=done exit=0 elapsed=2.8s 2026-09-23T08:56:34Z ===
