=== taskd run 564 2026-09-23T08:56:34Z ===
=== cwd=/home/nio/log/holds/SameTime ===
=== cmd=["python3", "ara/s1-echo/src/s1_probability_residual_tree_mc_a11.py", "--out", "ara/s1-echo/evidence/s1_probability_residual_tree_replication_depth_a12/formal/depth_3/seed_20260926", "--depth", "3", "--iterations", "512", "--split-seed", "20260924", "--search-seed", "20260926", "--claim", "S1-F-MC-A12-C01"] ===
{"iteration": 0, "proposal": {"node": 1, "members": 200, "mode": "pair", "quantile": 0.2}, "proposal_dev_nll": 5.467267757661348, "accepted": true, "current_dev_nll": 5.467267757661348, "best_dev_nll": 5.467267757661348, "temperature": 0.02}
{"iteration": 31, "proposal": {"node": 4, "members": 278, "mode": "pair", "quantile": 0.2}, "proposal_dev_nll": 5.469777770558292, "accepted": true, "current_dev_nll": 5.469777770558292, "best_dev_nll": 5.456900938338569, "temperature": 0.012518524426807578}
{"iteration": 63, "proposal": {"node": 0, "members": 512, "mode": "pair", "quantile": 0.5}, "proposal_dev_nll": 5.476268339860663, "accepted": false, "current_dev_nll": 5.442686277533718, "best_dev_nll": 5.431502490717269, "temperature": 0.007718137600860466}
{"iteration": 95, "proposal": {"node": 5, "members": 72, "mode": "perturb", "quantile": 0.8}, "proposal_dev_nll": 5.432310043025105, "accepted": true, "current_dev_nll": 5.432310043025105, "best_dev_nll": 5.430987522267238, "temperature": 0.0047585199337273135}
{"iteration": 127, "proposal": {"node": 1, "members": 225, "mode": "pair", "quantile": 0.65}, "proposal_dev_nll": 5.4448417629725885, "accepted": false, "current_dev_nll": 5.441653921566253, "best_dev_nll": 5.430987522267238, "temperature": 0.002933805165271446}
{"iteration": 159, "proposal": {"node": 4, "members": 53, "mode": "perturb", "quantile": 0.65}, "proposal_dev_nll": 5.432577669437801, "accepted": true, "current_dev_nll": 5.432577669437801, "best_dev_nll": 5.4268230356039675, "temperature": 0.001808800397528533}
{"iteration": 191, "proposal": {"node": 4, "members": 66, "mode": "pair", "quantile": 0.8}, "proposal_dev_nll": 5.424461651424391, "accepted": false, "current_dev_nll": 5.422838585217518, "best_dev_nll": 5.422745656522457, "temperature": 0.0011151929640142498}
{"iteration": 223, "proposal": {"node": 5, "members": 90, "mode": "perturb", "quantile": 0.5}, "proposal_dev_nll": 5.421682091469235, "accepted": true, "current_dev_nll": 5.421682091469235, "best_dev_nll": 5.4214935084574725, "temperature": 0.0006875580902603542}
{"iteration": 255, "proposal": {"node": 1, "members": 198, "mode": "perturb", "quantile": 0.5}, "proposal_dev_nll": 5.427522186433464, "accepted": false, "current_dev_nll": 5.419561177733854, "best_dev_nll": 5.419561177733854, "temperature": 0.00042390522782784066}
{"iteration": 287, "proposal": {"node": 5, "members": 90, "mode": "pair", "quantile": 0.5}, "proposal_dev_nll": 5.421309500074402, "accepted": false, "current_dev_nll": 5.419610197450524, "best_dev_nll": 5.419561177733854, "temperature": 0.00026135339649880203}
{"iteration": 319, "proposal": {"node": 0, "members": 512, "mode": "pair", "quantile": 0.5}, "proposal_dev_nll": 5.475009351848105, "accepted": false, "current_dev_nll": 5.417298621506057, "best_dev_nll": 5.417298621506057, "temperature": 0.00016113412474639443}
{"iteration": 351, "proposal": {"node": 6, "members": 224, "mode": "perturb", "quantile": 0.5}, "proposal_dev_nll": 5.417064889442607, "accepted": true, "current_dev_nll": 5.417064889442607, "best_dev_nll": 5.417064889442607, "temperature": 9.934520272402742e-05}
{"iteration": 383, "proposal": {"node": 4, "members": 99, "mode": "perturb", "quantile": 0.2}, "proposal_dev_nll": 5.42431961401682, "accepted": false, "current_dev_nll": 5.417075778967852, "best_dev_nll": 5.417064889442607, "temperature": 6.125002583910422e-05}
{"iteration": 415, "proposal": {"node": 2, "members": 314, "mode": "pair", "quantile": 0.2}, "proposal_dev_nll": 5.426397997803497, "accepted": false, "current_dev_nll": 5.41701552710279, "best_dev_nll": 5.41701552710279, "temperature": 3.776292727201401e-05}
{"iteration": 447, "proposal": {"node": 6, "members": 224, "mode": "pair", "quantile": 0.35}, "proposal_dev_nll": 5.41884679577866, "accepted": false, "current_dev_nll": 5.416338865874001, "best_dev_nll": 5.416338865874001, "temperature": 2.3282254278511423e-05}
{"iteration": 479, "proposal": {"node": 6, "members": 224, "mode": "pair", "quantile": 0.5}, "proposal_dev_nll": 5.415926783323645, "accepted": false, "current_dev_nll": 5.41452797856047, "best_dev_nll": 5.41452797856047, "temperature": 1.4354378843162008e-05}
{"iteration": 511, "proposal": {"node": 4, "members": 97, "mode": "pair", "quantile": 0.5}, "proposal_dev_nll": 5.420564821328942, "accepted": false, "current_dev_nll": 5.41452797856047, "best_dev_nll": 5.41452797856047, "temperature": 8.850010377353844e-06}
{
  "claim": "S1-F-MC-A12-C01",
  "boundary": "Corpus context-field embedding F search only; no next-token, decoder, READ, translation, or generation target.",
  "config": {
    "counts": "ara/s1-echo/evidence/s1_real_corpus_annealed_token_space/formal_200k_seed19101/context_counts.pt",
    "out": "ara/s1-echo/evidence/s1_probability_residual_tree_replication_depth_a12/formal/depth_3/seed_20260926",
    "depth": 3,
    "iterations": 512,
    "fit_ratio": 0.8,
    "alpha": 0.05,
    "temperature": 0.02,
    "seed": 20260924,
    "split_seed": 20260924,
    "search_seed": 20260926,
    "claim": "S1-F-MC-A12-C01",
    "device": "cuda",
    "resolved_split_seed": 20260924,
    "resolved_search_seed": 20260926
  },
  "shape": {
    "tokens": 512,
    "contexts": 1024,
    "leaves": 8
  },
  "counts": {
    "fit": 5278851.0,
    "search_dev": 1320737.0,
    "sealed_test": 735369.0
  },
  "search": {
    "initial_dev_nll": 5.468152153764551,
    "best_dev_nll": 5.41452797856047,
    "dev_gain": 0.05362417520408158,
    "accepted": 157,
    "iterations": 512
  },
  "sealed_evaluation": {
    "initial_test_nll": 5.486779592012254,
    "best_test_nll": 5.432790946668667,
    "random_test_nll": 5.529103289031581,
    "best_minus_initial": -0.05398864534358694,
    "best_minus_random": -0.0963123423629142
  },
  "structure": {
    "leaf_utilization": 1.0,
    "occupancy_entropy": 0.8511515110485888,
    "fold_conservation_max_abs": 6.938893903907228e-18,
    "residual_closure_max_abs": 3.469446951953614e-18
  },
  "gates": {
    "finite": true,
    "accepted_at_least_one": true,
    "fold_conservation_le_1e_10": true,
    "residual_closure_le_1e_10": true,
    "dev_gain_ge_0_005": true,
    "sealed_test_not_worse_gt_0_01": true,
    "sealed_test_better_than_random": true,
    "leaf_utilization_ge_0_50": true
  },
  "claim_supported": true
}
=== status=done exit=0 elapsed=2.5s 2026-09-23T08:56:36Z ===
