=== taskd run 565 2026-09-23T08:56:36Z ===
=== cwd=/home/nio/log/holds/SameTime ===
=== cmd=["python3", "ara/s1-echo/src/s1_probability_residual_tree_mc_a11.py", "--out", "ara/s1-echo/evidence/s1_probability_residual_tree_replication_depth_a12/formal/depth_3/seed_20260927", "--depth", "3", "--iterations", "512", "--split-seed", "20260924", "--search-seed", "20260927", "--claim", "S1-F-MC-A12-C01"] ===
{"iteration": 0, "proposal": {"node": 5, "members": 55, "mode": "pair", "quantile": 0.2}, "proposal_dev_nll": 5.46747858806628, "accepted": true, "current_dev_nll": 5.46747858806628, "best_dev_nll": 5.46747858806628, "temperature": 0.02}
{"iteration": 31, "proposal": {"node": 5, "members": 105, "mode": "pair", "quantile": 0.8}, "proposal_dev_nll": 5.457646769455734, "accepted": true, "current_dev_nll": 5.457646769455734, "best_dev_nll": 5.450655663415105, "temperature": 0.012518524426807578}
{"iteration": 63, "proposal": {"node": 2, "members": 353, "mode": "pair", "quantile": 0.8}, "proposal_dev_nll": 5.470260623615774, "accepted": false, "current_dev_nll": 5.447200328947638, "best_dev_nll": 5.4380572337867505, "temperature": 0.007718137600860466}
{"iteration": 95, "proposal": {"node": 4, "members": 109, "mode": "pair", "quantile": 0.8}, "proposal_dev_nll": 5.443877185123868, "accepted": true, "current_dev_nll": 5.443877185123868, "best_dev_nll": 5.4380572337867505, "temperature": 0.0047585199337273135}
{"iteration": 127, "proposal": {"node": 3, "members": 184, "mode": "perturb", "quantile": 0.8}, "proposal_dev_nll": 5.439115637841008, "accepted": true, "current_dev_nll": 5.439115637841008, "best_dev_nll": 5.437011694076296, "temperature": 0.002933805165271446}
{"iteration": 159, "proposal": {"node": 0, "members": 512, "mode": "pair", "quantile": 0.2}, "proposal_dev_nll": 5.461456465662419, "accepted": false, "current_dev_nll": 5.4383482357051225, "best_dev_nll": 5.43342696776279, "temperature": 0.001808800397528533}
{"iteration": 191, "proposal": {"node": 1, "members": 256, "mode": "perturb", "quantile": 0.35}, "proposal_dev_nll": 5.43582739604631, "accepted": false, "current_dev_nll": 5.431124181311095, "best_dev_nll": 5.431124181311095, "temperature": 0.0011151929640142498}
{"iteration": 223, "proposal": {"node": 2, "members": 256, "mode": "pair", "quantile": 0.35}, "proposal_dev_nll": 5.429990514479619, "accepted": false, "current_dev_nll": 5.426874119045843, "best_dev_nll": 5.426874119045843, "temperature": 0.0006875580902603542}
{"iteration": 255, "proposal": {"node": 5, "members": 148, "mode": "pair", "quantile": 0.65}, "proposal_dev_nll": 5.432579878002509, "accepted": false, "current_dev_nll": 5.426752910434121, "best_dev_nll": 5.426709435702833, "temperature": 0.00042390522782784066}
{"iteration": 287, "proposal": {"node": 2, "members": 256, "mode": "perturb", "quantile": 0.5}, "proposal_dev_nll": 5.426332227218955, "accepted": false, "current_dev_nll": 5.423380673997415, "best_dev_nll": 5.423380673997415, "temperature": 0.00026135339649880203}
{"iteration": 319, "proposal": {"node": 6, "members": 106, "mode": "perturb", "quantile": 0.5}, "proposal_dev_nll": 5.4217934636119915, "accepted": true, "current_dev_nll": 5.4217934636119915, "best_dev_nll": 5.4217934636119915, "temperature": 0.00016113412474639443}
{"iteration": 351, "proposal": {"node": 4, "members": 111, "mode": "perturb", "quantile": 0.35}, "proposal_dev_nll": 5.429530677649863, "accepted": false, "current_dev_nll": 5.4217934636119915, "best_dev_nll": 5.4217934636119915, "temperature": 9.934520272402742e-05}
{"iteration": 383, "proposal": {"node": 6, "members": 106, "mode": "pair", "quantile": 0.35}, "proposal_dev_nll": 5.426822674111384, "accepted": false, "current_dev_nll": 5.421063609902725, "best_dev_nll": 5.420935978349886, "temperature": 6.125002583910422e-05}
{"iteration": 415, "proposal": {"node": 0, "members": 512, "mode": "perturb", "quantile": 0.65}, "proposal_dev_nll": 5.421737380156427, "accepted": false, "current_dev_nll": 5.421063609902725, "best_dev_nll": 5.420935978349886, "temperature": 3.776292727201401e-05}
{"iteration": 447, "proposal": {"node": 5, "members": 149, "mode": "pair", "quantile": 0.2}, "proposal_dev_nll": 5.426538382181207, "accepted": false, "current_dev_nll": 5.419628852342797, "best_dev_nll": 5.419628852342797, "temperature": 2.3282254278511423e-05}
{"iteration": 479, "proposal": {"node": 2, "members": 253, "mode": "pair", "quantile": 0.8}, "proposal_dev_nll": 5.444918292564328, "accepted": false, "current_dev_nll": 5.419628852342797, "best_dev_nll": 5.419628852342797, "temperature": 1.4354378843162008e-05}
{"iteration": 511, "proposal": {"node": 3, "members": 148, "mode": "pair", "quantile": 0.2}, "proposal_dev_nll": 5.423092526970548, "accepted": false, "current_dev_nll": 5.419628852342797, "best_dev_nll": 5.419628852342797, "temperature": 8.850010377353844e-06}
{
  "claim": "S1-F-MC-A12-C01",
  "boundary": "Corpus context-field embedding F search only; no next-token, decoder, READ, translation, or generation target.",
  "config": {
    "counts": "ara/s1-echo/evidence/s1_real_corpus_annealed_token_space/formal_200k_seed19101/context_counts.pt",
    "out": "ara/s1-echo/evidence/s1_probability_residual_tree_replication_depth_a12/formal/depth_3/seed_20260927",
    "depth": 3,
    "iterations": 512,
    "fit_ratio": 0.8,
    "alpha": 0.05,
    "temperature": 0.02,
    "seed": 20260924,
    "split_seed": 20260924,
    "search_seed": 20260927,
    "claim": "S1-F-MC-A12-C01",
    "device": "cuda",
    "resolved_split_seed": 20260924,
    "resolved_search_seed": 20260927
  },
  "shape": {
    "tokens": 512,
    "contexts": 1024,
    "leaves": 8
  },
  "counts": {
    "fit": 5278851.0,
    "search_dev": 1320737.0,
    "sealed_test": 735369.0
  },
  "search": {
    "initial_dev_nll": 5.468152153764551,
    "best_dev_nll": 5.419628852342797,
    "dev_gain": 0.04852330142175454,
    "accepted": 151,
    "iterations": 512
  },
  "sealed_evaluation": {
    "initial_test_nll": 5.486779592012254,
    "best_test_nll": 5.438682327311686,
    "random_test_nll": 5.5284225144167936,
    "best_minus_initial": -0.04809726470056752,
    "best_minus_random": -0.08974018710510734
  },
  "structure": {
    "leaf_utilization": 1.0,
    "occupancy_entropy": 0.92768199691617,
    "fold_conservation_max_abs": 6.938893903907228e-18,
    "residual_closure_max_abs": 1.734723475976807e-18
  },
  "gates": {
    "finite": true,
    "accepted_at_least_one": true,
    "fold_conservation_le_1e_10": true,
    "residual_closure_le_1e_10": true,
    "dev_gain_ge_0_005": true,
    "sealed_test_not_worse_gt_0_01": true,
    "sealed_test_better_than_random": true,
    "leaf_utilization_ge_0_50": true
  },
  "claim_supported": true
}
=== status=done exit=0 elapsed=2.5s 2026-09-23T08:56:39Z ===
