=== taskd run 566 2026-09-23T08:56:39Z ===
=== cwd=/home/nio/log/holds/SameTime ===
=== cmd=["python3", "ara/s1-echo/src/s1_probability_residual_tree_mc_a11.py", "--out", "ara/s1-echo/evidence/s1_probability_residual_tree_replication_depth_a12/formal/depth_4/seed_20260925", "--depth", "4", "--iterations", "512", "--split-seed", "20260924", "--search-seed", "20260925", "--claim", "S1-F-MC-A12-C01"] ===
{"iteration": 0, "proposal": {"node": 1, "members": 200, "mode": "pair", "quantile": 0.8}, "proposal_dev_nll": 5.4231861661760306, "accepted": false, "current_dev_nll": 5.416381315645949, "best_dev_nll": 5.416381315645949, "temperature": 0.02}
{"iteration": 31, "proposal": {"node": 13, "members": 76, "mode": "pair", "quantile": 0.35}, "proposal_dev_nll": 5.408293501070459, "accepted": true, "current_dev_nll": 5.408293501070459, "best_dev_nll": 5.406045693375512, "temperature": 0.012518524426807578}
{"iteration": 63, "proposal": {"node": 2, "members": 412, "mode": "perturb", "quantile": 0.65}, "proposal_dev_nll": 5.421592402652692, "accepted": false, "current_dev_nll": 5.409365542149319, "best_dev_nll": 5.406045693375512, "temperature": 0.007718137600860466}
{"iteration": 95, "proposal": {"node": 3, "members": 29, "mode": "perturb", "quantile": 0.5}, "proposal_dev_nll": 5.402078707239291, "accepted": true, "current_dev_nll": 5.402078707239291, "best_dev_nll": 5.401393252117952, "temperature": 0.0047585199337273135}
{"iteration": 127, "proposal": {"node": 14, "members": 57, "mode": "pair", "quantile": 0.35}, "proposal_dev_nll": 5.393997674213045, "accepted": false, "current_dev_nll": 5.389534154903465, "best_dev_nll": 5.389534154903465, "temperature": 0.002933805165271446}
{"iteration": 159, "proposal": {"node": 11, "members": 134, "mode": "perturb", "quantile": 0.65}, "proposal_dev_nll": 5.387993038249588, "accepted": true, "current_dev_nll": 5.387993038249588, "best_dev_nll": 5.385194531992075, "temperature": 0.001808800397528533}
{"iteration": 191, "proposal": {"node": 11, "members": 99, "mode": "pair", "quantile": 0.65}, "proposal_dev_nll": 5.386856549555716, "accepted": false, "current_dev_nll": 5.384422498156066, "best_dev_nll": 5.383874206755138, "temperature": 0.0011151929640142498}
{"iteration": 223, "proposal": {"node": 14, "members": 56, "mode": "perturb", "quantile": 0.8}, "proposal_dev_nll": 5.383675571522946, "accepted": false, "current_dev_nll": 5.3827735403733, "best_dev_nll": 5.381862370328654, "temperature": 0.0006875580902603542}
{"iteration": 255, "proposal": {"node": 8, "members": 117, "mode": "pair", "quantile": 0.35}, "proposal_dev_nll": 5.385813904804628, "accepted": false, "current_dev_nll": 5.3838539608649825, "best_dev_nll": 5.381862370328654, "temperature": 0.00042390522782784066}
{"iteration": 287, "proposal": {"node": 12, "members": 33, "mode": "pair", "quantile": 0.5}, "proposal_dev_nll": 5.382535029661084, "accepted": false, "current_dev_nll": 5.38084269008988, "best_dev_nll": 5.38084269008988, "temperature": 0.00026135339649880203}
{"iteration": 319, "proposal": {"node": 9, "members": 68, "mode": "pair", "quantile": 0.8}, "proposal_dev_nll": 5.376243609380659, "accepted": false, "current_dev_nll": 5.372592860781769, "best_dev_nll": 5.372592860781769, "temperature": 0.00016113412474639443}
{"iteration": 351, "proposal": {"node": 11, "members": 98, "mode": "pair", "quantile": 0.35}, "proposal_dev_nll": 5.368180068872786, "accepted": false, "current_dev_nll": 5.367379924641665, "best_dev_nll": 5.367379924641665, "temperature": 9.934520272402742e-05}
{"iteration": 383, "proposal": {"node": 12, "members": 81, "mode": "pair", "quantile": 0.5}, "proposal_dev_nll": 5.368086900452105, "accepted": false, "current_dev_nll": 5.366951258079711, "best_dev_nll": 5.366933018036017, "temperature": 6.125002583910422e-05}
{"iteration": 415, "proposal": {"node": 8, "members": 66, "mode": "perturb", "quantile": 0.8}, "proposal_dev_nll": 5.369786192831936, "accepted": false, "current_dev_nll": 5.366395752905811, "best_dev_nll": 5.366395752905811, "temperature": 3.776292727201401e-05}
{"iteration": 447, "proposal": {"node": 3, "members": 74, "mode": "pair", "quantile": 0.65}, "proposal_dev_nll": 5.370930850159108, "accepted": false, "current_dev_nll": 5.364896202479835, "best_dev_nll": 5.364896202479835, "temperature": 2.3282254278511423e-05}
{"iteration": 479, "proposal": {"node": 11, "members": 99, "mode": "pair", "quantile": 0.8}, "proposal_dev_nll": 5.367869942461826, "accepted": false, "current_dev_nll": 5.364678485992587, "best_dev_nll": 5.364678485992587, "temperature": 1.4354378843162008e-05}
{"iteration": 511, "proposal": {"node": 2, "members": 311, "mode": "pair", "quantile": 0.8}, "proposal_dev_nll": 5.405780179238142, "accepted": false, "current_dev_nll": 5.364411470651596, "best_dev_nll": 5.364411470651596, "temperature": 8.850010377353844e-06}
{
  "claim": "S1-F-MC-A12-C01",
  "boundary": "Corpus context-field embedding F search only; no next-token, decoder, READ, translation, or generation target.",
  "config": {
    "counts": "ara/s1-echo/evidence/s1_real_corpus_annealed_token_space/formal_200k_seed19101/context_counts.pt",
    "out": "ara/s1-echo/evidence/s1_probability_residual_tree_replication_depth_a12/formal/depth_4/seed_20260925",
    "depth": 4,
    "iterations": 512,
    "fit_ratio": 0.8,
    "alpha": 0.05,
    "temperature": 0.02,
    "seed": 20260924,
    "split_seed": 20260924,
    "search_seed": 20260925,
    "claim": "S1-F-MC-A12-C01",
    "device": "cuda",
    "resolved_split_seed": 20260924,
    "resolved_search_seed": 20260925
  },
  "shape": {
    "tokens": 512,
    "contexts": 1024,
    "leaves": 16
  },
  "counts": {
    "fit": 5278851.0,
    "search_dev": 1320737.0,
    "sealed_test": 735369.0
  },
  "search": {
    "initial_dev_nll": 5.416381315645949,
    "best_dev_nll": 5.364411470651596,
    "dev_gain": 0.05196984499435242,
    "accepted": 176,
    "iterations": 512
  },
  "sealed_evaluation": {
    "initial_test_nll": 5.436725905767986,
    "best_test_nll": 5.384768323321371,
    "random_test_nll": 5.498429123402175,
    "best_minus_initial": -0.05195758244661519,
    "best_minus_random": -0.11366080008080459
  },
  "structure": {
    "leaf_utilization": 1.0,
    "occupancy_entropy": 0.9378784166675606,
    "fold_conservation_max_abs": 1.3877787807814457e-17,
    "residual_closure_max_abs": 2.7755575615628914e-17
  },
  "gates": {
    "finite": true,
    "accepted_at_least_one": true,
    "fold_conservation_le_1e_10": true,
    "residual_closure_le_1e_10": true,
    "dev_gain_ge_0_005": true,
    "sealed_test_not_worse_gt_0_01": true,
    "sealed_test_better_than_random": true,
    "leaf_utilization_ge_0_50": true
  },
  "claim_supported": true
}
=== status=done exit=0 elapsed=3.0s 2026-09-23T08:56:42Z ===
