=== taskd run 567 2026-09-23T08:56:42Z ===
=== cwd=/home/nio/log/holds/SameTime ===
=== cmd=["python3", "ara/s1-echo/src/s1_probability_residual_tree_mc_a11.py", "--out", "ara/s1-echo/evidence/s1_probability_residual_tree_replication_depth_a12/formal/depth_4/seed_20260926", "--depth", "4", "--iterations", "512", "--split-seed", "20260924", "--search-seed", "20260926", "--claim", "S1-F-MC-A12-C01"] ===
{"iteration": 0, "proposal": {"node": 14, "members": 152, "mode": "pair", "quantile": 0.2}, "proposal_dev_nll": 5.421657471694814, "accepted": true, "current_dev_nll": 5.421657471694814, "best_dev_nll": 5.416381315645949, "temperature": 0.02}
{"iteration": 31, "proposal": {"node": 12, "members": 86, "mode": "perturb", "quantile": 0.35}, "proposal_dev_nll": 5.428124556661263, "accepted": true, "current_dev_nll": 5.428124556661263, "best_dev_nll": 5.416381315645949, "temperature": 0.012518524426807578}
{"iteration": 63, "proposal": {"node": 2, "members": 335, "mode": "pair", "quantile": 0.2}, "proposal_dev_nll": 5.428760656690862, "accepted": true, "current_dev_nll": 5.428760656690862, "best_dev_nll": 5.416381315645949, "temperature": 0.007718137600860466}
{"iteration": 95, "proposal": {"node": 13, "members": 126, "mode": "pair", "quantile": 0.5}, "proposal_dev_nll": 5.406346436194949, "accepted": true, "current_dev_nll": 5.406346436194949, "best_dev_nll": 5.4044081722052475, "temperature": 0.0047585199337273135}
{"iteration": 127, "proposal": {"node": 10, "members": 30, "mode": "pair", "quantile": 0.5}, "proposal_dev_nll": 5.397679124176553, "accepted": true, "current_dev_nll": 5.397679124176553, "best_dev_nll": 5.395862694498487, "temperature": 0.002933805165271446}
{"iteration": 159, "proposal": {"node": 2, "members": 360, "mode": "pair", "quantile": 0.5}, "proposal_dev_nll": 5.406621496574973, "accepted": false, "current_dev_nll": 5.3891432822168595, "best_dev_nll": 5.3891432822168595, "temperature": 0.001808800397528533}
{"iteration": 191, "proposal": {"node": 13, "members": 191, "mode": "pair", "quantile": 0.35}, "proposal_dev_nll": 5.382677183986928, "accepted": false, "current_dev_nll": 5.379957125966036, "best_dev_nll": 5.37858783566684, "temperature": 0.0011151929640142498}
{"iteration": 223, "proposal": {"node": 6, "members": 273, "mode": "pair", "quantile": 0.35}, "proposal_dev_nll": 5.388018686495409, "accepted": false, "current_dev_nll": 5.379141819310267, "best_dev_nll": 5.37858783566684, "temperature": 0.0006875580902603542}
{"iteration": 255, "proposal": {"node": 3, "members": 57, "mode": "pair", "quantile": 0.2}, "proposal_dev_nll": 5.38670986329767, "accepted": false, "current_dev_nll": 5.377361906587242, "best_dev_nll": 5.377361906587242, "temperature": 0.00042390522782784066}
{"iteration": 287, "proposal": {"node": 5, "members": 86, "mode": "pair", "quantile": 0.5}, "proposal_dev_nll": 5.389226464032948, "accepted": false, "current_dev_nll": 5.378561217786483, "best_dev_nll": 5.377361906587242, "temperature": 0.00026135339649880203}
{"iteration": 319, "proposal": {"node": 1, "members": 153, "mode": "perturb", "quantile": 0.5}, "proposal_dev_nll": 5.378231675962861, "accepted": false, "current_dev_nll": 5.376540845555246, "best_dev_nll": 5.376540845555246, "temperature": 0.00016113412474639443}
{"iteration": 351, "proposal": {"node": 0, "members": 512, "mode": "perturb", "quantile": 0.35}, "proposal_dev_nll": 5.377340504193048, "accepted": false, "current_dev_nll": 5.3759498024222685, "best_dev_nll": 5.3759498024222685, "temperature": 9.934520272402742e-05}
{"iteration": 383, "proposal": {"node": 4, "members": 96, "mode": "pair", "quantile": 0.2}, "proposal_dev_nll": 5.373810963944431, "accepted": false, "current_dev_nll": 5.372653868376333, "best_dev_nll": 5.372618143460659, "temperature": 6.125002583910422e-05}
{"iteration": 415, "proposal": {"node": 0, "members": 512, "mode": "pair", "quantile": 0.35}, "proposal_dev_nll": 5.4185041264178135, "accepted": false, "current_dev_nll": 5.372653868376333, "best_dev_nll": 5.372618143460659, "temperature": 3.776292727201401e-05}
{"iteration": 447, "proposal": {"node": 7, "members": 4, "mode": "pair", "quantile": 0.65}, "proposal_dev_nll": 5.372911819785039, "accepted": false, "current_dev_nll": 5.372653868376333, "best_dev_nll": 5.372618143460659, "temperature": 2.3282254278511423e-05}
{"iteration": 479, "proposal": {"node": 2, "members": 400, "mode": "perturb", "quantile": 0.35}, "proposal_dev_nll": 5.377044923460684, "accepted": false, "current_dev_nll": 5.37148683488609, "best_dev_nll": 5.37148579499389, "temperature": 1.4354378843162008e-05}
{"iteration": 511, "proposal": {"node": 8, "members": 33, "mode": "perturb", "quantile": 0.65}, "proposal_dev_nll": 5.371750829858162, "accepted": false, "current_dev_nll": 5.37148683488609, "best_dev_nll": 5.37148579499389, "temperature": 8.850010377353844e-06}
{
  "claim": "S1-F-MC-A12-C01",
  "boundary": "Corpus context-field embedding F search only; no next-token, decoder, READ, translation, or generation target.",
  "config": {
    "counts": "ara/s1-echo/evidence/s1_real_corpus_annealed_token_space/formal_200k_seed19101/context_counts.pt",
    "out": "ara/s1-echo/evidence/s1_probability_residual_tree_replication_depth_a12/formal/depth_4/seed_20260926",
    "depth": 4,
    "iterations": 512,
    "fit_ratio": 0.8,
    "alpha": 0.05,
    "temperature": 0.02,
    "seed": 20260924,
    "split_seed": 20260924,
    "search_seed": 20260926,
    "claim": "S1-F-MC-A12-C01",
    "device": "cuda",
    "resolved_split_seed": 20260924,
    "resolved_search_seed": 20260926
  },
  "shape": {
    "tokens": 512,
    "contexts": 1024,
    "leaves": 16
  },
  "counts": {
    "fit": 5278851.0,
    "search_dev": 1320737.0,
    "sealed_test": 735369.0
  },
  "search": {
    "initial_dev_nll": 5.416381315645949,
    "best_dev_nll": 5.37148579499389,
    "dev_gain": 0.04489552065205871,
    "accepted": 177,
    "iterations": 512
  },
  "sealed_evaluation": {
    "initial_test_nll": 5.436725905767986,
    "best_test_nll": 5.391634385361585,
    "random_test_nll": 5.500423528377941,
    "best_minus_initial": -0.04509152040640085,
    "best_minus_random": -0.1087891430163559
  },
  "structure": {
    "leaf_utilization": 1.0,
    "occupancy_entropy": 0.8381417936591874,
    "fold_conservation_max_abs": 6.938893903907228e-18,
    "residual_closure_max_abs": 1.3877787807814457e-17
  },
  "gates": {
    "finite": true,
    "accepted_at_least_one": true,
    "fold_conservation_le_1e_10": true,
    "residual_closure_le_1e_10": true,
    "dev_gain_ge_0_005": true,
    "sealed_test_not_worse_gt_0_01": true,
    "sealed_test_better_than_random": true,
    "leaf_utilization_ge_0_50": true
  },
  "claim_supported": true
}
=== status=done exit=0 elapsed=3.0s 2026-09-23T08:56:45Z ===
