=== taskd run 568 2026-09-23T08:56:45Z ===
=== cwd=/home/nio/log/holds/SameTime ===
=== cmd=["python3", "ara/s1-echo/src/s1_probability_residual_tree_mc_a11.py", "--out", "ara/s1-echo/evidence/s1_probability_residual_tree_replication_depth_a12/formal/depth_4/seed_20260927", "--depth", "4", "--iterations", "512", "--split-seed", "20260924", "--search-seed", "20260927", "--claim", "S1-F-MC-A12-C01"] ===
{"iteration": 0, "proposal": {"node": 10, "members": 58, "mode": "pair", "quantile": 0.2}, "proposal_dev_nll": 5.417604971816152, "accepted": true, "current_dev_nll": 5.417604971816152, "best_dev_nll": 5.416381315645949, "temperature": 0.02}
{"iteration": 31, "proposal": {"node": 11, "members": 4, "mode": "pair", "quantile": 0.8}, "proposal_dev_nll": 5.414932719485008, "accepted": true, "current_dev_nll": 5.414932719485008, "best_dev_nll": 5.409700855991219, "temperature": 0.012518524426807578}
{"iteration": 63, "proposal": {"node": 9, "members": 31, "mode": "perturb", "quantile": 0.2}, "proposal_dev_nll": 5.415505231800441, "accepted": true, "current_dev_nll": 5.415505231800441, "best_dev_nll": 5.409700855991219, "temperature": 0.007718137600860466}
{"iteration": 95, "proposal": {"node": 9, "members": 46, "mode": "pair", "quantile": 0.5}, "proposal_dev_nll": 5.417493472034621, "accepted": true, "current_dev_nll": 5.417493472034621, "best_dev_nll": 5.409700855991219, "temperature": 0.0047585199337273135}
{"iteration": 127, "proposal": {"node": 3, "members": 114, "mode": "perturb", "quantile": 0.8}, "proposal_dev_nll": 5.4259805552963964, "accepted": false, "current_dev_nll": 5.417042525975523, "best_dev_nll": 5.409700855991219, "temperature": 0.002933805165271446}
{"iteration": 159, "proposal": {"node": 12, "members": 16, "mode": "pair", "quantile": 0.2}, "proposal_dev_nll": 5.396132082068491, "accepted": true, "current_dev_nll": 5.396132082068491, "best_dev_nll": 5.392388189623033, "temperature": 0.001808800397528533}
{"iteration": 191, "proposal": {"node": 1, "members": 200, "mode": "pair", "quantile": 0.8}, "proposal_dev_nll": 5.401964651308892, "accepted": false, "current_dev_nll": 5.39274471700989, "best_dev_nll": 5.392388189623033, "temperature": 0.0011151929640142498}
{"iteration": 223, "proposal": {"node": 1, "members": 200, "mode": "pair", "quantile": 0.8}, "proposal_dev_nll": 5.401131684090939, "accepted": false, "current_dev_nll": 5.392553429677535, "best_dev_nll": 5.392388189623033, "temperature": 0.0006875580902603542}
{"iteration": 255, "proposal": {"node": 14, "members": 108, "mode": "pair", "quantile": 0.2}, "proposal_dev_nll": 5.396537524783108, "accepted": false, "current_dev_nll": 5.38471548046211, "best_dev_nll": 5.38471548046211, "temperature": 0.00042390522782784066}
{"iteration": 287, "proposal": {"node": 2, "members": 312, "mode": "pair", "quantile": 0.8}, "proposal_dev_nll": 5.413765396027237, "accepted": false, "current_dev_nll": 5.384325256602757, "best_dev_nll": 5.384325256602757, "temperature": 0.00026135339649880203}
{"iteration": 319, "proposal": {"node": 9, "members": 51, "mode": "pair", "quantile": 0.65}, "proposal_dev_nll": 5.384376975798691, "accepted": false, "current_dev_nll": 5.384265053125542, "best_dev_nll": 5.383718820531528, "temperature": 0.00016113412474639443}
{"iteration": 351, "proposal": {"node": 13, "members": 138, "mode": "pair", "quantile": 0.35}, "proposal_dev_nll": 5.386494870527318, "accepted": false, "current_dev_nll": 5.3837817583065615, "best_dev_nll": 5.383718820531528, "temperature": 9.934520272402742e-05}
{"iteration": 383, "proposal": {"node": 12, "members": 22, "mode": "pair", "quantile": 0.65}, "proposal_dev_nll": 5.384586163535881, "accepted": false, "current_dev_nll": 5.382014360595903, "best_dev_nll": 5.382014360595903, "temperature": 6.125002583910422e-05}
{"iteration": 415, "proposal": {"node": 5, "members": 66, "mode": "perturb", "quantile": 0.5}, "proposal_dev_nll": 5.390958781445203, "accepted": false, "current_dev_nll": 5.379688537306724, "best_dev_nll": 5.379688537306724, "temperature": 3.776292727201401e-05}
{"iteration": 447, "proposal": {"node": 4, "members": 108, "mode": "perturb", "quantile": 0.8}, "proposal_dev_nll": 5.383672982651918, "accepted": false, "current_dev_nll": 5.379688537306724, "best_dev_nll": 5.379688537306724, "temperature": 2.3282254278511423e-05}
{"iteration": 479, "proposal": {"node": 13, "members": 82, "mode": "perturb", "quantile": 0.5}, "proposal_dev_nll": 5.381649034559213, "accepted": false, "current_dev_nll": 5.379688537306724, "best_dev_nll": 5.379688537306724, "temperature": 1.4354378843162008e-05}
{"iteration": 511, "proposal": {"node": 3, "members": 92, "mode": "pair", "quantile": 0.2}, "proposal_dev_nll": 5.386123693327694, "accepted": false, "current_dev_nll": 5.379363350739039, "best_dev_nll": 5.379363350739039, "temperature": 8.850010377353844e-06}
{
  "claim": "S1-F-MC-A12-C01",
  "boundary": "Corpus context-field embedding F search only; no next-token, decoder, READ, translation, or generation target.",
  "config": {
    "counts": "ara/s1-echo/evidence/s1_real_corpus_annealed_token_space/formal_200k_seed19101/context_counts.pt",
    "out": "ara/s1-echo/evidence/s1_probability_residual_tree_replication_depth_a12/formal/depth_4/seed_20260927",
    "depth": 4,
    "iterations": 512,
    "fit_ratio": 0.8,
    "alpha": 0.05,
    "temperature": 0.02,
    "seed": 20260924,
    "split_seed": 20260924,
    "search_seed": 20260927,
    "claim": "S1-F-MC-A12-C01",
    "device": "cuda",
    "resolved_split_seed": 20260924,
    "resolved_search_seed": 20260927
  },
  "shape": {
    "tokens": 512,
    "contexts": 1024,
    "leaves": 16
  },
  "counts": {
    "fit": 5278851.0,
    "search_dev": 1320737.0,
    "sealed_test": 735369.0
  },
  "search": {
    "initial_dev_nll": 5.416381315645949,
    "best_dev_nll": 5.379363350739039,
    "dev_gain": 0.03701796490690956,
    "accepted": 170,
    "iterations": 512
  },
  "sealed_evaluation": {
    "initial_test_nll": 5.436725905767986,
    "best_test_nll": 5.40018259879733,
    "random_test_nll": 5.497075637106841,
    "best_minus_initial": -0.036543306970656,
    "best_minus_random": -0.09689303830951079
  },
  "structure": {
    "leaf_utilization": 1.0,
    "occupancy_entropy": 0.884215591716186,
    "fold_conservation_max_abs": 1.3877787807814457e-17,
    "residual_closure_max_abs": 5.421010862427522e-18
  },
  "gates": {
    "finite": true,
    "accepted_at_least_one": true,
    "fold_conservation_le_1e_10": true,
    "residual_closure_le_1e_10": true,
    "dev_gain_ge_0_005": true,
    "sealed_test_not_worse_gt_0_01": true,
    "sealed_test_better_than_random": true,
    "leaf_utilization_ge_0_50": true
  },
  "claim_supported": true
}
=== status=done exit=0 elapsed=3.0s 2026-09-23T08:56:48Z ===
