=== taskd run 569 2026-09-23T08:56:48Z ===
=== cwd=/home/nio/log/holds/SameTime ===
=== cmd=["python3", "ara/s1-echo/src/s1_probability_residual_tree_mc_a11.py", "--out", "ara/s1-echo/evidence/s1_probability_residual_tree_replication_depth_a12/formal/depth_5/seed_20260925", "--depth", "5", "--iterations", "512", "--split-seed", "20260924", "--search-seed", "20260925", "--claim", "S1-F-MC-A12-C01"] ===
{"iteration": 0, "proposal": {"node": 2, "members": 312, "mode": "pair", "quantile": 0.8}, "proposal_dev_nll": 5.379146890302541, "accepted": false, "current_dev_nll": 5.373435589668923, "best_dev_nll": 5.373435589668923, "temperature": 0.02}
{"iteration": 31, "proposal": {"node": 27, "members": 46, "mode": "pair", "quantile": 0.2}, "proposal_dev_nll": 5.375101143854972, "accepted": true, "current_dev_nll": 5.375101143854972, "best_dev_nll": 5.369201266196681, "temperature": 0.012518524426807578}
{"iteration": 63, "proposal": {"node": 3, "members": 81, "mode": "perturb", "quantile": 0.8}, "proposal_dev_nll": 5.379255102075757, "accepted": true, "current_dev_nll": 5.379255102075757, "best_dev_nll": 5.369201266196681, "temperature": 0.007718137600860466}
{"iteration": 95, "proposal": {"node": 0, "members": 512, "mode": "pair", "quantile": 0.2}, "proposal_dev_nll": 5.4041675892854, "accepted": false, "current_dev_nll": 5.364976544225338, "best_dev_nll": 5.364904457441137, "temperature": 0.0047585199337273135}
{"iteration": 127, "proposal": {"node": 4, "members": 251, "mode": "pair", "quantile": 0.35}, "proposal_dev_nll": 5.365874276860316, "accepted": true, "current_dev_nll": 5.365874276860316, "best_dev_nll": 5.358093950311847, "temperature": 0.002933805165271446}
{"iteration": 159, "proposal": {"node": 24, "members": 54, "mode": "perturb", "quantile": 0.2}, "proposal_dev_nll": 5.3588525629476615, "accepted": false, "current_dev_nll": 5.357479980328223, "best_dev_nll": 5.357479980328223, "temperature": 0.001808800397528533}
{"iteration": 191, "proposal": {"node": 20, "members": 83, "mode": "pair", "quantile": 0.35}, "proposal_dev_nll": 5.352216387330439, "accepted": true, "current_dev_nll": 5.352216387330439, "best_dev_nll": 5.350753641494547, "temperature": 0.0011151929640142498}
{"iteration": 223, "proposal": {"node": 19, "members": 69, "mode": "pair", "quantile": 0.2}, "proposal_dev_nll": 5.344684857169702, "accepted": true, "current_dev_nll": 5.344684857169702, "best_dev_nll": 5.344684857169702, "temperature": 0.0006875580902603542}
{"iteration": 255, "proposal": {"node": 13, "members": 41, "mode": "pair", "quantile": 0.35}, "proposal_dev_nll": 5.341407562257485, "accepted": true, "current_dev_nll": 5.341407562257485, "best_dev_nll": 5.341407562257485, "temperature": 0.00042390522782784066}
{"iteration": 287, "proposal": {"node": 26, "members": 51, "mode": "pair", "quantile": 0.35}, "proposal_dev_nll": 5.339733413653482, "accepted": false, "current_dev_nll": 5.336657860979032, "best_dev_nll": 5.336657860979032, "temperature": 0.00026135339649880203}
{"iteration": 319, "proposal": {"node": 5, "members": 123, "mode": "perturb", "quantile": 0.5}, "proposal_dev_nll": 5.335562375443821, "accepted": true, "current_dev_nll": 5.335562375443821, "best_dev_nll": 5.335509953435979, "temperature": 0.00016113412474639443}
{"iteration": 351, "proposal": {"node": 13, "members": 35, "mode": "pair", "quantile": 0.5}, "proposal_dev_nll": 5.32941031572993, "accepted": true, "current_dev_nll": 5.32941031572993, "best_dev_nll": 5.32941031572993, "temperature": 9.934520272402742e-05}
{"iteration": 383, "proposal": {"node": 17, "members": 16, "mode": "pair", "quantile": 0.65}, "proposal_dev_nll": 5.327152458480439, "accepted": false, "current_dev_nll": 5.32665747548824, "best_dev_nll": 5.32665747548824, "temperature": 6.125002583910422e-05}
{"iteration": 415, "proposal": {"node": 3, "members": 172, "mode": "pair", "quantile": 0.8}, "proposal_dev_nll": 5.331676860394764, "accepted": false, "current_dev_nll": 5.325407355095079, "best_dev_nll": 5.325407355095079, "temperature": 3.776292727201401e-05}
{"iteration": 447, "proposal": {"node": 22, "members": 40, "mode": "pair", "quantile": 0.2}, "proposal_dev_nll": 5.324354689613021, "accepted": false, "current_dev_nll": 5.323725267701591, "best_dev_nll": 5.323725267701591, "temperature": 2.3282254278511423e-05}
{"iteration": 479, "proposal": {"node": 14, "members": 22, "mode": "perturb", "quantile": 0.8}, "proposal_dev_nll": 5.326257908346595, "accepted": false, "current_dev_nll": 5.32255772507471, "best_dev_nll": 5.32255772507471, "temperature": 1.4354378843162008e-05}
{"iteration": 511, "proposal": {"node": 26, "members": 38, "mode": "perturb", "quantile": 0.35}, "proposal_dev_nll": 5.321270569352049, "accepted": true, "current_dev_nll": 5.321270569352049, "best_dev_nll": 5.321270569352049, "temperature": 8.850010377353844e-06}
{
  "claim": "S1-F-MC-A12-C01",
  "boundary": "Corpus context-field embedding F search only; no next-token, decoder, READ, translation, or generation target.",
  "config": {
    "counts": "ara/s1-echo/evidence/s1_real_corpus_annealed_token_space/formal_200k_seed19101/context_counts.pt",
    "out": "ara/s1-echo/evidence/s1_probability_residual_tree_replication_depth_a12/formal/depth_5/seed_20260925",
    "depth": 5,
    "iterations": 512,
    "fit_ratio": 0.8,
    "alpha": 0.05,
    "temperature": 0.02,
    "seed": 20260924,
    "split_seed": 20260924,
    "search_seed": 20260925,
    "claim": "S1-F-MC-A12-C01",
    "device": "cuda",
    "resolved_split_seed": 20260924,
    "resolved_search_seed": 20260925
  },
  "shape": {
    "tokens": 512,
    "contexts": 1024,
    "leaves": 32
  },
  "counts": {
    "fit": 5278851.0,
    "search_dev": 1320737.0,
    "sealed_test": 735369.0
  },
  "search": {
    "initial_dev_nll": 5.373435589668923,
    "best_dev_nll": 5.321270569352049,
    "dev_gain": 0.05216502031687398,
    "accepted": 231,
    "iterations": 512
  },
  "sealed_evaluation": {
    "initial_test_nll": 5.3963719737835865,
    "best_test_nll": 5.343324661792165,
    "random_test_nll": 5.459133755754176,
    "best_minus_initial": -0.05304731199142143,
    "best_minus_random": -0.11580909396201111
  },
  "structure": {
    "leaf_utilization": 1.0,
    "occupancy_entropy": 0.8920792063453132,
    "fold_conservation_max_abs": 2.7755575615628914e-17,
    "residual_closure_max_abs": 2.7755575615628914e-17
  },
  "gates": {
    "finite": true,
    "accepted_at_least_one": true,
    "fold_conservation_le_1e_10": true,
    "residual_closure_le_1e_10": true,
    "dev_gain_ge_0_005": true,
    "sealed_test_not_worse_gt_0_01": true,
    "sealed_test_better_than_random": true,
    "leaf_utilization_ge_0_50": true
  },
  "claim_supported": true
}
=== status=done exit=0 elapsed=3.5s 2026-09-23T08:56:52Z ===
