=== taskd run 570 2026-09-23T08:56:52Z ===
=== cwd=/home/nio/log/holds/SameTime ===
=== cmd=["python3", "ara/s1-echo/src/s1_probability_residual_tree_mc_a11.py", "--out", "ara/s1-echo/evidence/s1_probability_residual_tree_replication_depth_a12/formal/depth_5/seed_20260926", "--depth", "5", "--iterations", "512", "--split-seed", "20260924", "--search-seed", "20260926", "--claim", "S1-F-MC-A12-C01"] ===
{"iteration": 0, "proposal": {"node": 28, "members": 71, "mode": "pair", "quantile": 0.2}, "proposal_dev_nll": 5.373262669558675, "accepted": true, "current_dev_nll": 5.373262669558675, "best_dev_nll": 5.373262669558675, "temperature": 0.02}
{"iteration": 31, "proposal": {"node": 25, "members": 35, "mode": "perturb", "quantile": 0.35}, "proposal_dev_nll": 5.389596630815834, "accepted": true, "current_dev_nll": 5.389596630815834, "best_dev_nll": 5.373262669558675, "temperature": 0.012518524426807578}
{"iteration": 63, "proposal": {"node": 23, "members": 7, "mode": "pair", "quantile": 0.65}, "proposal_dev_nll": 5.400231548478772, "accepted": true, "current_dev_nll": 5.400231548478772, "best_dev_nll": 5.373262669558675, "temperature": 0.007718137600860466}
{"iteration": 95, "proposal": {"node": 22, "members": 46, "mode": "pair", "quantile": 0.65}, "proposal_dev_nll": 5.399167582850168, "accepted": true, "current_dev_nll": 5.399167582850168, "best_dev_nll": 5.373262669558675, "temperature": 0.0047585199337273135}
{"iteration": 127, "proposal": {"node": 14, "members": 39, "mode": "pair", "quantile": 0.2}, "proposal_dev_nll": 5.390422181039448, "accepted": true, "current_dev_nll": 5.390422181039448, "best_dev_nll": 5.373262669558675, "temperature": 0.002933805165271446}
{"iteration": 159, "proposal": {"node": 25, "members": 32, "mode": "perturb", "quantile": 0.65}, "proposal_dev_nll": 5.376355468914006, "accepted": true, "current_dev_nll": 5.376355468914006, "best_dev_nll": 5.373262669558675, "temperature": 0.001808800397528533}
{"iteration": 191, "proposal": {"node": 27, "members": 15, "mode": "pair", "quantile": 0.5}, "proposal_dev_nll": 5.370694470624582, "accepted": true, "current_dev_nll": 5.370694470624582, "best_dev_nll": 5.370694470624582, "temperature": 0.0011151929640142498}
{"iteration": 223, "proposal": {"node": 24, "members": 55, "mode": "pair", "quantile": 0.35}, "proposal_dev_nll": 5.361660853262325, "accepted": true, "current_dev_nll": 5.361660853262325, "best_dev_nll": 5.361660853262325, "temperature": 0.0006875580902603542}
{"iteration": 255, "proposal": {"node": 22, "members": 24, "mode": "pair", "quantile": 0.2}, "proposal_dev_nll": 5.342776461184045, "accepted": false, "current_dev_nll": 5.341702010305972, "best_dev_nll": 5.341702010305972, "temperature": 0.00042390522782784066}
{"iteration": 287, "proposal": {"node": 30, "members": 45, "mode": "pair", "quantile": 0.5}, "proposal_dev_nll": 5.336721645470757, "accepted": false, "current_dev_nll": 5.336447301167433, "best_dev_nll": 5.336447301167433, "temperature": 0.00026135339649880203}
{"iteration": 319, "proposal": {"node": 1, "members": 262, "mode": "perturb", "quantile": 0.8}, "proposal_dev_nll": 5.333246625405347, "accepted": false, "current_dev_nll": 5.330452481732417, "best_dev_nll": 5.330452481732417, "temperature": 0.00016113412474639443}
{"iteration": 351, "proposal": {"node": 18, "members": 47, "mode": "pair", "quantile": 0.65}, "proposal_dev_nll": 5.331369997537657, "accepted": false, "current_dev_nll": 5.330178042765432, "best_dev_nll": 5.330178042765432, "temperature": 9.934520272402742e-05}
{"iteration": 383, "proposal": {"node": 29, "members": 36, "mode": "pair", "quantile": 0.65}, "proposal_dev_nll": 5.328943719639083, "accepted": true, "current_dev_nll": 5.328943719639083, "best_dev_nll": 5.328943719639083, "temperature": 6.125002583910422e-05}
{"iteration": 415, "proposal": {"node": 2, "members": 250, "mode": "pair", "quantile": 0.2}, "proposal_dev_nll": 5.340458174695254, "accepted": false, "current_dev_nll": 5.328578846102477, "best_dev_nll": 5.328578846102477, "temperature": 3.776292727201401e-05}
{"iteration": 447, "proposal": {"node": 3, "members": 174, "mode": "pair", "quantile": 0.35}, "proposal_dev_nll": 5.334213473789728, "accepted": false, "current_dev_nll": 5.325624244628328, "best_dev_nll": 5.325624244628328, "temperature": 2.3282254278511423e-05}
{"iteration": 479, "proposal": {"node": 28, "members": 28, "mode": "pair", "quantile": 0.65}, "proposal_dev_nll": 5.328174348505126, "accepted": false, "current_dev_nll": 5.325624244628328, "best_dev_nll": 5.325624244628328, "temperature": 1.4354378843162008e-05}
{"iteration": 511, "proposal": {"node": 13, "members": 45, "mode": "perturb", "quantile": 0.65}, "proposal_dev_nll": 5.329354352450354, "accepted": false, "current_dev_nll": 5.325137800483486, "best_dev_nll": 5.325137800483486, "temperature": 8.850010377353844e-06}
{
  "claim": "S1-F-MC-A12-C01",
  "boundary": "Corpus context-field embedding F search only; no next-token, decoder, READ, translation, or generation target.",
  "config": {
    "counts": "ara/s1-echo/evidence/s1_real_corpus_annealed_token_space/formal_200k_seed19101/context_counts.pt",
    "out": "ara/s1-echo/evidence/s1_probability_residual_tree_replication_depth_a12/formal/depth_5/seed_20260926",
    "depth": 5,
    "iterations": 512,
    "fit_ratio": 0.8,
    "alpha": 0.05,
    "temperature": 0.02,
    "seed": 20260924,
    "split_seed": 20260924,
    "search_seed": 20260926,
    "claim": "S1-F-MC-A12-C01",
    "device": "cuda",
    "resolved_split_seed": 20260924,
    "resolved_search_seed": 20260926
  },
  "shape": {
    "tokens": 512,
    "contexts": 1024,
    "leaves": 32
  },
  "counts": {
    "fit": 5278851.0,
    "search_dev": 1320737.0,
    "sealed_test": 735369.0
  },
  "search": {
    "initial_dev_nll": 5.373435589668923,
    "best_dev_nll": 5.325137800483486,
    "dev_gain": 0.04829778918543681,
    "accepted": 247,
    "iterations": 512
  },
  "sealed_evaluation": {
    "initial_test_nll": 5.3963719737835865,
    "best_test_nll": 5.345866887912258,
    "random_test_nll": 5.457960361895662,
    "best_minus_initial": -0.05050508587132807,
    "best_minus_random": -0.11209347398340341
  },
  "structure": {
    "leaf_utilization": 1.0,
    "occupancy_entropy": 0.9089965708225216,
    "fold_conservation_max_abs": 2.7755575615628914e-17,
    "residual_closure_max_abs": 1.3877787807814457e-17
  },
  "gates": {
    "finite": true,
    "accepted_at_least_one": true,
    "fold_conservation_le_1e_10": true,
    "residual_closure_le_1e_10": true,
    "dev_gain_ge_0_005": true,
    "sealed_test_not_worse_gt_0_01": true,
    "sealed_test_better_than_random": true,
    "leaf_utilization_ge_0_50": true
  },
  "claim_supported": true
}
=== status=done exit=0 elapsed=3.5s 2026-09-23T08:56:55Z ===
