=== taskd run 571 2026-09-23T08:56:55Z ===
=== cwd=/home/nio/log/holds/SameTime ===
=== cmd=["python3", "ara/s1-echo/src/s1_probability_residual_tree_mc_a11.py", "--out", "ara/s1-echo/evidence/s1_probability_residual_tree_replication_depth_a12/formal/depth_5/seed_20260927", "--depth", "5", "--iterations", "512", "--split-seed", "20260924", "--search-seed", "20260927", "--claim", "S1-F-MC-A12-C01"] ===
{"iteration": 0, "proposal": {"node": 21, "members": 33, "mode": "pair", "quantile": 0.35}, "proposal_dev_nll": 5.3734467553933865, "accepted": true, "current_dev_nll": 5.3734467553933865, "best_dev_nll": 5.373435589668923, "temperature": 0.02}
{"iteration": 31, "proposal": {"node": 25, "members": 8, "mode": "pair", "quantile": 0.8}, "proposal_dev_nll": 5.397009589044889, "accepted": true, "current_dev_nll": 5.397009589044889, "best_dev_nll": 5.371978283240936, "temperature": 0.012518524426807578}
{"iteration": 63, "proposal": {"node": 8, "members": 15, "mode": "perturb", "quantile": 0.35}, "proposal_dev_nll": 5.387107534744677, "accepted": true, "current_dev_nll": 5.387107534744677, "best_dev_nll": 5.371978283240936, "temperature": 0.007718137600860466}
{"iteration": 95, "proposal": {"node": 25, "members": 30, "mode": "pair", "quantile": 0.5}, "proposal_dev_nll": 5.374262637028764, "accepted": true, "current_dev_nll": 5.374262637028764, "best_dev_nll": 5.371978283240936, "temperature": 0.0047585199337273135}
{"iteration": 127, "proposal": {"node": 10, "members": 40, "mode": "perturb", "quantile": 0.5}, "proposal_dev_nll": 5.36741487977488, "accepted": true, "current_dev_nll": 5.36741487977488, "best_dev_nll": 5.362181671744405, "temperature": 0.002933805165271446}
{"iteration": 159, "proposal": {"node": 11, "members": 22, "mode": "perturb", "quantile": 0.8}, "proposal_dev_nll": 5.365538545528966, "accepted": false, "current_dev_nll": 5.362717394588863, "best_dev_nll": 5.362181671744405, "temperature": 0.001808800397528533}
{"iteration": 191, "proposal": {"node": 8, "members": 87, "mode": "pair", "quantile": 0.65}, "proposal_dev_nll": 5.35425291389611, "accepted": false, "current_dev_nll": 5.3522554318529645, "best_dev_nll": 5.351993143937746, "temperature": 0.0011151929640142498}
{"iteration": 223, "proposal": {"node": 11, "members": 21, "mode": "pair", "quantile": 0.5}, "proposal_dev_nll": 5.353006104969301, "accepted": false, "current_dev_nll": 5.349861162393641, "best_dev_nll": 5.349861162393641, "temperature": 0.0006875580902603542}
{"iteration": 255, "proposal": {"node": 23, "members": 3, "mode": "perturb", "quantile": 0.2}, "proposal_dev_nll": 5.346231427364189, "accepted": true, "current_dev_nll": 5.346231427364189, "best_dev_nll": 5.3455930101376845, "temperature": 0.00042390522782784066}
{"iteration": 287, "proposal": {"node": 23, "members": 3, "mode": "perturb", "quantile": 0.5}, "proposal_dev_nll": 5.340730689721594, "accepted": false, "current_dev_nll": 5.339951663048305, "best_dev_nll": 5.339951663048305, "temperature": 0.00026135339649880203}
{"iteration": 319, "proposal": {"node": 22, "members": 19, "mode": "pair", "quantile": 0.65}, "proposal_dev_nll": 5.336377965825884, "accepted": true, "current_dev_nll": 5.336377965825884, "best_dev_nll": 5.336377965825884, "temperature": 0.00016113412474639443}
{"iteration": 351, "proposal": {"node": 6, "members": 204, "mode": "perturb", "quantile": 0.8}, "proposal_dev_nll": 5.3351912796664775, "accepted": false, "current_dev_nll": 5.334548387857524, "best_dev_nll": 5.334548387857524, "temperature": 9.934520272402742e-05}
{"iteration": 383, "proposal": {"node": 28, "members": 98, "mode": "perturb", "quantile": 0.65}, "proposal_dev_nll": 5.335261822069121, "accepted": false, "current_dev_nll": 5.333750885520264, "best_dev_nll": 5.333750885520264, "temperature": 6.125002583910422e-05}
{"iteration": 415, "proposal": {"node": 16, "members": 3, "mode": "pair", "quantile": 0.2}, "proposal_dev_nll": 5.333006688877225, "accepted": true, "current_dev_nll": 5.333006688877225, "best_dev_nll": 5.333006688877225, "temperature": 3.776292727201401e-05}
{"iteration": 447, "proposal": {"node": 25, "members": 23, "mode": "perturb", "quantile": 0.5}, "proposal_dev_nll": 5.327634261561998, "accepted": true, "current_dev_nll": 5.327634261561998, "best_dev_nll": 5.327634261561998, "temperature": 2.3282254278511423e-05}
{"iteration": 479, "proposal": {"node": 23, "members": 3, "mode": "pair", "quantile": 0.2}, "proposal_dev_nll": 5.327487203062192, "accepted": true, "current_dev_nll": 5.327487203062192, "best_dev_nll": 5.327487203062192, "temperature": 1.4354378843162008e-05}
{"iteration": 511, "proposal": {"node": 3, "members": 121, "mode": "pair", "quantile": 0.35}, "proposal_dev_nll": 5.336653052882604, "accepted": false, "current_dev_nll": 5.326837485241511, "best_dev_nll": 5.326837485241511, "temperature": 8.850010377353844e-06}
{
  "claim": "S1-F-MC-A12-C01",
  "boundary": "Corpus context-field embedding F search only; no next-token, decoder, READ, translation, or generation target.",
  "config": {
    "counts": "ara/s1-echo/evidence/s1_real_corpus_annealed_token_space/formal_200k_seed19101/context_counts.pt",
    "out": "ara/s1-echo/evidence/s1_probability_residual_tree_replication_depth_a12/formal/depth_5/seed_20260927",
    "depth": 5,
    "iterations": 512,
    "fit_ratio": 0.8,
    "alpha": 0.05,
    "temperature": 0.02,
    "seed": 20260924,
    "split_seed": 20260924,
    "search_seed": 20260927,
    "claim": "S1-F-MC-A12-C01",
    "device": "cuda",
    "resolved_split_seed": 20260924,
    "resolved_search_seed": 20260927
  },
  "shape": {
    "tokens": 512,
    "contexts": 1024,
    "leaves": 32
  },
  "counts": {
    "fit": 5278851.0,
    "search_dev": 1320737.0,
    "sealed_test": 735369.0
  },
  "search": {
    "initial_dev_nll": 5.373435589668923,
    "best_dev_nll": 5.326837485241511,
    "dev_gain": 0.04659810442741197,
    "accepted": 250,
    "iterations": 512
  },
  "sealed_evaluation": {
    "initial_test_nll": 5.3963719737835865,
    "best_test_nll": 5.347862026096985,
    "random_test_nll": 5.457934552344358,
    "best_minus_initial": -0.04850994768660133,
    "best_minus_random": -0.11007252624737252
  },
  "structure": {
    "leaf_utilization": 1.0,
    "occupancy_entropy": 0.9273599134258377,
    "fold_conservation_max_abs": 1.3877787807814457e-17,
    "residual_closure_max_abs": 2.7755575615628914e-17
  },
  "gates": {
    "finite": true,
    "accepted_at_least_one": true,
    "fold_conservation_le_1e_10": true,
    "residual_closure_le_1e_10": true,
    "dev_gain_ge_0_005": true,
    "sealed_test_not_worse_gt_0_01": true,
    "sealed_test_better_than_random": true,
    "leaf_utilization_ge_0_50": true
  },
  "claim_supported": true
}
=== status=done exit=0 elapsed=3.5s 2026-09-23T08:56:59Z ===
