=== taskd run 572 2026-09-23T08:56:59Z ===
=== cwd=/home/nio/log/holds/SameTime ===
=== cmd=["python3", "ara/s1-echo/src/s1_probability_residual_tree_mc_a11.py", "--out", "ara/s1-echo/evidence/s1_probability_residual_tree_replication_depth_a12/formal/depth_6/seed_20260925", "--depth", "6", "--iterations", "512", "--split-seed", "20260924", "--search-seed", "20260925", "--claim", "S1-F-MC-A12-C01"] ===
{"iteration": 0, "proposal": {"node": 4, "members": 129, "mode": "pair", "quantile": 0.2}, "proposal_dev_nll": 5.329299688252553, "accepted": true, "current_dev_nll": 5.329299688252553, "best_dev_nll": 5.322415380681861, "temperature": 0.02}
{"iteration": 31, "proposal": {"node": 19, "members": 15, "mode": "pair", "quantile": 0.2}, "proposal_dev_nll": 5.34089162139378, "accepted": true, "current_dev_nll": 5.34089162139378, "best_dev_nll": 5.322415380681861, "temperature": 0.012518524426807578}
{"iteration": 63, "proposal": {"node": 34, "members": 28, "mode": "pair", "quantile": 0.5}, "proposal_dev_nll": 5.347612116277973, "accepted": true, "current_dev_nll": 5.347612116277973, "best_dev_nll": 5.322415380681861, "temperature": 0.007718137600860466}
{"iteration": 95, "proposal": {"node": 18, "members": 5, "mode": "perturb", "quantile": 0.5}, "proposal_dev_nll": 5.355978349098856, "accepted": true, "current_dev_nll": 5.355978349098856, "best_dev_nll": 5.322415380681861, "temperature": 0.0047585199337273135}
{"iteration": 127, "proposal": {"node": 15, "members": 21, "mode": "pair", "quantile": 0.2}, "proposal_dev_nll": 5.350042526494805, "accepted": true, "current_dev_nll": 5.350042526494805, "best_dev_nll": 5.322415380681861, "temperature": 0.002933805165271446}
{"iteration": 159, "proposal": {"node": 22, "members": 25, "mode": "pair", "quantile": 0.2}, "proposal_dev_nll": 5.34928374094906, "accepted": false, "current_dev_nll": 5.347360569098228, "best_dev_nll": 5.322415380681861, "temperature": 0.001808800397528533}
{"iteration": 191, "proposal": {"node": 40, "members": 3, "mode": "pair", "quantile": 0.65}, "proposal_dev_nll": 5.3389776966086115, "accepted": false, "current_dev_nll": 5.3380265697502995, "best_dev_nll": 5.322415380681861, "temperature": 0.0011151929640142498}
{"iteration": 223, "proposal": {"node": 29, "members": 38, "mode": "pair", "quantile": 0.5}, "proposal_dev_nll": 5.3279911369939486, "accepted": true, "current_dev_nll": 5.3279911369939486, "best_dev_nll": 5.322415380681861, "temperature": 0.0006875580902603542}
{"iteration": 255, "proposal": {"node": 31, "members": 9, "mode": "pair", "quantile": 0.8}, "proposal_dev_nll": 5.322439948301667, "accepted": true, "current_dev_nll": 5.322439948301667, "best_dev_nll": 5.322415380681861, "temperature": 0.00042390522782784066}
{"iteration": 287, "proposal": {"node": 61, "members": 46, "mode": "pair", "quantile": 0.35}, "proposal_dev_nll": 5.317588169610677, "accepted": false, "current_dev_nll": 5.315773515544717, "best_dev_nll": 5.315773515544717, "temperature": 0.00026135339649880203}
{"iteration": 319, "proposal": {"node": 42, "members": 6, "mode": "pair", "quantile": 0.5}, "proposal_dev_nll": 5.31037999476671, "accepted": true, "current_dev_nll": 5.31037999476671, "best_dev_nll": 5.31037999476671, "temperature": 0.00016113412474639443}
{"iteration": 351, "proposal": {"node": 32, "members": 10, "mode": "perturb", "quantile": 0.65}, "proposal_dev_nll": 5.3000113271457545, "accepted": true, "current_dev_nll": 5.3000113271457545, "best_dev_nll": 5.299988851419001, "temperature": 9.934520272402742e-05}
{"iteration": 383, "proposal": {"node": 29, "members": 51, "mode": "pair", "quantile": 0.5}, "proposal_dev_nll": 5.302406555649564, "accepted": false, "current_dev_nll": 5.299983427725848, "best_dev_nll": 5.299669871894763, "temperature": 6.125002583910422e-05}
{"iteration": 415, "proposal": {"node": 5, "members": 201, "mode": "pair", "quantile": 0.5}, "proposal_dev_nll": 5.30257753021364, "accepted": false, "current_dev_nll": 5.295044022939907, "best_dev_nll": 5.295026451186697, "temperature": 3.776292727201401e-05}
{"iteration": 447, "proposal": {"node": 27, "members": 35, "mode": "pair", "quantile": 0.35}, "proposal_dev_nll": 5.295725823226974, "accepted": false, "current_dev_nll": 5.293742432775842, "best_dev_nll": 5.293742432775842, "temperature": 2.3282254278511423e-05}
{"iteration": 479, "proposal": {"node": 13, "members": 65, "mode": "pair", "quantile": 0.5}, "proposal_dev_nll": 5.29723221482613, "accepted": false, "current_dev_nll": 5.293177324226593, "best_dev_nll": 5.293177324226593, "temperature": 1.4354378843162008e-05}
{"iteration": 511, "proposal": {"node": 23, "members": 72, "mode": "pair", "quantile": 0.35}, "proposal_dev_nll": 5.293605130192542, "accepted": false, "current_dev_nll": 5.293032341383549, "best_dev_nll": 5.293032341383549, "temperature": 8.850010377353844e-06}
{
  "claim": "S1-F-MC-A12-C01",
  "boundary": "Corpus context-field embedding F search only; no next-token, decoder, READ, translation, or generation target.",
  "config": {
    "counts": "ara/s1-echo/evidence/s1_real_corpus_annealed_token_space/formal_200k_seed19101/context_counts.pt",
    "out": "ara/s1-echo/evidence/s1_probability_residual_tree_replication_depth_a12/formal/depth_6/seed_20260925",
    "depth": 6,
    "iterations": 512,
    "fit_ratio": 0.8,
    "alpha": 0.05,
    "temperature": 0.02,
    "seed": 20260924,
    "split_seed": 20260924,
    "search_seed": 20260925,
    "claim": "S1-F-MC-A12-C01",
    "device": "cuda",
    "resolved_split_seed": 20260924,
    "resolved_search_seed": 20260925
  },
  "shape": {
    "tokens": 512,
    "contexts": 1024,
    "leaves": 64
  },
  "counts": {
    "fit": 5278851.0,
    "search_dev": 1320737.0,
    "sealed_test": 735369.0
  },
  "search": {
    "initial_dev_nll": 5.322415380681861,
    "best_dev_nll": 5.293032341383549,
    "dev_gain": 0.02938303929831143,
    "accepted": 306,
    "iterations": 512
  },
  "sealed_evaluation": {
    "initial_test_nll": 5.347229048633816,
    "best_test_nll": 5.317634399207071,
    "random_test_nll": 5.410900665203016,
    "best_minus_initial": -0.029594649426744724,
    "best_minus_random": -0.09326626599594512
  },
  "structure": {
    "leaf_utilization": 0.984375,
    "occupancy_entropy": 0.8679339849135009,
    "fold_conservation_max_abs": 1.3877787807814457e-17,
    "residual_closure_max_abs": 2.7755575615628914e-17
  },
  "gates": {
    "finite": true,
    "accepted_at_least_one": true,
    "fold_conservation_le_1e_10": true,
    "residual_closure_le_1e_10": true,
    "dev_gain_ge_0_005": true,
    "sealed_test_not_worse_gt_0_01": true,
    "sealed_test_better_than_random": true,
    "leaf_utilization_ge_0_50": true
  },
  "claim_supported": true
}
=== status=done exit=0 elapsed=4.0s 2026-09-23T08:57:03Z ===
