=== taskd run 573 2026-09-23T08:57:03Z ===
=== cwd=/home/nio/log/holds/SameTime ===
=== cmd=["python3", "ara/s1-echo/src/s1_probability_residual_tree_mc_a11.py", "--out", "ara/s1-echo/evidence/s1_probability_residual_tree_replication_depth_a12/formal/depth_6/seed_20260926", "--depth", "6", "--iterations", "512", "--split-seed", "20260924", "--search-seed", "20260926", "--claim", "S1-F-MC-A12-C01"] ===
{"iteration": 0, "proposal": {"node": 61, "members": 48, "mode": "pair", "quantile": 0.2}, "proposal_dev_nll": 5.322110364949444, "accepted": true, "current_dev_nll": 5.322110364949444, "best_dev_nll": 5.322110364949444, "temperature": 0.02}
{"iteration": 31, "proposal": {"node": 8, "members": 43, "mode": "perturb", "quantile": 0.35}, "proposal_dev_nll": 5.329424861836471, "accepted": true, "current_dev_nll": 5.329424861836471, "best_dev_nll": 5.322110364949444, "temperature": 0.012518524426807578}
{"iteration": 63, "proposal": {"node": 39, "members": 7, "mode": "pair", "quantile": 0.2}, "proposal_dev_nll": 5.329770904243042, "accepted": true, "current_dev_nll": 5.329770904243042, "best_dev_nll": 5.322110364949444, "temperature": 0.007718137600860466}
{"iteration": 95, "proposal": {"node": 28, "members": 40, "mode": "pair", "quantile": 0.5}, "proposal_dev_nll": 5.339404792193736, "accepted": true, "current_dev_nll": 5.339404792193736, "best_dev_nll": 5.322110364949444, "temperature": 0.0047585199337273135}
{"iteration": 127, "proposal": {"node": 51, "members": 18, "mode": "pair", "quantile": 0.35}, "proposal_dev_nll": 5.345986056731759, "accepted": true, "current_dev_nll": 5.345986056731759, "best_dev_nll": 5.322110364949444, "temperature": 0.002933805165271446}
{"iteration": 159, "proposal": {"node": 19, "members": 5, "mode": "perturb", "quantile": 0.2}, "proposal_dev_nll": 5.335831188927029, "accepted": true, "current_dev_nll": 5.335831188927029, "best_dev_nll": 5.322110364949444, "temperature": 0.001808800397528533}
{"iteration": 191, "proposal": {"node": 55, "members": 18, "mode": "pair", "quantile": 0.65}, "proposal_dev_nll": 5.328150644848776, "accepted": true, "current_dev_nll": 5.328150644848776, "best_dev_nll": 5.322110364949444, "temperature": 0.0011151929640142498}
{"iteration": 223, "proposal": {"node": 14, "members": 168, "mode": "perturb", "quantile": 0.5}, "proposal_dev_nll": 5.324907820674911, "accepted": false, "current_dev_nll": 5.3227998106343195, "best_dev_nll": 5.322110364949444, "temperature": 0.0006875580902603542}
{"iteration": 255, "proposal": {"node": 41, "members": 6, "mode": "perturb", "quantile": 0.35}, "proposal_dev_nll": 5.316757732764886, "accepted": false, "current_dev_nll": 5.315871329358097, "best_dev_nll": 5.315579085528243, "temperature": 0.00042390522782784066}
{"iteration": 287, "proposal": {"node": 41, "members": 6, "mode": "pair", "quantile": 0.35}, "proposal_dev_nll": 5.311918964898465, "accepted": true, "current_dev_nll": 5.311918964898465, "best_dev_nll": 5.311782891325575, "temperature": 0.00026135339649880203}
{"iteration": 319, "proposal": {"node": 3, "members": 140, "mode": "perturb", "quantile": 0.8}, "proposal_dev_nll": 5.314145144173314, "accepted": false, "current_dev_nll": 5.309166406644027, "best_dev_nll": 5.30910215328702, "temperature": 0.00016113412474639443}
{"iteration": 351, "proposal": {"node": 21, "members": 5, "mode": "pair", "quantile": 0.8}, "proposal_dev_nll": 5.304577148119295, "accepted": true, "current_dev_nll": 5.304577148119295, "best_dev_nll": 5.304541225125034, "temperature": 9.934520272402742e-05}
{"iteration": 383, "proposal": {"node": 7, "members": 74, "mode": "perturb", "quantile": 0.5}, "proposal_dev_nll": 5.301984917577122, "accepted": false, "current_dev_nll": 5.301441260754778, "best_dev_nll": 5.301441260754778, "temperature": 6.125002583910422e-05}
{"iteration": 415, "proposal": {"node": 5, "members": 55, "mode": "perturb", "quantile": 0.5}, "proposal_dev_nll": 5.299021292348878, "accepted": true, "current_dev_nll": 5.299021292348878, "best_dev_nll": 5.299021292348878, "temperature": 3.776292727201401e-05}
{"iteration": 447, "proposal": {"node": 12, "members": 46, "mode": "pair", "quantile": 0.5}, "proposal_dev_nll": 5.30042661337677, "accepted": false, "current_dev_nll": 5.296286768085705, "best_dev_nll": 5.296286768085705, "temperature": 2.3282254278511423e-05}
{"iteration": 479, "proposal": {"node": 20, "members": 14, "mode": "pair", "quantile": 0.2}, "proposal_dev_nll": 5.297194129959266, "accepted": false, "current_dev_nll": 5.295545254436495, "best_dev_nll": 5.295545254436495, "temperature": 1.4354378843162008e-05}
{"iteration": 511, "proposal": {"node": 29, "members": 128, "mode": "pair", "quantile": 0.2}, "proposal_dev_nll": 5.2944831463261055, "accepted": false, "current_dev_nll": 5.293215663745999, "best_dev_nll": 5.293215663745999, "temperature": 8.850010377353844e-06}
{
  "claim": "S1-F-MC-A12-C01",
  "boundary": "Corpus context-field embedding F search only; no next-token, decoder, READ, translation, or generation target.",
  "config": {
    "counts": "ara/s1-echo/evidence/s1_real_corpus_annealed_token_space/formal_200k_seed19101/context_counts.pt",
    "out": "ara/s1-echo/evidence/s1_probability_residual_tree_replication_depth_a12/formal/depth_6/seed_20260926",
    "depth": 6,
    "iterations": 512,
    "fit_ratio": 0.8,
    "alpha": 0.05,
    "temperature": 0.02,
    "seed": 20260924,
    "split_seed": 20260924,
    "search_seed": 20260926,
    "claim": "S1-F-MC-A12-C01",
    "device": "cuda",
    "resolved_split_seed": 20260924,
    "resolved_search_seed": 20260926
  },
  "shape": {
    "tokens": 512,
    "contexts": 1024,
    "leaves": 64
  },
  "counts": {
    "fit": 5278851.0,
    "search_dev": 1320737.0,
    "sealed_test": 735369.0
  },
  "search": {
    "initial_dev_nll": 5.322415380681861,
    "best_dev_nll": 5.293215663745999,
    "dev_gain": 0.029199716935861986,
    "accepted": 279,
    "iterations": 512
  },
  "sealed_evaluation": {
    "initial_test_nll": 5.347229048633816,
    "best_test_nll": 5.3179680267474785,
    "random_test_nll": 5.4033715883255935,
    "best_minus_initial": -0.02926102188633717,
    "best_minus_random": -0.08540356157811502
  },
  "structure": {
    "leaf_utilization": 0.96875,
    "occupancy_entropy": 0.8882871888416378,
    "fold_conservation_max_abs": 1.3877787807814457e-17,
    "residual_closure_max_abs": 1.3552527156068805e-17
  },
  "gates": {
    "finite": true,
    "accepted_at_least_one": true,
    "fold_conservation_le_1e_10": true,
    "residual_closure_le_1e_10": true,
    "dev_gain_ge_0_005": true,
    "sealed_test_not_worse_gt_0_01": true,
    "sealed_test_better_than_random": true,
    "leaf_utilization_ge_0_50": true
  },
  "claim_supported": true
}
=== status=done exit=0 elapsed=4.3s 2026-09-23T08:57:07Z ===
