=== taskd run 574 2026-09-23T08:57:07Z ===
=== cwd=/home/nio/log/holds/SameTime ===
=== cmd=["python3", "ara/s1-echo/src/s1_probability_residual_tree_mc_a11.py", "--out", "ara/s1-echo/evidence/s1_probability_residual_tree_replication_depth_a12/formal/depth_6/seed_20260927", "--depth", "6", "--iterations", "512", "--split-seed", "20260924", "--search-seed", "20260927", "--claim", "S1-F-MC-A12-C01"] ===
{"iteration": 0, "proposal": {"node": 45, "members": 6, "mode": "pair", "quantile": 0.35}, "proposal_dev_nll": 5.322355109735641, "accepted": true, "current_dev_nll": 5.322355109735641, "best_dev_nll": 5.322355109735641, "temperature": 0.02}
{"iteration": 31, "proposal": {"node": 52, "members": 11, "mode": "pair", "quantile": 0.5}, "proposal_dev_nll": 5.334000630244097, "accepted": true, "current_dev_nll": 5.334000630244097, "best_dev_nll": 5.322355109735641, "temperature": 0.012518524426807578}
{"iteration": 63, "proposal": {"node": 19, "members": 5, "mode": "pair", "quantile": 0.5}, "proposal_dev_nll": 5.343885836077348, "accepted": true, "current_dev_nll": 5.343885836077348, "best_dev_nll": 5.322355109735641, "temperature": 0.007718137600860466}
{"iteration": 95, "proposal": {"node": 53, "members": 4, "mode": "pair", "quantile": 0.35}, "proposal_dev_nll": 5.342782099273688, "accepted": true, "current_dev_nll": 5.342782099273688, "best_dev_nll": 5.322355109735641, "temperature": 0.0047585199337273135}
{"iteration": 127, "proposal": {"node": 49, "members": 6, "mode": "perturb", "quantile": 0.8}, "proposal_dev_nll": 5.332123484548975, "accepted": true, "current_dev_nll": 5.332123484548975, "best_dev_nll": 5.322355109735641, "temperature": 0.002933805165271446}
{"iteration": 159, "proposal": {"node": 15, "members": 37, "mode": "pair", "quantile": 0.35}, "proposal_dev_nll": 5.3274578258515195, "accepted": false, "current_dev_nll": 5.323764018338149, "best_dev_nll": 5.322355109735641, "temperature": 0.001808800397528533}
{"iteration": 191, "proposal": {"node": 25, "members": 17, "mode": "perturb", "quantile": 0.35}, "proposal_dev_nll": 5.315707365364613, "accepted": true, "current_dev_nll": 5.315707365364613, "best_dev_nll": 5.315563683153527, "temperature": 0.0011151929640142498}
{"iteration": 223, "proposal": {"node": 22, "members": 9, "mode": "pair", "quantile": 0.8}, "proposal_dev_nll": 5.313695502586445, "accepted": false, "current_dev_nll": 5.312815202107121, "best_dev_nll": 5.3127940951311095, "temperature": 0.0006875580902603542}
{"iteration": 255, "proposal": {"node": 23, "members": 13, "mode": "perturb", "quantile": 0.2}, "proposal_dev_nll": 5.306900503816761, "accepted": false, "current_dev_nll": 5.306530408748391, "best_dev_nll": 5.306238274412272, "temperature": 0.00042390522782784066}
{"iteration": 287, "proposal": {"node": 18, "members": 11, "mode": "perturb", "quantile": 0.35}, "proposal_dev_nll": 5.303819979053794, "accepted": false, "current_dev_nll": 5.301054865065073, "best_dev_nll": 5.300872063435203, "temperature": 0.00026135339649880203}
{"iteration": 319, "proposal": {"node": 57, "members": 33, "mode": "pair", "quantile": 0.2}, "proposal_dev_nll": 5.3026602060612875, "accepted": false, "current_dev_nll": 5.30078023752315, "best_dev_nll": 5.30078023752315, "temperature": 0.00016113412474639443}
{"iteration": 351, "proposal": {"node": 22, "members": 8, "mode": "perturb", "quantile": 0.2}, "proposal_dev_nll": 5.297242434518384, "accepted": false, "current_dev_nll": 5.296422989809758, "best_dev_nll": 5.296422989809758, "temperature": 9.934520272402742e-05}
{"iteration": 383, "proposal": {"node": 17, "members": 22, "mode": "perturb", "quantile": 0.8}, "proposal_dev_nll": 5.290375770242948, "accepted": false, "current_dev_nll": 5.289945874195469, "best_dev_nll": 5.289945874195469, "temperature": 6.125002583910422e-05}
{"iteration": 415, "proposal": {"node": 6, "members": 200, "mode": "pair", "quantile": 0.8}, "proposal_dev_nll": 5.291264537535779, "accepted": false, "current_dev_nll": 5.2883175127373905, "best_dev_nll": 5.2883175127373905, "temperature": 3.776292727201401e-05}
{"iteration": 447, "proposal": {"node": 30, "members": 11, "mode": "pair", "quantile": 0.2}, "proposal_dev_nll": 5.285813753701077, "accepted": false, "current_dev_nll": 5.284440892088912, "best_dev_nll": 5.284440892088912, "temperature": 2.3282254278511423e-05}
{"iteration": 479, "proposal": {"node": 59, "members": 33, "mode": "perturb", "quantile": 0.2}, "proposal_dev_nll": 5.283532525816965, "accepted": false, "current_dev_nll": 5.283035002909485, "best_dev_nll": 5.283035002909485, "temperature": 1.4354378843162008e-05}
{"iteration": 511, "proposal": {"node": 5, "members": 78, "mode": "pair", "quantile": 0.2}, "proposal_dev_nll": 5.289090659277834, "accepted": false, "current_dev_nll": 5.28193110357066, "best_dev_nll": 5.281914410253097, "temperature": 8.850010377353844e-06}
{
  "claim": "S1-F-MC-A12-C01",
  "boundary": "Corpus context-field embedding F search only; no next-token, decoder, READ, translation, or generation target.",
  "config": {
    "counts": "ara/s1-echo/evidence/s1_real_corpus_annealed_token_space/formal_200k_seed19101/context_counts.pt",
    "out": "ara/s1-echo/evidence/s1_probability_residual_tree_replication_depth_a12/formal/depth_6/seed_20260927",
    "depth": 6,
    "iterations": 512,
    "fit_ratio": 0.8,
    "alpha": 0.05,
    "temperature": 0.02,
    "seed": 20260924,
    "split_seed": 20260924,
    "search_seed": 20260927,
    "claim": "S1-F-MC-A12-C01",
    "device": "cuda",
    "resolved_split_seed": 20260924,
    "resolved_search_seed": 20260927
  },
  "shape": {
    "tokens": 512,
    "contexts": 1024,
    "leaves": 64
  },
  "counts": {
    "fit": 5278851.0,
    "search_dev": 1320737.0,
    "sealed_test": 735369.0
  },
  "search": {
    "initial_dev_nll": 5.322415380681861,
    "best_dev_nll": 5.281914410253097,
    "dev_gain": 0.04050097042876377,
    "accepted": 281,
    "iterations": 512
  },
  "sealed_evaluation": {
    "initial_test_nll": 5.347229048633816,
    "best_test_nll": 5.307800730358772,
    "random_test_nll": 5.40570051315047,
    "best_minus_initial": -0.03942831827504367,
    "best_minus_random": -0.09789978279169809
  },
  "structure": {
    "leaf_utilization": 0.96875,
    "occupancy_entropy": 0.8902239060784385,
    "fold_conservation_max_abs": 1.3877787807814457e-17,
    "residual_closure_max_abs": 2.7755575615628914e-17
  },
  "gates": {
    "finite": true,
    "accepted_at_least_one": true,
    "fold_conservation_le_1e_10": true,
    "residual_closure_le_1e_10": true,
    "dev_gain_ge_0_005": true,
    "sealed_test_not_worse_gt_0_01": true,
    "sealed_test_better_than_random": true,
    "leaf_utilization_ge_0_50": true
  },
  "claim_supported": true
}
=== status=done exit=0 elapsed=4.3s 2026-09-23T08:57:11Z ===
