model=transformer
started_at=2026-07-04T17:22:43+08:00
               total        used        free      shared  buff/cache   available
Mem:            31Gi       897Mi        26Gi       3.0Mi       4.1Gi        29Gi
Swap:             0B          0B          0B
NVIDIA GeForce RTX 3090, 225.99 W, 270.00 W, 73, 10 %, 1 MiB, 24576 MiB
[
  {
    "model": "transformer",
    "step": 60000,
    "seen_lines": 18150978,
    "accepted_pairs": 15360000,
    "loss": 0.602557897567749,
    "align": 0.6004770994186401,
    "echo": 0.00208080792799592,
    "batch_positive_distance_proxy": 0.2553420662879944,
    "elapsed_sec": 2199.168422460556,
    "cuda_memory_allocated": 903501312,
    "cuda_memory_reserved": 3378511872
  }
]
pilot_pass=True
finished_at=2026-07-04T17:59:24+08:00
               total        used        free      shared  buff/cache   available
Mem:            31Gi       902Mi        26Gi       3.0Mi       4.1Gi        29Gi
Swap:             0B          0B          0B
NVIDIA GeForce RTX 3090, 221.17 W, 270.00 W, 71, 9 %, 1 MiB, 24576 MiB
