=== taskd run 505 2026-09-16T13:23:01Z ===
=== cwd=/home/nio/log/holds/SameTime ===
=== cmd=["python3", "ara/s1-echo/src/s1_root_unfold_token_embedding.py", "--evidence-dir", "ara/s1-echo/evidence/s1_root_unfold_token_embedding/inspection_push_pull_v256", "--max-scan-lines", "100000", "--target-vocab", "256", "--context-vocab", "512", "--depth", "4", "--train-steps", "240", "--inspect-pieces", "▁push,▁pull", "--seed", "19501", "--device", "cuda"] ===
{
  "claim": "S1-ROOT-UNFOLD-EMBED-C01",
  "experiment": "P-S1-ROOT-UNFOLD-EMBED08",
  "config": {
    "claim": "S1-ROOT-UNFOLD-EMBED-C01",
    "experiment": "P-S1-ROOT-UNFOLD-EMBED08",
    "data": "/home/nio/datasets/wmt_massive/train.massive.zh-en.tsv",
    "spm_model": "/home/nio/datasets/wmt_massive/sp_bpe_massive.model",
    "evidence_dir": "ara/s1-echo/evidence/s1_root_unfold_token_embedding/inspection_push_pull_v256",
    "max_scan_lines": 100000,
    "target_vocab": 256,
    "context_vocab": 512,
    "window": 4,
    "max_sentence_tokens": 96,
    "test_mod": 10,
    "depth": 4,
    "split_iterations": 30,
    "alpha": 0.1,
    "train_steps": 240,
    "learning_rate": 0.01,
    "temperature": 0.5,
    "decoder_blend": 0.5,
    "balance_weight": 0.1,
    "neighbor_k": 3,
    "inspect_pieces": "\u2581push,\u2581pull",
    "seed": 19501,
    "device": "cuda"
  },
  "corpus": {
    "train_lines": 90000,
    "test_lines": 10000,
    "train_pairs": 2446445,
    "test_pairs": 270297,
    "valid_lines": 100000,
    "token_total": 2142531,
    "scan_sha256": "ee465537b3826e9106d9f8fba3fe947081e70bbbb3b57c02064dd727719c9aae",
    "forced_inspection_pieces": [
      "\u2581push",
      "\u2581pull"
    ]
  },
  "architecture_audit": {
    "root_input": 1.0,
    "level_widths": [
      1,
      2,
      4,
      8,
      16
    ],
    "final_embedding_width": 16,
    "direct_token_leaf_parameter": false,
    "trainable_token_lookup": false,
    "token_condition": "fixed sqrt(P_train(context|token))",
    "unfold_level_mass_ranges": [
      {
        "level": 0,
        "min_sum": 1.0,
        "max_sum": 1.0
      },
      {
        "level": 1,
        "min_sum": 1.0,
        "max_sum": 1.0
      },
      {
        "level": 2,
        "min_sum": 0.9999999403953552,
        "max_sum": 1.0000001192092896
      },
      {
        "level": 3,
        "min_sum": 0.9999998807907104,
        "max_sum": 1.0000001192092896
      },
      {
        "level": 4,
        "min_sum": 0.9999998807907104,
        "max_sum": 1.0000001192092896
      }
    ]
  },
  "controls": {
    "global_context_heldout_nll": 5.020017134302929,
    "balanced_random_topology": {
      "heldout_neighbor_lcp": 0.93359375,
      "random_pair_lcp": 0.90625,
      "lcp_gain": 0.02734375
    },
    "semantic_initializer_heldout_nll": 4.863305867732102
  },
  "arms": {
    "local_argmax": {
      "name": "local_argmax",
      "selector": "argmax",
      "initial_train_context_nll": 4.8981170654296875,
      "final_train_context_nll": 4.852081298828125,
      "train_nll_decrease": 0.0460357666015625,
      "initial_objective": 4.898749828338623,
      "final_objective": 4.852254390716553,
      "initial_gate_gradient_l2": 0.013051530346274376,
      "initial_decoder_gradient_l2": 0.008260059170424938,
      "gate_parameter_delta_l2": 31.818828582763672,
      "finite_gradients": true,
      "trainable_token_parameter_count": 0,
      "trainable_gate_parameter_count": 7695,
      "trainable_decoder_parameter_count": 8192,
      "initial": {
        "heldout_nll": 4.904906438758378,
        "shuffled_observation_nll": 5.0979452811455905,
        "input_causal_nll_delta": 0.19303884238721292,
        "route_agreement_after_shuffle": 0.0546875,
        "route_js_after_shuffle": 0.007536417804658413,
        "root_mass_min": 1.0,
        "root_mass_max": 1.0,
        "unfold_conservation_max_abs": 1.1920928955078125e-07,
        "route_vector_variance": 0.00012649138807319105,
        "mean_top1_route_mass": 0.08479293435811996,
        "normalized_route_entropy": 0.9932981133460999,
        "leaf_utilization": 1.0,
        "leaf_entropy": 0.9969528919050371,
        "leaf_count_min": 13,
        "leaf_count_max": 21,
        "heldout_neighbor_lcp": 2.0221354166666665,
        "random_pair_lcp": 0.9322916666666666,
        "lcp_gain": 1.08984375
      },
      "final": {
        "heldout_nll": 4.860157388044499,
        "shuffled_observation_nll": 5.279271189437683,
        "input_causal_nll_delta": 0.4191138013931841,
        "route_agreement_after_shuffle": 0.0546875,
        "route_js_after_shuffle": 0.3456799387931824,
        "root_mass_min": 1.0,
        "root_mass_max": 1.0,
        "unfold_conservation_max_abs": 1.1920928955078125e-07,
        "route_vector_variance": 0.012129375711083412,
        "mean_top1_route_mass": 0.3680766820907593,
        "normalized_route_entropy": 0.6738883256912231,
        "leaf_utilization": 1.0,
        "leaf_entropy": 0.9898461263676787,
        "leaf_count_min": 10,
        "leaf_count_max": 24,
        "heldout_neighbor_lcp": 2.0729166666666665,
        "random_pair_lcp": 0.90234375,
        "lcp_gain": 1.1705729166666665
      }
    },
    "capacity_selected": {
      "name": "capacity_selected",
      "selector": "exact_capacity",
      "initial_train_context_nll": 4.88922643661499,
      "final_train_context_nll": 4.862405776977539,
      "train_nll_decrease": 0.026820659637451172,
      "initial_objective": 4.889859199523926,
      "final_objective": 4.862724781036377,
      "initial_gate_gradient_l2": 0.011683651246130466,
      "initial_decoder_gradient_l2": 0.008005072362720966,
      "gate_parameter_delta_l2": 37.43989944458008,
      "finite_gradients": true,
      "trainable_token_parameter_count": 0,
      "trainable_gate_parameter_count": 7695,
      "trainable_decoder_parameter_count": 8192,
      "initial": {
        "heldout_nll": 4.896318406468249,
        "shuffled_observation_nll": 5.097719744799852,
        "input_causal_nll_delta": 0.20140133833160245,
        "route_agreement_after_shuffle": 0.046875,
        "route_js_after_shuffle": 0.007536417804658413,
        "root_mass_min": 1.0,
        "root_mass_max": 1.0,
        "unfold_conservation_max_abs": 1.1920928955078125e-07,
        "route_vector_variance": 0.00012649138807319105,
        "mean_top1_route_mass": 0.08479293435811996,
        "normalized_route_entropy": 0.9932981133460999,
        "leaf_utilization": 1.0,
        "leaf_entropy": 1.0,
        "leaf_count_min": 16,
        "leaf_count_max": 16,
        "heldout_neighbor_lcp": 1.9739583333333333,
        "random_pair_lcp": 0.9453125,
        "lcp_gain": 1.0286458333333333
      },
      "final": {
        "heldout_nll": 4.869789584178701,
        "shuffled_observation_nll": 5.282444388447976,
        "input_causal_nll_delta": 0.41265480426927503,
        "route_agreement_after_shuffle": 0.078125,
        "route_js_after_shuffle": 0.3843843340873718,
        "root_mass_min": 1.0,
        "root_mass_max": 1.0,
        "unfold_conservation_max_abs": 1.1920928955078125e-07,
        "route_vector_variance": 0.013758293353021145,
        "mean_top1_route_mass": 0.39566266536712646,
        "normalized_route_entropy": 0.6326549053192139,
        "leaf_utilization": 1.0,
        "leaf_entropy": 1.0,
        "leaf_count_min": 16,
        "leaf_count_max": 16,
        "heldout_neighbor_lcp": 1.9388020833333333,
        "random_pair_lcp": 0.9114583333333333,
        "lcp_gain": 1.02734375
      }
    }
  },
  "examples": [
    {
      "piece": "\u2581push",
      "root": 1.0,
      "initial_leaf_values": [
        0.0572013,
        0.0413171,
        0.0708479,
        0.0661348,
        0.0704581,
        0.0753725,
        0.0650608,
        0.067428,
        0.0651418,
        0.0662526,
        0.0666137,
        0.0598904,
        0.0561638,
        0.060129,
        0.059904,
        0.0520841
      ],
      "final_leaf_values": [
        0.0114713,
        0.0048116,
        0.1613375,
        0.0659412,
        0.20853,
        0.2462798,
        0.0354543,
        0.0541631,
        0.0898633,
        0.0371431,
        0.0409675,
        0.0193232,
        0.0026403,
        0.015208,
        0.006121,
        0.0007448
      ],
      "selected_leaf": 5
    },
    {
      "piece": "\u2581pull",
      "root": 1.0,
      "initial_leaf_values": [
        0.0575532,
        0.0438786,
        0.0668862,
        0.0650354,
        0.0686026,
        0.0638897,
        0.0576395,
        0.0582895,
        0.0618678,
        0.0635736,
        0.0656266,
        0.0686029,
        0.0633406,
        0.0611996,
        0.0699997,
        0.0640144
      ],
      "final_leaf_values": [
        0.011312,
        0.0068449,
        0.2385222,
        0.1080797,
        0.1089844,
        0.061231,
        0.0056207,
        0.0094037,
        0.0888556,
        0.0274115,
        0.108405,
        0.1567151,
        0.0046661,
        0.023167,
        0.0290194,
        0.0117616
      ],
      "selected_leaf": 2
    },
    {
      "piece": "\u2581the",
      "root": 1.0,
      "initial_leaf_values": [
        0.0518108,
        0.0343662,
        0.0680463,
        0.0624155,
        0.0721081,
        0.0713089,
        0.066394,
        0.0674751,
        0.0710004,
        0.0691861,
        0.0681592,
        0.062379,
        0.0559171,
        0.0637491,
        0.0623329,
        0.0533513
      ],
      "final_leaf_values": [
        0.0011346,
        0.0003534,
        0.0431797,
        0.0400444,
        0.1213043,
        0.1667565,
        0.0738147,
        0.0637339,
        0.3181252,
        0.0336424,
        0.054328,
        0.0273368,
        0.0099205,
        0.0335535,
        0.01157,
        0.0012021
      ],
      "selected_leaf": 8
    },
    {
      "piece": "\u2581and",
      "root": 1.0,
      "initial_leaf_values": [
        0.0532393,
        0.0350593,
        0.069573,
        0.0645494,
        0.0734088,
        0.0695351,
        0.0651075,
        0.0670186,
        0.0672824,
        0.0671443,
        0.0677449,
        0.0620344,
        0.0567498,
        0.063287,
        0.0634852,
        0.0547809
      ],
      "final_leaf_values": [
        0.0032312,
        0.0007133,
        0.040334,
        0.226662,
        0.0765311,
        0.2532706,
        0.0244769,
        0.1069022,
        0.0646719,
        0.0379792,
        0.0714386,
        0.0419081,
        0.0072746,
        0.0282006,
        0.0151095,
        0.0012965
      ],
      "selected_leaf": 5
    },
    {
      "piece": "\u2581of",
      "root": 1.0,
      "initial_leaf_values": [
        0.0545867,
        0.0377727,
        0.071703,
        0.0659081,
        0.0776796,
        0.0733969,
        0.0676345,
        0.0657265,
        0.0652797,
        0.0689951,
        0.0681954,
        0.0593231,
        0.0537918,
        0.0611292,
        0.058677,
        0.0502008
      ],
      "final_leaf_values": [
        0.0038973,
        0.0011019,
        0.0607495,
        0.0182557,
        0.6878753,
        0.0602967,
        0.038068,
        0.0180032,
        0.0706984,
        0.0143442,
        0.0145452,
        0.0029304,
        0.0009878,
        0.0063799,
        0.0017481,
        0.0001184
      ],
      "selected_leaf": 4
    },
    {
      "piece": "\u2581to",
      "root": 1.0,
      "initial_leaf_values": [
        0.045624,
        0.0328795,
        0.0612594,
        0.0620875,
        0.0710513,
        0.0639814,
        0.0651488,
        0.064669,
        0.066969,
        0.0679228,
        0.068507,
        0.0623128,
        0.0660253,
        0.0713085,
        0.0674192,
        0.0628345
      ],
      "final_leaf_values": [
        0.0007543,
        0.0002986,
        0.0148092,
        0.0878518,
        0.0687565,
        0.0890881,
        0.0646586,
        0.1453575,
        0.0684085,
        0.0295729,
        0.0787929,
        0.0216071,
        0.1073782,
        0.1498887,
        0.0524439,
        0.0203332
      ],
      "selected_leaf": 7
    },
    {
      "piece": "\u2581in",
      "root": 1.0,
      "initial_leaf_values": [
        0.0555679,
        0.0363737,
        0.0709947,
        0.065616,
        0.0769869,
        0.0707558,
        0.0647457,
        0.0660515,
        0.0660793,
        0.0681522,
        0.067884,
        0.0600193,
        0.0555121,
        0.0618491,
        0.0607832,
        0.0526285
      ],
      "final_leaf_values": [
        0.0079657,
        0.0013871,
        0.1235208,
        0.195908,
        0.1855027,
        0.1911864,
        0.0195676,
        0.0644431,
        0.0688784,
        0.0349295,
        0.0515316,
        0.0271053,
        0.0035459,
        0.0174303,
        0.0065387,
        0.0005588
      ],
      "selected_leaf": 4
    },
    {
      "piece": "\u2581is",
      "root": 1.0,
      "initial_leaf_values": [
        0.0543985,
        0.0379415,
        0.0692552,
        0.0644479,
        0.0752158,
        0.0697113,
        0.0629803,
        0.0632125,
        0.0651008,
        0.0681146,
        0.0677888,
        0.0614686,
        0.0571896,
        0.0658783,
        0.0618292,
        0.055467
      ],
      "final_leaf_values": [
        0.001774,
        0.000546,
        0.0365634,
        0.0144423,
        0.2169644,
        0.0448379,
        0.0161706,
        0.0187933,
        0.0862177,
        0.2059977,
        0.0245553,
        0.2215925,
        0.0338823,
        0.0518037,
        0.0200203,
        0.0058384
      ],
      "selected_leaf": 11
    },
    {
      "piece": "\u2581for",
      "root": 1.0,
      "initial_leaf_values": [
        0.0505599,
        0.0359048,
        0.0665807,
        0.065356,
        0.0753143,
        0.0683755,
        0.0671682,
        0.0671206,
        0.0664342,
        0.0680503,
        0.0676127,
        0.0587794,
        0.0595704,
        0.06609,
        0.061927,
        0.0551561
      ],
      "final_leaf_values": [
        0.0020254,
        0.0010012,
        0.0333097,
        0.1057616,
        0.1406144,
        0.1485657,
        0.0904859,
        0.1322414,
        0.0491877,
        0.083782,
        0.0503343,
        0.0181532,
        0.0315069,
        0.0841305,
        0.0259169,
        0.0029833
      ],
      "selected_leaf": 4
    },
    {
      "piece": "\u2581you",
      "root": 1.0,
      "initial_leaf_values": [
        0.0416867,
        0.0328316,
        0.056239,
        0.0606272,
        0.0631461,
        0.0582888,
        0.0653355,
        0.0643713,
        0.0676434,
        0.0663231,
        0.0648819,
        0.0604203,
        0.0796693,
        0.076551,
        0.0700805,
        0.0719043
      ],
      "final_leaf_values": [
        2.38e-05,
        1.69e-05,
        0.0005116,
        0.0037589,
        0.0021331,
        0.002636,
        0.024891,
        0.0229457,
        0.0084544,
        0.0061522,
        0.0043221,
        0.0023752,
        0.7819511,
        0.0260473,
        0.0300995,
        0.0836814
      ],
      "selected_leaf": 12
    }
  ],
  "gates": {
    "unit_root_mass": true,
    "unfold_mass_conservation": true,
    "no_trainable_token_parameters": true,
    "finite_gradients": true,
    "shared_gates_receive_gradient": true,
    "shared_gates_changed": true,
    "train_nll_decrease_ge_0_01": true,
    "exact_hard_capacity": true,
    "heldout_beats_global_by_0_05": true,
    "heldout_retains_frozen_unfold": true,
    "input_causality_delta_ge_0_02": true,
    "topology_beats_balanced_random": true,
    "derived_embeddings_vary": true
  },
  "smoke_pass": true,
  "elapsed_seconds": 24.78403878211975
}
=== status=done exit=0 elapsed=26.6s 2026-09-16T13:23:27Z ===
