model=treeheap
started_at=2026-07-04T16:05:32+08:00
               total        used        free      shared  buff/cache   available
Mem:            31Gi       891Mi        28Gi       3.0Mi       1.8Gi        29Gi
Swap:             0B          0B          0B
NVIDIA GeForce RTX 3090, 40.96 W, 270.00 W, 43, 0 %, 1 MiB, 24576 MiB
[
  {
    "model": "treeheap",
    "step": 60000,
    "seen_lines": 18150978,
    "accepted_pairs": 15360000,
    "loss": 0.6209449768066406,
    "align": 0.6209444999694824,
    "echo": 4.5558823558167205e-07,
    "batch_positive_distance_proxy": 0.2739153504371643,
    "elapsed_sec": 1678.6729755401611,
    "cuda_memory_allocated": 893980160,
    "cuda_memory_reserved": 3042967552
  }
]
pilot_pass=True
finished_at=2026-07-04T16:33:33+08:00
               total        used        free      shared  buff/cache   available
Mem:            31Gi       889Mi        26Gi       3.0Mi       4.1Gi        29Gi
Swap:             0B          0B          0B
NVIDIA GeForce RTX 3090, 229.20 W, 270.00 W, 73, 0 %, 1 MiB, 24576 MiB
