{"epoch": 1, "recursive_loss": 0.6621549090895643, "one_shot_loss": 0.9062805930152535, "flat_loss": 2.028845139006351}
{"epoch": 2, "recursive_loss": 0.0012522731261189156, "one_shot_loss": 0.006326465141721704, "flat_loss": 1.813724382126585}
{"epoch": 3, "recursive_loss": 0.0005683326354359296, "one_shot_loss": 0.0023498230562991203, "flat_loss": 1.809993475041491}
{"epoch": 4, "recursive_loss": 0.00034287619154325667, "one_shot_loss": 0.001218833174170094, "flat_loss": 1.8060897614093536}
{"epoch": 5, "recursive_loss": 0.00023470550049170655, "one_shot_loss": 0.0007416357929035625, "flat_loss": 1.8027586404313432}
{"epoch": 6, "recursive_loss": 0.00017307817309282402, "one_shot_loss": 0.0005002577671164429, "flat_loss": 1.8058389387232192}
{"epoch": 7, "recursive_loss": 0.00013417756951852462, "one_shot_loss": 0.0003604394736070622, "flat_loss": 1.8049518757678094}
{"epoch": 8, "recursive_loss": 0.00010778952321530558, "one_shot_loss": 0.00027263262126461026, "flat_loss": 1.802510212076471}
{"epoch": 9, "recursive_loss": 8.894089021734854e-05, "one_shot_loss": 0.00021413162919108142, "flat_loss": 1.8042562781496252}
{"epoch": 10, "recursive_loss": 7.495366527167634e-05, "one_shot_loss": 0.00017260029346018315, "flat_loss": 1.8030367455583938}
{"epoch": 11, "recursive_loss": 6.419732508607496e-05, "one_shot_loss": 0.0001420474116148011, "flat_loss": 1.8008751615564873}
{"epoch": 12, "recursive_loss": 5.582025160231538e-05, "one_shot_loss": 0.00011919208376871501, "flat_loss": 1.8009255896223353}
{"epoch": 13, "recursive_loss": 4.902828770858097e-05, "one_shot_loss": 0.00010151748818393667, "flat_loss": 1.8018711044433269}
{"epoch": 14, "recursive_loss": 4.346297627056087e-05, "one_shot_loss": 8.745271244403372e-05, "flat_loss": 1.799666870147624}
{"epoch": 15, "recursive_loss": 3.8815464188488435e-05, "one_shot_loss": 7.612761076783732e-05, "flat_loss": 1.7998333256295387}
{"epoch": 16, "recursive_loss": 3.497880367076698e-05, "one_shot_loss": 6.700153832578972e-05, "flat_loss": 1.8004408110963537}
{"epoch": 17, "recursive_loss": 3.167323085746946e-05, "one_shot_loss": 5.928381912607174e-05, "flat_loss": 1.8006495047122875}
{"epoch": 18, "recursive_loss": 2.883238183595166e-05, "one_shot_loss": 5.294693321357432e-05, "flat_loss": 1.8017491736310594}
{"epoch": 19, "recursive_loss": 2.6395441849711052e-05, "one_shot_loss": 4.7432595509119294e-05, "flat_loss": 1.8002101512665445}
{"epoch": 20, "recursive_loss": 2.4229226545820834e-05, "one_shot_loss": 4.276857228607232e-05, "flat_loss": 1.7994209122150502}
{"epoch": 21, "recursive_loss": 2.2307452881966343e-05, "one_shot_loss": 3.878370430453636e-05, "flat_loss": 1.7990012726885207}
{"epoch": 22, "recursive_loss": 2.062243249306351e-05, "one_shot_loss": 3.520876325250782e-05, "flat_loss": 1.8001082133739552}
{"epoch": 23, "recursive_loss": 1.9115516052090938e-05, "one_shot_loss": 3.214211525854362e-05, "flat_loss": 1.797980548219478}
{"epoch": 24, "recursive_loss": 1.7755936204729492e-05, "one_shot_loss": 2.946126108114147e-05, "flat_loss": 1.7988207581195426}
{
  "claim": "M0-RECUR-C01",
  "host": "io",
  "seconds": 29.006983995437622,
  "config": {
    "out": "ara/m0-treeheap-math/evidence/recursive_operator_locator_probe/seed61",
    "train_samples": 12000,
    "test_samples": 2000,
    "epochs": 24,
    "batch": 128,
    "hidden": 192,
    "lr": 0.002,
    "seed": 61,
    "device": "cuda"
  },
  "parameters": {
    "recursive": 93897,
    "one_shot_structural": 40513,
    "flat_address": 233983
  },
  "gates": {
    "ood_route_gate": false,
    "beats_baselines": false,
    "strong_restore_gate": false
  },
  "results": {
    "iid_levels_0_2": {
      "teacher_forced_action_accuracy": 1.0,
      "autonomous_route_exact": 1.0,
      "exact_restore": 1.0,
      "one_shot_structural_address_accuracy": 1.0,
      "flat_address_accuracy": 0.3385,
      "stopped_fraction": 1.0,
      "mean_executed_steps": 1.9945,
      "p_power_mean_steps": 1.0,
      "action_confusion_gold_rows": [
        [
          2000,
          0,
          0
        ],
        [
          0,
          970,
          0
        ],
        [
          0,
          0,
          1019
        ]
      ],
      "examples": [
        {
          "gold_address": 5,
          "pred_address": 5,
          "gold_level": 2,
          "stopped": true,
          "route_exact": true,
          "restore_exact": true
        },
        {
          "gold_address": 1,
          "pred_address": 1,
          "gold_level": 0,
          "stopped": true,
          "route_exact": true,
          "restore_exact": true
        },
        {
          "gold_address": 1,
          "pred_address": 1,
          "gold_level": 0,
          "stopped": true,
          "route_exact": true,
          "restore_exact": true
        },
        {
          "gold_address": 4,
          "pred_address": 4,
          "gold_level": 2,
          "stopped": true,
          "route_exact": true,
          "restore_exact": true
        },
        {
          "gold_address": 6,
          "pred_address": 6,
          "gold_level": 2,
          "stopped": true,
          "route_exact": true,
          "restore_exact": true
        }
      ]
    },
    "ood_level_3": {
      "teacher_forced_action_accuracy": 1.0,
      "autonomous_route_exact": 1.0,
      "exact_restore": 0.8615,
      "one_shot_structural_address_accuracy": 1.0,
      "flat_address_accuracy": 0.0,
      "stopped_fraction": 1.0,
      "mean_executed_steps": 4.0,
      "p_power_mean_steps": 1.0,
      "action_confusion_gold_rows": [
        [
          2000,
          0,
          0
        ],
        [
          0,
          2974,
          0
        ],
        [
          0,
          0,
          3026
        ]
      ],
      "examples": [
        {
          "gold_address": 12,
          "pred_address": 12,
          "gold_level": 3,
          "stopped": true,
          "route_exact": true,
          "restore_exact": true
        },
        {
          "gold_address": 11,
          "pred_address": 11,
          "gold_level": 3,
          "stopped": true,
          "route_exact": true,
          "restore_exact": true
        },
        {
          "gold_address": 13,
          "pred_address": 13,
          "gold_level": 3,
          "stopped": true,
          "route_exact": true,
          "restore_exact": true
        },
        {
          "gold_address": 14,
          "pred_address": 14,
          "gold_level": 3,
          "stopped": true,
          "route_exact": true,
          "restore_exact": true
        },
        {
          "gold_address": 8,
          "pred_address": 8,
          "gold_level": 3,
          "stopped": true,
          "route_exact": true,
          "restore_exact": true
        }
      ]
    },
    "ood_level_4": {
      "teacher_forced_action_accuracy": 0.982,
      "autonomous_route_exact": 0.91,
      "exact_restore": 0.764,
      "one_shot_structural_address_accuracy": 0.916,
      "flat_address_accuracy": 0.0,
      "stopped_fraction": 0.91,
      "mean_executed_steps": 5.09,
      "p_power_mean_steps": 0.9116905912101285,
      "action_confusion_gold_rows": [
        [
          1820,
          114,
          66
        ],
        [
          0,
          3968,
          0
        ],
        [
          0,
          0,
          4032
        ]
      ],
      "examples": [
        {
          "gold_address": 16,
          "pred_address": 16,
          "gold_level": 4,
          "stopped": true,
          "route_exact": true,
          "restore_exact": true
        },
        {
          "gold_address": 30,
          "pred_address": 30,
          "gold_level": 4,
          "stopped": true,
          "route_exact": true,
          "restore_exact": true
        },
        {
          "gold_address": 16,
          "pred_address": 16,
          "gold_level": 4,
          "stopped": true,
          "route_exact": true,
          "restore_exact": true
        },
        {
          "gold_address": 22,
          "pred_address": 22,
          "gold_level": 4,
          "stopped": true,
          "route_exact": true,
          "restore_exact": false
        },
        {
          "gold_address": 25,
          "pred_address": 25,
          "gold_level": 4,
          "stopped": true,
          "route_exact": true,
          "restore_exact": false
        }
      ]
    },
    "ood_level_5": {
      "teacher_forced_action_accuracy": 0.9248333333333333,
      "autonomous_route_exact": 0.574,
      "exact_restore": 0.418,
      "one_shot_structural_address_accuracy": 0.8775,
      "flat_address_accuracy": 0.0,
      "stopped_fraction": 0.8,
      "mean_executed_steps": 6.522,
      "p_power_mean_steps": 0.6007115471536401,
      "action_confusion_gold_rows": [
        [
          1836,
          98,
          66
        ],
        [
          2,
          4980,
          0
        ],
        [
          4,
          732,
          4282
        ]
      ],
      "examples": [
        {
          "gold_address": 46,
          "pred_address": 46,
          "gold_level": 5,
          "stopped": true,
          "route_exact": true,
          "restore_exact": true
        },
        {
          "gold_address": 36,
          "pred_address": 36,
          "gold_level": 5,
          "stopped": true,
          "route_exact": true,
          "restore_exact": false
        },
        {
          "gold_address": 39,
          "pred_address": 39,
          "gold_level": 5,
          "stopped": true,
          "route_exact": true,
          "restore_exact": true
        },
        {
          "gold_address": 54,
          "pred_address": 64,
          "gold_level": 5,
          "stopped": true,
          "route_exact": false,
          "restore_exact": false
        },
        {
          "gold_address": 60,
          "pred_address": 257,
          "gold_level": 5,
          "stopped": false,
          "route_exact": false,
          "restore_exact": false
        }
      ]
    }
  }
}
