{"epoch": 1, "recursive_loss": 0.6863448247511653, "one_shot_loss": 0.9155609731740774, "flat_loss": 2.0164082024959806}
{"epoch": 2, "recursive_loss": 0.0013380567326477947, "one_shot_loss": 0.006564535591949491, "flat_loss": 1.8026765343990732}
{"epoch": 3, "recursive_loss": 0.0005906293338333118, "one_shot_loss": 0.0023478863654321338, "flat_loss": 1.7948157723913802}
{"epoch": 4, "recursive_loss": 0.00035227340010757696, "one_shot_loss": 0.0012133374910534142, "flat_loss": 1.7968870401382446}
{"epoch": 5, "recursive_loss": 0.00023960371231140093, "one_shot_loss": 0.0007466969279661537, "flat_loss": 1.7935011399553178}
{"epoch": 6, "recursive_loss": 0.00017601825969363068, "one_shot_loss": 0.0005091684755864255, "flat_loss": 1.791954426055259}
{"epoch": 7, "recursive_loss": 0.0001359209980248434, "one_shot_loss": 0.00037138473209702075, "flat_loss": 1.7915879703582602}
{"epoch": 8, "recursive_loss": 0.00010903875753432116, "one_shot_loss": 0.00028392991241181584, "flat_loss": 1.7875145825933902}
{"epoch": 9, "recursive_loss": 8.984933524612992e-05, "one_shot_loss": 0.00022452506667097158, "flat_loss": 1.7909916398373056}
{"epoch": 10, "recursive_loss": 7.568111988725736e-05, "one_shot_loss": 0.00018247119798151619, "flat_loss": 1.790544994333957}
{"epoch": 11, "recursive_loss": 6.480975977691297e-05, "one_shot_loss": 0.00015170818887975444, "flat_loss": 1.7890305138648825}
{"epoch": 12, "recursive_loss": 5.623435626670897e-05, "one_shot_loss": 0.00012805132443664913, "flat_loss": 1.7918634338581816}
{"epoch": 13, "recursive_loss": 4.9367937034285786e-05, "one_shot_loss": 0.0001097702125720234, "flat_loss": 1.7903367103414332}
{"epoch": 14, "recursive_loss": 4.3791615524319334e-05, "one_shot_loss": 9.531332220153962e-05, "flat_loss": 1.7903901782441647}
{"epoch": 15, "recursive_loss": 3.911730856727561e-05, "one_shot_loss": 8.33821990106136e-05, "flat_loss": 1.7876528032282566}
{"epoch": 16, "recursive_loss": 3.5209157934506484e-05, "one_shot_loss": 7.373914555268749e-05, "flat_loss": 1.7881067991256714}
{"epoch": 17, "recursive_loss": 3.1920568812409405e-05, "one_shot_loss": 6.568504327430113e-05, "flat_loss": 1.7872156386679792}
{"epoch": 18, "recursive_loss": 2.9032057566237587e-05, "one_shot_loss": 5.8924328109145444e-05, "flat_loss": 1.786726488711986}
{"epoch": 19, "recursive_loss": 2.6562676716724687e-05, "one_shot_loss": 5.3099975783434855e-05, "flat_loss": 1.7869370731901615}
{"epoch": 20, "recursive_loss": 2.4396564921071912e-05, "one_shot_loss": 4.81401063378608e-05, "flat_loss": 1.7875485775318551}
{"epoch": 21, "recursive_loss": 2.245738018091094e-05, "one_shot_loss": 4.3797918012987406e-05, "flat_loss": 1.7873531415107402}
{"epoch": 22, "recursive_loss": 2.074928527284275e-05, "one_shot_loss": 3.99960674180778e-05, "flat_loss": 1.78593026196703}
{"epoch": 23, "recursive_loss": 1.9244068483958278e-05, "one_shot_loss": 3.670756222105565e-05, "flat_loss": 1.7856100873744234}
{"epoch": 24, "recursive_loss": 1.786082640969556e-05, "one_shot_loss": 3.374175056260936e-05, "flat_loss": 1.7880532716182953}
{
  "claim": "M0-RECUR-C01",
  "host": "io",
  "seconds": 28.87946891784668,
  "config": {
    "out": "ara/m0-treeheap-math/evidence/recursive_operator_locator_probe",
    "train_samples": 12000,
    "test_samples": 2000,
    "epochs": 24,
    "batch": 128,
    "hidden": 192,
    "lr": 0.002,
    "seed": 59,
    "device": "cuda"
  },
  "parameters": {
    "recursive": 93897,
    "one_shot_structural": 40513,
    "flat_address": 233983
  },
  "gates": {
    "ood_route_gate": false,
    "beats_baselines": false,
    "strong_restore_gate": false
  },
  "results": {
    "iid_levels_0_2": {
      "teacher_forced_action_accuracy": 1.0,
      "autonomous_route_exact": 1.0,
      "exact_restore": 1.0,
      "one_shot_structural_address_accuracy": 1.0,
      "flat_address_accuracy": 0.336,
      "stopped_fraction": 1.0,
      "mean_executed_steps": 1.982,
      "p_power_mean_steps": 1.0,
      "action_confusion_gold_rows": [
        [
          2000,
          0,
          0
        ],
        [
          0,
          1006,
          0
        ],
        [
          0,
          0,
          958
        ]
      ],
      "examples": [
        {
          "gold_address": 3,
          "pred_address": 3,
          "gold_level": 1,
          "stopped": true,
          "route_exact": true,
          "restore_exact": true
        },
        {
          "gold_address": 2,
          "pred_address": 2,
          "gold_level": 1,
          "stopped": true,
          "route_exact": true,
          "restore_exact": true
        },
        {
          "gold_address": 1,
          "pred_address": 1,
          "gold_level": 0,
          "stopped": true,
          "route_exact": true,
          "restore_exact": true
        },
        {
          "gold_address": 4,
          "pred_address": 4,
          "gold_level": 2,
          "stopped": true,
          "route_exact": true,
          "restore_exact": true
        },
        {
          "gold_address": 5,
          "pred_address": 5,
          "gold_level": 2,
          "stopped": true,
          "route_exact": true,
          "restore_exact": true
        }
      ]
    },
    "ood_level_3": {
      "teacher_forced_action_accuracy": 1.0,
      "autonomous_route_exact": 1.0,
      "exact_restore": 0.882,
      "one_shot_structural_address_accuracy": 1.0,
      "flat_address_accuracy": 0.0,
      "stopped_fraction": 1.0,
      "mean_executed_steps": 4.0,
      "p_power_mean_steps": 1.0,
      "action_confusion_gold_rows": [
        [
          2000,
          0,
          0
        ],
        [
          0,
          2964,
          0
        ],
        [
          0,
          0,
          3036
        ]
      ],
      "examples": [
        {
          "gold_address": 13,
          "pred_address": 13,
          "gold_level": 3,
          "stopped": true,
          "route_exact": true,
          "restore_exact": true
        },
        {
          "gold_address": 9,
          "pred_address": 9,
          "gold_level": 3,
          "stopped": true,
          "route_exact": true,
          "restore_exact": true
        },
        {
          "gold_address": 9,
          "pred_address": 9,
          "gold_level": 3,
          "stopped": true,
          "route_exact": true,
          "restore_exact": false
        },
        {
          "gold_address": 14,
          "pred_address": 14,
          "gold_level": 3,
          "stopped": true,
          "route_exact": true,
          "restore_exact": true
        },
        {
          "gold_address": 10,
          "pred_address": 10,
          "gold_level": 3,
          "stopped": true,
          "route_exact": true,
          "restore_exact": true
        }
      ]
    },
    "ood_level_4": {
      "teacher_forced_action_accuracy": 0.9809,
      "autonomous_route_exact": 0.9045,
      "exact_restore": 0.7385,
      "one_shot_structural_address_accuracy": 0.9335,
      "flat_address_accuracy": 0.0,
      "stopped_fraction": 0.9045,
      "mean_executed_steps": 5.0955,
      "p_power_mean_steps": 0.9064082188139791,
      "action_confusion_gold_rows": [
        [
          1809,
          57,
          134
        ],
        [
          0,
          3977,
          0
        ],
        [
          0,
          0,
          4023
        ]
      ],
      "examples": [
        {
          "gold_address": 30,
          "pred_address": 30,
          "gold_level": 4,
          "stopped": true,
          "route_exact": true,
          "restore_exact": true
        },
        {
          "gold_address": 16,
          "pred_address": 16,
          "gold_level": 4,
          "stopped": true,
          "route_exact": true,
          "restore_exact": true
        },
        {
          "gold_address": 31,
          "pred_address": 31,
          "gold_level": 4,
          "stopped": true,
          "route_exact": true,
          "restore_exact": true
        },
        {
          "gold_address": 26,
          "pred_address": 105,
          "gold_level": 4,
          "stopped": false,
          "route_exact": false,
          "restore_exact": false
        },
        {
          "gold_address": 27,
          "pred_address": 27,
          "gold_level": 4,
          "stopped": true,
          "route_exact": true,
          "restore_exact": true
        }
      ]
    },
    "ood_level_5": {
      "teacher_forced_action_accuracy": 0.94325,
      "autonomous_route_exact": 0.6735,
      "exact_restore": 0.469,
      "one_shot_structural_address_accuracy": 0.881,
      "flat_address_accuracy": 0.0,
      "stopped_fraction": 0.8315,
      "mean_executed_steps": 6.402,
      "p_power_mean_steps": 0.6879563163639397,
      "action_confusion_gold_rows": [
        [
          1828,
          57,
          115
        ],
        [
          6,
          4957,
          0
        ],
        [
          12,
          491,
          4534
        ]
      ],
      "examples": [
        {
          "gold_address": 48,
          "pred_address": 48,
          "gold_level": 5,
          "stopped": true,
          "route_exact": true,
          "restore_exact": true
        },
        {
          "gold_address": 44,
          "pred_address": 179,
          "gold_level": 5,
          "stopped": false,
          "route_exact": false,
          "restore_exact": false
        },
        {
          "gold_address": 40,
          "pred_address": 40,
          "gold_level": 5,
          "stopped": true,
          "route_exact": true,
          "restore_exact": true
        },
        {
          "gold_address": 42,
          "pred_address": 42,
          "gold_level": 5,
          "stopped": true,
          "route_exact": true,
          "restore_exact": true
        },
        {
          "gold_address": 45,
          "pred_address": 45,
          "gold_level": 5,
          "stopped": true,
          "route_exact": true,
          "restore_exact": true
        }
      ]
    }
  }
}
