[treeheap] epoch=1 train_nll=6.7585 valid_nll=6.3690 bleu=0.26
[treeheap] epoch=2 train_nll=5.5635 valid_nll=6.2214 bleu=0.48
[treeheap] epoch=3 train_nll=4.3979 valid_nll=6.2390 bleu=0.47
[treeheap] epoch=4 train_nll=3.1421 valid_nll=6.4127 bleu=0.74
[treeheap] epoch=5 train_nll=2.1502 valid_nll=6.6209 bleu=0.46
[fixed_tree] epoch=1 train_nll=6.7996 valid_nll=6.3993 bleu=0.29
[fixed_tree] epoch=2 train_nll=5.6303 valid_nll=6.2235 bleu=0.31
[fixed_tree] epoch=3 train_nll=4.5051 valid_nll=6.2219 bleu=0.49
[fixed_tree] epoch=4 train_nll=3.2291 valid_nll=6.3773 bleu=0.51
[fixed_tree] epoch=5 train_nll=2.1921 valid_nll=6.6002 bleu=0.83
[flat_seq] epoch=1 train_nll=6.7275 valid_nll=6.3164 bleu=0.26
[flat_seq] epoch=2 train_nll=5.4777 valid_nll=6.1433 bleu=0.57
[flat_seq] epoch=3 train_nll=4.2513 valid_nll=6.1108 bleu=0.68
[flat_seq] epoch=4 train_nll=2.8780 valid_nll=6.2379 bleu=0.80
[flat_seq] epoch=5 train_nll=1.7670 valid_nll=6.4451 bleu=1.21
[bow] epoch=1 train_nll=6.7527 valid_nll=6.3116 bleu=0.33
[bow] epoch=2 train_nll=5.4447 valid_nll=6.1535 bleu=0.42
[bow] epoch=3 train_nll=4.4378 valid_nll=6.0938 bleu=0.69
[bow] epoch=4 train_nll=3.3519 valid_nll=6.1336 bleu=0.78
[bow] epoch=5 train_nll=2.3690 valid_nll=6.2398 bleu=0.51
{
  "treeheap": {
    "nll": 6.044820130425883,
    "ppl": 421.9218597518956,
    "exact": 0.0,
    "token_bleu4": 0.2896774351046892,
    "examples": [
      {
        "en": "The neo-Keynesian economist wants to boost demand generally.",
        "reference_zh": "新凯恩斯主义经济学家想要一般地提振需求。",
        "hypothesis_zh": "亚洲,美国也同样了。"
      },
      {
        "en": "But continued misdiagnosis will have lasting effects.",
        "reference_zh": "但长时间“误诊”的影响还会持续一段时间。",
        "hypothesis_zh": " ⁇ 的安全也同样。"
      },
      {
        "en": "Unfortunately, history provides little cause for optimism.",
        "reference_zh": "不幸的是,从日本的历史来看,我们没有什么理由对此感到乐观。",
        "hypothesis_zh": "历史,历史历史历史历史历史历史历史。"
      },
      {
        "en": "The Dirt on Plastic Waste",
        "reference_zh": "塑料废物的污点",
        "hypothesis_zh": "亚洲人"
      },
      {
        "en": "Such developments would encourage industry to re-use or recycle more parts.",
        "reference_zh": "这样的发展将鼓励产业界循环和再利用更多的部分。",
        "hypothesis_zh": " ⁇ 的 ⁇ 也同样的 ⁇ 。"
      },
      {
        "en": "Such efforts should be intensified.",
        "reference_zh": "这些措施应该得到强化。",
        "hypothesis_zh": "应该应该应该效仿。"
      },
      {
        "en": "Can South Korea Make More Babies?",
        "reference_zh": "韩国能生更多婴儿吗?",
        "hypothesis_zh": "南亚的宏伟"
      },
      {
        "en": "SEOUL – South Korea is facing major demographic challenges.",
        "reference_zh": "首尔—韩国正面临严重的人口挑战。",
        "hypothesis_zh": "南南是的 ⁇ 。"
      },
      {
        "en": "A low birthrate is common in industrialized countries.",
        "reference_zh": "低生育率是工业化国家所面临的共同现象。",
        "hypothesis_zh": " ⁇ 的 ⁇ 是错的。"
      },
      {
        "en": "One of those hurdles is the cost of education.",
        "reference_zh": "这些障碍之一是教育成本。",
        "hypothesis_zh": " ⁇ 的访问,他们必须是错的。"
      },
      {
        "en": "That limits how many children parents may feel they can afford to raise.",
        "reference_zh": "这让很多孩子的家长不堪重负。",
        "hypothesis_zh": "阿拉伯的亚洲,他们可以可以起到。"
      },
      {
        "en": "Women confront the highest barriers to increased fertility.",
        "reference_zh": "女性所面临的的提高生育率壁垒最为严重。",
        "hypothesis_zh": "乌克兰的亚洲,他们必须必须了。"
      }
    ]
  },
  "fixed_tree": {
    "nll": 6.020490569228214,
    "ppl": 411.78055305369537,
    "exact": 0.0,
    "token_bleu4": 0.7344490378209624,
    "examples": [
      {
        "en": "The neo-Keynesian economist wants to boost demand generally.",
        "reference_zh": "新凯恩斯主义经济学家想要一般地提振需求。",
        "hypothesis_zh": " ⁇ 在伊朗的 ⁇ 气"
      },
      {
        "en": "But continued misdiagnosis will have lasting effects.",
        "reference_zh": "但长时间“误诊”的影响还会持续一段时间。",
        "hypothesis_zh": "但我们仍有理由也不能保证。"
      },
      {
        "en": "Unfortunately, history provides little cause for optimism.",
        "reference_zh": "不幸的是,从日本的历史来看,我们没有什么理由对此感到乐观。",
        "hypothesis_zh": "历史,他们历史了,但历史了。"
      },
      {
        "en": "The Dirt on Plastic Waste",
        "reference_zh": "塑料废物的污点",
        "hypothesis_zh": " ⁇ 北亚 ⁇ 的亚洲"
      },
      {
        "en": "Such developments would encourage industry to re-use or recycle more parts.",
        "reference_zh": "这样的发展将鼓励产业界循环和再利用更多的部分。",
        "hypothesis_zh": " ⁇ 庸置疑,我们将导致重重重。"
      },
      {
        "en": "Such efforts should be intensified.",
        "reference_zh": "这些措施应该得到强化。",
        "hypothesis_zh": "应该应的应应。"
      },
      {
        "en": "Can South Korea Make More Babies?",
        "reference_zh": "韩国能生更多婴儿吗?",
        "hypothesis_zh": "南南?"
      },
      {
        "en": "SEOUL – South Korea is facing major demographic challenges.",
        "reference_zh": "首尔—韩国正面临严重的人口挑战。",
        "hypothesis_zh": "南 — — 南的亚洲挑战。"
      },
      {
        "en": "A low birthrate is common in industrialized countries.",
        "reference_zh": "低生育率是工业化国家所面临的共同现象。",
        "hypothesis_zh": "阿拉伯国家已经开始。"
      },
      {
        "en": "One of those hurdles is the cost of education.",
        "reference_zh": "这些障碍之一是教育成本。",
        "hypothesis_zh": "您教育体系的 ⁇ 庸。"
      },
      {
        "en": "That limits how many children parents may feel they can afford to raise.",
        "reference_zh": "这让很多孩子的家长不堪重负。",
        "hypothesis_zh": "看起来那里的的软实力"
      },
      {
        "en": "Women confront the highest barriers to increased fertility.",
        "reference_zh": "女性所面临的的提高生育率壁垒最为严重。",
        "hypothesis_zh": "聆听也同样如此。"
      }
    ]
  },
  "flat_seq": {
    "nll": 5.8792425401527195,
    "ppl": 357.53831819506735,
    "exact": 0.0,
    "token_bleu4": 0.9263143943539361,
    "examples": [
      {
        "en": "The neo-Keynesian economist wants to boost demand generally.",
        "reference_zh": "新凯恩斯主义经济学家想要一般地提振需求。",
        "hypothesis_zh": "按回到为 ⁇ 权 ⁇ 子。"
      },
      {
        "en": "But continued misdiagnosis will have lasting effects.",
        "reference_zh": "但长时间“误诊”的影响还会持续一段时间。",
        "hypothesis_zh": "但实际上将面临将影响到的渴望。"
      },
      {
        "en": "Unfortunately, history provides little cause for optimism.",
        "reference_zh": "不幸的是,从日本的历史来看,我们没有什么理由对此感到乐观。",
        "hypothesis_zh": "不幸的是,这一希望的前景相当。"
      },
      {
        "en": "The Dirt on Plastic Waste",
        "reference_zh": "塑料废物的污点",
        "hypothesis_zh": " ⁇ 析"
      },
      {
        "en": "Such developments would encourage industry to re-use or recycle more parts.",
        "reference_zh": "这样的发展将鼓励产业界循环和再利用更多的部分。",
        "hypothesis_zh": "这可能需要的亚洲强需要的亚洲。"
      },
      {
        "en": "Such efforts should be intensified.",
        "reference_zh": "这些措施应该得到强化。",
        "hypothesis_zh": "这应该应该让我们。"
      },
      {
        "en": "Can South Korea Make More Babies?",
        "reference_zh": "韩国能生更多婴儿吗?",
        "hypothesis_zh": " ⁇ 析 ⁇ 权威?"
      },
      {
        "en": "SEOUL – South Korea is facing major demographic challenges.",
        "reference_zh": "首尔—韩国正面临严重的人口挑战。",
        "hypothesis_zh": " ⁇  — — 并且是唯一的。"
      },
      {
        "en": "A low birthrate is common in industrialized countries.",
        "reference_zh": "低生育率是工业化国家所面临的共同现象。",
        "hypothesis_zh": "北约国家也同样重要。"
      },
      {
        "en": "One of those hurdles is the cost of education.",
        "reference_zh": "这些障碍之一是教育成本。",
        "hypothesis_zh": " ⁇ 是显而易见的是显而易见的。"
      },
      {
        "en": "That limits how many children parents may feel they can afford to raise.",
        "reference_zh": "这让很多孩子的家长不堪重负。",
        "hypothesis_zh": " ⁇ 析已经启动了。"
      },
      {
        "en": "Women confront the highest barriers to increased fertility.",
        "reference_zh": "女性所面临的的提高生育率壁垒最为严重。",
        "hypothesis_zh": "让我们从从欧元为3 % 。"
      }
    ]
  },
  "bow": {
    "nll": 5.876110916326004,
    "ppl": 356.420394051416,
    "exact": 0.0,
    "token_bleu4": 0.7792884949676459,
    "examples": [
      {
        "en": "The neo-Keynesian economist wants to boost demand generally.",
        "reference_zh": "新凯恩斯主义经济学家想要一般地提振需求。",
        "hypothesis_zh": "按揭是有用的的。"
      },
      {
        "en": "But continued misdiagnosis will have lasting effects.",
        "reference_zh": "但长时间“误诊”的影响还会持续一段时间。",
        "hypothesis_zh": "但这些事件着一些。"
      },
      {
        "en": "Unfortunately, history provides little cause for optimism.",
        "reference_zh": "不幸的是,从日本的历史来看,我们没有什么理由对此感到乐观。",
        "hypothesis_zh": "历史,这些一直存在。"
      },
      {
        "en": "The Dirt on Plastic Waste",
        "reference_zh": "塑料废物的污点",
        "hypothesis_zh": "人工智能"
      },
      {
        "en": "Such developments would encourage industry to re-use or recycle more parts.",
        "reference_zh": "这样的发展将鼓励产业界循环和再利用更多的部分。",
        "hypothesis_zh": "人工智能 ⁇ 析的 ⁇ 析。"
      },
      {
        "en": "Such efforts should be intensified.",
        "reference_zh": "这些措施应该得到强化。",
        "hypothesis_zh": "应该应该被忽视。"
      },
      {
        "en": "Can South Korea Make More Babies?",
        "reference_zh": "韩国能生更多婴儿吗?",
        "hypothesis_zh": "如何医?"
      },
      {
        "en": "SEOUL – South Korea is facing major demographic challenges.",
        "reference_zh": "首尔—韩国正面临严重的人口挑战。",
        "hypothesis_zh": "暴力 — — — —  ⁇ 的 ⁇ 。"
      },
      {
        "en": "A low birthrate is common in industrialized countries.",
        "reference_zh": "低生育率是工业化国家所面临的共同现象。",
        "hypothesis_zh": " ⁇ 析是有用的的。"
      },
      {
        "en": "One of those hurdles is the cost of education.",
        "reference_zh": "这些障碍之一是教育成本。",
        "hypothesis_zh": "按揭是错的。"
      },
      {
        "en": "That limits how many children parents may feel they can afford to raise.",
        "reference_zh": "这让很多孩子的家长不堪重负。",
        "hypothesis_zh": "如何可以做到,他们必须可以起到可以起到。"
      },
      {
        "en": "Women confront the highest barriers to increased fertility.",
        "reference_zh": "女性所面临的的提高生育率壁垒最为严重。",
        "hypothesis_zh": " ⁇ 析的 ⁇ 析。"
      }
    ]
  }
}
