model=lstm
started_at=2026-07-04T16:55:57+08:00
               total        used        free      shared  buff/cache   available
Mem:            31Gi       889Mi        26Gi       3.0Mi       4.1Gi        29Gi
Swap:             0B          0B          0B
NVIDIA GeForce RTX 3090, 229.74 W, 270.00 W, 73, 5 %, 1 MiB, 24576 MiB
[
  {
    "model": "lstm",
    "step": 60000,
    "seen_lines": 18150978,
    "accepted_pairs": 15360000,
    "loss": 0.5158177018165588,
    "align": 0.5158088207244873,
    "echo": 8.864682058629114e-06,
    "batch_positive_distance_proxy": 0.2564338147640228,
    "elapsed_sec": 1603.5062136650085,
    "cuda_memory_allocated": 893892096,
    "cuda_memory_reserved": 2738880512
  }
]
pilot_pass=True
finished_at=2026-07-04T17:22:43+08:00
               total        used        free      shared  buff/cache   available
Mem:            31Gi       894Mi        26Gi       3.0Mi       4.1Gi        29Gi
Swap:             0B          0B          0B
NVIDIA GeForce RTX 3090, 225.99 W, 270.00 W, 73, 10 %, 1 MiB, 24576 MiB
