{"variant": "leaf_only", "step": 1, "train_nll": 10.3831787109375, "valid_nll_root_to_leaf": [10.839362368864172, 10.496252845315372, 10.357518981484805, 10.32156229019165, 10.31890552184161, 10.327135927536908, 10.333879695219153], "depth_count": [0, 0, 0, 0, 0, 0, 1], "elapsed_sec": 3.538540840148926}
{"variant": "leaf_only", "step": 2000, "train_nll": 6.0903215408325195, "valid_nll_root_to_leaf": [19.72793422025793, 13.838524678174187, 10.193353428560144, 7.978062503478107, 6.755358499639175, 6.28516905448016, 6.154620409011841], "depth_count": [0, 0, 0, 0, 0, 0, 2000], "elapsed_sec": 108.96376824378967}
{"variant": "leaf_only", "step": 4000, "train_nll": 6.539962291717529, "valid_nll_root_to_leaf": [25.155497046077954, 16.950768302468692, 11.860364745644961, 8.545557498931885, 6.74481743924758, 6.0507561038522155, 5.887788940878475], "depth_count": [0, 0, 0, 0, 0, 0, 4000], "elapsed_sec": 216.46551847457886}
{"variant": "leaf_only", "step": 6000, "train_nll": 5.869015693664551, "valid_nll_root_to_leaf": [28.17537072125603, 18.768332593581256, 12.826301378362318, 8.84117810866412, 6.743109085980584, 5.925618564381319, 5.724938841427074], "depth_count": [0, 0, 0, 0, 0, 0, 6000], "elapsed_sec": 323.4551622867584}
{"variant": "leaf_only", "step": 8000, "train_nll": 6.018499374389648, "valid_nll_root_to_leaf": [29.946002399220188, 19.760937746833353, 13.11836192187141, 8.767646761501537, 6.590653896331787, 5.798931738909553, 5.607216175864725], "depth_count": [0, 0, 0, 0, 0, 0, 8000], "elapsed_sec": 426.1390459537506}
{"variant": "leaf_only", "step": 10000, "train_nll": 5.759105682373047, "valid_nll_root_to_leaf": [32.03156431983499, 21.23579417957979, 13.811141827527214, 9.107680629281436, 6.7298135196461395, 5.839389590656056, 5.606066872091854], "depth_count": [0, 0, 0, 0, 0, 0, 10000], "elapsed_sec": 531.8802700042725}
{"variant": "leaf_only", "step": 12000, "train_nll": 5.574921607971191, "valid_nll_root_to_leaf": [32.87529754638672, 21.64559325049905, 13.869422940646901, 8.947198699502383, 6.564962401109583, 5.714841407888076, 5.4954116765190575], "depth_count": [0, 0, 0, 0, 0, 0, 12000], "elapsed_sec": 639.8856463432312}
{"variant": "leaf_only", "step": 14000, "train_nll": 5.7393646240234375, "valid_nll_root_to_leaf": [34.19712032991297, 22.830302070168887, 14.62799243366017, 9.205578747917624, 6.617971798952888, 5.684667601304896, 5.445251142277437], "depth_count": [0, 0, 0, 0, 0, 0, 14000], "elapsed_sec": 738.9793887138367}
{"variant": "leaf_only", "step": 16000, "train_nll": 5.898510932922363, "valid_nll_root_to_leaf": [34.9728515849394, 23.443751559538, 15.051851244533763, 9.432373720056871, 6.701312584035537, 5.711987004560583, 5.455389653935152], "depth_count": [0, 0, 0, 0, 0, 0, 16000], "elapsed_sec": 842.58913397789}
{"variant": "leaf_only", "step": 18000, "train_nll": 5.57995080947876, "valid_nll_root_to_leaf": [35.469394235049975, 23.70893332537483, 14.902008224936093, 9.229784600874957, 6.564790487289429, 5.61493846949409, 5.39248459479388], "depth_count": [0, 0, 0, 0, 0, 0, 18000], "elapsed_sec": 944.4827964305878}
{"variant": "leaf_only", "step": 20000, "train_nll": 5.311093807220459, "valid_nll_root_to_leaf": [35.87324580024271, 24.10762332467472, 15.195153264438405, 9.264205119189095, 6.520801782608032, 5.588123167262358, 5.361481329974006], "depth_count": [0, 0, 0, 0, 0, 0, 20000], "elapsed_sec": 1051.3615305423737}
{"variant": "uniform", "step": 1, "train_nll": 10.393373489379883, "valid_nll_root_to_leaf": [14.487179139081169, 10.268564897425035, 9.897041965933408, 10.021935687345618, 10.161458015441895, 10.27085854025448, 10.34115982055664], "depth_count": [0, 0, 0, 0, 1, 0, 0], "elapsed_sec": 3.4003195762634277}
{"variant": "uniform", "step": 2000, "train_nll": 6.224123954772949, "valid_nll_root_to_leaf": [6.569299207014196, 6.389460283167222, 6.268047515083762, 6.255053884842816, 6.268000967362347, 6.304118212531595, 6.297188296037562], "depth_count": [296, 264, 306, 295, 285, 265, 289], "elapsed_sec": 99.05342531204224}
{"variant": "uniform", "step": 4000, "train_nll": 6.930679798126221, "valid_nll_root_to_leaf": [6.301967676948099, 6.151602997499354, 6.04822600589079, 6.015991617651546, 6.018482053981108, 6.050449315239401, 6.051001815234914], "depth_count": [565, 554, 598, 593, 566, 542, 582], "elapsed_sec": 188.35393619537354}
{"variant": "uniform", "step": 6000, "train_nll": 5.943378448486328, "valid_nll_root_to_leaf": [6.0723815946018, 5.945699663723216, 5.8350113279679245, 5.817812288508696, 5.801876516903148, 5.809162280138801, 5.837193517123952], "depth_count": [841, 833, 889, 880, 844, 842, 871], "elapsed_sec": 289.7556200027466}
{"variant": "uniform", "step": 8000, "train_nll": 6.376142501831055, "valid_nll_root_to_leaf": [6.006209457621855, 5.9014372685376335, 5.820792717092178, 5.792612734962912, 5.791803598403931, 5.775315158507404, 5.753390171948602], "depth_count": [1134, 1136, 1168, 1163, 1131, 1120, 1148], "elapsed_sec": 388.4073760509491}
{"variant": "uniform", "step": 10000, "train_nll": 6.568789482116699, "valid_nll_root_to_leaf": [6.029486880582922, 5.889825344085693, 5.809324292575612, 5.764217587078319, 5.753439580692964, 5.7637039493112, 5.75733336280374], "depth_count": [1420, 1410, 1450, 1466, 1416, 1415, 1423], "elapsed_sec": 480.03931975364685}
{"variant": "uniform", "step": 12000, "train_nll": 5.808469295501709, "valid_nll_root_to_leaf": [5.879788735333611, 5.783858299255371, 5.690471845514634, 5.668250518686631, 5.6451723715838265, 5.63105985697578, 5.623128708671121], "depth_count": [1707, 1700, 1726, 1748, 1701, 1704, 1714], "elapsed_sec": 580.872065782547}
{"variant": "uniform", "step": 14000, "train_nll": 5.879100322723389, "valid_nll_root_to_leaf": [5.79058630326215, 5.711095599567189, 5.627504685345818, 5.607306101742913, 5.583545867134543, 5.568564064362469, 5.572160187889548], "depth_count": [1984, 2004, 2014, 2027, 1991, 1986, 1994], "elapsed_sec": 683.9584686756134}
{"variant": "uniform", "step": 16000, "train_nll": 6.072564601898193, "valid_nll_root_to_leaf": [5.787491574006922, 5.698459919761209, 5.639207966187421, 5.607650616589715, 5.580880698035745, 5.561074944103465, 5.570966888876522], "depth_count": [2277, 2294, 2302, 2316, 2258, 2260, 2293], "elapsed_sec": 779.9475800991058}
{"variant": "uniform", "step": 18000, "train_nll": 5.796209812164307, "valid_nll_root_to_leaf": [5.783950581270106, 5.682937523897956, 5.606952905654907, 5.564872643526862, 5.538314721163581, 5.511006369310267, 5.514002070707433], "depth_count": [2560, 2585, 2578, 2595, 2568, 2536, 2578], "elapsed_sec": 876.9936692714691}
{"variant": "uniform", "step": 20000, "train_nll": 5.574768543243408, "valid_nll_root_to_leaf": [5.7158083635218, 5.627555482527789, 5.555169021382051, 5.529288993162267, 5.502739134956808, 5.470853300655589, 5.487037967233097], "depth_count": [2833, 2872, 2872, 2866, 2873, 2802, 2882], "elapsed_sec": 973.8623549938202}
{"variant": "annealed", "step": 1, "train_nll": 10.386565208435059, "valid_nll_root_to_leaf": [14.582555153790642, 10.297171424416934, 9.897421163671156, 10.019693430732278, 10.158209604375502, 10.265448990990134, 10.336516548605527], "depth_count": [0, 0, 0, 0, 0, 1, 0], "elapsed_sec": 3.5085175037384033}
{"variant": "annealed", "step": 2000, "train_nll": 6.155454635620117, "valid_nll_root_to_leaf": [7.513075758429134, 6.777988644207225, 6.418068731532378, 6.287927010480096, 6.232017460991354, 6.23739114929648, 6.203794815961053], "depth_count": [70, 101, 119, 173, 273, 465, 799], "elapsed_sec": 102.56237626075745}
{"variant": "annealed", "step": 4000, "train_nll": 6.5431227684021, "valid_nll_root_to_leaf": [7.299477675381829, 6.584173889721141, 6.197426150826847, 6.026770255144904, 5.966109808753519, 5.94669436005985, 5.941229680005242], "depth_count": [148, 200, 251, 372, 543, 931, 1555], "elapsed_sec": 203.98846077919006}
{"variant": "annealed", "step": 6000, "train_nll": 5.943947792053223, "valid_nll_root_to_leaf": [6.386440333198099, 6.104409512351541, 5.918003615211038, 5.850051515242633, 5.8038312266854675, 5.7966932829688576, 5.793941357556512], "depth_count": [236, 306, 405, 584, 827, 1389, 2253], "elapsed_sec": 303.07621455192566}
{"variant": "annealed", "step": 8000, "train_nll": 6.482044219970703, "valid_nll_root_to_leaf": [6.040804862976074, 5.907945156097412, 5.783308253568761, 5.716474392834832, 5.696599763982436, 5.666652034310734, 5.660055160522461], "depth_count": [352, 465, 598, 813, 1128, 1794, 2850], "elapsed_sec": 402.91033959388733}
{"variant": "annealed", "step": 10000, "train_nll": 5.932253837585449, "valid_nll_root_to_leaf": [5.918788980035221, 5.78754503586713, 5.6838626440833595, 5.643182880738202, 5.612976228489595, 5.598009908900542, 5.593252364326926], "depth_count": [520, 690, 851, 1083, 1461, 2146, 3249], "elapsed_sec": 502.41588401794434}
{"variant": "annealed", "step": 12000, "train_nll": 5.704314231872559, "valid_nll_root_to_leaf": [5.801568297778859, 5.720852108562694, 5.650533325531903, 5.626021202872781, 5.59644255918615, 5.574977425967946, 5.576119352789486], "depth_count": [919, 1044, 1165, 1331, 1707, 2384, 3450], "elapsed_sec": 600.9308459758759}
{"variant": "annealed", "step": 14000, "train_nll": 5.922692775726318, "valid_nll_root_to_leaf": [5.718393409953398, 5.676217415753533, 5.612000830033246, 5.6145733244278855, 5.614076894872329, 5.594108918133904, 5.562664158204022], "depth_count": [1771, 1466, 1417, 1496, 1817, 2506, 3527], "elapsed_sec": 697.0325360298157}
{"variant": "annealed", "step": 16000, "train_nll": 6.031277656555176, "valid_nll_root_to_leaf": [5.741417197620168, 5.670184878741994, 5.611344533808091, 5.595723166185267, 5.585163158528945, 5.569509365979363, 5.5742276416105385], "depth_count": [2880, 1859, 1589, 1591, 1901, 2576, 3604], "elapsed_sec": 791.6603274345398}
{"variant": "annealed", "step": 18000, "train_nll": 5.857815742492676, "valid_nll_root_to_leaf": [5.653121190912583, 5.61446037011988, 5.570442774716546, 5.561866171219769, 5.549561065786025, 5.52580122386708, 5.537240378996906], "depth_count": [4246, 2086, 1685, 1666, 1979, 2655, 3683], "elapsed_sec": 884.208621263504}
{"variant": "annealed", "step": 20000, "train_nll": 5.588483810424805, "valid_nll_root_to_leaf": [5.643979815875783, 5.60545539855957, 5.557296738905065, 5.559469798031976, 5.549360317342422, 5.536552597494686, 5.5623922909007355], "depth_count": [5768, 2217, 1754, 1730, 2059, 2727, 3745], "elapsed_sec": 979.523848772049}
{
  "derived": {
    "annealed_root_gain_over_uniform": 0.09176230430603027,
    "annealed_root_gap_to_leaf": 0.06025850071626593,
    "root_source_shuffle_damage": 0.08518718270694503,
    "root_sibling_swap_damage": -0.0011328528909118063,
    "frontier_nll_root_to_leaf": [
      5.679374807021198,
      5.648145254920511,
      5.626742517246919,
      5.597782653920791,
      5.593865801306332,
      5.5969282599056465,
      5.619116306304932
    ],
    "frontier_nll_spearman": -0.75
  },
  "gates": {
    "R1_finite_and_learning": true,
    "R2_annealed_root_gain": true,
    "R3_root_retains_future": true,
    "R4_root_source_causal": false,
    "R5_address_causal": false,
    "R6_root_generation_nondegenerate": true,
    "R7_ordered_rate_distortion": true,
    "R8_closed": true
  }
}
