{"event": "pool_sampling_started", "required": 1034000}
{"event": "dataset_ready", "train_doses": [30000, 1000000], "train_sha256": {"30000": "50e7a7213af49b8e0c1f7e705aa80a7caa561e2dd36b3c42b67f68cf904120be", "1000000": "a4a254f3a965a20751b5b3322434876751ee3c93eae9fd89518179fd279a8fdf"}, "validation_rows": 2000, "validation_sha256": "86ac3b0fe60302b397416a6fabb8921f6890565ebb373cd04768fa72bddf6f76", "test_rows": 2000, "test_sha256": "b893d33aa433214f87a6c16ee357178beffb12adcde53576a5d178e2813660c0"}
{"arm": "root_control", "step": 500, "train_nll_window": 3.1151687865257265, "valid_nll": 3.704033342092497, "route_mass_by_level": [1.0, 0.0, 0.0, 0.0, 0.0, 0.0], "branch_grad_nonzero_fraction": 0.0, "elapsed_sec": 59.03209447860718}
{"arm": "root_control", "step": 1000, "train_nll_window": 3.112581889629364, "valid_nll": 3.6858086766897977, "route_mass_by_level": [1.0, 0.0, 0.0, 0.0, 0.0, 0.0], "branch_grad_nonzero_fraction": 0.0, "elapsed_sec": 119.46753120422363}
{"arm": "root_control", "step": 1500, "train_nll_window": 3.1247854132652284, "valid_nll": 3.680611905618682, "route_mass_by_level": [1.0, 0.0, 0.0, 0.0, 0.0, 0.0], "branch_grad_nonzero_fraction": 0.0, "elapsed_sec": 179.73573660850525}
{"arm": "root_control", "step": 2000, "train_nll_window": 3.12379377412796, "valid_nll": 3.68058346759513, "route_mass_by_level": [1.0, 0.0, 0.0, 0.0, 0.0, 0.0], "branch_grad_nonzero_fraction": 0.0, "elapsed_sec": 239.1901936531067}
{"arm": "root_control", "step": 2500, "train_nll_window": 3.1311902136802674, "valid_nll": 3.674357710886261, "route_mass_by_level": [1.0, 0.0, 0.0, 0.0, 0.0, 0.0], "branch_grad_nonzero_fraction": 0.0, "elapsed_sec": 300.1861596107483}
{"arm": "root_control", "step": 3000, "train_nll_window": 3.1357264919281005, "valid_nll": 3.6677229604213517, "route_mass_by_level": [1.0, 0.0, 0.0, 0.0, 0.0, 0.0], "branch_grad_nonzero_fraction": 0.0, "elapsed_sec": 360.52295184135437}
{"arm": "root_control", "step": 3500, "train_nll_window": 3.1581917610168455, "valid_nll": 3.6675462267445385, "route_mass_by_level": [1.0, 0.0, 0.0, 0.0, 0.0, 0.0], "branch_grad_nonzero_fraction": 0.0, "elapsed_sec": 421.329647064209}
{"arm": "root_control", "step": 4000, "train_nll_window": 3.1647950677871703, "valid_nll": 3.666384237754172, "route_mass_by_level": [1.0, 0.0, 0.0, 0.0, 0.0, 0.0], "branch_grad_nonzero_fraction": 0.0, "elapsed_sec": 480.75059056282043}
{"arm": "root_control", "step": 4500, "train_nll_window": 3.1728944478034973, "valid_nll": 3.660726378478242, "route_mass_by_level": [1.0, 0.0, 0.0, 0.0, 0.0, 0.0], "branch_grad_nonzero_fraction": 0.0, "elapsed_sec": 544.0121743679047}
{"arm": "root_control", "step": 5000, "train_nll_window": 3.171185068130493, "valid_nll": 3.6507162602929966, "route_mass_by_level": [1.0, 0.0, 0.0, 0.0, 0.0, 0.0], "branch_grad_nonzero_fraction": 0.0, "elapsed_sec": 605.1027300357819}
{"arm": "root_control", "step": 5500, "train_nll_window": 3.1862630796432496, "valid_nll": 3.6448749558418294, "route_mass_by_level": [1.0, 0.0, 0.0, 0.0, 0.0, 0.0], "branch_grad_nonzero_fraction": 0.0, "elapsed_sec": 663.7567429542542}
{"arm": "root_control", "step": 6000, "train_nll_window": 3.1994936447143556, "valid_nll": 3.6438851392801004, "route_mass_by_level": [1.0, 0.0, 0.0, 0.0, 0.0, 0.0], "branch_grad_nonzero_fraction": 0.0, "elapsed_sec": 724.2720556259155}
{"arm": "root_control", "step": 6500, "train_nll_window": 3.196638589859009, "valid_nll": 3.64117013709834, "route_mass_by_level": [1.0, 0.0, 0.0, 0.0, 0.0, 0.0], "branch_grad_nonzero_fraction": 0.0, "elapsed_sec": 785.5464522838593}
{"arm": "root_control", "step": 7000, "train_nll_window": 3.1945415415763856, "valid_nll": 3.6300156322274852, "route_mass_by_level": [1.0, 0.0, 0.0, 0.0, 0.0, 0.0], "branch_grad_nonzero_fraction": 0.0, "elapsed_sec": 847.312164068222}
{"arm": "root_control", "step": 7500, "train_nll_window": 3.2070541348457335, "valid_nll": 3.6297903039968347, "route_mass_by_level": [1.0, 0.0, 0.0, 0.0, 0.0, 0.0], "branch_grad_nonzero_fraction": 0.0, "elapsed_sec": 907.9747626781464}
{"arm": "root_control", "step": 8000, "train_nll_window": 3.200360607147217, "valid_nll": 3.62219590106995, "route_mass_by_level": [1.0, 0.0, 0.0, 0.0, 0.0, 0.0], "branch_grad_nonzero_fraction": 0.0, "elapsed_sec": 970.0173268318176}
{"arm": "root_control", "step": 8500, "train_nll_window": 3.2020612139701843, "valid_nll": 3.6273323549590653, "route_mass_by_level": [1.0, 0.0, 0.0, 0.0, 0.0, 0.0], "branch_grad_nonzero_fraction": 0.0, "elapsed_sec": 1030.9998743534088}
{"arm": "root_control", "step": 9000, "train_nll_window": 3.211001396179199, "valid_nll": 3.622674857835957, "route_mass_by_level": [1.0, 0.0, 0.0, 0.0, 0.0, 0.0], "branch_grad_nonzero_fraction": 0.0, "elapsed_sec": 1091.202383518219}
{"arm": "root_control", "step": 9500, "train_nll_window": 3.2233802247047425, "valid_nll": 3.6238844589857266, "route_mass_by_level": [1.0, 0.0, 0.0, 0.0, 0.0, 0.0], "branch_grad_nonzero_fraction": 0.0, "elapsed_sec": 1153.0106692314148}
{"arm": "root_control", "step": 10000, "train_nll_window": 3.2136620502471924, "valid_nll": 3.6175024005680214, "route_mass_by_level": [1.0, 0.0, 0.0, 0.0, 0.0, 0.0], "branch_grad_nonzero_fraction": 0.0, "elapsed_sec": 1214.4405674934387}
{"arm": "root_control", "step": 10500, "train_nll_window": 3.2279576296806334, "valid_nll": 3.6166658650817753, "route_mass_by_level": [1.0, 0.0, 0.0, 0.0, 0.0, 0.0], "branch_grad_nonzero_fraction": 0.0, "elapsed_sec": 1274.6322605609894}
{"arm": "root_control", "step": 11000, "train_nll_window": 3.2305527086257935, "valid_nll": 3.610871491540787, "route_mass_by_level": [1.0, 0.0, 0.0, 0.0, 0.0, 0.0], "branch_grad_nonzero_fraction": 0.0, "elapsed_sec": 1336.2305734157562}
{"arm": "root_control", "step": 11500, "train_nll_window": 3.2363947038650513, "valid_nll": 3.611278795945651, "route_mass_by_level": [1.0, 0.0, 0.0, 0.0, 0.0, 0.0], "branch_grad_nonzero_fraction": 0.0, "elapsed_sec": 1397.3472549915314}
{"arm": "root_control", "step": 12000, "train_nll_window": 3.232842489719391, "valid_nll": 3.61219143486614, "route_mass_by_level": [1.0, 0.0, 0.0, 0.0, 0.0, 0.0], "branch_grad_nonzero_fraction": 0.0, "elapsed_sec": 1455.616081237793}
{"arm": "root_control", "step": 12500, "train_nll_window": 3.2308106870651243, "valid_nll": 3.602978701453629, "route_mass_by_level": [1.0, 0.0, 0.0, 0.0, 0.0, 0.0], "branch_grad_nonzero_fraction": 0.0, "elapsed_sec": 1514.1622993946075}
{"arm": "root_control", "step": 13000, "train_nll_window": 3.2556477875709535, "valid_nll": 3.596494993673894, "route_mass_by_level": [1.0, 0.0, 0.0, 0.0, 0.0, 0.0], "branch_grad_nonzero_fraction": 0.0, "elapsed_sec": 1575.8830971717834}
{"arm": "root_control", "step": 13500, "train_nll_window": 3.227575846195221, "valid_nll": 3.5969656248766038, "route_mass_by_level": [1.0, 0.0, 0.0, 0.0, 0.0, 0.0], "branch_grad_nonzero_fraction": 0.0, "elapsed_sec": 1634.9632258415222}
{"arm": "root_control", "step": 14000, "train_nll_window": 3.2392571225166322, "valid_nll": 3.5944029838084357, "route_mass_by_level": [1.0, 0.0, 0.0, 0.0, 0.0, 0.0], "branch_grad_nonzero_fraction": 0.0, "elapsed_sec": 1693.4477207660675}
{"arm": "root_control", "step": 14500, "train_nll_window": 3.2269906520843508, "valid_nll": 3.5891666525397734, "route_mass_by_level": [1.0, 0.0, 0.0, 0.0, 0.0, 0.0], "branch_grad_nonzero_fraction": 0.0, "elapsed_sec": 1755.1318354606628}
{"arm": "root_control", "step": 15000, "train_nll_window": 3.2465709085464476, "valid_nll": 3.5901081903828853, "route_mass_by_level": [1.0, 0.0, 0.0, 0.0, 0.0, 0.0], "branch_grad_nonzero_fraction": 0.0, "elapsed_sec": 1815.8875267505646}
{"arm": "root_control", "step": 15500, "train_nll_window": 3.2359130911827085, "valid_nll": 3.5879967034001146, "route_mass_by_level": [1.0, 0.0, 0.0, 0.0, 0.0, 0.0], "branch_grad_nonzero_fraction": 0.0, "elapsed_sec": 1875.123925447464}
{"arm": "root_control", "step": 15625, "train_nll_window": 3.2183916187286377, "valid_nll": 3.5875198050717905, "route_mass_by_level": [1.0, 0.0, 0.0, 0.0, 0.0, 0.0], "branch_grad_nonzero_fraction": 0.0, "elapsed_sec": 1890.9225685596466}
{"arm": "leaf_pressure", "step": 500, "train_nll_window": 3.3893891615867613, "valid_nll": 3.809771651943947, "route_mass_by_level": [0.0, 0.0, 0.0, 0.0, 0.0, 1.0], "branch_grad_nonzero_fraction": 1.0, "elapsed_sec": 60.90292835235596}
{"arm": "leaf_pressure", "step": 1000, "train_nll_window": 3.2941160502433777, "valid_nll": 3.766508607787774, "route_mass_by_level": [0.0, 0.0, 0.0, 0.0, 0.0, 1.0], "branch_grad_nonzero_fraction": 1.0, "elapsed_sec": 121.5373260974884}
{"arm": "leaf_pressure", "step": 1500, "train_nll_window": 3.280610219478607, "valid_nll": 3.7508463429043255, "route_mass_by_level": [0.0, 0.0, 0.0, 0.0, 0.0, 1.0], "branch_grad_nonzero_fraction": 1.0, "elapsed_sec": 181.9231812953949}
{"arm": "leaf_pressure", "step": 2000, "train_nll_window": 3.266147800922394, "valid_nll": 3.7352322282019053, "route_mass_by_level": [0.0, 0.0, 0.0, 0.0, 0.0, 1.0], "branch_grad_nonzero_fraction": 1.0, "elapsed_sec": 242.46597051620483}
{"arm": "leaf_pressure", "step": 2500, "train_nll_window": 3.2667476139068605, "valid_nll": 3.720714019478836, "route_mass_by_level": [0.0, 0.0, 0.0, 0.0, 0.0, 1.0], "branch_grad_nonzero_fraction": 1.0, "elapsed_sec": 302.35664892196655}
{"arm": "leaf_pressure", "step": 3000, "train_nll_window": 3.264040407180786, "valid_nll": 3.7034022684343175, "route_mass_by_level": [0.0, 0.0, 0.0, 0.0, 0.0, 1.0], "branch_grad_nonzero_fraction": 1.0, "elapsed_sec": 363.07324504852295}
{"arm": "leaf_pressure", "step": 3500, "train_nll_window": 3.2802434210777283, "valid_nll": 3.686045182181981, "route_mass_by_level": [0.0, 0.0, 0.0, 0.0, 0.0, 1.0], "branch_grad_nonzero_fraction": 1.0, "elapsed_sec": 422.08444333076477}
{"arm": "leaf_pressure", "step": 4000, "train_nll_window": 3.2766131496429445, "valid_nll": 3.6901611173879894, "route_mass_by_level": [0.0, 0.0, 0.0, 0.0, 0.0, 1.0], "branch_grad_nonzero_fraction": 1.0, "elapsed_sec": 484.2571077346802}
{"arm": "leaf_pressure", "step": 4500, "train_nll_window": 3.280709325313568, "valid_nll": 3.6793859232712562, "route_mass_by_level": [0.0, 0.0, 0.0, 0.0, 0.0, 1.0], "branch_grad_nonzero_fraction": 1.0, "elapsed_sec": 548.7556366920471}
{"arm": "leaf_pressure", "step": 5000, "train_nll_window": 3.2724856715202333, "valid_nll": 3.6658248201296386, "route_mass_by_level": [0.0, 0.0, 0.0, 0.0, 0.0, 1.0], "branch_grad_nonzero_fraction": 1.0, "elapsed_sec": 609.6896278858185}
{"arm": "leaf_pressure", "step": 5500, "train_nll_window": 3.2861585884094238, "valid_nll": 3.6552249457762342, "route_mass_by_level": [0.0, 0.0, 0.0, 0.0, 0.0, 1.0], "branch_grad_nonzero_fraction": 1.0, "elapsed_sec": 671.2453606128693}
{"arm": "leaf_pressure", "step": 6000, "train_nll_window": 3.2962615485191344, "valid_nll": 3.6545367720482953, "route_mass_by_level": [0.0, 0.0, 0.0, 0.0, 0.0, 1.0], "branch_grad_nonzero_fraction": 1.0, "elapsed_sec": 732.0804436206818}
{"arm": "leaf_pressure", "step": 6500, "train_nll_window": 3.2847399406433104, "valid_nll": 3.6384961604426462, "route_mass_by_level": [0.0, 0.0, 0.0, 0.0, 0.0, 1.0], "branch_grad_nonzero_fraction": 1.0, "elapsed_sec": 793.3230764865875}
{"arm": "leaf_pressure", "step": 7000, "train_nll_window": 3.2822863450050352, "valid_nll": 3.6362140746985845, "route_mass_by_level": [0.0, 0.0, 0.0, 0.0, 0.0, 1.0], "branch_grad_nonzero_fraction": 1.0, "elapsed_sec": 856.6527721881866}
{"arm": "leaf_pressure", "step": 7500, "train_nll_window": 3.288612168312073, "valid_nll": 3.629126460598337, "route_mass_by_level": [0.0, 0.0, 0.0, 0.0, 0.0, 1.0], "branch_grad_nonzero_fraction": 1.0, "elapsed_sec": 918.5957956314087}
{"arm": "leaf_pressure", "step": 8000, "train_nll_window": 3.2791904315948486, "valid_nll": 3.6186327178963342, "route_mass_by_level": [0.0, 0.0, 0.0, 0.0, 0.0, 1.0], "branch_grad_nonzero_fraction": 1.0, "elapsed_sec": 978.0233771800995}
{"arm": "leaf_pressure", "step": 8500, "train_nll_window": 3.278431875705719, "valid_nll": 3.62034762785421, "route_mass_by_level": [0.0, 0.0, 0.0, 0.0, 0.0, 1.0], "branch_grad_nonzero_fraction": 1.0, "elapsed_sec": 1041.0379612445831}
{"arm": "leaf_pressure", "step": 9000, "train_nll_window": 3.2823672785758973, "valid_nll": 3.613096673693976, "route_mass_by_level": [0.0, 0.0, 0.0, 0.0, 0.0, 1.0], "branch_grad_nonzero_fraction": 1.0, "elapsed_sec": 1102.7172770500183}
{"arm": "leaf_pressure", "step": 9500, "train_nll_window": 3.2891676111221315, "valid_nll": 3.609944799789263, "route_mass_by_level": [0.0, 0.0, 0.0, 0.0, 0.0, 1.0], "branch_grad_nonzero_fraction": 1.0, "elapsed_sec": 1161.2027974128723}
{"arm": "leaf_pressure", "step": 10000, "train_nll_window": 3.277852274417877, "valid_nll": 3.6016401936278495, "route_mass_by_level": [0.0, 0.0, 0.0, 0.0, 0.0, 1.0], "branch_grad_nonzero_fraction": 1.0, "elapsed_sec": 1226.3466668128967}
{"arm": "leaf_pressure", "step": 10500, "train_nll_window": 3.2920962324142455, "valid_nll": 3.5991609367302435, "route_mass_by_level": [0.0, 0.0, 0.0, 0.0, 0.0, 1.0], "branch_grad_nonzero_fraction": 1.0, "elapsed_sec": 1288.5035514831543}
{"arm": "leaf_pressure", "step": 11000, "train_nll_window": 3.291605146408081, "valid_nll": 3.586853220150134, "route_mass_by_level": [0.0, 0.0, 0.0, 0.0, 0.0, 1.0], "branch_grad_nonzero_fraction": 1.0, "elapsed_sec": 1349.7784657478333}
{"arm": "leaf_pressure", "step": 11500, "train_nll_window": 3.2924097123146057, "valid_nll": 3.5876734882863035, "route_mass_by_level": [0.0, 0.0, 0.0, 0.0, 0.0, 1.0], "branch_grad_nonzero_fraction": 1.0, "elapsed_sec": 1412.1264479160309}
{"arm": "leaf_pressure", "step": 12000, "train_nll_window": 3.286638237953186, "valid_nll": 3.579496283074852, "route_mass_by_level": [0.0, 0.0, 0.0, 0.0, 0.0, 1.0], "branch_grad_nonzero_fraction": 1.0, "elapsed_sec": 1473.1088418960571}
{"arm": "leaf_pressure", "step": 12500, "train_nll_window": 3.284214853286743, "valid_nll": 3.5699003827805345, "route_mass_by_level": [0.0, 0.0, 0.0, 0.0, 0.0, 1.0], "branch_grad_nonzero_fraction": 1.0, "elapsed_sec": 1533.996931552887}
{"arm": "leaf_pressure", "step": 13000, "train_nll_window": 3.3051661367416383, "valid_nll": 3.5643174297030127, "route_mass_by_level": [0.0, 0.0, 0.0, 0.0, 0.0, 1.0], "branch_grad_nonzero_fraction": 1.0, "elapsed_sec": 1595.313178062439}
{"arm": "leaf_pressure", "step": 13500, "train_nll_window": 3.277108711719513, "valid_nll": 3.5609471814512412, "route_mass_by_level": [0.0, 0.0, 0.0, 0.0, 0.0, 1.0], "branch_grad_nonzero_fraction": 1.0, "elapsed_sec": 1656.1914012432098}
{"arm": "leaf_pressure", "step": 14000, "train_nll_window": 3.2851539878845215, "valid_nll": 3.5510108934211555, "route_mass_by_level": [0.0, 0.0, 0.0, 0.0, 0.0, 1.0], "branch_grad_nonzero_fraction": 1.0, "elapsed_sec": 1715.914267539978}
{"arm": "leaf_pressure", "step": 14500, "train_nll_window": 3.272037098407745, "valid_nll": 3.5589631009271865, "route_mass_by_level": [0.0, 0.0, 0.0, 0.0, 0.0, 1.0], "branch_grad_nonzero_fraction": 1.0, "elapsed_sec": 1773.9781694412231}
{"arm": "leaf_pressure", "step": 15000, "train_nll_window": 3.2919602637290954, "valid_nll": 3.55035943186503, "route_mass_by_level": [0.0, 0.0, 0.0, 0.0, 0.0, 1.0], "branch_grad_nonzero_fraction": 1.0, "elapsed_sec": 1836.5138924121857}
{"arm": "leaf_pressure", "step": 15500, "train_nll_window": 3.28171062040329, "valid_nll": 3.549289226058574, "route_mass_by_level": [0.0, 0.0, 0.0, 0.0, 0.0, 1.0], "branch_grad_nonzero_fraction": 1.0, "elapsed_sec": 1897.8127539157867}
{"arm": "leaf_pressure", "step": 15625, "train_nll_window": 3.257014898300171, "valid_nll": 3.549557480335365, "route_mass_by_level": [0.0, 0.0, 0.0, 0.0, 0.0, 1.0], "branch_grad_nonzero_fraction": 1.0, "elapsed_sec": 1914.6461565494537}
{
  "status": "forced_recursive_channel_supported_single_seed",
  "leaf_nll_gain": 1.0805088360999124,
  "leaf_minus_root_final_nll": -0.05128525674410911,
  "gates": {
    "G1_leaf_nll_gain_at_least_0_30": true,
    "G2_leaf_branch_gradient_nonzero": true,
    "G3_detail_shuffle_damage_at_least_0_10": true,
    "G4_encoder_unchanged": true,
    "G5_leaf_within_0_10_of_root_control": true
  }
}
