=== taskd run 494 2026-09-16T07:50:54Z ===
=== cwd=/home/nio/log/holds/SameTime ===
=== cmd=["python3", "ara/s1-echo/src/s1_differentiable_balanced_capacity.py", "--experiment", "P-S1-BALANCED-CAPACITY07", "--evidence-dir", "ara/s1-echo/evidence/s1_balanced_capacity_hard_protocol_scale/v512_200k", "--max-scan-lines", "200000", "--target-vocab", "512", "--context-vocab", "1024", "--depth", "7", "--train-steps", "200", "--learning-rate", "0.01", "--temperature", "0.20", "--sinkhorn-steps", "30", "--route-entropy-weight", "0.0", "--assignment-mode", "straight_through_hard", "--initial-leaf-blend", "0.50", "--seed", "19411", "--device", "cuda"] ===
{
  "claim": "S1-BALANCED-CAPACITY-TRAIN-C01",
  "experiment": "P-S1-BALANCED-CAPACITY07",
  "config": {
    "experiment": "P-S1-BALANCED-CAPACITY07",
    "data": "/home/nio/datasets/wmt_massive/train.massive.zh-en.tsv",
    "spm_model": "/home/nio/datasets/wmt_massive/sp_bpe_massive.model",
    "evidence_dir": "ara/s1-echo/evidence/s1_balanced_capacity_hard_protocol_scale/v512_200k",
    "max_scan_lines": 200000,
    "target_vocab": 512,
    "context_vocab": 1024,
    "window": 4,
    "max_sentence_tokens": 96,
    "test_mod": 10,
    "depth": 7,
    "split_iterations": 30,
    "alpha": 0.1,
    "train_steps": 200,
    "learning_rate": 0.01,
    "temperature": 0.2,
    "sinkhorn_steps": 30,
    "route_entropy_weight": 0.0,
    "assignment_mode": "straight_through_hard",
    "initial_leaf_blend": 0.5,
    "neighbor_k": 3,
    "seed": 19411,
    "device": "cuda"
  },
  "corpus": {
    "train_lines": 180000,
    "test_lines": 20000,
    "train_pairs": 6599588,
    "test_pairs": 735369,
    "valid_lines": 200000,
    "token_total": 4283059,
    "scan_sha256": "cee68aef5b76cc40a9ee0fd7f34c2dff9e1ac0dd19be49cd5ba43118dcb4fd4d"
  },
  "frozen_semantic": {
    "hard_heldout_nll": 5.261162552824057,
    "leaf_utilization": 1.0,
    "leaf_entropy": 1.0,
    "leaf_count_min": 4,
    "leaf_count_max": 4,
    "heldout_neighbor_lcp": 2.4596354166666665,
    "random_pair_lcp": 0.9342447916666666,
    "lcp_gain": 1.525390625
  },
  "initial_model": {
    "hard_heldout_nll": 5.312961093896166,
    "leaf_blend": 0.5
  },
  "controls": {
    "random": {
      "hard_heldout_nll": 5.329782612535594,
      "leaf_utilization": 1.0,
      "leaf_entropy": 1.0,
      "leaf_count_min": 4,
      "leaf_count_max": 4,
      "heldout_neighbor_lcp": 0.953125,
      "random_pair_lcp": 1.0442708333333333,
      "lcp_gain": -0.09114583333333326
    },
    "frequency": {
      "hard_heldout_nll": 5.377298256684144,
      "leaf_utilization": 1.0,
      "leaf_entropy": 1.0,
      "leaf_count_min": 4,
      "leaf_count_max": 4,
      "heldout_neighbor_lcp": 1.2506510416666665,
      "random_pair_lcp": 1.056640625,
      "lcp_gain": 0.19401041666666652
    }
  },
  "balanced": {
    "name": "sinkhorn_balanced",
    "balanced": true,
    "route_entropy_weight": 0.0,
    "assignment_mode": "straight_through_hard",
    "initial_train_nll": 5.286406517028809,
    "final_train_nll": 5.215703964233398,
    "train_nll_decrease": 0.07070255279541016,
    "initial_route_entropy": 4.7803425788879395,
    "initial_context_gradient_l2": 0.0056667509488761425,
    "initial_entropy_gradient_l2": 0.008669797331094742,
    "gradient_balance_weight": 0.6536197713125317,
    "final_route_entropy": 4.533269882202148,
    "normalized_route_entropy": 0.9343037111520479,
    "mean_top1_mass": 0.07773991674184799,
    "soft_heldout_nll": 5.412751720139611,
    "hard_heldout_nll": 5.256493585136699,
    "hard_soft_nll_gap": -0.1562581350029122,
    "projected_top1_agreement": 0.87890625,
    "parameter_delta_l2": 259.3946228027344,
    "last_gradient_l2": 0.0003419803106226027,
    "finite_gradients": true,
    "soft_row_mass_error": 1.704692840576172e-05,
    "soft_column_mass_error": 1.9073486328125e-06,
    "leaf_utilization": 1.0,
    "leaf_entropy": 1.0,
    "leaf_count_min": 4,
    "leaf_count_max": 4,
    "heldout_neighbor_lcp": 2.4830729166666665,
    "random_pair_lcp": 0.931640625,
    "lcp_gain": 1.5514322916666665
  },
  "unconstrained": {
    "name": "row_softmax_unconstrained",
    "balanced": false,
    "route_entropy_weight": 0.0,
    "assignment_mode": "straight_through_hard",
    "initial_train_nll": 5.284739017486572,
    "final_train_nll": 5.2068772315979,
    "train_nll_decrease": 0.07786178588867188,
    "initial_route_entropy": 4.7818169593811035,
    "initial_context_gradient_l2": 0.005308468826115131,
    "initial_entropy_gradient_l2": 0.006530299317091703,
    "gradient_balance_weight": 0.8128982407010527,
    "final_route_entropy": 4.567013740539551,
    "normalized_route_entropy": 0.9412582964497379,
    "mean_top1_mass": 0.05254513770341873,
    "soft_heldout_nll": 5.428167857202863,
    "hard_heldout_nll": 5.2476456406661205,
    "hard_soft_nll_gap": -0.18052221653674216,
    "projected_top1_agreement": 1.0,
    "parameter_delta_l2": 263.0316467285156,
    "last_gradient_l2": 0.00038214540109038353,
    "finite_gradients": true,
    "soft_row_mass_error": 1.1920928955078125e-07,
    "soft_column_mass_error": 3.0651907920837402,
    "leaf_utilization": 1.0,
    "leaf_entropy": 0.9875457832786462,
    "leaf_count_min": 1,
    "leaf_count_max": 8,
    "heldout_neighbor_lcp": 2.479817708333333,
    "random_pair_lcp": 0.9309895833333333,
    "lcp_gain": 1.5488281249999998
  },
  "gates": {
    "finite_gradients": true,
    "train_nll_decrease_ge_0_005": true,
    "parameters_changed": true,
    "soft_capacity": true,
    "exact_hard_capacity": true,
    "heldout_nll_beats_random": true,
    "heldout_nll_retains_initializer": true,
    "neighbor_lcp_beats_controls": true,
    "neighbor_lcp_retains_initializer": true
  },
  "smoke_pass": true,
  "elapsed_seconds": 57.84577822685242
}
=== status=done exit=0 elapsed=59.6s 2026-09-16T07:51:54Z ===
