=== taskd run 495 2026-09-16T07:51:54Z ===
=== cwd=/home/nio/log/holds/SameTime ===
=== cmd=["python3", "ara/s1-echo/src/s1_differentiable_balanced_capacity.py", "--experiment", "P-S1-BALANCED-CAPACITY07", "--evidence-dir", "ara/s1-echo/evidence/s1_balanced_capacity_hard_protocol_scale/v1024_500k", "--max-scan-lines", "500000", "--target-vocab", "1024", "--context-vocab", "2048", "--depth", "8", "--train-steps", "200", "--learning-rate", "0.01", "--temperature", "0.20", "--sinkhorn-steps", "30", "--route-entropy-weight", "0.0", "--assignment-mode", "straight_through_hard", "--initial-leaf-blend", "0.50", "--seed", "19411", "--device", "cuda"] ===
{
  "claim": "S1-BALANCED-CAPACITY-TRAIN-C01",
  "experiment": "P-S1-BALANCED-CAPACITY07",
  "config": {
    "experiment": "P-S1-BALANCED-CAPACITY07",
    "data": "/home/nio/datasets/wmt_massive/train.massive.zh-en.tsv",
    "spm_model": "/home/nio/datasets/wmt_massive/sp_bpe_massive.model",
    "evidence_dir": "ara/s1-echo/evidence/s1_balanced_capacity_hard_protocol_scale/v1024_500k",
    "max_scan_lines": 500000,
    "target_vocab": 1024,
    "context_vocab": 2048,
    "window": 4,
    "max_sentence_tokens": 96,
    "test_mod": 10,
    "depth": 8,
    "split_iterations": 30,
    "alpha": 0.1,
    "train_steps": 200,
    "learning_rate": 0.01,
    "temperature": 0.2,
    "sinkhorn_steps": 30,
    "route_entropy_weight": 0.0,
    "assignment_mode": "straight_through_hard",
    "initial_leaf_blend": 0.5,
    "neighbor_k": 3,
    "seed": 19411,
    "device": "cuda"
  },
  "corpus": {
    "train_lines": 450000,
    "test_lines": 50000,
    "train_pairs": 21821268,
    "test_pairs": 2437423,
    "valid_lines": 500000,
    "token_total": 10721557,
    "scan_sha256": "0cba00c8758c22fe10b457c65e3d07190b7de507de4ef7e1acd7f8fc9bddff44"
  },
  "frozen_semantic": {
    "hard_heldout_nll": 5.705395277499953,
    "leaf_utilization": 1.0,
    "leaf_entropy": 1.0,
    "leaf_count_min": 4,
    "leaf_count_max": 4,
    "heldout_neighbor_lcp": 2.7965494791666665,
    "random_pair_lcp": 0.9970703125,
    "lcp_gain": 1.7994791666666665
  },
  "initial_model": {
    "hard_heldout_nll": 5.7675044619970395,
    "leaf_blend": 0.5
  },
  "controls": {
    "random": {
      "hard_heldout_nll": 5.779951198469633,
      "leaf_utilization": 1.0,
      "leaf_entropy": 1.0,
      "leaf_count_min": 4,
      "leaf_count_max": 4,
      "heldout_neighbor_lcp": 1.0074869791666665,
      "random_pair_lcp": 0.9488932291666666,
      "lcp_gain": 0.05859374999999989
    },
    "frequency": {
      "hard_heldout_nll": 5.8396723491508284,
      "leaf_utilization": 1.0,
      "leaf_entropy": 1.0,
      "leaf_count_min": 4,
      "leaf_count_max": 4,
      "heldout_neighbor_lcp": 1.2747395833333333,
      "random_pair_lcp": 0.9560546875,
      "lcp_gain": 0.31868489583333326
    }
  },
  "balanced": {
    "name": "sinkhorn_balanced",
    "balanced": true,
    "route_entropy_weight": 0.0,
    "assignment_mode": "straight_through_hard",
    "initial_train_nll": 5.754780292510986,
    "final_train_nll": 5.675759792327881,
    "train_nll_decrease": 0.07902050018310547,
    "initial_route_entropy": 5.487788200378418,
    "initial_context_gradient_l2": 0.003991760779172182,
    "initial_entropy_gradient_l2": 0.004811120685189962,
    "gradient_balance_weight": 0.8296945847689895,
    "final_route_entropy": 5.279238700866699,
    "normalized_route_entropy": 0.9520414366761851,
    "mean_top1_mass": 0.04723084717988968,
    "soft_heldout_nll": 5.913331607000109,
    "hard_heldout_nll": 5.7019856910463815,
    "hard_soft_nll_gap": -0.21134591595372765,
    "projected_top1_agreement": 0.884765625,
    "parameter_delta_l2": 519.6478271484375,
    "last_gradient_l2": 0.00019429626991041005,
    "finite_gradients": true,
    "soft_row_mass_error": 3.5762786865234375e-07,
    "soft_column_mass_error": 1.1920928955078125e-06,
    "leaf_utilization": 1.0,
    "leaf_entropy": 1.0,
    "leaf_count_min": 4,
    "leaf_count_max": 4,
    "heldout_neighbor_lcp": 2.8209635416666665,
    "random_pair_lcp": 0.9912109375,
    "lcp_gain": 1.8297526041666665
  },
  "unconstrained": {
    "name": "row_softmax_unconstrained",
    "balanced": false,
    "route_entropy_weight": 0.0,
    "assignment_mode": "straight_through_hard",
    "initial_train_nll": 5.7538533210754395,
    "final_train_nll": 5.665566921234131,
    "train_nll_decrease": 0.0882863998413086,
    "initial_route_entropy": 5.4842424392700195,
    "initial_context_gradient_l2": 0.0038677742704749107,
    "initial_entropy_gradient_l2": 0.0037242984399199486,
    "gradient_balance_weight": 1.0385242570834485,
    "final_route_entropy": 5.289163589477539,
    "normalized_route_entropy": 0.9538312601237143,
    "mean_top1_mass": 0.03117312490940094,
    "soft_heldout_nll": 5.934166693674424,
    "hard_heldout_nll": 5.6915520653951015,
    "hard_soft_nll_gap": -0.24261462827932245,
    "projected_top1_agreement": 1.0,
    "parameter_delta_l2": 531.040771484375,
    "last_gradient_l2": 0.00028774654492735863,
    "finite_gradients": true,
    "soft_row_mass_error": 1.1920928955078125e-07,
    "soft_column_mass_error": 3.2161672115325928,
    "leaf_utilization": 1.0,
    "leaf_entropy": 0.9875542293505022,
    "leaf_count_min": 1,
    "leaf_count_max": 10,
    "heldout_neighbor_lcp": 2.911458333333333,
    "random_pair_lcp": 0.9762369791666666,
    "lcp_gain": 1.9352213541666665
  },
  "gates": {
    "finite_gradients": true,
    "train_nll_decrease_ge_0_005": true,
    "parameters_changed": true,
    "soft_capacity": true,
    "exact_hard_capacity": true,
    "heldout_nll_beats_random": true,
    "heldout_nll_retains_initializer": true,
    "neighbor_lcp_beats_controls": true,
    "neighbor_lcp_retains_initializer": true
  },
  "smoke_pass": true,
  "elapsed_seconds": 169.05081486701965
}
=== status=done exit=0 elapsed=170.8s 2026-09-16T07:54:45Z ===
