started_at=2026-07-19T23:35:07+08:00
host=io
NVIDIA GeForce RTX 3090, 24576 MiB, 1 MiB, 40.96 W, 270.00 W, 43
{"variant": "flat", "seed": 71901, "epoch": 1, "train_nll": 7.167943456279698, "valid_nll": 6.42127991503063, "elapsed_sec": 27.822798013687134}
{"variant": "flat", "seed": 71901, "epoch": 2, "train_nll": 5.587031137714508, "valid_nll": 6.064169247897331, "elapsed_sec": 55.20877027511597}
{"variant": "flat", "seed": 71901, "epoch": 3, "train_nll": 4.348445176061537, "valid_nll": 6.074119937646195, "elapsed_sec": 82.52099776268005}
{"variant": "flat", "seed": 71901, "epoch": 4, "train_nll": 3.3839323307151226, "valid_nll": 6.220484420127711, "elapsed_sec": 110.24761986732483}
{"variant": "h1", "seed": 71901, "epoch": 1, "train_nll": 7.052775826281322, "valid_nll": 6.3191447910869005, "elapsed_sec": 99.29526686668396}
{"variant": "h1", "seed": 71901, "epoch": 2, "train_nll": 5.186074468372727, "valid_nll": 6.133843547747939, "elapsed_sec": 199.00773429870605}
{"variant": "h1", "seed": 71901, "epoch": 3, "train_nll": 3.8393612192637883, "valid_nll": 6.296599290543018, "elapsed_sec": 298.4319546222687}
{"variant": "h1", "seed": 71901, "epoch": 4, "train_nll": 3.071547481805277, "valid_nll": 6.500386876109389, "elapsed_sec": 398.7342689037323}
{"variant": "h2", "seed": 71901, "epoch": 1, "train_nll": 7.099178872382971, "valid_nll": 6.360080788886455, "elapsed_sec": 190.91046953201294}
{"variant": "h2", "seed": 71901, "epoch": 2, "train_nll": 5.206624575006936, "valid_nll": 6.183838478225409, "elapsed_sec": 382.9777829647064}
{"variant": "h2", "seed": 71901, "epoch": 3, "train_nll": 3.7912143837414316, "valid_nll": 6.379968212874466, "elapsed_sec": 573.794513463974}
{"variant": "h2", "seed": 71901, "epoch": 4, "train_nll": 2.976428208320634, "valid_nll": 6.5209001165681695, "elapsed_sec": 766.2119462490082}
{"variant": "h4", "seed": 71901, "epoch": 1, "train_nll": 7.07990165254963, "valid_nll": 6.357918397345738, "elapsed_sec": 383.75095772743225}
{"variant": "h4", "seed": 71901, "epoch": 2, "train_nll": 5.196884497904828, "valid_nll": 6.211361820945463, "elapsed_sec": 768.897481918335}
{"variant": "h4", "seed": 71901, "epoch": 3, "train_nll": 3.8005075063278424, "valid_nll": 6.370761513383657, "elapsed_sec": 1152.8723487854004}
{"variant": "h4", "seed": 71901, "epoch": 4, "train_nll": 2.9880082510681802, "valid_nll": 6.595610812975721, "elapsed_sec": 1536.5394971370697}
{"variant": "flat", "seed": 71902, "epoch": 1, "train_nll": 7.166749063585359, "valid_nll": 6.419133954266355, "elapsed_sec": 27.340423822402954}
{"variant": "flat", "seed": 71902, "epoch": 2, "train_nll": 5.583009244028185, "valid_nll": 6.0555870611388825, "elapsed_sec": 55.42365622520447}
{"variant": "flat", "seed": 71902, "epoch": 3, "train_nll": 4.342786649651111, "valid_nll": 6.067744855147097, "elapsed_sec": 82.87153887748718}
{"variant": "flat", "seed": 71902, "epoch": 4, "train_nll": 3.3705177535888735, "valid_nll": 6.2127547093528595, "elapsed_sec": 110.57374620437622}
{"variant": "h1", "seed": 71902, "epoch": 1, "train_nll": 7.054741520871485, "valid_nll": 6.325079812294575, "elapsed_sec": 100.08693146705627}
{"variant": "h1", "seed": 71902, "epoch": 2, "train_nll": 5.1836616896362955, "valid_nll": 6.128054934527212, "elapsed_sec": 200.61882543563843}
{"variant": "h1", "seed": 71902, "epoch": 3, "train_nll": 3.8461579056436825, "valid_nll": 6.194849860162854, "elapsed_sec": 300.6845428943634}
{"variant": "h1", "seed": 71902, "epoch": 4, "train_nll": 3.108388951083999, "valid_nll": 6.4057558941609445, "elapsed_sec": 400.9228403568268}
{"variant": "h2", "seed": 71902, "epoch": 1, "train_nll": 7.064471681997466, "valid_nll": 6.331680129375508, "elapsed_sec": 192.9866282939911}
{"variant": "h2", "seed": 71902, "epoch": 2, "train_nll": 5.18192975404166, "valid_nll": 6.166181313625373, "elapsed_sec": 384.10207056999207}
{"variant": "h2", "seed": 71902, "epoch": 3, "train_nll": 3.7719597648710077, "valid_nll": 6.385064070920314, "elapsed_sec": 575.1510190963745}
{"variant": "h2", "seed": 71902, "epoch": 4, "train_nll": 2.97170235149896, "valid_nll": 6.568472513786281, "elapsed_sec": 766.1157965660095}
{"variant": "h4", "seed": 71902, "epoch": 1, "train_nll": 7.080030476869042, "valid_nll": 6.360324095853374, "elapsed_sec": 382.7522838115692}
{"variant": "h4", "seed": 71902, "epoch": 2, "train_nll": 5.178170850790385, "valid_nll": 6.232868679006119, "elapsed_sec": 766.0889713764191}
{"variant": "h4", "seed": 71902, "epoch": 3, "train_nll": 3.7962130686875852, "valid_nll": 6.414616710015908, "elapsed_sec": 1148.3150434494019}
{"variant": "h4", "seed": 71902, "epoch": 4, "train_nll": 3.0013646281350144, "valid_nll": 6.600247648599443, "elapsed_sec": 1530.994297504425}
{"variant": "flat", "seed": 71903, "epoch": 1, "train_nll": 7.163222652508506, "valid_nll": 6.427273123368821, "elapsed_sec": 27.532700538635254}
{"variant": "flat", "seed": 71903, "epoch": 2, "train_nll": 5.589482033938996, "valid_nll": 6.078446373353779, "elapsed_sec": 55.520293951034546}
{"variant": "flat", "seed": 71903, "epoch": 3, "train_nll": 4.356285005744332, "valid_nll": 6.095288815296508, "elapsed_sec": 83.09904837608337}
{"variant": "flat", "seed": 71903, "epoch": 4, "train_nll": 3.3922498231249323, "valid_nll": 6.2366436517297075, "elapsed_sec": 111.01557040214539}
{"variant": "h1", "seed": 71903, "epoch": 1, "train_nll": 7.0665071930712475, "valid_nll": 6.32675720947508, "elapsed_sec": 100.58032059669495}
{"variant": "h1", "seed": 71903, "epoch": 2, "train_nll": 5.18727122593536, "valid_nll": 6.15724403993967, "elapsed_sec": 200.54567098617554}
{"variant": "h1", "seed": 71903, "epoch": 3, "train_nll": 3.8478792806678235, "valid_nll": 6.26346075017299, "elapsed_sec": 301.1089038848877}
{"variant": "h1", "seed": 71903, "epoch": 4, "train_nll": 3.1124850681849887, "valid_nll": 6.477834757715899, "elapsed_sec": 401.03390192985535}
{"variant": "h2", "seed": 71903, "epoch": 1, "train_nll": 7.065574171192356, "valid_nll": 6.333738464228768, "elapsed_sec": 190.96976852416992}
{"variant": "h2", "seed": 71903, "epoch": 2, "train_nll": 5.170081926561368, "valid_nll": 6.16017055439746, "elapsed_sec": 382.25456190109253}
{"variant": "h2", "seed": 71903, "epoch": 3, "train_nll": 3.7775264584433548, "valid_nll": 6.316940753367185, "elapsed_sec": 573.9960856437683}
{"variant": "h2", "seed": 71903, "epoch": 4, "train_nll": 2.976381045160517, "valid_nll": 6.58670471883673, "elapsed_sec": 766.3782198429108}
{"variant": "h4", "seed": 71903, "epoch": 1, "train_nll": 7.071493048149385, "valid_nll": 6.353046374658252, "elapsed_sec": 383.0232093334198}
{"variant": "h4", "seed": 71903, "epoch": 2, "train_nll": 5.187747352413023, "valid_nll": 6.198610851669208, "elapsed_sec": 766.6820809841156}
{"variant": "h4", "seed": 71903, "epoch": 3, "train_nll": 3.8049031768017993, "valid_nll": 6.4118491194337786, "elapsed_sec": 1152.2955598831177}
{"variant": "h4", "seed": 71903, "epoch": 4, "train_nll": 2.9998494114702954, "valid_nll": 6.620900172390208, "elapsed_sec": 1535.6466579437256}
{
  "claim": "S3-PRIVATE-PROTOCOL-BATTLE-C01",
  "predict": "P-S3-PRIVATE-PROTOCOL-BATTLE-01",
  "status": "partial",
  "host": "io",
  "seconds": 8762.90710568428,
  "config": {
    "data": "/home/nio/datasets/wmt_massive/train.massive.zh-en.tsv",
    "spm_model": "/home/nio/datasets/wmt_massive/sp_bpe_massive.model",
    "evidence_dir": "ara/s3-generation/evidence/s3_private_protocol_battle_full",
    "seeds": [
      71901,
      71902,
      71903
    ],
    "variants": [
      "flat",
      "h1",
      "h2",
      "h4"
    ],
    "source_col": 1,
    "target_col": 0,
    "train_samples": 30000,
    "valid_samples": 2000,
    "test_samples": 2000,
    "max_scan": 300000,
    "min_len": 8,
    "max_len": 32,
    "heap_width": 64,
    "dim": 192,
    "hidden": 256,
    "batch_size": 64,
    "epochs": 4,
    "lr": 0.002,
    "device": "cuda",
    "num_workers": 2
  },
  "data": {
    "direction": "en_to_zh",
    "sampling": {
      "scanned": 300000,
      "eligible": 173313,
      "selected": 34000,
      "sampling": "deterministic_reservoir_then_shuffle"
    },
    "vocab": 32001
  },
  "aggregate": {
    "flat": {
      "nll_mean": 6.040144935437881,
      "nll_min": 6.0319869227017495,
      "nll_max": 6.045468151886887,
      "bleu4_mean": 5.352978997251923,
      "parameters": 27421377,
      "seconds_mean": 111.60624853769939
    },
    "h1": {
      "nll_mean": 6.1231115792555455,
      "nll_min": 6.117974015821166,
      "nll_max": 6.130276967287991,
      "bleu4_mean": 4.97188773471109,
      "parameters": 27619714,
      "seconds_mean": 405.4004827340444
    },
    "h2": {
      "nll_mean": 6.134092140087395,
      "nll_min": 6.125751353112188,
      "nll_max": 6.1407046960515705,
      "bleu4_mean": 5.289227101774938,
      "parameters": 27435395,
      "seconds_mean": 775.635891755422
    },
    "h4": {
      "nll_mean": 6.193396942777385,
      "nll_min": 6.178971576285389,
      "nll_max": 6.2058246484912765,
      "bleu4_mean": 5.0853287877723705,
      "parameters": 27343237,
      "seconds_mean": 1552.2178662618
    }
  },
  "intervention_damage_nll": {
    "source_shuffle": 1.9532312881927298,
    "root_shuffle": 2.111321826765166,
    "detail_shuffle": [
      0.020621557013667413,
      0.04417532593584461,
      0.10029096529757364,
      0.2331515203909662,
      0.25766269407331155,
      0.018702367224442185
    ],
    "pair_break": [
      0.5219997708085495,
      0.48107638353076165,
      0.4278312779460425,
      0.5057577812572482,
      0.21182493736252006,
      -6.637258147801361e-05
    ],
    "head_ablate": [
      0.06380271534877746,
      0.08744848453071707,
      0.05543180230404943,
      0.07001432753439829
    ]
  },
  "cross_pairs": [
    {
      "encoder_seed": 71901,
      "decoder_seed": 71902,
      "nll": 10.481179164585765,
      "damage_vs_decoder_own": 4.275354516094488
    },
    {
      "encoder_seed": 71901,
      "decoder_seed": 71903,
      "nll": 8.848358305907515,
      "damage_vs_decoder_own": 2.6693867296221265
    },
    {
      "encoder_seed": 71902,
      "decoder_seed": 71901,
      "nll": 10.491165724649473,
      "damage_vs_decoder_own": 4.295771121093984
    },
    {
      "encoder_seed": 71902,
      "decoder_seed": 71903,
      "nll": 9.388084714385718,
      "damage_vs_decoder_own": 3.209113138100329
    },
    {
      "encoder_seed": 71903,
      "decoder_seed": 71901,
      "nll": 8.446092998888004,
      "damage_vs_decoder_own": 2.250698395332514
    },
    {
      "encoder_seed": 71903,
      "decoder_seed": 71902,
      "nll": 9.514302107649488,
      "damage_vs_decoder_own": 3.308477459158212
    }
  ],
  "gates": {
    "P1_trainable_all_heads": true,
    "P2_h4_beats_h1": false,
    "P2_all_heads_help": true,
    "P3_source_root_causal": true,
    "P3_details_pairs_causal": true,
    "P4_seed_private_or_shared": true,
    "P5_h4_beats_flat": false
  },
  "boundary": "Stage A tests private pairing, multi-head composition, and TreeHeap causality. It does not prove semantic heads or Transformer superiority."
}
finished_at=2026-07-20T02:01:23+08:00
exit_code=0
NVIDIA GeForce RTX 3090, 24576 MiB, 1 MiB, 162.21 W, 270.00 W, 67
