=== taskd run 576 2026-09-23T10:07:39Z ===
=== cwd=/home/nio/log/holds/SameTime ===
=== cmd=["python3", "ara/s1-echo/src/s1_probability_residual_tree_mc_a11.py", "--out", "ara/s1-echo/evidence/s1_probability_residual_embedding_checkpoint_a13/formal/depth_3_seed20260928", "--depth", "3", "--iterations", "2048", "--split-seed", "20260924", "--search-seed", "20260928", "--claim", "S1-F-CKPT-A13-C01", "--save-checkpoint"] ===
{"iteration": 0, "proposal": {"node": 3, "members": 71, "mode": "pair", "quantile": 0.35}, "proposal_dev_nll": 5.464050869017908, "accepted": true, "current_dev_nll": 5.464050869017908, "best_dev_nll": 5.464050869017908, "temperature": 0.02}
{"iteration": 31, "proposal": {"node": 4, "members": 109, "mode": "pair", "quantile": 0.65}, "proposal_dev_nll": 5.441630267803847, "accepted": true, "current_dev_nll": 5.441630267803847, "best_dev_nll": 5.441119102124926, "temperature": 0.012518524426807578}
{"iteration": 63, "proposal": {"node": 3, "members": 140, "mode": "perturb", "quantile": 0.65}, "proposal_dev_nll": 5.47156338369498, "accepted": true, "current_dev_nll": 5.47156338369498, "best_dev_nll": 5.441119102124926, "temperature": 0.007718137600860466}
{"iteration": 95, "proposal": {"node": 3, "members": 52, "mode": "perturb", "quantile": 0.2}, "proposal_dev_nll": 5.448686959213087, "accepted": true, "current_dev_nll": 5.448686959213087, "best_dev_nll": 5.441119102124926, "temperature": 0.0047585199337273135}
{"iteration": 127, "proposal": {"node": 0, "members": 512, "mode": "pair", "quantile": 0.65}, "proposal_dev_nll": 5.445628676417086, "accepted": true, "current_dev_nll": 5.445628676417086, "best_dev_nll": 5.441119102124926, "temperature": 0.002933805165271446}
{"iteration": 159, "proposal": {"node": 3, "members": 133, "mode": "pair", "quantile": 0.65}, "proposal_dev_nll": 5.437593846951929, "accepted": true, "current_dev_nll": 5.437593846951929, "best_dev_nll": 5.437165080826124, "temperature": 0.001808800397528533}
{"iteration": 191, "proposal": {"node": 1, "members": 270, "mode": "pair", "quantile": 0.5}, "proposal_dev_nll": 5.438114779481175, "accepted": false, "current_dev_nll": 5.4362824771397555, "best_dev_nll": 5.436203579036748, "temperature": 0.0011151929640142498}
{"iteration": 223, "proposal": {"node": 4, "members": 141, "mode": "pair", "quantile": 0.35}, "proposal_dev_nll": 5.4281458133317635, "accepted": true, "current_dev_nll": 5.4281458133317635, "best_dev_nll": 5.4281458133317635, "temperature": 0.0006875580902603542}
{"iteration": 255, "proposal": {"node": 1, "members": 269, "mode": "pair", "quantile": 0.2}, "proposal_dev_nll": 5.435794733638583, "accepted": false, "current_dev_nll": 5.428548989969197, "best_dev_nll": 5.4281458133317635, "temperature": 0.00042390522782784066}
{"iteration": 287, "proposal": {"node": 3, "members": 130, "mode": "pair", "quantile": 0.5}, "proposal_dev_nll": 5.427119894515148, "accepted": false, "current_dev_nll": 5.426757032500754, "best_dev_nll": 5.426757032500754, "temperature": 0.00026135339649880203}
{"iteration": 319, "proposal": {"node": 4, "members": 139, "mode": "pair", "quantile": 0.8}, "proposal_dev_nll": 5.426352914893449, "accepted": false, "current_dev_nll": 5.425991917805398, "best_dev_nll": 5.425991917805398, "temperature": 0.00016113412474639443}
{"iteration": 351, "proposal": {"node": 2, "members": 243, "mode": "pair", "quantile": 0.5}, "proposal_dev_nll": 5.452528095303797, "accepted": false, "current_dev_nll": 5.42536732986004, "best_dev_nll": 5.42536732986004, "temperature": 9.934520272402742e-05}
{"iteration": 383, "proposal": {"node": 5, "members": 114, "mode": "pair", "quantile": 0.65}, "proposal_dev_nll": 5.428709420253733, "accepted": false, "current_dev_nll": 5.42539159854821, "best_dev_nll": 5.42536732986004, "temperature": 6.125002583910422e-05}
{"iteration": 415, "proposal": {"node": 6, "members": 129, "mode": "pair", "quantile": 0.2}, "proposal_dev_nll": 5.445007300802036, "accepted": false, "current_dev_nll": 5.425005115512514, "best_dev_nll": 5.425005115512514, "temperature": 3.776292727201401e-05}
{"iteration": 447, "proposal": {"node": 1, "members": 269, "mode": "pair", "quantile": 0.5}, "proposal_dev_nll": 5.431108347144329, "accepted": false, "current_dev_nll": 5.424608920999951, "best_dev_nll": 5.424608920999951, "temperature": 2.3282254278511423e-05}
{"iteration": 479, "proposal": {"node": 3, "members": 130, "mode": "pair", "quantile": 0.5}, "proposal_dev_nll": 5.425925198395609, "accepted": false, "current_dev_nll": 5.424479816080317, "best_dev_nll": 5.424479816080317, "temperature": 1.4354378843162008e-05}
{"iteration": 511, "proposal": {"node": 1, "members": 270, "mode": "pair", "quantile": 0.5}, "proposal_dev_nll": 5.437751573893729, "accepted": false, "current_dev_nll": 5.424479816080317, "best_dev_nll": 5.424479816080317, "temperature": 8.850010377353844e-06}
{"iteration": 543, "proposal": {"node": 2, "members": 242, "mode": "perturb", "quantile": 0.5}, "proposal_dev_nll": 5.428110211480366, "accepted": false, "current_dev_nll": 5.423772620685662, "best_dev_nll": 5.423772620685662, "temperature": 5.4563617510054285e-06}
{"iteration": 575, "proposal": {"node": 4, "members": 140, "mode": "pair", "quantile": 0.8}, "proposal_dev_nll": 5.422754345892429, "accepted": true, "current_dev_nll": 5.422754345892429, "best_dev_nll": 5.422754345892429, "temperature": 3.364050694676906e-06}
{"iteration": 607, "proposal": {"node": 6, "members": 128, "mode": "pair", "quantile": 0.5}, "proposal_dev_nll": 5.4382021874860484, "accepted": false, "current_dev_nll": 5.422706778251072, "best_dev_nll": 5.422706778251072, "temperature": 2.0740628266208436e-06}
{"iteration": 639, "proposal": {"node": 3, "members": 130, "mode": "perturb", "quantile": 0.65}, "proposal_dev_nll": 5.425271676971409, "accepted": false, "current_dev_nll": 5.422647785689955, "best_dev_nll": 5.422647785689955, "temperature": 1.2787371532709901e-06}
{"iteration": 671, "proposal": {"node": 3, "members": 129, "mode": "pair", "quantile": 0.35}, "proposal_dev_nll": 5.4241464156147705, "accepted": false, "current_dev_nll": 5.422375939341042, "best_dev_nll": 5.422375939341042, "temperature": 7.883891877179468e-07}
{"iteration": 703, "proposal": {"node": 5, "members": 49, "mode": "pair", "quantile": 0.35}, "proposal_dev_nll": 5.4217787414824725, "accepted": false, "current_dev_nll": 5.42115569388823, "best_dev_nll": 5.42115569388823, "temperature": 4.860713632356965e-07}
{"iteration": 735, "proposal": {"node": 4, "members": 144, "mode": "perturb", "quantile": 0.5}, "proposal_dev_nll": 5.424743341551935, "accepted": false, "current_dev_nll": 5.420583421855874, "best_dev_nll": 5.420583421855874, "temperature": 2.9968113951650804e-07}
{"iteration": 767, "proposal": {"node": 1, "members": 273, "mode": "pair", "quantile": 0.8}, "proposal_dev_nll": 5.426572544129833, "accepted": false, "current_dev_nll": 5.420583421855874, "best_dev_nll": 5.420583421855874, "temperature": 1.8476460901557856e-07}
{"iteration": 799, "proposal": {"node": 1, "members": 273, "mode": "pair", "quantile": 0.35}, "proposal_dev_nll": 5.437765401481904, "accepted": false, "current_dev_nll": 5.42046963812255, "best_dev_nll": 5.42046963812255, "temperature": 1.1391427835517529e-07}
{"iteration": 831, "proposal": {"node": 0, "members": 512, "mode": "pair", "quantile": 0.8}, "proposal_dev_nll": 5.452922620235008, "accepted": false, "current_dev_nll": 5.42046963812255, "best_dev_nll": 5.42046963812255, "temperature": 7.023240480045741e-08}
{"iteration": 863, "proposal": {"node": 0, "members": 512, "mode": "pair", "quantile": 0.65}, "proposal_dev_nll": 5.467857451634199, "accepted": false, "current_dev_nll": 5.4198714054553605, "best_dev_nll": 5.4198714054553605, "temperature": 4.3300899196112224e-08}
{"iteration": 895, "proposal": {"node": 5, "members": 49, "mode": "perturb", "quantile": 0.65}, "proposal_dev_nll": 5.4198714054553605, "accepted": true, "current_dev_nll": 5.4198714054553605, "best_dev_nll": 5.4198714054553605, "temperature": 2.6696620691246226e-08}
{"iteration": 927, "proposal": {"node": 4, "members": 144, "mode": "pair", "quantile": 0.5}, "proposal_dev_nll": 5.427483328171785, "accepted": false, "current_dev_nll": 5.419795786122663, "best_dev_nll": 5.419795786122663, "temperature": 1.6459463188151687e-08}
{"iteration": 959, "proposal": {"node": 0, "members": 512, "mode": "pair", "quantile": 0.65}, "proposal_dev_nll": 5.429365358153647, "accepted": false, "current_dev_nll": 5.419406864459487, "best_dev_nll": 5.419406864459487, "temperature": 1.0147873454671088e-08}
{"iteration": 991, "proposal": {"node": 1, "members": 273, "mode": "pair", "quantile": 0.2}, "proposal_dev_nll": 5.438005660480253, "accepted": false, "current_dev_nll": 5.419406864459487, "best_dev_nll": 5.419406864459487, "temperature": 6.256542784830772e-09}
{"iteration": 1023, "proposal": {"node": 3, "members": 129, "mode": "perturb", "quantile": 0.35}, "proposal_dev_nll": 5.419489540969113, "accepted": false, "current_dev_nll": 5.419406864459487, "best_dev_nll": 5.419406864459487, "temperature": 3.857392171204083e-09}
{"iteration": 1055, "proposal": {"node": 6, "members": 192, "mode": "perturb", "quantile": 0.35}, "proposal_dev_nll": 5.442728887048787, "accepted": false, "current_dev_nll": 5.419406864459487, "best_dev_nll": 5.419406864459487, "temperature": 2.378226262360486e-09}
{"iteration": 1087, "proposal": {"node": 0, "members": 512, "mode": "pair", "quantile": 0.5}, "proposal_dev_nll": 5.439041793680352, "accepted": false, "current_dev_nll": 5.419211544023232, "best_dev_nll": 5.419211544023232, "temperature": 1.4662652652233752e-09}
{"iteration": 1119, "proposal": {"node": 4, "members": 143, "mode": "pair", "quantile": 0.5}, "proposal_dev_nll": 5.422085694639052, "accepted": false, "current_dev_nll": 5.419189361954104, "best_dev_nll": 5.419189361954104, "temperature": 9.040072687897569e-10}
{"iteration": 1151, "proposal": {"node": 2, "members": 240, "mode": "pair", "quantile": 0.2}, "proposal_dev_nll": 5.429293803536759, "accepted": false, "current_dev_nll": 5.419189361954104, "best_dev_nll": 5.419189361954104, "temperature": 5.573542260105417e-10}
{"iteration": 1183, "proposal": {"node": 0, "members": 512, "mode": "pair", "quantile": 0.5}, "proposal_dev_nll": 5.444180671953792, "accepted": false, "current_dev_nll": 5.419189361954104, "best_dev_nll": 5.419189361954104, "temperature": 3.4362968526534685e-10}
{"iteration": 1215, "proposal": {"node": 6, "members": 194, "mode": "pair", "quantile": 0.2}, "proposal_dev_nll": 5.449681260352953, "accepted": false, "current_dev_nll": 5.419189361954104, "best_dev_nll": 5.419189361954104, "temperature": 2.1186052798194435e-10}
{"iteration": 1247, "proposal": {"node": 2, "members": 239, "mode": "perturb", "quantile": 0.35}, "proposal_dev_nll": 5.419001575430722, "accepted": false, "current_dev_nll": 5.418978723373557, "best_dev_nll": 5.418978723373557, "temperature": 1.306199238349523e-10}
{"iteration": 1279, "proposal": {"node": 4, "members": 143, "mode": "pair", "quantile": 0.65}, "proposal_dev_nll": 5.423143850088564, "accepted": false, "current_dev_nll": 5.418978723373557, "best_dev_nll": 5.418978723373557, "temperature": 8.053205882741309e-11}
{"iteration": 1311, "proposal": {"node": 3, "members": 130, "mode": "pair", "quantile": 0.2}, "proposal_dev_nll": 5.421537169735619, "accepted": false, "current_dev_nll": 5.41888289920772, "best_dev_nll": 5.41888289920772, "temperature": 4.965102036942472e-11}
{"iteration": 1343, "proposal": {"node": 1, "members": 273, "mode": "pair", "quantile": 0.5}, "proposal_dev_nll": 5.443932604460257, "accepted": false, "current_dev_nll": 5.418668109132197, "best_dev_nll": 5.418668109132197, "temperature": 3.061170743204528e-11}
{"iteration": 1375, "proposal": {"node": 3, "members": 130, "mode": "pair", "quantile": 0.65}, "proposal_dev_nll": 5.420811748039565, "accepted": false, "current_dev_nll": 5.418642742083632, "best_dev_nll": 5.418642742083632, "temperature": 1.8873260306291536e-11}
{"iteration": 1407, "proposal": {"node": 5, "members": 47, "mode": "pair", "quantile": 0.35}, "proposal_dev_nll": 5.4208545884518475, "accepted": false, "current_dev_nll": 5.418642742083632, "best_dev_nll": 5.418642742083632, "temperature": 1.1636069480272066e-11}
{"iteration": 1439, "proposal": {"node": 6, "members": 192, "mode": "pair", "quantile": 0.2}, "proposal_dev_nll": 5.438305572825817, "accepted": false, "current_dev_nll": 5.418642742083632, "best_dev_nll": 5.418642742083632, "temperature": 7.174071186025189e-12}
{"iteration": 1471, "proposal": {"node": 4, "members": 143, "mode": "pair", "quantile": 0.35}, "proposal_dev_nll": 5.42387685486991, "accepted": false, "current_dev_nll": 5.418642742083632, "best_dev_nll": 5.418642742083632, "temperature": 4.423082680059202e-12}
{"iteration": 1503, "proposal": {"node": 6, "members": 192, "mode": "pair", "quantile": 0.5}, "proposal_dev_nll": 5.441931358697048, "accepted": false, "current_dev_nll": 5.418642742083632, "best_dev_nll": 5.418642742083632, "temperature": 2.7269955771764498e-12}
{"iteration": 1535, "proposal": {"node": 6, "members": 192, "mode": "pair", "quantile": 0.5}, "proposal_dev_nll": 5.439209124391629, "accepted": false, "current_dev_nll": 5.418642742083632, "best_dev_nll": 5.418642742083632, "temperature": 1.681294566675471e-12}
{"iteration": 1567, "proposal": {"node": 4, "members": 143, "mode": "pair", "quantile": 0.65}, "proposal_dev_nll": 5.424551186169652, "accepted": false, "current_dev_nll": 5.418577977497383, "best_dev_nll": 5.418577977497383, "temperature": 1.0365808597530979e-12}
{"iteration": 1599, "proposal": {"node": 2, "members": 239, "mode": "perturb", "quantile": 0.5}, "proposal_dev_nll": 5.419803810421432, "accepted": false, "current_dev_nll": 5.418577977497383, "best_dev_nll": 5.418577977497383, "temperature": 6.390907935491324e-13}
{"iteration": 1631, "proposal": {"node": 5, "members": 49, "mode": "pair", "quantile": 0.8}, "proposal_dev_nll": 5.422979581603898, "accepted": false, "current_dev_nll": 5.418577977497383, "best_dev_nll": 5.418577977497383, "temperature": 3.9402333021713826e-13}
{"iteration": 1663, "proposal": {"node": 6, "members": 190, "mode": "perturb", "quantile": 0.8}, "proposal_dev_nll": 5.427075855376792, "accepted": false, "current_dev_nll": 5.418577977497383, "best_dev_nll": 5.418577977497383, "temperature": 2.429300911897242e-13}
{"iteration": 1695, "proposal": {"node": 2, "members": 239, "mode": "pair", "quantile": 0.65}, "proposal_dev_nll": 5.424707311714452, "accepted": false, "current_dev_nll": 5.418557809818515, "best_dev_nll": 5.418557809818515, "temperature": 1.4977546931783387e-13}
{"iteration": 1727, "proposal": {"node": 0, "members": 512, "mode": "pair", "quantile": 0.8}, "proposal_dev_nll": 5.461949807620135, "accepted": false, "current_dev_nll": 5.418557809818515, "best_dev_nll": 5.418557809818515, "temperature": 9.234216765619969e-14}
{"iteration": 1759, "proposal": {"node": 1, "members": 273, "mode": "pair", "quantile": 0.5}, "proposal_dev_nll": 5.427370407085749, "accepted": false, "current_dev_nll": 5.418557809818515, "best_dev_nll": 5.418557809818515, "temperature": 5.693239331035346e-14}
{"iteration": 1791, "proposal": {"node": 4, "members": 143, "mode": "perturb", "quantile": 0.35}, "proposal_dev_nll": 5.423199567025674, "accepted": false, "current_dev_nll": 5.418557809818515, "best_dev_nll": 5.418557809818515, "temperature": 3.5100945649364596e-14}
{"iteration": 1823, "proposal": {"node": 5, "members": 49, "mode": "perturb", "quantile": 0.2}, "proposal_dev_nll": 5.419711379282284, "accepted": false, "current_dev_nll": 5.418557809818515, "best_dev_nll": 5.418557809818515, "temperature": 2.1641043241644085e-14}
{"iteration": 1855, "proposal": {"node": 4, "members": 143, "mode": "pair", "quantile": 0.8}, "proposal_dev_nll": 5.422809058707856, "accepted": false, "current_dev_nll": 5.418557809818515, "best_dev_nll": 5.418557809818515, "temperature": 1.3342510975774434e-14}
{"iteration": 1887, "proposal": {"node": 0, "members": 512, "mode": "pair", "quantile": 0.65}, "proposal_dev_nll": 5.43011797287236, "accepted": false, "current_dev_nll": 5.418552729120298, "best_dev_nll": 5.418552729120298, "temperature": 8.226156066085138e-15}
{"iteration": 1919, "proposal": {"node": 6, "members": 190, "mode": "pair", "quantile": 0.35}, "proposal_dev_nll": 5.441316003111371, "accepted": false, "current_dev_nll": 5.418552729120298, "best_dev_nll": 5.418552729120298, "temperature": 5.0717322808618925e-15}
{"iteration": 1951, "proposal": {"node": 2, "members": 239, "mode": "perturb", "quantile": 0.8}, "proposal_dev_nll": 5.4202285665492935, "accepted": false, "current_dev_nll": 5.418552729120298, "best_dev_nll": 5.418552729120298, "temperature": 3.1269122688767573e-15}
{"iteration": 1983, "proposal": {"node": 6, "members": 190, "mode": "perturb", "quantile": 0.5}, "proposal_dev_nll": 5.431754614751997, "accepted": false, "current_dev_nll": 5.418552729120298, "best_dev_nll": 5.418552729120298, "temperature": 1.927858135207086e-15}
{"iteration": 2015, "proposal": {"node": 2, "members": 239, "mode": "perturb", "quantile": 0.65}, "proposal_dev_nll": 5.420308336420988, "accepted": false, "current_dev_nll": 5.418552729120298, "best_dev_nll": 5.418552729120298, "temperature": 1.1885965034827233e-15}
{"iteration": 2047, "proposal": {"node": 5, "members": 47, "mode": "pair", "quantile": 0.5}, "proposal_dev_nll": 5.429264802162814, "accepted": false, "current_dev_nll": 5.418535783558386, "best_dev_nll": 5.418535783558386, "temperature": 7.328141123514777e-16}
{
  "claim": "S1-F-CKPT-A13-C01",
  "boundary": "Corpus context-field embedding F search only; no next-token, decoder, READ, translation, or generation target.",
  "config": {
    "counts": "ara/s1-echo/evidence/s1_real_corpus_annealed_token_space/formal_200k_seed19101/context_counts.pt",
    "out": "ara/s1-echo/evidence/s1_probability_residual_embedding_checkpoint_a13/formal/depth_3_seed20260928",
    "depth": 3,
    "iterations": 2048,
    "fit_ratio": 0.8,
    "alpha": 0.05,
    "temperature": 0.02,
    "seed": 20260924,
    "split_seed": 20260924,
    "search_seed": 20260928,
    "claim": "S1-F-CKPT-A13-C01",
    "save_checkpoint": true,
    "vocab_json": "ara/s1-echo/evidence/s1_real_corpus_annealed_token_space/formal_200k_seed19101/vocab.json",
    "device": "cuda",
    "resolved_split_seed": 20260924,
    "resolved_search_seed": 20260928
  },
  "shape": {
    "tokens": 512,
    "contexts": 1024,
    "leaves": 8
  },
  "counts": {
    "fit": 5278851.0,
    "search_dev": 1320737.0,
    "sealed_test": 735369.0
  },
  "search": {
    "initial_dev_nll": 5.468152153764551,
    "best_dev_nll": 5.418535783558386,
    "dev_gain": 0.049616370206165605,
    "accepted": 193,
    "iterations": 2048
  },
  "sealed_evaluation": {
    "initial_test_nll": 5.486779592012254,
    "best_test_nll": 5.436472972149153,
    "random_test_nll": 5.531259904100532,
    "best_minus_initial": -0.050306619863100366,
    "best_minus_random": -0.09478693195137833
  },
  "structure": {
    "leaf_utilization": 1.0,
    "occupancy_entropy": 0.871690393146734,
    "fold_conservation_max_abs": 1.3877787807814457e-17,
    "residual_closure_max_abs": 6.071532165918825e-18
  },
  "gates": {
    "finite": true,
    "accepted_at_least_one": true,
    "fold_conservation_le_1e_10": true,
    "residual_closure_le_1e_10": true,
    "dev_gain_ge_0_005": true,
    "sealed_test_not_worse_gt_0_01": true,
    "sealed_test_better_than_random": true,
    "leaf_utilization_ge_0_50": true,
    "checkpoint_reload_exact": true
  },
  "claim_supported": true,
  "checkpoint": {
    "path": "ara/s1-echo/evidence/s1_probability_residual_embedding_checkpoint_a13/formal/depth_3_seed20260928/embedding_checkpoint.pt",
    "sha256": "3cd30de5681c765f3be3992680ce4f4e1999632a768d3e25ee353854fe4c2d38",
    "format": "treeheap_probability_residual_embedding_v1",
    "target_tokens": 512,
    "context_tokens": 1024,
    "leaves": 8,
    "route_dimensions": 3,
    "reload_assignment_exact": true,
    "reload_test_nll_abs_delta": 0.0,
    "reload_pass": true
  }
}
=== status=done exit=0 elapsed=5.3s 2026-09-23T10:07:44Z ===
