=== taskd run 577 2026-09-23T10:07:44Z ===
=== cwd=/home/nio/log/holds/SameTime ===
=== cmd=["python3", "ara/s1-echo/src/s1_probability_residual_tree_mc_a11.py", "--out", "ara/s1-echo/evidence/s1_probability_residual_embedding_checkpoint_a13/formal/depth_5_seed20260928", "--depth", "5", "--iterations", "2048", "--split-seed", "20260924", "--search-seed", "20260928", "--claim", "S1-F-CKPT-A13-C01", "--save-checkpoint"] ===
{"iteration": 0, "proposal": {"node": 12, "members": 39, "mode": "pair", "quantile": 0.35}, "proposal_dev_nll": 5.374055048949295, "accepted": true, "current_dev_nll": 5.374055048949295, "best_dev_nll": 5.373435589668923, "temperature": 0.02}
{"iteration": 31, "proposal": {"node": 2, "members": 312, "mode": "pair", "quantile": 0.2}, "proposal_dev_nll": 5.382954503223399, "accepted": false, "current_dev_nll": 5.374499432776124, "best_dev_nll": 5.373435589668923, "temperature": 0.012518524426807578}
{"iteration": 63, "proposal": {"node": 6, "members": 213, "mode": "pair", "quantile": 0.65}, "proposal_dev_nll": 5.367707246411307, "accepted": true, "current_dev_nll": 5.367707246411307, "best_dev_nll": 5.3624316495311035, "temperature": 0.007718137600860466}
{"iteration": 95, "proposal": {"node": 14, "members": 108, "mode": "pair", "quantile": 0.5}, "proposal_dev_nll": 5.359014138762985, "accepted": true, "current_dev_nll": 5.359014138762985, "best_dev_nll": 5.359014138762985, "temperature": 0.0047585199337273135}
{"iteration": 127, "proposal": {"node": 0, "members": 512, "mode": "perturb", "quantile": 0.35}, "proposal_dev_nll": 5.3521034538232914, "accepted": false, "current_dev_nll": 5.350970300135402, "best_dev_nll": 5.350970300135402, "temperature": 0.002933805165271446}
{"iteration": 159, "proposal": {"node": 23, "members": 67, "mode": "perturb", "quantile": 0.2}, "proposal_dev_nll": 5.350318174860248, "accepted": true, "current_dev_nll": 5.350318174860248, "best_dev_nll": 5.3459997619462145, "temperature": 0.001808800397528533}
{"iteration": 191, "proposal": {"node": 9, "members": 43, "mode": "pair", "quantile": 0.35}, "proposal_dev_nll": 5.351670106400335, "accepted": true, "current_dev_nll": 5.351670106400335, "best_dev_nll": 5.3459997619462145, "temperature": 0.0011151929640142498}
{"iteration": 223, "proposal": {"node": 22, "members": 76, "mode": "pair", "quantile": 0.65}, "proposal_dev_nll": 5.347240594986203, "accepted": true, "current_dev_nll": 5.347240594986203, "best_dev_nll": 5.3459997619462145, "temperature": 0.0006875580902603542}
{"iteration": 255, "proposal": {"node": 7, "members": 30, "mode": "pair", "quantile": 0.8}, "proposal_dev_nll": 5.34573030531428, "accepted": false, "current_dev_nll": 5.342162473594399, "best_dev_nll": 5.342162473594399, "temperature": 0.00042390522782784066}
{"iteration": 287, "proposal": {"node": 13, "members": 91, "mode": "pair", "quantile": 0.8}, "proposal_dev_nll": 5.341830482743246, "accepted": false, "current_dev_nll": 5.340355879544352, "best_dev_nll": 5.339901977234074, "temperature": 0.00026135339649880203}
{"iteration": 319, "proposal": {"node": 17, "members": 25, "mode": "perturb", "quantile": 0.8}, "proposal_dev_nll": 5.336595068701972, "accepted": false, "current_dev_nll": 5.336267947890376, "best_dev_nll": 5.336267947890376, "temperature": 0.00016113412474639443}
{"iteration": 351, "proposal": {"node": 22, "members": 76, "mode": "pair", "quantile": 0.35}, "proposal_dev_nll": 5.333914415185759, "accepted": true, "current_dev_nll": 5.333914415185759, "best_dev_nll": 5.333914415185759, "temperature": 9.934520272402742e-05}
{"iteration": 383, "proposal": {"node": 22, "members": 76, "mode": "perturb", "quantile": 0.35}, "proposal_dev_nll": 5.332590712558778, "accepted": true, "current_dev_nll": 5.332590712558778, "best_dev_nll": 5.332590712558778, "temperature": 6.125002583910422e-05}
{"iteration": 415, "proposal": {"node": 29, "members": 39, "mode": "perturb", "quantile": 0.65}, "proposal_dev_nll": 5.336090463827063, "accepted": false, "current_dev_nll": 5.331756661968849, "best_dev_nll": 5.331756661968849, "temperature": 3.776292727201401e-05}
{"iteration": 447, "proposal": {"node": 20, "members": 31, "mode": "perturb", "quantile": 0.35}, "proposal_dev_nll": 5.329879338347911, "accepted": true, "current_dev_nll": 5.329879338347911, "best_dev_nll": 5.329879338347911, "temperature": 2.3282254278511423e-05}
{"iteration": 479, "proposal": {"node": 21, "members": 18, "mode": "perturb", "quantile": 0.5}, "proposal_dev_nll": 5.333558031105089, "accepted": false, "current_dev_nll": 5.329170464160475, "best_dev_nll": 5.329170464160475, "temperature": 1.4354378843162008e-05}
{"iteration": 511, "proposal": {"node": 20, "members": 31, "mode": "pair", "quantile": 0.65}, "proposal_dev_nll": 5.3300832840721535, "accepted": false, "current_dev_nll": 5.328842637214974, "best_dev_nll": 5.328842637214974, "temperature": 8.850010377353844e-06}
{"iteration": 543, "proposal": {"node": 10, "members": 86, "mode": "pair", "quantile": 0.5}, "proposal_dev_nll": 5.329135655412401, "accepted": false, "current_dev_nll": 5.327580844801621, "best_dev_nll": 5.327580844801621, "temperature": 5.4563617510054285e-06}
{"iteration": 575, "proposal": {"node": 6, "members": 199, "mode": "pair", "quantile": 0.8}, "proposal_dev_nll": 5.351780926832721, "accepted": false, "current_dev_nll": 5.327429990840409, "best_dev_nll": 5.327429990840409, "temperature": 3.364050694676906e-06}
{"iteration": 607, "proposal": {"node": 2, "members": 312, "mode": "perturb", "quantile": 0.65}, "proposal_dev_nll": 5.326901594108298, "accepted": true, "current_dev_nll": 5.326901594108298, "best_dev_nll": 5.326901594108298, "temperature": 2.0740628266208436e-06}
{"iteration": 639, "proposal": {"node": 10, "members": 86, "mode": "pair", "quantile": 0.65}, "proposal_dev_nll": 5.331994988919009, "accepted": false, "current_dev_nll": 5.326809907335793, "best_dev_nll": 5.326809907335793, "temperature": 1.2787371532709901e-06}
{"iteration": 671, "proposal": {"node": 4, "members": 135, "mode": "perturb", "quantile": 0.65}, "proposal_dev_nll": 5.326895909417331, "accepted": false, "current_dev_nll": 5.326649298475372, "best_dev_nll": 5.326649298475372, "temperature": 7.883891877179468e-07}
{"iteration": 703, "proposal": {"node": 13, "members": 90, "mode": "pair", "quantile": 0.65}, "proposal_dev_nll": 5.331426337729216, "accepted": false, "current_dev_nll": 5.326495099784418, "best_dev_nll": 5.326495099784418, "temperature": 4.860713632356965e-07}
{"iteration": 735, "proposal": {"node": 10, "members": 86, "mode": "pair", "quantile": 0.5}, "proposal_dev_nll": 5.334642114302479, "accepted": false, "current_dev_nll": 5.325976710226619, "best_dev_nll": 5.325976710226619, "temperature": 2.9968113951650804e-07}
{"iteration": 767, "proposal": {"node": 20, "members": 31, "mode": "pair", "quantile": 0.5}, "proposal_dev_nll": 5.3262357011489545, "accepted": false, "current_dev_nll": 5.3258800875561185, "best_dev_nll": 5.3258800875561185, "temperature": 1.8476460901557856e-07}
{"iteration": 799, "proposal": {"node": 11, "members": 15, "mode": "pair", "quantile": 0.35}, "proposal_dev_nll": 5.328506713965877, "accepted": false, "current_dev_nll": 5.325863852703152, "best_dev_nll": 5.325863852703152, "temperature": 1.1391427835517529e-07}
{"iteration": 831, "proposal": {"node": 18, "members": 16, "mode": "pair", "quantile": 0.65}, "proposal_dev_nll": 5.326928006410409, "accepted": false, "current_dev_nll": 5.325826421369, "best_dev_nll": 5.325826421369, "temperature": 7.023240480045741e-08}
{"iteration": 863, "proposal": {"node": 16, "members": 4, "mode": "perturb", "quantile": 0.5}, "proposal_dev_nll": 5.3269841846644335, "accepted": false, "current_dev_nll": 5.3242735715973835, "best_dev_nll": 5.3242735715973835, "temperature": 4.3300899196112224e-08}
{"iteration": 895, "proposal": {"node": 29, "members": 18, "mode": "pair", "quantile": 0.65}, "proposal_dev_nll": 5.326734164505414, "accepted": false, "current_dev_nll": 5.3242735715973835, "best_dev_nll": 5.3242735715973835, "temperature": 2.6696620691246226e-08}
{"iteration": 927, "proposal": {"node": 21, "members": 18, "mode": "pair", "quantile": 0.2}, "proposal_dev_nll": 5.3263864183022145, "accepted": false, "current_dev_nll": 5.324221222983609, "best_dev_nll": 5.324221222983609, "temperature": 1.6459463188151687e-08}
{"iteration": 959, "proposal": {"node": 25, "members": 58, "mode": "perturb", "quantile": 0.35}, "proposal_dev_nll": 5.3245522527927776, "accepted": false, "current_dev_nll": 5.323956773075895, "best_dev_nll": 5.323956773075895, "temperature": 1.0147873454671088e-08}
{"iteration": 991, "proposal": {"node": 13, "members": 90, "mode": "pair", "quantile": 0.2}, "proposal_dev_nll": 5.331394610372796, "accepted": false, "current_dev_nll": 5.323956773075895, "best_dev_nll": 5.323956773075895, "temperature": 6.256542784830772e-09}
{"iteration": 1023, "proposal": {"node": 2, "members": 312, "mode": "pair", "quantile": 0.8}, "proposal_dev_nll": 5.38828083764657, "accepted": false, "current_dev_nll": 5.32324438916691, "best_dev_nll": 5.32324438916691, "temperature": 3.857392171204083e-09}
{"iteration": 1055, "proposal": {"node": 1, "members": 195, "mode": "pair", "quantile": 0.2}, "proposal_dev_nll": 5.336954721019676, "accepted": false, "current_dev_nll": 5.322092862582173, "best_dev_nll": 5.322092862582173, "temperature": 2.378226262360486e-09}
{"iteration": 1087, "proposal": {"node": 17, "members": 24, "mode": "perturb", "quantile": 0.65}, "proposal_dev_nll": 5.32240610828432, "accepted": false, "current_dev_nll": 5.3220748213349545, "best_dev_nll": 5.3220748213349545, "temperature": 1.4662652652233752e-09}
{"iteration": 1119, "proposal": {"node": 4, "members": 131, "mode": "pair", "quantile": 0.5}, "proposal_dev_nll": 5.330867028074188, "accepted": false, "current_dev_nll": 5.320956967064623, "best_dev_nll": 5.320956967064623, "temperature": 9.040072687897569e-10}
{"iteration": 1151, "proposal": {"node": 30, "members": 90, "mode": "pair", "quantile": 0.65}, "proposal_dev_nll": 5.321908774615515, "accepted": false, "current_dev_nll": 5.3209503082149725, "best_dev_nll": 5.3209503082149725, "temperature": 5.573542260105417e-10}
{"iteration": 1183, "proposal": {"node": 22, "members": 64, "mode": "pair", "quantile": 0.65}, "proposal_dev_nll": 5.321357495974994, "accepted": false, "current_dev_nll": 5.320571503280597, "best_dev_nll": 5.320571503280597, "temperature": 3.4362968526534685e-10}
{"iteration": 1215, "proposal": {"node": 28, "members": 70, "mode": "pair", "quantile": 0.5}, "proposal_dev_nll": 5.32157246575205, "accepted": false, "current_dev_nll": 5.3204156933778375, "best_dev_nll": 5.3204156933778375, "temperature": 2.1186052798194435e-10}
{"iteration": 1247, "proposal": {"node": 5, "members": 112, "mode": "pair", "quantile": 0.8}, "proposal_dev_nll": 5.336626533548938, "accepted": false, "current_dev_nll": 5.3204056466079725, "best_dev_nll": 5.3204056466079725, "temperature": 1.306199238349523e-10}
{"iteration": 1279, "proposal": {"node": 21, "members": 15, "mode": "pair", "quantile": 0.65}, "proposal_dev_nll": 5.321264027548158, "accepted": false, "current_dev_nll": 5.3204056466079725, "best_dev_nll": 5.3204056466079725, "temperature": 8.053205882741309e-11}
{"iteration": 1311, "proposal": {"node": 18, "members": 16, "mode": "pair", "quantile": 0.65}, "proposal_dev_nll": 5.321273966413615, "accepted": false, "current_dev_nll": 5.3204056466079725, "best_dev_nll": 5.3204056466079725, "temperature": 4.965102036942472e-11}
{"iteration": 1343, "proposal": {"node": 3, "members": 63, "mode": "pair", "quantile": 0.5}, "proposal_dev_nll": 5.328251101740192, "accepted": false, "current_dev_nll": 5.320324845604657, "best_dev_nll": 5.320324845604657, "temperature": 3.061170743204528e-11}
{"iteration": 1375, "proposal": {"node": 20, "members": 32, "mode": "pair", "quantile": 0.2}, "proposal_dev_nll": 5.321708061153424, "accepted": false, "current_dev_nll": 5.320324845604657, "best_dev_nll": 5.320324845604657, "temperature": 1.8873260306291536e-11}
{"iteration": 1407, "proposal": {"node": 27, "members": 26, "mode": "perturb", "quantile": 0.5}, "proposal_dev_nll": 5.320387529965864, "accepted": false, "current_dev_nll": 5.3202363905427426, "best_dev_nll": 5.3202363905427426, "temperature": 1.1636069480272066e-11}
{"iteration": 1439, "proposal": {"node": 26, "members": 39, "mode": "pair", "quantile": 0.65}, "proposal_dev_nll": 5.320682073298309, "accepted": false, "current_dev_nll": 5.320198574143581, "best_dev_nll": 5.320198574143581, "temperature": 7.174071186025189e-12}
{"iteration": 1471, "proposal": {"node": 17, "members": 24, "mode": "pair", "quantile": 0.65}, "proposal_dev_nll": 5.321568109082855, "accepted": false, "current_dev_nll": 5.320198574143581, "best_dev_nll": 5.320198574143581, "temperature": 4.423082680059202e-12}
{"iteration": 1503, "proposal": {"node": 24, "members": 16, "mode": "perturb", "quantile": 0.5}, "proposal_dev_nll": 5.322691385061421, "accepted": false, "current_dev_nll": 5.320198574143581, "best_dev_nll": 5.320198574143581, "temperature": 2.7269955771764498e-12}
{"iteration": 1535, "proposal": {"node": 8, "members": 40, "mode": "perturb", "quantile": 0.5}, "proposal_dev_nll": 5.320989782597704, "accepted": false, "current_dev_nll": 5.320198574143581, "best_dev_nll": 5.320198574143581, "temperature": 1.681294566675471e-12}
{"iteration": 1567, "proposal": {"node": 28, "members": 70, "mode": "perturb", "quantile": 0.35}, "proposal_dev_nll": 5.320130920811694, "accepted": true, "current_dev_nll": 5.320130920811694, "best_dev_nll": 5.320130920811694, "temperature": 1.0365808597530979e-12}
{"iteration": 1599, "proposal": {"node": 29, "members": 19, "mode": "perturb", "quantile": 0.5}, "proposal_dev_nll": 5.320416769898877, "accepted": false, "current_dev_nll": 5.320130033429011, "best_dev_nll": 5.320130033429011, "temperature": 6.390907935491324e-13}
{"iteration": 1631, "proposal": {"node": 29, "members": 19, "mode": "pair", "quantile": 0.65}, "proposal_dev_nll": 5.322728157323709, "accepted": false, "current_dev_nll": 5.320054580279226, "best_dev_nll": 5.320054580279226, "temperature": 3.9402333021713826e-13}
{"iteration": 1663, "proposal": {"node": 14, "members": 109, "mode": "pair", "quantile": 0.2}, "proposal_dev_nll": 5.325992937306738, "accepted": false, "current_dev_nll": 5.320054580279226, "best_dev_nll": 5.320054580279226, "temperature": 2.429300911897242e-13}
{"iteration": 1695, "proposal": {"node": 10, "members": 80, "mode": "pair", "quantile": 0.5}, "proposal_dev_nll": 5.323701253449313, "accepted": false, "current_dev_nll": 5.32003376062546, "best_dev_nll": 5.32003376062546, "temperature": 1.4977546931783387e-13}
{"iteration": 1727, "proposal": {"node": 24, "members": 16, "mode": "pair", "quantile": 0.8}, "proposal_dev_nll": 5.320497452269582, "accepted": false, "current_dev_nll": 5.32003376062546, "best_dev_nll": 5.32003376062546, "temperature": 9.234216765619969e-14}
{"iteration": 1759, "proposal": {"node": 7, "members": 23, "mode": "perturb", "quantile": 0.35}, "proposal_dev_nll": 5.324524934853779, "accepted": false, "current_dev_nll": 5.32003376062546, "best_dev_nll": 5.32003376062546, "temperature": 5.693239331035346e-14}
{"iteration": 1791, "proposal": {"node": 25, "members": 54, "mode": "perturb", "quantile": 0.5}, "proposal_dev_nll": 5.3201847770472295, "accepted": false, "current_dev_nll": 5.32003376062546, "best_dev_nll": 5.32003376062546, "temperature": 3.5100945649364596e-14}
{"iteration": 1823, "proposal": {"node": 22, "members": 65, "mode": "pair", "quantile": 0.8}, "proposal_dev_nll": 5.321404476687446, "accepted": false, "current_dev_nll": 5.32003376062546, "best_dev_nll": 5.32003376062546, "temperature": 2.1641043241644085e-14}
{"iteration": 1855, "proposal": {"node": 4, "members": 132, "mode": "pair", "quantile": 0.35}, "proposal_dev_nll": 5.32659359337015, "accepted": false, "current_dev_nll": 5.32003376062546, "best_dev_nll": 5.32003376062546, "temperature": 1.3342510975774434e-14}
{"iteration": 1887, "proposal": {"node": 25, "members": 54, "mode": "perturb", "quantile": 0.35}, "proposal_dev_nll": 5.319936716990025, "accepted": true, "current_dev_nll": 5.319936716990025, "best_dev_nll": 5.319936716990025, "temperature": 8.226156066085138e-15}
{"iteration": 1919, "proposal": {"node": 23, "members": 3, "mode": "pair", "quantile": 0.2}, "proposal_dev_nll": 5.323059399032708, "accepted": false, "current_dev_nll": 5.319936716990025, "best_dev_nll": 5.319936716990025, "temperature": 5.0717322808618925e-15}
{"iteration": 1951, "proposal": {"node": 19, "members": 20, "mode": "perturb", "quantile": 0.2}, "proposal_dev_nll": 5.321060177909987, "accepted": false, "current_dev_nll": 5.319721582923391, "best_dev_nll": 5.319721582923391, "temperature": 3.1269122688767573e-15}
{"iteration": 1983, "proposal": {"node": 21, "members": 15, "mode": "pair", "quantile": 0.5}, "proposal_dev_nll": 5.320299513467782, "accepted": false, "current_dev_nll": 5.3191149569790666, "best_dev_nll": 5.3191149569790666, "temperature": 1.927858135207086e-15}
{"iteration": 2015, "proposal": {"node": 23, "members": 3, "mode": "pair", "quantile": 0.2}, "proposal_dev_nll": 5.32223763902175, "accepted": false, "current_dev_nll": 5.3191149569790666, "best_dev_nll": 5.3191149569790666, "temperature": 1.1885965034827233e-15}
{"iteration": 2047, "proposal": {"node": 5, "members": 112, "mode": "pair", "quantile": 0.65}, "proposal_dev_nll": 5.3272277210107415, "accepted": false, "current_dev_nll": 5.318545770736248, "best_dev_nll": 5.318545770736248, "temperature": 7.328141123514777e-16}
{
  "claim": "S1-F-CKPT-A13-C01",
  "boundary": "Corpus context-field embedding F search only; no next-token, decoder, READ, translation, or generation target.",
  "config": {
    "counts": "ara/s1-echo/evidence/s1_real_corpus_annealed_token_space/formal_200k_seed19101/context_counts.pt",
    "out": "ara/s1-echo/evidence/s1_probability_residual_embedding_checkpoint_a13/formal/depth_5_seed20260928",
    "depth": 5,
    "iterations": 2048,
    "fit_ratio": 0.8,
    "alpha": 0.05,
    "temperature": 0.02,
    "seed": 20260924,
    "split_seed": 20260924,
    "search_seed": 20260928,
    "claim": "S1-F-CKPT-A13-C01",
    "save_checkpoint": true,
    "vocab_json": "ara/s1-echo/evidence/s1_real_corpus_annealed_token_space/formal_200k_seed19101/vocab.json",
    "device": "cuda",
    "resolved_split_seed": 20260924,
    "resolved_search_seed": 20260928
  },
  "shape": {
    "tokens": 512,
    "contexts": 1024,
    "leaves": 32
  },
  "counts": {
    "fit": 5278851.0,
    "search_dev": 1320737.0,
    "sealed_test": 735369.0
  },
  "search": {
    "initial_dev_nll": 5.373435589668923,
    "best_dev_nll": 5.318545770736248,
    "dev_gain": 0.05488981893267564,
    "accepted": 352,
    "iterations": 2048
  },
  "sealed_evaluation": {
    "initial_test_nll": 5.3963719737835865,
    "best_test_nll": 5.341358107541294,
    "random_test_nll": 5.457078649609351,
    "best_minus_initial": -0.055013866242292764,
    "best_minus_random": -0.1157205420680576
  },
  "structure": {
    "leaf_utilization": 1.0,
    "occupancy_entropy": 0.9402649452752818,
    "fold_conservation_max_abs": 1.3877787807814457e-17,
    "residual_closure_max_abs": 1.3877787807814457e-17
  },
  "gates": {
    "finite": true,
    "accepted_at_least_one": true,
    "fold_conservation_le_1e_10": true,
    "residual_closure_le_1e_10": true,
    "dev_gain_ge_0_005": true,
    "sealed_test_not_worse_gt_0_01": true,
    "sealed_test_better_than_random": true,
    "leaf_utilization_ge_0_50": true,
    "checkpoint_reload_exact": true
  },
  "claim_supported": true,
  "checkpoint": {
    "path": "ara/s1-echo/evidence/s1_probability_residual_embedding_checkpoint_a13/formal/depth_5_seed20260928/embedding_checkpoint.pt",
    "sha256": "b8beca72cbc5d1e1bc2084f08216e1cc97a3146b25f8021001954a93f6c29f5b",
    "format": "treeheap_probability_residual_embedding_v1",
    "target_tokens": 512,
    "context_tokens": 1024,
    "leaves": 32,
    "route_dimensions": 5,
    "reload_assignment_exact": true,
    "reload_test_nll_abs_delta": 0.0,
    "reload_pass": true
  }
}
=== status=done exit=0 elapsed=8.5s 2026-09-23T10:07:53Z ===
