[learned_frontier] epoch=1 train_nll=7.1446 valid_nll=6.6941 bleu=0.16
[learned_frontier] epoch=2 train_nll=6.2837 valid_nll=6.5438 bleu=0.20
[learned_frontier] epoch=3 train_nll=5.5750 valid_nll=6.5181 bleu=0.26
[learned_frontier] epoch=4 train_nll=4.8012 valid_nll=6.5624 bleu=0.35
[learned_frontier] epoch=5 train_nll=4.0437 valid_nll=6.7128 bleu=0.43
[fixed_frontier] epoch=1 train_nll=7.1530 valid_nll=6.7041 bleu=0.14
[fixed_frontier] epoch=2 train_nll=6.2999 valid_nll=6.5809 bleu=0.24
[fixed_frontier] epoch=3 train_nll=5.6087 valid_nll=6.5375 bleu=0.23
[fixed_frontier] epoch=4 train_nll=4.8384 valid_nll=6.5971 bleu=0.52
[fixed_frontier] epoch=5 train_nll=4.0691 valid_nll=6.7522 bleu=0.25
[random_frontier] epoch=1 train_nll=7.1905 valid_nll=6.7275 bleu=0.18
[random_frontier] epoch=2 train_nll=6.3062 valid_nll=6.6298 bleu=0.18
[random_frontier] epoch=3 train_nll=5.4122 valid_nll=6.6953 bleu=0.17
[random_frontier] epoch=4 train_nll=4.3941 valid_nll=6.8535 bleu=0.21
[random_frontier] epoch=5 train_nll=3.5022 valid_nll=7.1128 bleu=0.14
[flat_k] epoch=1 train_nll=7.1147 valid_nll=6.6633 bleu=0.19
[flat_k] epoch=2 train_nll=6.2102 valid_nll=6.4991 bleu=0.34
[flat_k] epoch=3 train_nll=5.3579 valid_nll=6.4278 bleu=0.50
[flat_k] epoch=4 train_nll=4.3279 valid_nll=6.5335 bleu=0.56
[flat_k] epoch=5 train_nll=3.3040 valid_nll=6.7449 bleu=0.40
[leaf_oracle] epoch=1 train_nll=7.1153 valid_nll=6.6091 bleu=0.36
[leaf_oracle] epoch=2 train_nll=6.0204 valid_nll=6.3785 bleu=0.90
[leaf_oracle] epoch=3 train_nll=4.8556 valid_nll=6.2665 bleu=0.84
[leaf_oracle] epoch=4 train_nll=3.5723 valid_nll=6.3749 bleu=1.34
[leaf_oracle] epoch=5 train_nll=2.4735 valid_nll=6.5439 bleu=1.42
{
  "learned_frontier": {
    "nll": 6.598756804358603,
    "ppl": 734.1818899291857,
    "exact": 0.0,
    "token_bleu4": 0.22640361112250515,
    "examples": [
      {
        "en": "· ensuring the highest possible standards of security for nuclear weapons and materials;",
        "reference_zh": "· 确保对核武器及材料执行最高的安全标准;",
        "hypothesis_zh": "布什政府会让美国人的政治家和反射率。"
      },
      {
        "en": "· beginning a dialogue on tactical nuclear weapons involving Russia, the US, and NATO;",
        "reference_zh": "· 启动俄罗斯、美国和北约参与的战术核武器对话;",
        "hypothesis_zh": " ⁇ ,但对一体的 ⁇ ,但也很是,但对伊朗的,但也很容易。"
      },
      {
        "en": "· adopting a process to bring the Comprehensive Test Ban Treaty into effect;",
        "reference_zh": "· 启动促成《全面禁止核试验条约》生效的程序;",
        "hypothesis_zh": "法国的俄罗斯是“”的”的和平。"
      },
      {
        "en": "· developing international and multilateral approaches to manage the risks of fuel production for civilian nuclear power; and",
        "reference_zh": "· 制定管理民用核燃料生产风险的国际和多边计划;",
        "hypothesis_zh": "专家们和决策者,他会让美国人的政治实力。"
      },
      {
        "en": "· further reductions in US and Russian nuclear forces.",
        "reference_zh": "· 推进美国和俄罗斯的核裁军进程。",
        "hypothesis_zh": "布什政府会让美国对世界国家对经济机会。"
      },
      {
        "en": "Without the actions, the vision will not be perceived as realistic or possible.”",
        "reference_zh": "而相关措施如果无法到位,无核化设想就不具备现实性及可行性 。 ”",
        "hypothesis_zh": " ⁇ ,美国在伊朗的 ⁇ ,但对伊朗的 ⁇ ,但对美国来说,它也很严重。"
      },
      {
        "en": "The timing could not be better, as the Euro-Atlantic family has entered a critical period.",
        "reference_zh": "上述变化来得正是时候,因为欧洲大西洋这个家庭已经进入了至关重要的时期。",
        "hypothesis_zh": " ⁇ 的,因为是“”的”的,但对伊朗的 ⁇ 。"
      },
      {
        "en": "Such actions are crucial to these states’ national security and global efforts to mitigate threats.",
        "reference_zh": "上述举措对保护国家安全和缓和核威胁的全球努力都具有至关重要的意义。",
        "hypothesis_zh": "布什政府会让美国人的政治家和反射率。"
      },
      {
        "en": "NATO, OSCE, and other key regional institutions must give this concept and process their essential support.",
        "reference_zh": "上述理念和程序必须在今后几个月内得到北约、欧安组织和其他重要地区性机构实质性的支持。",
        "hypothesis_zh": "专家们,美国在伊朗和就业率、技术、更稳定和就业的。"
      },
      {
        "en": "This all happened when the Iron Curtain divided Europe – and the world – into opposing camps.",
        "reference_zh": "这些都发生在欧洲和世界被铁幕隔绝,划分为两大对立阵营的那个年代。",
        "hypothesis_zh": "这并不意味着一个人在技术、技术、工程和数学和制度的 ⁇ 弃,但对伊朗的 ⁇ 。"
      },
      {
        "en": "The shortsightedness of socialist Prime Minister José Zapatero of Spain has prevailed.",
        "reference_zh": "西班牙社会党首相萨帕特罗的短视行为如今却风行一时。",
        "hypothesis_zh": "布什政府会让美国人的政治。"
      },
      {
        "en": "It is hard to imagine a more shameful deal.",
        "reference_zh": "没有什么比这更为可耻的交易了。",
        "hypothesis_zh": "布什政府会让美国人的政治家。"
      }
    ]
  },
  "fixed_frontier": {
    "nll": 6.601246830193715,
    "ppl": 736.0122997408946,
    "exact": 0.0,
    "token_bleu4": 0.1594458466393103,
    "examples": [
      {
        "en": "· ensuring the highest possible standards of security for nuclear weapons and materials;",
        "reference_zh": "· 确保对核武器及材料执行最高的安全标准;",
        "hypothesis_zh": "让我们的收入是“””是指的 ⁇ 。"
      },
      {
        "en": "· beginning a dialogue on tactical nuclear weapons involving Russia, the US, and NATO;",
        "reference_zh": "· 启动俄罗斯、美国和北约参与的战术核武器对话;",
        "hypothesis_zh": "让我们的收入将导致为政府会带来更大的发的权力。"
      },
      {
        "en": "· adopting a process to bring the Comprehensive Test Ban Treaty into effect;",
        "reference_zh": "· 启动促成《全面禁止核试验条约》生效的程序;",
        "hypothesis_zh": "让我们的收入将导致为“””的范。"
      },
      {
        "en": "· developing international and multilateral approaches to manage the risks of fuel production for civilian nuclear power; and",
        "reference_zh": "· 制定管理民用核燃料生产风险的国际和多边计划;",
        "hypothesis_zh": "共和党的 ⁇ 人,它也不能再的 ⁇ 。"
      },
      {
        "en": "· further reductions in US and Russian nuclear forces.",
        "reference_zh": "· 推进美国和俄罗斯的核裁军进程。",
        "hypothesis_zh": "阿尔及利亚的例子,但却没有迫在眉睫。"
      },
      {
        "en": "Without the actions, the vision will not be perceived as realistic or possible.”",
        "reference_zh": "而相关措施如果无法到位,无核化设想就不具备现实性及可行性 。 ”",
        "hypothesis_zh": "让我们的收入是正确的。"
      },
      {
        "en": "The timing could not be better, as the Euro-Atlantic family has entered a critical period.",
        "reference_zh": "上述变化来得正是时候,因为欧洲大西洋这个家庭已经进入了至关重要的时期。",
        "hypothesis_zh": "阿尔及利亚的反应,但都以是错的。"
      },
      {
        "en": "Such actions are crucial to these states’ national security and global efforts to mitigate threats.",
        "reference_zh": "上述举措对保护国家安全和缓和核威胁的全球努力都具有至关重要的意义。",
        "hypothesis_zh": "共和党人会让这一结果,但都以的 ⁇ 。"
      },
      {
        "en": "NATO, OSCE, and other key regional institutions must give this concept and process their essential support.",
        "reference_zh": "上述理念和程序必须在今后几个月内得到北约、欧安组织和其他重要地区性机构实质性的支持。",
        "hypothesis_zh": "随后、工程和数学领域的,如果不像,美国必须将导致美国会带来更深。"
      },
      {
        "en": "This all happened when the Iron Curtain divided Europe – and the world – into opposing camps.",
        "reference_zh": "这些都发生在欧洲和世界被铁幕隔绝,划分为两大对立阵营的那个年代。",
        "hypothesis_zh": "共和党的 ⁇ 是,它也不能有一个国家。"
      },
      {
        "en": "The shortsightedness of socialist Prime Minister José Zapatero of Spain has prevailed.",
        "reference_zh": "西班牙社会党首相萨帕特罗的短视行为如今却风行一时。",
        "hypothesis_zh": "让我们的收入将导致为世界其他地区的 ⁇ 。"
      },
      {
        "en": "It is hard to imagine a more shameful deal.",
        "reference_zh": "没有什么比这更为可耻的交易了。",
        "hypothesis_zh": "阿尔及利亚的反应。"
      }
    ]
  },
  "random_frontier": {
    "nll": 6.701967841957749,
    "ppl": 814.0060854502868,
    "exact": 0.0,
    "token_bleu4": 0.18499338406169288,
    "examples": [
      {
        "en": "· ensuring the highest possible standards of security for nuclear weapons and materials;",
        "reference_zh": "· 确保对核武器及材料执行最高的安全标准;",
        "hypothesis_zh": "至于 ⁇ 的 ⁇ ,但也不能 ⁇ 的。"
      },
      {
        "en": "· beginning a dialogue on tactical nuclear weapons involving Russia, the US, and NATO;",
        "reference_zh": "· 启动俄罗斯、美国和北约参与的战术核武器对话;",
        "hypothesis_zh": "每 ⁇ ,但对美国也不能 ⁇ 的。"
      },
      {
        "en": "· adopting a process to bring the Comprehensive Test Ban Treaty into effect;",
        "reference_zh": "· 启动促成《全面禁止核试验条约》生效的程序;",
        "hypothesis_zh": "每 ⁇ 的反应是“”的 ⁇ 。"
      },
      {
        "en": "· developing international and multilateral approaches to manage the risks of fuel production for civilian nuclear power; and",
        "reference_zh": "· 制定管理民用核燃料生产风险的国际和多边计划;",
        "hypothesis_zh": "以色列,中国是无法的例子,但是无法的 ⁇ 。"
      },
      {
        "en": "· further reductions in US and Russian nuclear forces.",
        "reference_zh": "· 推进美国和俄罗斯的核裁军进程。",
        "hypothesis_zh": "以色列,美国将越来越的合作是“”的。"
      },
      {
        "en": "Without the actions, the vision will not be perceived as realistic or possible.”",
        "reference_zh": "而相关措施如果无法到位,无核化设想就不具备现实性及可行性 。 ”",
        "hypothesis_zh": "大多数 — — 大多数 — — 大多数 — — 大多数 — — 大多数 — — 大多数 — — "
      },
      {
        "en": "The timing could not be better, as the Euro-Atlantic family has entered a critical period.",
        "reference_zh": "上述变化来得正是时候,因为欧洲大西洋这个家庭已经进入了至关重要的时期。",
        "hypothesis_zh": "每 ⁇ ,但对经济的 ⁇ 。"
      },
      {
        "en": "Such actions are crucial to these states’ national security and global efforts to mitigate threats.",
        "reference_zh": "上述举措对保护国家安全和缓和核威胁的全球努力都具有至关重要的意义。",
        "hypothesis_zh": "每 ⁇ 的反应,但也不能 ⁇ 的。"
      },
      {
        "en": "NATO, OSCE, and other key regional institutions must give this concept and process their essential support.",
        "reference_zh": "上述理念和程序必须在今后几个月内得到北约、欧安组织和其他重要地区性机构实质性的支持。",
        "hypothesis_zh": " ⁇ ,这些、和卢旺达、和卢旺达、和卢旺达、和 ⁇ 的。"
      },
      {
        "en": "This all happened when the Iron Curtain divided Europe – and the world – into opposing camps.",
        "reference_zh": "这些都发生在欧洲和世界被铁幕隔绝,划分为两大对立阵营的那个年代。",
        "hypothesis_zh": "北约的阿拉伯 ⁇ 的 ⁇ ,但不能的 ⁇ 的。"
      },
      {
        "en": "The shortsightedness of socialist Prime Minister José Zapatero of Spain has prevailed.",
        "reference_zh": "西班牙社会党首相萨帕特罗的短视行为如今却风行一时。",
        "hypothesis_zh": "每 ⁇ 的反应,但也不能 ⁇ 的。"
      },
      {
        "en": "It is hard to imagine a more shameful deal.",
        "reference_zh": "没有什么比这更为可耻的交易了。",
        "hypothesis_zh": "共和党的 ⁇ 的反应,但也不能的 ⁇ 。"
      }
    ]
  },
  "flat_k": {
    "nll": 6.507968964498169,
    "ppl": 670.4632990255826,
    "exact": 0.0,
    "token_bleu4": 0.43127702946572516,
    "examples": [
      {
        "en": "· ensuring the highest possible standards of security for nuclear weapons and materials;",
        "reference_zh": "· 确保对核武器及材料执行最高的安全标准;",
        "hypothesis_zh": "北约和腐败的权力和英国和拙和拙和拙。"
      },
      {
        "en": "· beginning a dialogue on tactical nuclear weapons involving Russia, the US, and NATO;",
        "reference_zh": "· 启动俄罗斯、美国和北约参与的战术核武器对话;",
        "hypothesis_zh": "诚然,美国在2014年长月,而中国经济和腐败的数字。"
      },
      {
        "en": "· adopting a process to bring the Comprehensive Test Ban Treaty into effect;",
        "reference_zh": "· 启动促成《全面禁止核试验条约》生效的程序;",
        "hypothesis_zh": "皮涅拉•的权力,但美国在伊拉克战争。"
      },
      {
        "en": "· developing international and multilateral approaches to manage the risks of fuel production for civilian nuclear power; and",
        "reference_zh": "· 制定管理民用核燃料生产风险的国际和多边计划;",
        "hypothesis_zh": "国际社会和腐败和未来数十年的合作。"
      },
      {
        "en": "· further reductions in US and Russian nuclear forces.",
        "reference_zh": "· 推进美国和俄罗斯的核裁军进程。",
        "hypothesis_zh": "巴西和冷漠美国在不 ⁇ 的。"
      },
      {
        "en": "Without the actions, the vision will not be perceived as realistic or possible.”",
        "reference_zh": "而相关措施如果无法到位,无核化设想就不具备现实性及可行性 。 ”",
        "hypothesis_zh": "柏林墙倒塌的,这将是会说,但这种情况。"
      },
      {
        "en": "The timing could not be better, as the Euro-Atlantic family has entered a critical period.",
        "reference_zh": "上述变化来得正是时候,因为欧洲大西洋这个家庭已经进入了至关重要的时期。",
        "hypothesis_zh": " ⁇ 庸置疑,这不是 ⁇ 的 ⁇ 局。"
      },
      {
        "en": "Such actions are crucial to these states’ national security and global efforts to mitigate threats.",
        "reference_zh": "上述举措对保护国家安全和缓和核威胁的全球努力都具有至关重要的意义。",
        "hypothesis_zh": "想想想想想想想想想想想想想想想想。"
      },
      {
        "en": "NATO, OSCE, and other key regional institutions must give this concept and process their essential support.",
        "reference_zh": "上述理念和程序必须在今后几个月内得到北约、欧安组织和其他重要地区性机构实质性的支持。",
        "hypothesis_zh": "以色列和组织、双性恋和变性人、工程和数学、摩洛哥和组织机构、工程和数学、工程和数学。"
      },
      {
        "en": "This all happened when the Iron Curtain divided Europe – and the world – into opposing camps.",
        "reference_zh": "这些都发生在欧洲和世界被铁幕隔绝,划分为两大对立阵营的那个年代。",
        "hypothesis_zh": "气候变化 — — 需要 — — 并且 — — 并且 — — 并且 — — 并且 — — "
      },
      {
        "en": "The shortsightedness of socialist Prime Minister José Zapatero of Spain has prevailed.",
        "reference_zh": "西班牙社会党首相萨帕特罗的短视行为如今却风行一时。",
        "hypothesis_zh": "想想想想想想想想想想想想想想想想想想想想想想想想"
      },
      {
        "en": "It is hard to imagine a more shameful deal.",
        "reference_zh": "没有什么比这更为可耻的交易了。",
        "hypothesis_zh": "想想想想想想想比现在更深。"
      }
    ]
  },
  "leaf_oracle": {
    "nll": 6.354109129518761,
    "ppl": 574.8499955845841,
    "exact": 0.0,
    "token_bleu4": 0.7917356155218,
    "examples": [
      {
        "en": "· ensuring the highest possible standards of security for nuclear weapons and materials;",
        "reference_zh": "· 确保对核武器及材料执行最高的安全标准;",
        "hypothesis_zh": "·汉密尔顿主义,美国人是他们的安全和安全 。"
      },
      {
        "en": "· beginning a dialogue on tactical nuclear weapons involving Russia, the US, and NATO;",
        "reference_zh": "· 启动俄罗斯、美国和北约参与的战术核武器对话;",
        "hypothesis_zh": "·汉密尔顿,美国在伊拉克的 ⁇ 庸置疑,美国在伊拉克的 ⁇ 庸置疑,美国在"
      },
      {
        "en": "· adopting a process to bring the Comprehensive Test Ban Treaty into effect;",
        "reference_zh": "· 启动促成《全面禁止核试验条约》生效的程序;",
        "hypothesis_zh": "·W·W·W·W·W·W·W·W·W·W·W·W"
      },
      {
        "en": "· developing international and multilateral approaches to manage the risks of fuel production for civilian nuclear power; and",
        "reference_zh": "· 制定管理民用核燃料生产风险的国际和多边计划;",
        "hypothesis_zh": " ⁇ 和哥伦比亚和机构之间建立一个合适的的权力。"
      },
      {
        "en": "· further reductions in US and Russian nuclear forces.",
        "reference_zh": "· 推进美国和俄罗斯的核裁军进程。",
        "hypothesis_zh": "美国在伊拉克的 ⁇ 庸置疑,美国和其他和伊拉克的。"
      },
      {
        "en": "Without the actions, the vision will not be perceived as realistic or possible.”",
        "reference_zh": "而相关措施如果无法到位,无核化设想就不具备现实性及可行性 。 ”",
        "hypothesis_zh": " ⁇ 庸置疑,但不能不是或或或或或或或或或或或或或或或或或"
      },
      {
        "en": "The timing could not be better, as the Euro-Atlantic family has entered a critical period.",
        "reference_zh": "上述变化来得正是时候,因为欧洲大西洋这个家庭已经进入了至关重要的时期。",
        "hypothesis_zh": " ⁇ 庸置疑,因为其鼓吹的()))))())))))())"
      },
      {
        "en": "Such actions are crucial to these states’ national security and global efforts to mitigate threats.",
        "reference_zh": "上述举措对保护国家安全和缓和核威胁的全球努力都具有至关重要的意义。",
        "hypothesis_zh": "这些安全安全这些安全,这些安全安全力量,这些安全问题。"
      },
      {
        "en": "NATO, OSCE, and other key regional institutions must give this concept and process their essential support.",
        "reference_zh": "上述理念和程序必须在今后几个月内得到北约、欧安组织和其他重要地区性机构实质性的支持。",
        "hypothesis_zh": "北约和情报,北约必须能够以身和机构。"
      },
      {
        "en": "This all happened when the Iron Curtain divided Europe – and the world – into opposing camps.",
        "reference_zh": "这些都发生在欧洲和世界被铁幕隔绝,划分为两大对立阵营的那个年代。",
        "hypothesis_zh": "没人 — — — — — — — — — — — — — — — — — — — — — — —"
      },
      {
        "en": "The shortsightedness of socialist Prime Minister José Zapatero of Spain has prevailed.",
        "reference_zh": "西班牙社会党首相萨帕特罗的短视行为如今却风行一时。",
        "hypothesis_zh": " ⁇ 庸置疑,因为在阿拉伯国家的权力是 ⁇ 的。"
      },
      {
        "en": "It is hard to imagine a more shameful deal.",
        "reference_zh": "没有什么比这更为可耻的交易了。",
        "hypothesis_zh": "北约是需要更多的更重要。"
      }
    ]
  }
}
