{"seed": 71, "delta": {"positive_distance": -1.1236099004745483, "negative_distance": 0.07374310493469238, "margin_negative_minus_positive": 1.1973530054092407, "echo_accuracy": 0.0, "heldout_mrr": 0.060890652557319236, "heldout_top3": 0.05555555555555558, "heldout_beats_other_category": 0.16666666666666669, "cluster_purity_audit": 0.05555555555555558, "pairwise_f1_audit": 0.0888888888888889, "code_variance": -0.00034158676862716675, "effective_prefix_slots": 0, "placement_entropy": -0.2779204100370407, "full_context_cell_accuracy": 0.018518507480621338}, "gates": {"margin_gain": true, "echo_preserved": true, "heldout_mrr_preserved": true, "code_not_collapsed": true, "prefix_not_collapsed": true}}
{"seed": 72, "delta": {"positive_distance": -1.0892965644598007, "negative_distance": 0.07875657081604004, "margin_negative_minus_positive": 1.1680531352758408, "echo_accuracy": 0.0, "heldout_mrr": 0.0, "heldout_top3": 0.0, "heldout_beats_other_category": 0.0, "cluster_purity_audit": 0.0, "pairwise_f1_audit": 0.0, "code_variance": 0.0001547783613204956, "effective_prefix_slots": 0, "placement_entropy": 0.07975327968597412, "full_context_cell_accuracy": 0.018518507480621338}, "gates": {"margin_gain": true, "echo_preserved": true, "heldout_mrr_preserved": true, "code_not_collapsed": true, "prefix_not_collapsed": true}}
{"seed": 73, "delta": {"positive_distance": -1.0537867695093155, "negative_distance": 0.0938873291015625, "margin_negative_minus_positive": 1.147674098610878, "echo_accuracy": 0.0, "heldout_mrr": 0.0, "heldout_top3": 0.0, "heldout_beats_other_category": 0.0, "cluster_purity_audit": 0.0, "pairwise_f1_audit": 0.12121212121212122, "code_variance": 0.0004677344113588333, "effective_prefix_slots": -2, "placement_entropy": -0.07049818336963654, "full_context_cell_accuracy": 0.0}, "gates": {"margin_gain": true, "echo_preserved": true, "heldout_mrr_preserved": true, "code_not_collapsed": true, "prefix_not_collapsed": true}}
{"seed": 74, "delta": {"positive_distance": -0.9869601130485535, "negative_distance": 0.10755538940429688, "margin_negative_minus_positive": 1.0945155024528503, "echo_accuracy": 0.0, "heldout_mrr": 0.0, "heldout_top3": 0.0, "heldout_beats_other_category": 0.0, "cluster_purity_audit": 0.11111111111111116, "pairwise_f1_audit": 0.19999999999999996, "code_variance": 0.0009729359298944473, "effective_prefix_slots": 0, "placement_entropy": -0.1502949222922325, "full_context_cell_accuracy": 0.0}, "gates": {"margin_gain": true, "echo_preserved": true, "heldout_mrr_preserved": true, "code_not_collapsed": true, "prefix_not_collapsed": true}}
{"seed": 75, "delta": {"positive_distance": -1.0085953772068024, "negative_distance": 0.10969972610473633, "margin_negative_minus_positive": 1.1182951033115387, "echo_accuracy": 0.0, "heldout_mrr": 0.0, "heldout_top3": 0.0, "heldout_beats_other_category": 0.0, "cluster_purity_audit": 0.0, "pairwise_f1_audit": 0.0, "code_variance": 0.0008927043527364731, "effective_prefix_slots": 0, "placement_entropy": -0.20260840840637684, "full_context_cell_accuracy": 0.0}, "gates": {"margin_gain": true, "echo_preserved": true, "heldout_mrr_preserved": true, "code_not_collapsed": true, "prefix_not_collapsed": true}}
{"seed": 76, "delta": {"positive_distance": -1.0488887876272202, "negative_distance": 0.11026310920715332, "margin_negative_minus_positive": 1.1591518968343735, "echo_accuracy": 0.0, "heldout_mrr": 0.013205467372134072, "heldout_top3": 0.0, "heldout_beats_other_category": 0.0, "cluster_purity_audit": 0.05555555555555558, "pairwise_f1_audit": 0.1351351351351351, "code_variance": 0.0004123300313949585, "effective_prefix_slots": 0, "placement_entropy": -0.3508206009864807, "full_context_cell_accuracy": 0.027777791023254395}, "gates": {"margin_gain": true, "echo_preserved": true, "heldout_mrr_preserved": true, "code_not_collapsed": true, "prefix_not_collapsed": true}}
{"seed": 77, "delta": {"positive_distance": -1.0098906606435776, "negative_distance": 0.10524559020996094, "margin_negative_minus_positive": 1.1151362508535385, "echo_accuracy": 0.0, "heldout_mrr": 0.00925925925925919, "heldout_top3": 0.0, "heldout_beats_other_category": 0.0, "cluster_purity_audit": 0.05555555555555558, "pairwise_f1_audit": 0.1351351351351351, "code_variance": 0.0006949529051780701, "effective_prefix_slots": 0, "placement_entropy": -0.1948782093822956, "full_context_cell_accuracy": 0.0}, "gates": {"margin_gain": true, "echo_preserved": true, "heldout_mrr_preserved": true, "code_not_collapsed": true, "prefix_not_collapsed": true}}
{"seed": 78, "delta": {"positive_distance": -1.1313031911849976, "negative_distance": 0.11429738998413086, "margin_negative_minus_positive": 1.2456005811691284, "echo_accuracy": 0.0, "heldout_mrr": 0.07993827160493833, "heldout_top3": 0.1111111111111111, "heldout_beats_other_category": 0.16666666666666666, "cluster_purity_audit": 0.2222222222222222, "pairwise_f1_audit": 0.23636363636363633, "code_variance": -0.0002653505653142929, "effective_prefix_slots": 0, "placement_entropy": -0.6732730716466904, "full_context_cell_accuracy": -0.006172835826873779}, "gates": {"margin_gain": true, "echo_preserved": true, "heldout_mrr_preserved": true, "code_not_collapsed": true, "prefix_not_collapsed": true}}
{
  "gates": {
    "mean_margin_gain": true,
    "all_echo_preserved": true,
    "mean_heldout_mrr_preserved": true,
    "all_codes_noncollapsed": true,
    "all_prefixes_noncollapsed": true
  },
  "aggregate": {
    "before": {
      "positive_distance": {
        "mean": 1.3019724637269974,
        "std": 0.13965505136633813,
        "n": 8
      },
      "negative_distance": {
        "mean": 2.2377053797245026,
        "std": 0.03209352440629891,
        "n": 8
      },
      "margin_negative_minus_positive": {
        "mean": 0.9357329159975052,
        "std": 0.15655453860627655,
        "n": 8
      },
      "echo_accuracy": {
        "mean": 1.0,
        "std": 0.0,
        "n": 8
      },
      "heldout_mrr": {
        "mean": 0.44019510582010585,
        "std": 0.10162469716981276,
        "n": 8
      },
      "heldout_top3": {
        "mean": 0.6319444444444444,
        "std": 0.1804792268455052,
        "n": 8
      },
      "heldout_beats_other_category": {
        "mean": 0.5486111111111112,
        "std": 0.2492272006239772,
        "n": 8
      },
      "cluster_purity_audit": {
        "mean": 0.8194444444444444,
        "std": 0.15643177257481763,
        "n": 8
      },
      "pairwise_f1_audit": {
        "mean": 0.7246435124342101,
        "std": 0.20009904744721765,
        "n": 8
      },
      "code_variance": {
        "mean": 0.029345537070184946,
        "std": 0.0005496842521477655,
        "n": 8
      },
      "effective_prefix_slots": {
        "mean": 5.75,
        "std": 0.4629100498862757,
        "n": 8
      },
      "placement_entropy": {
        "mean": 0.360616123303771,
        "std": 0.23631643302926153,
        "n": 8
      },
      "full_context_cell_accuracy": {
        "mean": 0.9031635746359825,
        "std": 0.03360565019992164,
        "n": 8
      }
    },
    "after": {
      "positive_distance": {
        "mean": 0.24543104320764542,
        "std": 0.09212747245163636,
        "n": 8
      },
      "negative_distance": {
        "mean": 2.336886405944824,
        "std": 0.028930491957056822,
        "n": 8
      },
      "margin_negative_minus_positive": {
        "mean": 2.091455362737179,
        "std": 0.1103660750448848,
        "n": 8
      },
      "echo_accuracy": {
        "mean": 1.0,
        "std": 0.0,
        "n": 8
      },
      "heldout_mrr": {
        "mean": 0.4606068121693122,
        "std": 0.07311471334579689,
        "n": 8
      },
      "heldout_top3": {
        "mean": 0.6527777777777778,
        "std": 0.14773421007131973,
        "n": 8
      },
      "heldout_beats_other_category": {
        "mean": 0.5902777777777778,
        "std": 0.18530088977953244,
        "n": 8
      },
      "cluster_purity_audit": {
        "mean": 0.8819444444444444,
        "std": 0.13424785574632755,
        "n": 8
      },
      "pairwise_f1_audit": {
        "mean": 0.8392353770260748,
        "std": 0.17449203583162845,
        "n": 8
      },
      "code_variance": {
        "mean": 0.029719099402427673,
        "std": 0.00046608745228716,
        "n": 8
      },
      "effective_prefix_slots": {
        "mean": 5.5,
        "std": 0.7559289460184544,
        "n": 8
      },
      "placement_entropy": {
        "mean": 0.13054855749942362,
        "std": 0.07304510982689398,
        "n": 8
      },
      "full_context_cell_accuracy": {
        "mean": 0.9104938209056854,
        "std": 0.033890435749769666,
        "n": 8
      }
    },
    "delta": {
      "positive_distance": {
        "mean": -1.056541420519352,
        "std": 0.05417330460021451,
        "n": 8
      },
      "negative_distance": {
        "mean": 0.09918102622032166,
        "std": 0.015404722866832017,
        "n": 8
      },
      "margin_negative_minus_positive": {
        "mean": 1.1557224467396736,
        "std": 0.04903948954015861,
        "n": 8
      },
      "echo_accuracy": {
        "mean": 0.0,
        "std": 0.0,
        "n": 8
      },
      "heldout_mrr": {
        "mean": 0.020411706349206353,
        "std": 0.0316787784709888,
        "n": 8
      },
      "heldout_top3": {
        "mean": 0.020833333333333336,
        "std": 0.04133465606349139,
        "n": 8
      },
      "heldout_beats_other_category": {
        "mean": 0.04166666666666667,
        "std": 0.07715167498104596,
        "n": 8
      },
      "cluster_purity_audit": {
        "mean": 0.06250000000000001,
        "std": 0.07534459343669653,
        "n": 8
      },
      "pairwise_f1_audit": {
        "mean": 0.11459186459186457,
        "std": 0.08445965016549545,
        "n": 8
      },
      "code_variance": {
        "mean": 0.0003735623322427273,
        "std": 0.0004942432477218994,
        "n": 8
      },
      "effective_prefix_slots": {
        "mean": -0.25,
        "std": 0.7071067811865476,
        "n": 8
      },
      "placement_entropy": {
        "mean": -0.2300675658043474,
        "std": 0.22139480749817297,
        "n": 8
      },
      "full_context_cell_accuracy": {
        "mean": 0.007330246269702911,
        "std": 0.012338787460112684,
        "n": 8
      }
    }
  }
}
