=== taskd run 469 2026-09-16T06:43:13Z ===
=== cwd=/home/nio/log/holds/SameTime ===
=== cmd=["python3", "ara/s1-echo/src/s1_th_embedding_fixed_point.py", "--pair-cache", "ara/s1-echo/evidence/s1_th_embedding_fixed_point/cache/smoke_20k_v1024.pt", "--max-scan-lines", "20000", "--vocab-size", "1024", "--train-pair-cap", "200000", "--test-pair-cap", "30000", "--dim", "32", "--depth", "6", "--rounds", "2", "--steps", "300", "--batch-size", "256", "--negatives", "4", "--eval-pairs", "10000", "--seed", "19301", "--route-info-weight", "0.05", "--evidence-dir", "ara/s1-echo/evidence/s1_th_route_information/smoke_w005_seed19301"] ===
{"step": 1, "baseline_loss": 1.609955906867981, "tree_loss": 1.6107888221740723, "tree_pair_loss": 1.6107889413833618, "route_info_loss": -2.339482307434082e-06, "elapsed_seconds": 0.35531139373779297}
{"step": 30, "baseline_loss": 1.4845435619354248, "tree_loss": 1.4834096431732178, "tree_pair_loss": 1.4834098815917969, "route_info_loss": -3.6756198369403137e-06, "elapsed_seconds": 1.1208841800689697}
{"step": 60, "baseline_loss": 1.449804425239563, "tree_loss": 1.4484801292419434, "tree_pair_loss": 1.4484803676605225, "route_info_loss": -4.609426014212659e-06, "elapsed_seconds": 1.8370654582977295}
{"step": 90, "baseline_loss": 1.5058715343475342, "tree_loss": 1.5039358139038086, "tree_pair_loss": 1.5039360523223877, "route_info_loss": -5.319714546203613e-06, "elapsed_seconds": 2.603071928024292}
{"step": 120, "baseline_loss": 1.418041706085205, "tree_loss": 1.416932463645935, "tree_pair_loss": 1.4169328212738037, "route_info_loss": -6.332993507385254e-06, "elapsed_seconds": 3.4518203735351562}
{"step": 150, "baseline_loss": 1.4293992519378662, "tree_loss": 1.4359577894210815, "tree_pair_loss": 1.4359581470489502, "route_info_loss": -7.813176125637256e-06, "elapsed_seconds": 4.301591396331787}
{"step": 180, "baseline_loss": 1.4066932201385498, "tree_loss": 1.4098495244979858, "tree_pair_loss": 1.409850001335144, "route_info_loss": -9.77019499259768e-06, "elapsed_seconds": 5.125713586807251}
{"step": 210, "baseline_loss": 1.354361891746521, "tree_loss": 1.360288381576538, "tree_pair_loss": 1.3602889776229858, "route_info_loss": -1.1419257134548388e-05, "elapsed_seconds": 5.838611125946045}
{"step": 240, "baseline_loss": 1.3812541961669922, "tree_loss": 1.3864424228668213, "tree_pair_loss": 1.3864431381225586, "route_info_loss": -1.4036893844604492e-05, "elapsed_seconds": 6.603496313095093}
{"step": 270, "baseline_loss": 1.3952810764312744, "tree_loss": 1.4002950191497803, "tree_pair_loss": 1.4002958536148071, "route_info_loss": -1.6227364540100098e-05, "elapsed_seconds": 7.457226037979126}
{"step": 300, "baseline_loss": 1.4047430753707886, "tree_loss": 1.406483769416809, "tree_pair_loss": 1.406484603881836, "route_info_loss": -1.7762184143066406e-05, "elapsed_seconds": 8.282473087310791}
{
  "evaluation": {
    "pairs": 10000,
    "baseline_pair_accuracy": 0.6208999752998352,
    "tree_pair_accuracy": 0.6240999698638916,
    "baseline_margin": 0.09600860625505447,
    "tree_margin": 0.09719141572713852,
    "leaf_utilization": 0.578125,
    "occupancy_entropy": 0.6979978264423572,
    "positive_lcp": 1.5202000141143799,
    "negative_lcp": 1.37090003490448,
    "lcp_margin": 0.1492999941110611,
    "round_flip_rate": [
      0.0634765625
    ]
  },
  "gradients": {
    "embedding": 2.421882390975952,
    "route_weight": 0.0002128420164808631,
    "route_bias": 0.001658029155805707,
    "node_value": 0.06555298715829849
  },
  "gates": {
    "all_gradients_finite_positive": true,
    "tree_pair_accuracy_gt_0_52": true,
    "positive_lcp_gt_negative_lcp": true,
    "leaf_utilization_gt_0_10": true,
    "occupancy_entropy_gt_0_50": true,
    "finite_losses": true
  },
  "smoke_pass": true
}
=== status=done exit=0 elapsed=10.5s 2026-09-16T06:43:23Z ===