=== taskd run 588 2026-09-24T01:06:31Z ===
=== cwd=/home/nio/log/holds/SameTime ===
=== cmd=["python3", "ara/s1-echo/src/s1_probability_residual_tree_mc_a11.py", "--counts", "ara/s1-echo/evidence/s1_probability_residual_corpus_scale_a14/formal/counts/train_0050000/context_counts.pt", "--out", "ara/s1-echo/evidence/s1_probability_residual_corpus_scale_a14/formal/runs/train_0050000_depth_3", "--depth", "3", "--iterations", "1024", "--split-seed", "20260924", "--search-seed", "20260929", "--claim", "S1-F-SCALE-A14-C01", "--vocab-json", "ara/s1-echo/evidence/s1_real_corpus_annealed_token_space/formal_200k_seed19101/vocab.json"] ===
{"iteration": 0, "proposal": {"node": 3, "members": 56, "mode": "pair", "quantile": 0.5}, "proposal_dev_nll": 5.474231304845623, "accepted": true, "current_dev_nll": 5.474231304845623, "best_dev_nll": 5.474231304845623, "temperature": 0.02}
{"iteration": 31, "proposal": {"node": 6, "members": 31, "mode": "pair", "quantile": 0.65}, "proposal_dev_nll": 5.460441797730322, "accepted": true, "current_dev_nll": 5.460441797730322, "best_dev_nll": 5.441133326115199, "temperature": 0.012518524426807578}
{"iteration": 63, "proposal": {"node": 6, "members": 113, "mode": "pair", "quantile": 0.5}, "proposal_dev_nll": 5.443927406669663, "accepted": true, "current_dev_nll": 5.443927406669663, "best_dev_nll": 5.441133326115199, "temperature": 0.007718137600860466}
{"iteration": 95, "proposal": {"node": 3, "members": 100, "mode": "perturb", "quantile": 0.5}, "proposal_dev_nll": 5.430185250186061, "accepted": true, "current_dev_nll": 5.430185250186061, "best_dev_nll": 5.430185250186061, "temperature": 0.0047585199337273135}
{"iteration": 127, "proposal": {"node": 0, "members": 512, "mode": "perturb", "quantile": 0.2}, "proposal_dev_nll": 5.447111517637646, "accepted": false, "current_dev_nll": 5.431006729365742, "best_dev_nll": 5.430185250186061, "temperature": 0.002933805165271446}
{"iteration": 159, "proposal": {"node": 6, "members": 112, "mode": "pair", "quantile": 0.35}, "proposal_dev_nll": 5.429223828444901, "accepted": false, "current_dev_nll": 5.4224696994286745, "best_dev_nll": 5.4224696994286745, "temperature": 0.001808800397528533}
{"iteration": 191, "proposal": {"node": 5, "members": 100, "mode": "pair", "quantile": 0.8}, "proposal_dev_nll": 5.429171908479544, "accepted": false, "current_dev_nll": 5.422464100831906, "best_dev_nll": 5.422101606808193, "temperature": 0.0011151929640142498}
{"iteration": 223, "proposal": {"node": 3, "members": 124, "mode": "perturb", "quantile": 0.5}, "proposal_dev_nll": 5.419085894679349, "accepted": true, "current_dev_nll": 5.419085894679349, "best_dev_nll": 5.41896906084347, "temperature": 0.0006875580902603542}
{"iteration": 255, "proposal": {"node": 3, "members": 143, "mode": "pair", "quantile": 0.65}, "proposal_dev_nll": 5.417451163310238, "accepted": true, "current_dev_nll": 5.417451163310238, "best_dev_nll": 5.417451163310238, "temperature": 0.00042390522782784066}
{"iteration": 287, "proposal": {"node": 3, "members": 143, "mode": "pair", "quantile": 0.8}, "proposal_dev_nll": 5.418429488048149, "accepted": false, "current_dev_nll": 5.417451163310238, "best_dev_nll": 5.417451163310238, "temperature": 0.00026135339649880203}
{"iteration": 319, "proposal": {"node": 6, "members": 113, "mode": "perturb", "quantile": 0.5}, "proposal_dev_nll": 5.419981626855929, "accepted": false, "current_dev_nll": 5.417582577977602, "best_dev_nll": 5.417451163310238, "temperature": 0.00016113412474639443}
{"iteration": 351, "proposal": {"node": 2, "members": 209, "mode": "pair", "quantile": 0.35}, "proposal_dev_nll": 5.443946004074458, "accepted": false, "current_dev_nll": 5.417241211553857, "best_dev_nll": 5.417109780316514, "temperature": 9.934520272402742e-05}
{"iteration": 383, "proposal": {"node": 3, "members": 143, "mode": "pair", "quantile": 0.2}, "proposal_dev_nll": 5.419828425555828, "accepted": false, "current_dev_nll": 5.416265852095338, "best_dev_nll": 5.416265852095338, "temperature": 6.125002583910422e-05}
{"iteration": 415, "proposal": {"node": 6, "members": 116, "mode": "pair", "quantile": 0.5}, "proposal_dev_nll": 5.417425189862566, "accepted": false, "current_dev_nll": 5.4159957232736256, "best_dev_nll": 5.4159957232736256, "temperature": 3.776292727201401e-05}
{"iteration": 447, "proposal": {"node": 3, "members": 136, "mode": "perturb", "quantile": 0.5}, "proposal_dev_nll": 5.417628690853435, "accepted": false, "current_dev_nll": 5.4154133224232375, "best_dev_nll": 5.4154133224232375, "temperature": 2.3282254278511423e-05}
{"iteration": 479, "proposal": {"node": 0, "members": 512, "mode": "perturb", "quantile": 0.35}, "proposal_dev_nll": 5.437209793081549, "accepted": false, "current_dev_nll": 5.414624867611847, "best_dev_nll": 5.414624867611847, "temperature": 1.4354378843162008e-05}
{"iteration": 511, "proposal": {"node": 3, "members": 187, "mode": "perturb", "quantile": 0.5}, "proposal_dev_nll": 5.416587911133804, "accepted": false, "current_dev_nll": 5.414624867611847, "best_dev_nll": 5.414624867611847, "temperature": 8.850010377353844e-06}
{"iteration": 543, "proposal": {"node": 6, "members": 122, "mode": "perturb", "quantile": 0.65}, "proposal_dev_nll": 5.416627031867569, "accepted": false, "current_dev_nll": 5.414624867611847, "best_dev_nll": 5.414624867611847, "temperature": 5.4563617510054285e-06}
{"iteration": 575, "proposal": {"node": 3, "members": 187, "mode": "pair", "quantile": 0.35}, "proposal_dev_nll": 5.420629168839947, "accepted": false, "current_dev_nll": 5.414624867611847, "best_dev_nll": 5.414624867611847, "temperature": 3.364050694676906e-06}
{"iteration": 607, "proposal": {"node": 0, "members": 512, "mode": "pair", "quantile": 0.35}, "proposal_dev_nll": 5.43570213469549, "accepted": false, "current_dev_nll": 5.414624867611847, "best_dev_nll": 5.414624867611847, "temperature": 2.0740628266208436e-06}
{"iteration": 639, "proposal": {"node": 6, "members": 122, "mode": "pair", "quantile": 0.35}, "proposal_dev_nll": 5.417367878332265, "accepted": false, "current_dev_nll": 5.414624867611847, "best_dev_nll": 5.414624867611847, "temperature": 1.2787371532709901e-06}
{"iteration": 671, "proposal": {"node": 0, "members": 512, "mode": "pair", "quantile": 0.5}, "proposal_dev_nll": 5.437707024362254, "accepted": false, "current_dev_nll": 5.414624867611847, "best_dev_nll": 5.414624867611847, "temperature": 7.883891877179468e-07}
{"iteration": 703, "proposal": {"node": 0, "members": 512, "mode": "pair", "quantile": 0.5}, "proposal_dev_nll": 5.434611527611027, "accepted": false, "current_dev_nll": 5.414624867611847, "best_dev_nll": 5.414624867611847, "temperature": 4.860713632356965e-07}
{"iteration": 735, "proposal": {"node": 5, "members": 99, "mode": "pair", "quantile": 0.5}, "proposal_dev_nll": 5.422631303258772, "accepted": false, "current_dev_nll": 5.414624867611847, "best_dev_nll": 5.414624867611847, "temperature": 2.9968113951650804e-07}
{"iteration": 767, "proposal": {"node": 2, "members": 221, "mode": "perturb", "quantile": 0.35}, "proposal_dev_nll": 5.4262608222937265, "accepted": false, "current_dev_nll": 5.414624867611847, "best_dev_nll": 5.414624867611847, "temperature": 1.8476460901557856e-07}
{"iteration": 799, "proposal": {"node": 1, "members": 291, "mode": "perturb", "quantile": 0.2}, "proposal_dev_nll": 5.417901819289293, "accepted": false, "current_dev_nll": 5.414624867611847, "best_dev_nll": 5.414624867611847, "temperature": 1.1391427835517529e-07}
{"iteration": 831, "proposal": {"node": 0, "members": 512, "mode": "pair", "quantile": 0.65}, "proposal_dev_nll": 5.450576633413192, "accepted": false, "current_dev_nll": 5.414624867611847, "best_dev_nll": 5.414624867611847, "temperature": 7.023240480045741e-08}
{"iteration": 863, "proposal": {"node": 3, "members": 187, "mode": "pair", "quantile": 0.8}, "proposal_dev_nll": 5.419380397882484, "accepted": false, "current_dev_nll": 5.414545640497197, "best_dev_nll": 5.414545640497197, "temperature": 4.3300899196112224e-08}
{"iteration": 895, "proposal": {"node": 0, "members": 512, "mode": "perturb", "quantile": 0.2}, "proposal_dev_nll": 5.4451065202704125, "accepted": false, "current_dev_nll": 5.414545640497197, "best_dev_nll": 5.414545640497197, "temperature": 2.6696620691246226e-08}
{"iteration": 927, "proposal": {"node": 4, "members": 104, "mode": "pair", "quantile": 0.2}, "proposal_dev_nll": 5.416301599939487, "accepted": false, "current_dev_nll": 5.414545640497197, "best_dev_nll": 5.414545640497197, "temperature": 1.6459463188151687e-08}
{"iteration": 959, "proposal": {"node": 6, "members": 122, "mode": "perturb", "quantile": 0.2}, "proposal_dev_nll": 5.420477779025472, "accepted": false, "current_dev_nll": 5.414545640497197, "best_dev_nll": 5.414545640497197, "temperature": 1.0147873454671088e-08}
{"iteration": 991, "proposal": {"node": 2, "members": 221, "mode": "pair", "quantile": 0.8}, "proposal_dev_nll": 5.4347579819811775, "accepted": false, "current_dev_nll": 5.414545640497197, "best_dev_nll": 5.414545640497197, "temperature": 6.256542784830772e-09}
{"iteration": 1023, "proposal": {"node": 4, "members": 104, "mode": "perturb", "quantile": 0.2}, "proposal_dev_nll": 5.415160817886927, "accepted": false, "current_dev_nll": 5.414545640497197, "best_dev_nll": 5.414545640497197, "temperature": 3.857392171204083e-09}
{
  "claim": "S1-F-SCALE-A14-C01",
  "boundary": "Corpus context-field embedding F search only; no next-token, decoder, READ, translation, or generation target.",
  "config": {
    "counts": "ara/s1-echo/evidence/s1_probability_residual_corpus_scale_a14/formal/counts/train_0050000/context_counts.pt",
    "out": "ara/s1-echo/evidence/s1_probability_residual_corpus_scale_a14/formal/runs/train_0050000_depth_3",
    "depth": 3,
    "iterations": 1024,
    "fit_ratio": 0.8,
    "alpha": 0.05,
    "temperature": 0.02,
    "seed": 20260924,
    "split_seed": 20260924,
    "search_seed": 20260929,
    "claim": "S1-F-SCALE-A14-C01",
    "save_checkpoint": false,
    "vocab_json": "ara/s1-echo/evidence/s1_real_corpus_annealed_token_space/formal_200k_seed19101/vocab.json",
    "device": "cuda",
    "resolved_split_seed": 20260924,
    "resolved_search_seed": 20260929
  },
  "shape": {
    "tokens": 512,
    "contexts": 1024,
    "leaves": 8
  },
  "counts": {
    "fit": 1466135.0,
    "search_dev": 366093.0,
    "sealed_test": 3670609.0
  },
  "search": {
    "initial_dev_nll": 5.4754943194431736,
    "best_dev_nll": 5.414545640497197,
    "dev_gain": 0.06094867894597655,
    "accepted": 152,
    "iterations": 1024
  },
  "sealed_evaluation": {
    "initial_test_nll": 5.47985549424809,
    "best_test_nll": 5.419492709100963,
    "random_test_nll": 5.508448096982026,
    "best_minus_initial": -0.06036278514712734,
    "best_minus_random": -0.08895538788106361
  },
  "structure": {
    "leaf_utilization": 1.0,
    "occupancy_entropy": 0.8644036461686664,
    "fold_conservation_max_abs": 6.938893903907228e-18,
    "residual_closure_max_abs": 1.734723475976807e-18
  },
  "embedding_index": {
    "token_leaf": [
      3,
      0,
      0,
      6,
      0,
      0,
      0,
      6,
      0,
      6,
      1,
      0,
      5,
      6,
      0,
      6,
      2,
      6,
      6,
      2,
      2,
      7,
      0,
      0,
      2,
      6,
      3,
      6,
      0,
      7,
      6,
      2,
      3,
      0,
      3,
      0,
      7,
      6,
      1,
      4,
      2,
      2,
      3,
      3,
      6,
      5,
      3,
      2,
      7,
      6,
      2,
      3,
      2,
      2,
      4,
      6,
      0,
      6,
      2,
      6,
      7,
      6,
      0,
      2,
      6,
      2,
      5,
      6,
      2,
      2,
      6,
      6,
      2,
      6,
      6,
      6,
      2,
      6,
      6,
      2,
      0,
      6,
      0,
      2,
      0,
      2,
      6,
      2,
      5,
      4,
      1,
      1,
      1,
      6,
      2,
      0,
      4,
      7,
      1,
      6,
      3,
      6,
      5,
      2,
      1,
      3,
      6,
      1,
      1,
      6,
      2,
      7,
      6,
      5,
      6,
      3,
      0,
      7,
      3,
      5,
      2,
      7,
      2,
      5,
      0,
      0,
      6,
      5,
      2,
      2,
      2,
      0,
      0,
      6,
      5,
      0,
      0,
      3,
      1,
      2,
      1,
      7,
      1,
      0,
      6,
      3,
      0,
      0,
      1,
      1,
      6,
      6,
      1,
      1,
      2,
      6,
      3,
      2,
      2,
      2,
      1,
      7,
      7,
      6,
      2,
      1,
      3,
      2,
      6,
      6,
      5,
      4,
      7,
      7,
      6,
      0,
      6,
      6,
      6,
      2,
      2,
      5,
      7,
      3,
      7,
      2,
      0,
      6,
      2,
      6,
      5,
      5,
      2,
      3,
      7,
      0,
      5,
      2,
      1,
      2,
      2,
      5,
      5,
      2,
      4,
      6,
      1,
      6,
      1,
      5,
      0,
      0,
      0,
      6,
      0,
      4,
      6,
      0,
      5,
      5,
      7,
      2,
      1,
      7,
      1,
      0,
      3,
      0,
      3,
      5,
      3,
      5,
      5,
      0,
      5,
      7,
      0,
      5,
      2,
      0,
      6,
      0,
      0,
      0,
      0,
      3,
      5,
      0,
      7,
      0,
      5,
      2,
      5,
      0,
      2,
      6,
      0,
      0,
      0,
      7,
      7,
      0,
      2,
      0,
      0,
      6,
      1,
      4,
      5,
      0,
      5,
      1,
      0,
      6,
      0,
      0,
      3,
      7,
      5,
      7,
      0,
      1,
      1,
      0,
      1,
      6,
      5,
      2,
      1,
      2,
      2,
      2,
      4,
      3,
      6,
      0,
      0,
      5,
      2,
      5,
      1,
      7,
      0,
      5,
      5,
      2,
      1,
      5,
      5,
      0,
      6,
      6,
      0,
      0,
      6,
      6,
      5,
      7,
      0,
      1,
      0,
      4,
      7,
      0,
      2,
      0,
      0,
      0,
      0,
      0,
      3,
      5,
      0,
      6,
      0,
      0,
      2,
      0,
      0,
      4,
      2,
      1,
      7,
      1,
      7,
      5,
      1,
      5,
      6,
      6,
      5,
      5,
      1,
      0,
      5,
      0,
      5,
      1,
      1,
      0,
      0,
      7,
      7,
      4,
      7,
      5,
      5,
      7,
      5,
      5,
      0,
      2,
      5,
      5,
      7,
      2,
      2,
      5,
      2,
      5,
      5,
      5,
      0,
      2,
      0,
      1,
      5,
      1,
      2,
      0,
      1,
      5,
      0,
      1,
      5,
      0,
      3,
      0,
      1,
      0,
      5,
      1,
      0,
      2,
      0,
      6,
      0,
      5,
      7,
      0,
      4,
      0,
      7,
      5,
      0,
      7,
      0,
      1,
      2,
      0,
      0,
      7,
      0,
      5,
      5,
      0,
      5,
      1,
      0,
      1,
      5,
      1,
      0,
      1,
      6,
      5,
      5,
      2,
      5,
      1,
      2,
      0,
      0,
      0,
      0,
      5,
      0,
      6,
      5,
      1,
      5,
      0,
      5,
      6,
      0,
      1,
      5,
      1,
      5,
      3,
      0,
      7,
      0,
      0,
      0,
      6,
      5,
      2,
      5,
      0,
      1,
      0,
      7,
      0,
      6,
      5,
      2,
      5,
      6,
      1,
      6,
      0,
      5,
      0,
      2,
      5,
      6,
      6,
      1,
      0,
      0,
      7,
      1,
      1,
      3,
      1,
      5,
      1,
      6,
      3,
      2,
      0,
      5,
      1,
      5,
      5,
      0,
      2,
      5,
      6,
      0,
      7
    ],
    "assignment_sha256": "a988d1da25a066024ee13328dd03cc66161d343ddaf67c3b1009f33ea492840a"
  },
  "gates": {
    "finite": true,
    "accepted_at_least_one": true,
    "fold_conservation_le_1e_10": true,
    "residual_closure_le_1e_10": true,
    "dev_gain_ge_0_005": true,
    "sealed_test_not_worse_gt_0_01": true,
    "sealed_test_better_than_random": true,
    "leaf_utilization_ge_0_50": true
  },
  "claim_supported": true
}
=== status=done exit=0 elapsed=3.5s 2026-09-24T01:06:35Z ===
