=== taskd run 589 2026-09-24T01:06:35Z ===
=== cwd=/home/nio/log/holds/SameTime ===
=== cmd=["python3", "ara/s1-echo/src/s1_probability_residual_tree_mc_a11.py", "--counts", "ara/s1-echo/evidence/s1_probability_residual_corpus_scale_a14/formal/counts/train_0050000/context_counts.pt", "--out", "ara/s1-echo/evidence/s1_probability_residual_corpus_scale_a14/formal/runs/train_0050000_depth_5", "--depth", "5", "--iterations", "1024", "--split-seed", "20260924", "--search-seed", "20260929", "--claim", "S1-F-SCALE-A14-C01", "--vocab-json", "ara/s1-echo/evidence/s1_real_corpus_annealed_token_space/formal_200k_seed19101/vocab.json"] ===
{"iteration": 0, "proposal": {"node": 14, "members": 156, "mode": "pair", "quantile": 0.8}, "proposal_dev_nll": 5.387230334844684, "accepted": false, "current_dev_nll": 5.378478849600938, "best_dev_nll": 5.378478849600938, "temperature": 0.02}
{"iteration": 31, "proposal": {"node": 14, "members": 156, "mode": "perturb", "quantile": 0.65}, "proposal_dev_nll": 5.394333508524482, "accepted": true, "current_dev_nll": 5.394333508524482, "best_dev_nll": 5.378478849600938, "temperature": 0.012518524426807578}
{"iteration": 63, "proposal": {"node": 26, "members": 10, "mode": "pair", "quantile": 0.35}, "proposal_dev_nll": 5.379764188026912, "accepted": true, "current_dev_nll": 5.379764188026912, "best_dev_nll": 5.378478849600938, "temperature": 0.007718137600860466}
{"iteration": 95, "proposal": {"node": 19, "members": 19, "mode": "pair", "quantile": 0.8}, "proposal_dev_nll": 5.38509485049496, "accepted": false, "current_dev_nll": 5.382849137864366, "best_dev_nll": 5.378478849600938, "temperature": 0.0047585199337273135}
{"iteration": 127, "proposal": {"node": 25, "members": 30, "mode": "pair", "quantile": 0.8}, "proposal_dev_nll": 5.379026283612136, "accepted": true, "current_dev_nll": 5.379026283612136, "best_dev_nll": 5.378059929559221, "temperature": 0.002933805165271446}
{"iteration": 159, "proposal": {"node": 13, "members": 58, "mode": "pair", "quantile": 0.35}, "proposal_dev_nll": 5.37310642230539, "accepted": false, "current_dev_nll": 5.371519546527081, "best_dev_nll": 5.3714841002874785, "temperature": 0.001808800397528533}
{"iteration": 191, "proposal": {"node": 15, "members": 10, "mode": "pair", "quantile": 0.35}, "proposal_dev_nll": 5.375834892987411, "accepted": true, "current_dev_nll": 5.375834892987411, "best_dev_nll": 5.370073718037298, "temperature": 0.0011151929640142498}
{"iteration": 223, "proposal": {"node": 8, "members": 46, "mode": "pair", "quantile": 0.65}, "proposal_dev_nll": 5.37409726362568, "accepted": false, "current_dev_nll": 5.370174286224954, "best_dev_nll": 5.370073718037298, "temperature": 0.0006875580902603542}
{"iteration": 255, "proposal": {"node": 16, "members": 30, "mode": "pair", "quantile": 0.5}, "proposal_dev_nll": 5.361648325924473, "accepted": true, "current_dev_nll": 5.361648325924473, "best_dev_nll": 5.361648325924473, "temperature": 0.00042390522782784066}
{"iteration": 287, "proposal": {"node": 20, "members": 15, "mode": "perturb", "quantile": 0.8}, "proposal_dev_nll": 5.36262158336142, "accepted": false, "current_dev_nll": 5.3607898991195615, "best_dev_nll": 5.3607898991195615, "temperature": 0.00026135339649880203}
{"iteration": 319, "proposal": {"node": 8, "members": 41, "mode": "perturb", "quantile": 0.8}, "proposal_dev_nll": 5.359169763865165, "accepted": true, "current_dev_nll": 5.359169763865165, "best_dev_nll": 5.359169763865165, "temperature": 0.00016113412474639443}
{"iteration": 351, "proposal": {"node": 3, "members": 94, "mode": "perturb", "quantile": 0.35}, "proposal_dev_nll": 5.35804970980124, "accepted": true, "current_dev_nll": 5.35804970980124, "best_dev_nll": 5.35804970980124, "temperature": 9.934520272402742e-05}
{"iteration": 383, "proposal": {"node": 25, "members": 17, "mode": "pair", "quantile": 0.2}, "proposal_dev_nll": 5.357508907021593, "accepted": false, "current_dev_nll": 5.356978602718589, "best_dev_nll": 5.356978602718589, "temperature": 6.125002583910422e-05}
{"iteration": 415, "proposal": {"node": 0, "members": 512, "mode": "pair", "quantile": 0.8}, "proposal_dev_nll": 5.367258526508299, "accepted": false, "current_dev_nll": 5.352730323420477, "best_dev_nll": 5.352730323420477, "temperature": 3.776292727201401e-05}
{"iteration": 447, "proposal": {"node": 16, "members": 24, "mode": "pair", "quantile": 0.35}, "proposal_dev_nll": 5.352674199528705, "accepted": true, "current_dev_nll": 5.352674199528705, "best_dev_nll": 5.352674199528705, "temperature": 2.3282254278511423e-05}
{"iteration": 479, "proposal": {"node": 22, "members": 11, "mode": "pair", "quantile": 0.35}, "proposal_dev_nll": 5.352871478071613, "accepted": false, "current_dev_nll": 5.352219004287918, "best_dev_nll": 5.352219004287918, "temperature": 1.4354378843162008e-05}
{"iteration": 511, "proposal": {"node": 19, "members": 18, "mode": "perturb", "quantile": 0.2}, "proposal_dev_nll": 5.351241127698375, "accepted": true, "current_dev_nll": 5.351241127698375, "best_dev_nll": 5.351241127698375, "temperature": 8.850010377353844e-06}
{"iteration": 543, "proposal": {"node": 10, "members": 20, "mode": "pair", "quantile": 0.65}, "proposal_dev_nll": 5.350733623689766, "accepted": true, "current_dev_nll": 5.350733623689766, "best_dev_nll": 5.350733623689766, "temperature": 5.4563617510054285e-06}
{"iteration": 575, "proposal": {"node": 24, "members": 74, "mode": "pair", "quantile": 0.65}, "proposal_dev_nll": 5.352946405660328, "accepted": false, "current_dev_nll": 5.3501683010723955, "best_dev_nll": 5.3501683010723955, "temperature": 3.364050694676906e-06}
{"iteration": 607, "proposal": {"node": 9, "members": 33, "mode": "pair", "quantile": 0.5}, "proposal_dev_nll": 5.355568072340542, "accepted": false, "current_dev_nll": 5.3488467477128125, "best_dev_nll": 5.3488467477128125, "temperature": 2.0740628266208436e-06}
{"iteration": 639, "proposal": {"node": 0, "members": 512, "mode": "pair", "quantile": 0.5}, "proposal_dev_nll": 5.379085185545789, "accepted": false, "current_dev_nll": 5.347069179699821, "best_dev_nll": 5.347069179699821, "temperature": 1.2787371532709901e-06}
{"iteration": 671, "proposal": {"node": 22, "members": 16, "mode": "pair", "quantile": 0.8}, "proposal_dev_nll": 5.346493556750517, "accepted": true, "current_dev_nll": 5.346493556750517, "best_dev_nll": 5.346493556750517, "temperature": 7.883891877179468e-07}
{"iteration": 703, "proposal": {"node": 0, "members": 512, "mode": "pair", "quantile": 0.5}, "proposal_dev_nll": 5.383051409774977, "accepted": false, "current_dev_nll": 5.346165065951098, "best_dev_nll": 5.346165065951098, "temperature": 4.860713632356965e-07}
{"iteration": 735, "proposal": {"node": 22, "members": 16, "mode": "perturb", "quantile": 0.2}, "proposal_dev_nll": 5.347576353311901, "accepted": false, "current_dev_nll": 5.34602456565731, "best_dev_nll": 5.34602456565731, "temperature": 2.9968113951650804e-07}
{"iteration": 767, "proposal": {"node": 2, "members": 365, "mode": "pair", "quantile": 0.5}, "proposal_dev_nll": 5.3690904489833065, "accepted": false, "current_dev_nll": 5.34590543825567, "best_dev_nll": 5.34590543825567, "temperature": 1.8476460901557856e-07}
{"iteration": 799, "proposal": {"node": 20, "members": 10, "mode": "pair", "quantile": 0.2}, "proposal_dev_nll": 5.345454889152262, "accepted": false, "current_dev_nll": 5.345363395052296, "best_dev_nll": 5.345363395052296, "temperature": 1.1391427835517529e-07}
{"iteration": 831, "proposal": {"node": 19, "members": 17, "mode": "pair", "quantile": 0.65}, "proposal_dev_nll": 5.3475170837716, "accepted": false, "current_dev_nll": 5.345363395052296, "best_dev_nll": 5.345363395052296, "temperature": 7.023240480045741e-08}
{"iteration": 863, "proposal": {"node": 14, "members": 158, "mode": "perturb", "quantile": 0.8}, "proposal_dev_nll": 5.345434715046652, "accepted": false, "current_dev_nll": 5.345357500587534, "best_dev_nll": 5.345357500587534, "temperature": 4.3300899196112224e-08}
{"iteration": 895, "proposal": {"node": 4, "members": 53, "mode": "perturb", "quantile": 0.5}, "proposal_dev_nll": 5.346543587867317, "accepted": false, "current_dev_nll": 5.344166243538259, "best_dev_nll": 5.344166243538259, "temperature": 2.6696620691246226e-08}
{"iteration": 927, "proposal": {"node": 26, "members": 39, "mode": "perturb", "quantile": 0.2}, "proposal_dev_nll": 5.344953739799657, "accepted": false, "current_dev_nll": 5.3440710912802585, "best_dev_nll": 5.3440710912802585, "temperature": 1.6459463188151687e-08}
{"iteration": 959, "proposal": {"node": 13, "members": 45, "mode": "pair", "quantile": 0.2}, "proposal_dev_nll": 5.344991717912325, "accepted": false, "current_dev_nll": 5.343903403546314, "best_dev_nll": 5.343903403546314, "temperature": 1.0147873454671088e-08}
{"iteration": 991, "proposal": {"node": 18, "members": 33, "mode": "pair", "quantile": 0.2}, "proposal_dev_nll": 5.3456426428074035, "accepted": false, "current_dev_nll": 5.343757093263547, "best_dev_nll": 5.343757093263547, "temperature": 6.256542784830772e-09}
{"iteration": 1023, "proposal": {"node": 5, "members": 238, "mode": "perturb", "quantile": 0.65}, "proposal_dev_nll": 5.343624641596407, "accepted": true, "current_dev_nll": 5.343624641596407, "best_dev_nll": 5.343624641596407, "temperature": 3.857392171204083e-09}
{
  "claim": "S1-F-SCALE-A14-C01",
  "boundary": "Corpus context-field embedding F search only; no next-token, decoder, READ, translation, or generation target.",
  "config": {
    "counts": "ara/s1-echo/evidence/s1_probability_residual_corpus_scale_a14/formal/counts/train_0050000/context_counts.pt",
    "out": "ara/s1-echo/evidence/s1_probability_residual_corpus_scale_a14/formal/runs/train_0050000_depth_5",
    "depth": 5,
    "iterations": 1024,
    "fit_ratio": 0.8,
    "alpha": 0.05,
    "temperature": 0.02,
    "seed": 20260924,
    "split_seed": 20260924,
    "search_seed": 20260929,
    "claim": "S1-F-SCALE-A14-C01",
    "save_checkpoint": false,
    "vocab_json": "ara/s1-echo/evidence/s1_real_corpus_annealed_token_space/formal_200k_seed19101/vocab.json",
    "device": "cuda",
    "resolved_split_seed": 20260924,
    "resolved_search_seed": 20260929
  },
  "shape": {
    "tokens": 512,
    "contexts": 1024,
    "leaves": 32
  },
  "counts": {
    "fit": 1466135.0,
    "search_dev": 366093.0,
    "sealed_test": 3670609.0
  },
  "search": {
    "initial_dev_nll": 5.378478849600938,
    "best_dev_nll": 5.343624641596407,
    "dev_gain": 0.034854208004531095,
    "accepted": 272,
    "iterations": 1024
  },
  "sealed_evaluation": {
    "initial_test_nll": 5.384017821284627,
    "best_test_nll": 5.349729692974359,
    "random_test_nll": 5.4490509041818305,
    "best_minus_initial": -0.034288128310268284,
    "best_minus_random": -0.09932121120747173
  },
  "structure": {
    "leaf_utilization": 1.0,
    "occupancy_entropy": 0.8861128379709005,
    "fold_conservation_max_abs": 2.7755575615628914e-17,
    "residual_closure_max_abs": 3.469446951953614e-18
  },
  "embedding_index": {
    "token_leaf": [
      5,
      4,
      20,
      6,
      4,
      10,
      11,
      3,
      18,
      2,
      0,
      11,
      30,
      1,
      18,
      2,
      17,
      14,
      16,
      12,
      22,
      7,
      23,
      18,
      17,
      17,
      16,
      6,
      22,
      0,
      2,
      16,
      6,
      17,
      17,
      16,
      7,
      3,
      21,
      31,
      16,
      2,
      5,
      6,
      24,
      28,
      23,
      16,
      1,
      16,
      16,
      23,
      16,
      16,
      31,
      24,
      0,
      18,
      16,
      6,
      17,
      16,
      22,
      2,
      16,
      16,
      28,
      3,
      6,
      16,
      16,
      16,
      16,
      25,
      14,
      16,
      18,
      25,
      16,
      6,
      23,
      25,
      2,
      19,
      18,
      11,
      9,
      17,
      19,
      8,
      9,
      22,
      1,
      2,
      16,
      28,
      30,
      11,
      19,
      21,
      23,
      16,
      29,
      6,
      18,
      23,
      3,
      13,
      19,
      3,
      5,
      19,
      16,
      18,
      6,
      5,
      22,
      7,
      6,
      9,
      23,
      1,
      16,
      30,
      29,
      22,
      2,
      30,
      13,
      16,
      18,
      18,
      18,
      2,
      29,
      16,
      22,
      18,
      19,
      3,
      19,
      9,
      0,
      28,
      2,
      0,
      29,
      28,
      19,
      18,
      27,
      3,
      7,
      19,
      2,
      16,
      4,
      16,
      16,
      5,
      29,
      21,
      4,
      13,
      6,
      0,
      16,
      23,
      23,
      16,
      29,
      28,
      19,
      15,
      27,
      18,
      25,
      23,
      17,
      6,
      16,
      28,
      0,
      18,
      9,
      3,
      18,
      29,
      6,
      2,
      28,
      31,
      24,
      0,
      13,
      18,
      28,
      18,
      18,
      6,
      16,
      30,
      21,
      6,
      31,
      11,
      19,
      3,
      19,
      19,
      4,
      23,
      22,
      16,
      18,
      31,
      24,
      18,
      28,
      28,
      9,
      18,
      18,
      22,
      11,
      21,
      23,
      23,
      5,
      28,
      6,
      28,
      28,
      29,
      29,
      0,
      22,
      29,
      18,
      18,
      16,
      18,
      21,
      16,
      22,
      5,
      28,
      28,
      1,
      18,
      28,
      13,
      30,
      18,
      16,
      27,
      18,
      23,
      10,
      18,
      7,
      18,
      18,
      16,
      22,
      13,
      29,
      31,
      30,
      18,
      28,
      13,
      22,
      3,
      18,
      18,
      23,
      29,
      30,
      29,
      23,
      22,
      29,
      16,
      21,
      27,
      28,
      18,
      19,
      5,
      18,
      18,
      28,
      18,
      3,
      13,
      16,
      28,
      29,
      28,
      13,
      18,
      28,
      28,
      28,
      18,
      22,
      29,
      19,
      21,
      16,
      27,
      22,
      18,
      16,
      14,
      21,
      29,
      18,
      19,
      22,
      31,
      7,
      16,
      16,
      29,
      18,
      22,
      22,
      9,
      18,
      28,
      13,
      11,
      13,
      9,
      16,
      18,
      18,
      28,
      16,
      21,
      7,
      22,
      21,
      28,
      6,
      18,
      3,
      16,
      19,
      29,
      18,
      18,
      29,
      4,
      19,
      1,
      19,
      18,
      18,
      29,
      22,
      30,
      0,
      28,
      28,
      21,
      18,
      29,
      22,
      18,
      21,
      28,
      7,
      18,
      6,
      9,
      16,
      28,
      29,
      28,
      9,
      25,
      18,
      19,
      28,
      18,
      18,
      18,
      19,
      19,
      29,
      19,
      28,
      29,
      18,
      22,
      18,
      18,
      28,
      22,
      18,
      16,
      18,
      16,
      29,
      29,
      19,
      18,
      30,
      18,
      0,
      9,
      18,
      21,
      18,
      26,
      16,
      18,
      19,
      23,
      22,
      29,
      28,
      13,
      28,
      13,
      12,
      6,
      30,
      18,
      7,
      18,
      27,
      28,
      28,
      12,
      28,
      29,
      16,
      28,
      18,
      10,
      13,
      28,
      29,
      16,
      28,
      13,
      28,
      22,
      8,
      16,
      23,
      18,
      28,
      0,
      28,
      22,
      0,
      18,
      13,
      18,
      18,
      13,
      29,
      18,
      30,
      18,
      29,
      22,
      0,
      6,
      29,
      28,
      6,
      28,
      13,
      6,
      18,
      28,
      29,
      4,
      18,
      8,
      27,
      9,
      29,
      18,
      0,
      9,
      13,
      0,
      6,
      18,
      21,
      29,
      23,
      6,
      16,
      18,
      28,
      18,
      29,
      29,
      28,
      16,
      28,
      18,
      18,
      9
    ],
    "assignment_sha256": "bb40a082aa3e37490bc461049e732ee7fccfe44d63ffda5aab47966d7b1a2779"
  },
  "gates": {
    "finite": true,
    "accepted_at_least_one": true,
    "fold_conservation_le_1e_10": true,
    "residual_closure_le_1e_10": true,
    "dev_gain_ge_0_005": true,
    "sealed_test_not_worse_gt_0_01": true,
    "sealed_test_better_than_random": true,
    "leaf_utilization_ge_0_50": true
  },
  "claim_supported": true
}
=== status=done exit=0 elapsed=5.0s 2026-09-24T01:06:40Z ===
