=== taskd run 590 2026-09-24T01:06:40Z ===
=== cwd=/home/nio/log/holds/SameTime ===
=== cmd=["python3", "ara/s1-echo/src/s1_probability_residual_tree_mc_a11.py", "--counts", "ara/s1-echo/evidence/s1_probability_residual_corpus_scale_a14/formal/counts/train_0100000/context_counts.pt", "--out", "ara/s1-echo/evidence/s1_probability_residual_corpus_scale_a14/formal/runs/train_0100000_depth_3", "--depth", "3", "--iterations", "1024", "--split-seed", "20260924", "--search-seed", "20260929", "--claim", "S1-F-SCALE-A14-C01", "--vocab-json", "ara/s1-echo/evidence/s1_real_corpus_annealed_token_space/formal_200k_seed19101/vocab.json"] ===
{"iteration": 0, "proposal": {"node": 3, "members": 64, "mode": "pair", "quantile": 0.8}, "proposal_dev_nll": 5.477089363634321, "accepted": true, "current_dev_nll": 5.477089363634321, "best_dev_nll": 5.474310579908319, "temperature": 0.02}
{"iteration": 31, "proposal": {"node": 3, "members": 26, "mode": "pair", "quantile": 0.5}, "proposal_dev_nll": 5.474312969030568, "accepted": true, "current_dev_nll": 5.474312969030568, "best_dev_nll": 5.451177683896706, "temperature": 0.012518524426807578}
{"iteration": 63, "proposal": {"node": 1, "members": 352, "mode": "pair", "quantile": 0.2}, "proposal_dev_nll": 5.488296458768314, "accepted": false, "current_dev_nll": 5.45824726275295, "best_dev_nll": 5.451177683896706, "temperature": 0.007718137600860466}
{"iteration": 95, "proposal": {"node": 5, "members": 33, "mode": "pair", "quantile": 0.5}, "proposal_dev_nll": 5.457424158807066, "accepted": true, "current_dev_nll": 5.457424158807066, "best_dev_nll": 5.450770763751403, "temperature": 0.0047585199337273135}
{"iteration": 127, "proposal": {"node": 6, "members": 133, "mode": "perturb", "quantile": 0.35}, "proposal_dev_nll": 5.444029694806365, "accepted": true, "current_dev_nll": 5.444029694806365, "best_dev_nll": 5.442348737998199, "temperature": 0.002933805165271446}
{"iteration": 159, "proposal": {"node": 2, "members": 252, "mode": "perturb", "quantile": 0.5}, "proposal_dev_nll": 5.448374368650792, "accepted": true, "current_dev_nll": 5.448374368650792, "best_dev_nll": 5.442348737998199, "temperature": 0.001808800397528533}
{"iteration": 191, "proposal": {"node": 3, "members": 211, "mode": "perturb", "quantile": 0.35}, "proposal_dev_nll": 5.466402513558862, "accepted": false, "current_dev_nll": 5.4444630421439015, "best_dev_nll": 5.442348737998199, "temperature": 0.0011151929640142498}
{"iteration": 223, "proposal": {"node": 1, "members": 260, "mode": "pair", "quantile": 0.65}, "proposal_dev_nll": 5.458455597766402, "accepted": false, "current_dev_nll": 5.443749790820702, "best_dev_nll": 5.442348737998199, "temperature": 0.0006875580902603542}
{"iteration": 255, "proposal": {"node": 0, "members": 512, "mode": "perturb", "quantile": 0.5}, "proposal_dev_nll": 5.440038024572847, "accepted": true, "current_dev_nll": 5.440038024572847, "best_dev_nll": 5.439582946787079, "temperature": 0.00042390522782784066}
{"iteration": 287, "proposal": {"node": 5, "members": 238, "mode": "pair", "quantile": 0.65}, "proposal_dev_nll": 5.437509746727977, "accepted": false, "current_dev_nll": 5.433989370340083, "best_dev_nll": 5.433989370340083, "temperature": 0.00026135339649880203}
{"iteration": 319, "proposal": {"node": 2, "members": 342, "mode": "perturb", "quantile": 0.35}, "proposal_dev_nll": 5.429673041492525, "accepted": true, "current_dev_nll": 5.429673041492525, "best_dev_nll": 5.429673041492525, "temperature": 0.00016113412474639443}
{"iteration": 351, "proposal": {"node": 4, "members": 58, "mode": "perturb", "quantile": 0.65}, "proposal_dev_nll": 5.429315662375529, "accepted": false, "current_dev_nll": 5.427620522238362, "best_dev_nll": 5.427620522238362, "temperature": 9.934520272402742e-05}
{"iteration": 383, "proposal": {"node": 5, "members": 187, "mode": "pair", "quantile": 0.8}, "proposal_dev_nll": 5.434228049387292, "accepted": false, "current_dev_nll": 5.427458166872708, "best_dev_nll": 5.427458166872708, "temperature": 6.125002583910422e-05}
{"iteration": 415, "proposal": {"node": 3, "members": 108, "mode": "pair", "quantile": 0.5}, "proposal_dev_nll": 5.431447963003874, "accepted": false, "current_dev_nll": 5.427153343479578, "best_dev_nll": 5.427153343479578, "temperature": 3.776292727201401e-05}
{"iteration": 447, "proposal": {"node": 0, "members": 512, "mode": "perturb", "quantile": 0.35}, "proposal_dev_nll": 5.431729843503439, "accepted": false, "current_dev_nll": 5.425969682227231, "best_dev_nll": 5.425969682227231, "temperature": 2.3282254278511423e-05}
{"iteration": 479, "proposal": {"node": 1, "members": 170, "mode": "perturb", "quantile": 0.65}, "proposal_dev_nll": 5.434861643126627, "accepted": false, "current_dev_nll": 5.425969682227231, "best_dev_nll": 5.425969682227231, "temperature": 1.4354378843162008e-05}
{"iteration": 511, "proposal": {"node": 4, "members": 62, "mode": "perturb", "quantile": 0.35}, "proposal_dev_nll": 5.424548838183804, "accepted": false, "current_dev_nll": 5.423981041611694, "best_dev_nll": 5.423981041611694, "temperature": 8.850010377353844e-06}
{"iteration": 543, "proposal": {"node": 3, "members": 108, "mode": "perturb", "quantile": 0.65}, "proposal_dev_nll": 5.423950644552471, "accepted": true, "current_dev_nll": 5.423950644552471, "best_dev_nll": 5.423950644552471, "temperature": 5.4563617510054285e-06}
{"iteration": 575, "proposal": {"node": 4, "members": 62, "mode": "pair", "quantile": 0.65}, "proposal_dev_nll": 5.425658880621329, "accepted": false, "current_dev_nll": 5.423950644552471, "best_dev_nll": 5.423950644552471, "temperature": 3.364050694676906e-06}
{"iteration": 607, "proposal": {"node": 5, "members": 187, "mode": "pair", "quantile": 0.2}, "proposal_dev_nll": 5.432032728641352, "accepted": false, "current_dev_nll": 5.423769779190697, "best_dev_nll": 5.423769779190697, "temperature": 2.0740628266208436e-06}
{"iteration": 639, "proposal": {"node": 3, "members": 109, "mode": "pair", "quantile": 0.8}, "proposal_dev_nll": 5.4429521064942, "accepted": false, "current_dev_nll": 5.423389799671404, "best_dev_nll": 5.423389799671404, "temperature": 1.2787371532709901e-06}
{"iteration": 671, "proposal": {"node": 2, "members": 342, "mode": "pair", "quantile": 0.35}, "proposal_dev_nll": 5.429859858593384, "accepted": false, "current_dev_nll": 5.423388707430493, "best_dev_nll": 5.423388707430493, "temperature": 7.883891877179468e-07}
{"iteration": 703, "proposal": {"node": 4, "members": 61, "mode": "perturb", "quantile": 0.65}, "proposal_dev_nll": 5.425321736868666, "accepted": false, "current_dev_nll": 5.423388707430493, "best_dev_nll": 5.423388707430493, "temperature": 4.860713632356965e-07}
{"iteration": 735, "proposal": {"node": 0, "members": 512, "mode": "perturb", "quantile": 0.35}, "proposal_dev_nll": 5.431140812803992, "accepted": false, "current_dev_nll": 5.423388707430493, "best_dev_nll": 5.423388707430493, "temperature": 2.9968113951650804e-07}
{"iteration": 767, "proposal": {"node": 4, "members": 61, "mode": "pair", "quantile": 0.35}, "proposal_dev_nll": 5.424556449028701, "accepted": false, "current_dev_nll": 5.423388707430493, "best_dev_nll": 5.423388707430493, "temperature": 1.8476460901557856e-07}
{"iteration": 799, "proposal": {"node": 5, "members": 187, "mode": "pair", "quantile": 0.35}, "proposal_dev_nll": 5.43132064337106, "accepted": false, "current_dev_nll": 5.423388707430493, "best_dev_nll": 5.423388707430493, "temperature": 1.1391427835517529e-07}
{"iteration": 831, "proposal": {"node": 5, "members": 187, "mode": "perturb", "quantile": 0.35}, "proposal_dev_nll": 5.4312624841861, "accepted": false, "current_dev_nll": 5.423388707430493, "best_dev_nll": 5.423388707430493, "temperature": 7.023240480045741e-08}
{"iteration": 863, "proposal": {"node": 4, "members": 40, "mode": "pair", "quantile": 0.35}, "proposal_dev_nll": 5.425336487716507, "accepted": false, "current_dev_nll": 5.423383050271923, "best_dev_nll": 5.423383050271923, "temperature": 4.3300899196112224e-08}
{"iteration": 895, "proposal": {"node": 0, "members": 512, "mode": "pair", "quantile": 0.8}, "proposal_dev_nll": 5.447011816373525, "accepted": false, "current_dev_nll": 5.423383050271923, "best_dev_nll": 5.423383050271923, "temperature": 2.6696620691246226e-08}
{"iteration": 927, "proposal": {"node": 6, "members": 155, "mode": "pair", "quantile": 0.2}, "proposal_dev_nll": 5.429826248750004, "accepted": false, "current_dev_nll": 5.423383050271923, "best_dev_nll": 5.423383050271923, "temperature": 1.6459463188151687e-08}
{"iteration": 959, "proposal": {"node": 4, "members": 40, "mode": "pair", "quantile": 0.5}, "proposal_dev_nll": 5.425986567433848, "accepted": false, "current_dev_nll": 5.423383050271923, "best_dev_nll": 5.423383050271923, "temperature": 1.0147873454671088e-08}
{"iteration": 991, "proposal": {"node": 4, "members": 41, "mode": "perturb", "quantile": 0.5}, "proposal_dev_nll": 5.424611193123523, "accepted": false, "current_dev_nll": 5.423363040911588, "best_dev_nll": 5.423363040911588, "temperature": 6.256542784830772e-09}
{"iteration": 1023, "proposal": {"node": 0, "members": 512, "mode": "perturb", "quantile": 0.8}, "proposal_dev_nll": 5.437943529116156, "accepted": false, "current_dev_nll": 5.423363040911588, "best_dev_nll": 5.423363040911588, "temperature": 3.857392171204083e-09}
{
  "claim": "S1-F-SCALE-A14-C01",
  "boundary": "Corpus context-field embedding F search only; no next-token, decoder, READ, translation, or generation target.",
  "config": {
    "counts": "ara/s1-echo/evidence/s1_probability_residual_corpus_scale_a14/formal/counts/train_0100000/context_counts.pt",
    "out": "ara/s1-echo/evidence/s1_probability_residual_corpus_scale_a14/formal/runs/train_0100000_depth_3",
    "depth": 3,
    "iterations": 1024,
    "fit_ratio": 0.8,
    "alpha": 0.05,
    "temperature": 0.02,
    "seed": 20260924,
    "split_seed": 20260924,
    "search_seed": 20260929,
    "claim": "S1-F-SCALE-A14-C01",
    "save_checkpoint": false,
    "vocab_json": "ara/s1-echo/evidence/s1_real_corpus_annealed_token_space/formal_200k_seed19101/vocab.json",
    "device": "cuda",
    "resolved_split_seed": 20260924,
    "resolved_search_seed": 20260929
  },
  "shape": {
    "tokens": 512,
    "contexts": 1024,
    "leaves": 8
  },
  "counts": {
    "fit": 2930641.0,
    "search_dev": 731362.0,
    "sealed_test": 3670609.0
  },
  "search": {
    "initial_dev_nll": 5.474310579908319,
    "best_dev_nll": 5.423363040911588,
    "dev_gain": 0.05094753899673066,
    "accepted": 198,
    "iterations": 1024
  },
  "sealed_evaluation": {
    "initial_test_nll": 5.474436570710606,
    "best_test_nll": 5.422999032534339,
    "random_test_nll": 5.506515757568088,
    "best_minus_initial": -0.05143753817626706,
    "best_minus_random": -0.08351672503374896
  },
  "structure": {
    "leaf_utilization": 1.0,
    "occupancy_entropy": 0.9395991343525536,
    "fold_conservation_max_abs": 3.469446951953614e-18,
    "residual_closure_max_abs": 3.469446951953614e-18
  },
  "embedding_index": {
    "token_leaf": [
      2,
      3,
      0,
      6,
      0,
      3,
      3,
      6,
      3,
      6,
      4,
      3,
      0,
      6,
      0,
      6,
      6,
      6,
      7,
      7,
      4,
      6,
      3,
      3,
      6,
      6,
      2,
      6,
      3,
      4,
      6,
      7,
      5,
      3,
      6,
      0,
      4,
      6,
      4,
      1,
      7,
      7,
      3,
      6,
      3,
      1,
      3,
      7,
      4,
      3,
      6,
      3,
      7,
      7,
      1,
      3,
      4,
      6,
      7,
      3,
      6,
      7,
      4,
      7,
      7,
      7,
      1,
      6,
      7,
      7,
      7,
      7,
      7,
      3,
      6,
      7,
      7,
      3,
      4,
      7,
      7,
      7,
      4,
      7,
      0,
      3,
      0,
      7,
      1,
      1,
      0,
      4,
      4,
      6,
      6,
      0,
      1,
      7,
      5,
      6,
      3,
      6,
      1,
      7,
      4,
      7,
      6,
      4,
      5,
      6,
      7,
      5,
      7,
      0,
      6,
      4,
      4,
      4,
      6,
      1,
      7,
      4,
      3,
      1,
      4,
      4,
      6,
      1,
      4,
      7,
      4,
      0,
      5,
      7,
      1,
      3,
      4,
      6,
      5,
      6,
      5,
      4,
      4,
      0,
      6,
      4,
      4,
      1,
      5,
      4,
      3,
      6,
      5,
      4,
      6,
      6,
      4,
      7,
      4,
      6,
      5,
      3,
      5,
      7,
      7,
      4,
      7,
      7,
      4,
      3,
      0,
      1,
      6,
      6,
      6,
      0,
      7,
      3,
      6,
      6,
      7,
      1,
      4,
      6,
      5,
      7,
      4,
      3,
      6,
      6,
      1,
      1,
      4,
      4,
      6,
      4,
      1,
      7,
      0,
      6,
      7,
      1,
      4,
      7,
      5,
      7,
      1,
      6,
      5,
      5,
      4,
      3,
      3,
      7,
      4,
      1,
      3,
      3,
      1,
      1,
      6,
      7,
      6,
      4,
      4,
      4,
      4,
      4,
      4,
      1,
      6,
      1,
      1,
      0,
      0,
      4,
      4,
      0,
      4,
      4,
      7,
      4,
      4,
      0,
      4,
      4,
      1,
      0,
      6,
      0,
      0,
      4,
      1,
      4,
      7,
      7,
      3,
      3,
      0,
      4,
      6,
      4,
      4,
      7,
      4,
      7,
      4,
      5,
      1,
      4,
      1,
      0,
      4,
      7,
      4,
      0,
      4,
      5,
      1,
      0,
      6,
      4,
      0,
      3,
      4,
      7,
      1,
      7,
      5,
      7,
      3,
      7,
      4,
      4,
      6,
      6,
      6,
      1,
      7,
      1,
      5,
      5,
      1,
      1,
      1,
      7,
      4,
      0,
      0,
      4,
      7,
      6,
      4,
      4,
      7,
      7,
      4,
      0,
      4,
      5,
      4,
      5,
      6,
      3,
      4,
      0,
      4,
      4,
      0,
      0,
      4,
      1,
      4,
      6,
      4,
      4,
      6,
      0,
      0,
      1,
      7,
      4,
      6,
      4,
      4,
      1,
      6,
      0,
      6,
      7,
      5,
      0,
      4,
      0,
      0,
      4,
      5,
      4,
      5,
      4,
      4,
      4,
      4,
      1,
      4,
      1,
      1,
      4,
      1,
      0,
      4,
      4,
      4,
      1,
      4,
      7,
      7,
      0,
      7,
      1,
      0,
      1,
      5,
      7,
      4,
      5,
      1,
      0,
      4,
      4,
      5,
      5,
      4,
      5,
      1,
      3,
      3,
      4,
      4,
      4,
      1,
      4,
      7,
      7,
      4,
      6,
      0,
      0,
      5,
      4,
      1,
      0,
      4,
      5,
      7,
      4,
      4,
      5,
      7,
      4,
      1,
      6,
      4,
      0,
      1,
      4,
      1,
      5,
      4,
      5,
      0,
      4,
      4,
      4,
      7,
      1,
      1,
      7,
      1,
      4,
      4,
      1,
      0,
      0,
      6,
      1,
      0,
      7,
      4,
      5,
      0,
      4,
      1,
      7,
      4,
      4,
      1,
      4,
      1,
      4,
      4,
      4,
      6,
      4,
      0,
      6,
      0,
      7,
      1,
      4,
      0,
      4,
      4,
      4,
      7,
      0,
      6,
      1,
      6,
      4,
      7,
      5,
      1,
      4,
      7,
      1,
      7,
      6,
      4,
      0,
      4,
      5,
      4,
      4,
      4,
      4,
      4,
      4,
      6,
      4,
      7,
      0,
      1,
      0,
      5,
      1,
      1,
      6,
      1,
      3,
      4,
      5
    ],
    "assignment_sha256": "e348fce917c393db986b493c74edd71423f21f66df7a9cbac445bd67a8c3c714"
  },
  "gates": {
    "finite": true,
    "accepted_at_least_one": true,
    "fold_conservation_le_1e_10": true,
    "residual_closure_le_1e_10": true,
    "dev_gain_ge_0_005": true,
    "sealed_test_not_worse_gt_0_01": true,
    "sealed_test_better_than_random": true,
    "leaf_utilization_ge_0_50": true
  },
  "claim_supported": true
}
=== status=done exit=0 elapsed=3.5s 2026-09-24T01:06:43Z ===
