=== taskd run 591 2026-09-24T01:06:43Z ===
=== cwd=/home/nio/log/holds/SameTime ===
=== cmd=["python3", "ara/s1-echo/src/s1_probability_residual_tree_mc_a11.py", "--counts", "ara/s1-echo/evidence/s1_probability_residual_corpus_scale_a14/formal/counts/train_0100000/context_counts.pt", "--out", "ara/s1-echo/evidence/s1_probability_residual_corpus_scale_a14/formal/runs/train_0100000_depth_5", "--depth", "5", "--iterations", "1024", "--split-seed", "20260924", "--search-seed", "20260929", "--claim", "S1-F-SCALE-A14-C01", "--vocab-json", "ara/s1-echo/evidence/s1_real_corpus_annealed_token_space/formal_200k_seed19101/vocab.json"] ===
{"iteration": 0, "proposal": {"node": 14, "members": 151, "mode": "pair", "quantile": 0.8}, "proposal_dev_nll": 5.378053346504142, "accepted": true, "current_dev_nll": 5.378053346504142, "best_dev_nll": 5.371655074313096, "temperature": 0.02}
{"iteration": 31, "proposal": {"node": 22, "members": 9, "mode": "pair", "quantile": 0.65}, "proposal_dev_nll": 5.395103544654697, "accepted": true, "current_dev_nll": 5.395103544654697, "best_dev_nll": 5.371655074313096, "temperature": 0.012518524426807578}
{"iteration": 63, "proposal": {"node": 14, "members": 120, "mode": "pair", "quantile": 0.8}, "proposal_dev_nll": 5.388389688168374, "accepted": true, "current_dev_nll": 5.388389688168374, "best_dev_nll": 5.371655074313096, "temperature": 0.007718137600860466}
{"iteration": 95, "proposal": {"node": 13, "members": 37, "mode": "pair", "quantile": 0.8}, "proposal_dev_nll": 5.3762309363435286, "accepted": true, "current_dev_nll": 5.3762309363435286, "best_dev_nll": 5.371655074313096, "temperature": 0.0047585199337273135}
{"iteration": 127, "proposal": {"node": 15, "members": 55, "mode": "pair", "quantile": 0.65}, "proposal_dev_nll": 5.367646062891319, "accepted": true, "current_dev_nll": 5.367646062891319, "best_dev_nll": 5.367143611782392, "temperature": 0.002933805165271446}
{"iteration": 159, "proposal": {"node": 6, "members": 157, "mode": "pair", "quantile": 0.5}, "proposal_dev_nll": 5.38069082607812, "accepted": false, "current_dev_nll": 5.366950412133852, "best_dev_nll": 5.365934457232077, "temperature": 0.001808800397528533}
{"iteration": 191, "proposal": {"node": 18, "members": 5, "mode": "perturb", "quantile": 0.35}, "proposal_dev_nll": 5.361969865718664, "accepted": true, "current_dev_nll": 5.361969865718664, "best_dev_nll": 5.361969865718664, "temperature": 0.0011151929640142498}
{"iteration": 223, "proposal": {"node": 9, "members": 30, "mode": "perturb", "quantile": 0.8}, "proposal_dev_nll": 5.357931311882586, "accepted": true, "current_dev_nll": 5.357931311882586, "best_dev_nll": 5.356684826413376, "temperature": 0.0006875580902603542}
{"iteration": 255, "proposal": {"node": 9, "members": 30, "mode": "pair", "quantile": 0.65}, "proposal_dev_nll": 5.356588307776337, "accepted": false, "current_dev_nll": 5.353514032474624, "best_dev_nll": 5.353514032474624, "temperature": 0.00042390522782784066}
{"iteration": 287, "proposal": {"node": 10, "members": 35, "mode": "pair", "quantile": 0.5}, "proposal_dev_nll": 5.354941449340186, "accepted": true, "current_dev_nll": 5.354941449340186, "best_dev_nll": 5.353514032474624, "temperature": 0.00026135339649880203}
{"iteration": 319, "proposal": {"node": 27, "members": 30, "mode": "perturb", "quantile": 0.2}, "proposal_dev_nll": 5.353046247478114, "accepted": false, "current_dev_nll": 5.351527146015707, "best_dev_nll": 5.351527146015707, "temperature": 0.00016113412474639443}
{"iteration": 351, "proposal": {"node": 1, "members": 169, "mode": "pair", "quantile": 0.65}, "proposal_dev_nll": 5.359296131277772, "accepted": false, "current_dev_nll": 5.350160828439205, "best_dev_nll": 5.350043320757922, "temperature": 9.934520272402742e-05}
{"iteration": 383, "proposal": {"node": 11, "members": 108, "mode": "perturb", "quantile": 0.35}, "proposal_dev_nll": 5.3496135520802985, "accepted": false, "current_dev_nll": 5.34932195449369, "best_dev_nll": 5.34932195449369, "temperature": 6.125002583910422e-05}
{"iteration": 415, "proposal": {"node": 21, "members": 18, "mode": "perturb", "quantile": 0.2}, "proposal_dev_nll": 5.348726376459966, "accepted": false, "current_dev_nll": 5.348720631677215, "best_dev_nll": 5.348720631677215, "temperature": 3.776292727201401e-05}
{"iteration": 447, "proposal": {"node": 22, "members": 17, "mode": "pair", "quantile": 0.2}, "proposal_dev_nll": 5.34943731833433, "accepted": false, "current_dev_nll": 5.345214733777272, "best_dev_nll": 5.345214733777272, "temperature": 2.3282254278511423e-05}
{"iteration": 479, "proposal": {"node": 8, "members": 31, "mode": "pair", "quantile": 0.5}, "proposal_dev_nll": 5.3429031562422225, "accepted": false, "current_dev_nll": 5.341338997924603, "best_dev_nll": 5.341338997924603, "temperature": 1.4354378843162008e-05}
{"iteration": 511, "proposal": {"node": 27, "members": 21, "mode": "pair", "quantile": 0.35}, "proposal_dev_nll": 5.3411523251025566, "accepted": false, "current_dev_nll": 5.340904698559291, "best_dev_nll": 5.340904698559291, "temperature": 8.850010377353844e-06}
{"iteration": 543, "proposal": {"node": 14, "members": 97, "mode": "perturb", "quantile": 0.5}, "proposal_dev_nll": 5.339165584315483, "accepted": false, "current_dev_nll": 5.338514974669268, "best_dev_nll": 5.338514974669268, "temperature": 5.4563617510054285e-06}
{"iteration": 575, "proposal": {"node": 30, "members": 60, "mode": "perturb", "quantile": 0.5}, "proposal_dev_nll": 5.341721085658002, "accepted": false, "current_dev_nll": 5.338514974669268, "best_dev_nll": 5.338514974669268, "temperature": 3.364050694676906e-06}
{"iteration": 607, "proposal": {"node": 24, "members": 55, "mode": "pair", "quantile": 0.8}, "proposal_dev_nll": 5.340128469743595, "accepted": false, "current_dev_nll": 5.338463209118972, "best_dev_nll": 5.338463209118972, "temperature": 2.0740628266208436e-06}
{"iteration": 639, "proposal": {"node": 11, "members": 109, "mode": "perturb", "quantile": 0.5}, "proposal_dev_nll": 5.338347190788677, "accepted": true, "current_dev_nll": 5.338347190788677, "best_dev_nll": 5.338347190788677, "temperature": 1.2787371532709901e-06}
{"iteration": 671, "proposal": {"node": 5, "members": 190, "mode": "pair", "quantile": 0.2}, "proposal_dev_nll": 5.344594027687457, "accepted": false, "current_dev_nll": 5.338347190788677, "best_dev_nll": 5.338347190788677, "temperature": 7.883891877179468e-07}
{"iteration": 703, "proposal": {"node": 18, "members": 8, "mode": "pair", "quantile": 0.35}, "proposal_dev_nll": 5.338583605226438, "accepted": false, "current_dev_nll": 5.338270413711974, "best_dev_nll": 5.338270413711974, "temperature": 4.860713632356965e-07}
{"iteration": 735, "proposal": {"node": 16, "members": 36, "mode": "perturb", "quantile": 0.2}, "proposal_dev_nll": 5.339323387791135, "accepted": false, "current_dev_nll": 5.338265220442017, "best_dev_nll": 5.338265220442017, "temperature": 2.9968113951650804e-07}
{"iteration": 767, "proposal": {"node": 16, "members": 36, "mode": "pair", "quantile": 0.35}, "proposal_dev_nll": 5.338722635691418, "accepted": false, "current_dev_nll": 5.338265220442017, "best_dev_nll": 5.338265220442017, "temperature": 1.8476460901557856e-07}
{"iteration": 799, "proposal": {"node": 14, "members": 97, "mode": "pair", "quantile": 0.8}, "proposal_dev_nll": 5.347400680615981, "accepted": false, "current_dev_nll": 5.338165121640984, "best_dev_nll": 5.338165121640984, "temperature": 1.1391427835517529e-07}
{"iteration": 831, "proposal": {"node": 4, "members": 65, "mode": "pair", "quantile": 0.2}, "proposal_dev_nll": 5.347558867756546, "accepted": false, "current_dev_nll": 5.337868858221156, "best_dev_nll": 5.337868858221156, "temperature": 7.023240480045741e-08}
{"iteration": 863, "proposal": {"node": 11, "members": 109, "mode": "pair", "quantile": 0.5}, "proposal_dev_nll": 5.3380838365404015, "accepted": false, "current_dev_nll": 5.337740775503753, "best_dev_nll": 5.337740775503753, "temperature": 4.3300899196112224e-08}
{"iteration": 895, "proposal": {"node": 26, "members": 31, "mode": "perturb", "quantile": 0.2}, "proposal_dev_nll": 5.338306416498839, "accepted": false, "current_dev_nll": 5.337456901208921, "best_dev_nll": 5.337456901208921, "temperature": 2.6696620691246226e-08}
{"iteration": 927, "proposal": {"node": 28, "members": 35, "mode": "pair", "quantile": 0.65}, "proposal_dev_nll": 5.338231874626841, "accepted": false, "current_dev_nll": 5.337256827844083, "best_dev_nll": 5.337256827844083, "temperature": 1.6459463188151687e-08}
{"iteration": 959, "proposal": {"node": 28, "members": 35, "mode": "pair", "quantile": 0.35}, "proposal_dev_nll": 5.337685500604868, "accepted": false, "current_dev_nll": 5.337152328272795, "best_dev_nll": 5.337152328272795, "temperature": 1.0147873454671088e-08}
{"iteration": 991, "proposal": {"node": 19, "members": 9, "mode": "pair", "quantile": 0.65}, "proposal_dev_nll": 5.337140816218368, "accepted": true, "current_dev_nll": 5.337140816218368, "best_dev_nll": 5.337140816218368, "temperature": 6.256542784830772e-09}
{"iteration": 1023, "proposal": {"node": 27, "members": 21, "mode": "perturb", "quantile": 0.35}, "proposal_dev_nll": 5.337200293053379, "accepted": false, "current_dev_nll": 5.337140816218368, "best_dev_nll": 5.337140816218368, "temperature": 3.857392171204083e-09}
{
  "claim": "S1-F-SCALE-A14-C01",
  "boundary": "Corpus context-field embedding F search only; no next-token, decoder, READ, translation, or generation target.",
  "config": {
    "counts": "ara/s1-echo/evidence/s1_probability_residual_corpus_scale_a14/formal/counts/train_0100000/context_counts.pt",
    "out": "ara/s1-echo/evidence/s1_probability_residual_corpus_scale_a14/formal/runs/train_0100000_depth_5",
    "depth": 5,
    "iterations": 1024,
    "fit_ratio": 0.8,
    "alpha": 0.05,
    "temperature": 0.02,
    "seed": 20260924,
    "split_seed": 20260924,
    "search_seed": 20260929,
    "claim": "S1-F-SCALE-A14-C01",
    "save_checkpoint": false,
    "vocab_json": "ara/s1-echo/evidence/s1_real_corpus_annealed_token_space/formal_200k_seed19101/vocab.json",
    "device": "cuda",
    "resolved_split_seed": 20260924,
    "resolved_search_seed": 20260929
  },
  "shape": {
    "tokens": 512,
    "contexts": 1024,
    "leaves": 32
  },
  "counts": {
    "fit": 2930641.0,
    "search_dev": 731362.0,
    "sealed_test": 3670609.0
  },
  "search": {
    "initial_dev_nll": 5.371655074313096,
    "best_dev_nll": 5.337140816218368,
    "dev_gain": 0.034514258094727523,
    "accepted": 272,
    "iterations": 1024
  },
  "sealed_evaluation": {
    "initial_test_nll": 5.37298511191416,
    "best_test_nll": 5.337925607783007,
    "random_test_nll": 5.440967725012633,
    "best_minus_initial": -0.03505950413115233,
    "best_minus_random": -0.10304211722962542
  },
  "structure": {
    "leaf_utilization": 1.0,
    "occupancy_entropy": 0.9460353942117792,
    "fold_conservation_max_abs": 1.3877787807814457e-17,
    "residual_closure_max_abs": 6.938893903907228e-18
  },
  "embedding_index": {
    "token_leaf": [
      11,
      24,
      14,
      9,
      25,
      29,
      12,
      6,
      25,
      10,
      21,
      8,
      15,
      18,
      12,
      7,
      19,
      7,
      0,
      3,
      19,
      10,
      8,
      12,
      18,
      4,
      25,
      9,
      17,
      16,
      10,
      3,
      17,
      20,
      13,
      14,
      16,
      5,
      17,
      30,
      3,
      0,
      12,
      11,
      17,
      31,
      11,
      29,
      21,
      13,
      18,
      19,
      2,
      1,
      30,
      25,
      17,
      10,
      2,
      13,
      18,
      0,
      17,
      0,
      2,
      3,
      30,
      10,
      19,
      3,
      0,
      4,
      3,
      3,
      4,
      2,
      19,
      0,
      1,
      1,
      2,
      0,
      17,
      2,
      25,
      10,
      13,
      1,
      27,
      30,
      25,
      17,
      22,
      18,
      9,
      28,
      30,
      26,
      27,
      11,
      13,
      0,
      15,
      1,
      23,
      11,
      2,
      23,
      26,
      5,
      2,
      27,
      5,
      13,
      19,
      17,
      20,
      22,
      19,
      31,
      1,
      22,
      0,
      15,
      17,
      17,
      18,
      15,
      19,
      2,
      17,
      23,
      24,
      4,
      15,
      1,
      17,
      11,
      27,
      7,
      25,
      21,
      21,
      28,
      4,
      17,
      1,
      31,
      27,
      20,
      4,
      10,
      22,
      25,
      19,
      4,
      12,
      2,
      19,
      12,
      25,
      17,
      25,
      0,
      3,
      17,
      1,
      1,
      17,
      0,
      25,
      31,
      27,
      26,
      5,
      12,
      3,
      8,
      9,
      8,
      2,
      31,
      21,
      19,
      31,
      4,
      20,
      4,
      13,
      19,
      15,
      29,
      12,
      17,
      29,
      25,
      31,
      2,
      23,
      7,
      0,
      31,
      25,
      0,
      28,
      4,
      15,
      6,
      27,
      27,
      17,
      17,
      17,
      0,
      29,
      30,
      26,
      29,
      30,
      31,
      26,
      19,
      18,
      16,
      22,
      17,
      19,
      20,
      19,
      31,
      11,
      15,
      31,
      28,
      28,
      22,
      20,
      20,
      19,
      20,
      0,
      20,
      17,
      14,
      17,
      17,
      31,
      25,
      16,
      20,
      26,
      19,
      31,
      17,
      2,
      0,
      0,
      8,
      21,
      21,
      22,
      20,
      17,
      2,
      20,
      4,
      20,
      28,
      28,
      20,
      15,
      26,
      20,
      2,
      20,
      28,
      11,
      25,
      31,
      31,
      17,
      17,
      26,
      29,
      16,
      5,
      15,
      2,
      17,
      11,
      17,
      7,
      28,
      17,
      4,
      18,
      1,
      31,
      2,
      31,
      27,
      16,
      31,
      31,
      15,
      19,
      16,
      15,
      26,
      17,
      3,
      5,
      17,
      20,
      0,
      5,
      28,
      12,
      20,
      17,
      17,
      28,
      22,
      12,
      29,
      26,
      20,
      17,
      20,
      14,
      11,
      28,
      23,
      19,
      11,
      17,
      2,
      17,
      1,
      31,
      0,
      17,
      22,
      20,
      23,
      31,
      17,
      29,
      7,
      5,
      27,
      23,
      23,
      20,
      28,
      17,
      23,
      20,
      26,
      23,
      17,
      17,
      21,
      31,
      16,
      31,
      28,
      21,
      31,
      28,
      17,
      19,
      17,
      31,
      21,
      19,
      2,
      31,
      29,
      31,
      29,
      31,
      31,
      1,
      17,
      27,
      31,
      26,
      17,
      20,
      22,
      27,
      20,
      22,
      31,
      2,
      25,
      17,
      17,
      29,
      31,
      20,
      19,
      29,
      17,
      19,
      29,
      28,
      25,
      17,
      30,
      20,
      17,
      31,
      2,
      25,
      23,
      26,
      1,
      19,
      28,
      19,
      17,
      25,
      31,
      12,
      31,
      26,
      23,
      23,
      31,
      20,
      23,
      20,
      29,
      31,
      31,
      29,
      28,
      20,
      2,
      31,
      16,
      26,
      11,
      31,
      28,
      0,
      31,
      22,
      31,
      17,
      30,
      1,
      17,
      22,
      27,
      20,
      31,
      19,
      20,
      21,
      2,
      20,
      26,
      26,
      28,
      19,
      31,
      26,
      27,
      20,
      21,
      11,
      1,
      15,
      2,
      31,
      18,
      23,
      1,
      31,
      31,
      17,
      2,
      30,
      4,
      4,
      17,
      23,
      21,
      26,
      17,
      16,
      19,
      20,
      23,
      17,
      11,
      17,
      19,
      20,
      31,
      20,
      26,
      31,
      28,
      4,
      31,
      2,
      23,
      27
    ],
    "assignment_sha256": "03c5d901c3946845389f380b4373c88004d623dd317fe4b04d6d4e2afdf6ec48"
  },
  "gates": {
    "finite": true,
    "accepted_at_least_one": true,
    "fold_conservation_le_1e_10": true,
    "residual_closure_le_1e_10": true,
    "dev_gain_ge_0_005": true,
    "sealed_test_not_worse_gt_0_01": true,
    "sealed_test_better_than_random": true,
    "leaf_utilization_ge_0_50": true
  },
  "claim_supported": true
}
=== status=done exit=0 elapsed=5.0s 2026-09-24T01:06:48Z ===
