=== taskd run 592 2026-09-24T01:06:48Z ===
=== cwd=/home/nio/log/holds/SameTime ===
=== cmd=["python3", "ara/s1-echo/src/s1_probability_residual_tree_mc_a11.py", "--counts", "ara/s1-echo/evidence/s1_probability_residual_corpus_scale_a14/formal/counts/train_0200000/context_counts.pt", "--out", "ara/s1-echo/evidence/s1_probability_residual_corpus_scale_a14/formal/runs/train_0200000_depth_3", "--depth", "3", "--iterations", "1024", "--split-seed", "20260924", "--search-seed", "20260929", "--claim", "S1-F-SCALE-A14-C01", "--vocab-json", "ara/s1-echo/evidence/s1_real_corpus_annealed_token_space/formal_200k_seed19101/vocab.json"] ===
{"iteration": 0, "proposal": {"node": 3, "members": 75, "mode": "pair", "quantile": 0.8}, "proposal_dev_nll": 5.474433523262168, "accepted": true, "current_dev_nll": 5.474433523262168, "best_dev_nll": 5.470741358992184, "temperature": 0.02}
{"iteration": 31, "proposal": {"node": 4, "members": 156, "mode": "pair", "quantile": 0.8}, "proposal_dev_nll": 5.438904968019592, "accepted": true, "current_dev_nll": 5.438904968019592, "best_dev_nll": 5.4384766468915675, "temperature": 0.012518524426807578}
{"iteration": 63, "proposal": {"node": 5, "members": 97, "mode": "pair", "quantile": 0.8}, "proposal_dev_nll": 5.445472006425714, "accepted": true, "current_dev_nll": 5.445472006425714, "best_dev_nll": 5.4330491691457645, "temperature": 0.007718137600860466}
{"iteration": 95, "proposal": {"node": 4, "members": 101, "mode": "pair", "quantile": 0.65}, "proposal_dev_nll": 5.432810860298301, "accepted": false, "current_dev_nll": 5.429173508276599, "best_dev_nll": 5.428741135080465, "temperature": 0.0047585199337273135}
{"iteration": 127, "proposal": {"node": 2, "members": 220, "mode": "perturb", "quantile": 0.65}, "proposal_dev_nll": 5.461228591768314, "accepted": false, "current_dev_nll": 5.433493786042987, "best_dev_nll": 5.428518956620874, "temperature": 0.002933805165271446}
{"iteration": 159, "proposal": {"node": 2, "members": 164, "mode": "pair", "quantile": 0.5}, "proposal_dev_nll": 5.4547848257780185, "accepted": false, "current_dev_nll": 5.439976531578393, "best_dev_nll": 5.428518956620874, "temperature": 0.001808800397528533}
{"iteration": 191, "proposal": {"node": 4, "members": 120, "mode": "perturb", "quantile": 0.35}, "proposal_dev_nll": 5.429123080658044, "accepted": false, "current_dev_nll": 5.4264049102779515, "best_dev_nll": 5.4264049102779515, "temperature": 0.0011151929640142498}
{"iteration": 223, "proposal": {"node": 3, "members": 240, "mode": "perturb", "quantile": 0.5}, "proposal_dev_nll": 5.428333055115423, "accepted": false, "current_dev_nll": 5.426573053749076, "best_dev_nll": 5.424761473431292, "temperature": 0.0006875580902603542}
{"iteration": 255, "proposal": {"node": 3, "members": 240, "mode": "pair", "quantile": 0.2}, "proposal_dev_nll": 5.428063899515756, "accepted": false, "current_dev_nll": 5.423699806874561, "best_dev_nll": 5.423699806874561, "temperature": 0.00042390522782784066}
{"iteration": 287, "proposal": {"node": 0, "members": 512, "mode": "pair", "quantile": 0.35}, "proposal_dev_nll": 5.46085330964914, "accepted": false, "current_dev_nll": 5.421211602994912, "best_dev_nll": 5.421211602994912, "temperature": 0.00026135339649880203}
{"iteration": 319, "proposal": {"node": 2, "members": 164, "mode": "pair", "quantile": 0.8}, "proposal_dev_nll": 5.438024385191832, "accepted": false, "current_dev_nll": 5.421324957136547, "best_dev_nll": 5.4209028414624445, "temperature": 0.00016113412474639443}
{"iteration": 351, "proposal": {"node": 1, "members": 348, "mode": "perturb", "quantile": 0.2}, "proposal_dev_nll": 5.431855645197523, "accepted": false, "current_dev_nll": 5.421034108774394, "best_dev_nll": 5.4209028414624445, "temperature": 9.934520272402742e-05}
{"iteration": 383, "proposal": {"node": 1, "members": 348, "mode": "pair", "quantile": 0.35}, "proposal_dev_nll": 5.434945840028886, "accepted": false, "current_dev_nll": 5.420847855091377, "best_dev_nll": 5.420847855091377, "temperature": 6.125002583910422e-05}
{"iteration": 415, "proposal": {"node": 5, "members": 98, "mode": "pair", "quantile": 0.35}, "proposal_dev_nll": 5.4264310332874786, "accepted": false, "current_dev_nll": 5.419604937412318, "best_dev_nll": 5.419604937412318, "temperature": 3.776292727201401e-05}
{"iteration": 447, "proposal": {"node": 6, "members": 66, "mode": "pair", "quantile": 0.65}, "proposal_dev_nll": 5.4198703828303305, "accepted": false, "current_dev_nll": 5.417315657847597, "best_dev_nll": 5.417315657847597, "temperature": 2.3282254278511423e-05}
{"iteration": 479, "proposal": {"node": 4, "members": 108, "mode": "pair", "quantile": 0.35}, "proposal_dev_nll": 5.4253043613184175, "accepted": false, "current_dev_nll": 5.417315657847597, "best_dev_nll": 5.417315657847597, "temperature": 1.4354378843162008e-05}
{"iteration": 511, "proposal": {"node": 5, "members": 98, "mode": "pair", "quantile": 0.2}, "proposal_dev_nll": 5.418228909823167, "accepted": false, "current_dev_nll": 5.417315657847597, "best_dev_nll": 5.417315657847597, "temperature": 8.850010377353844e-06}
{"iteration": 543, "proposal": {"node": 6, "members": 66, "mode": "pair", "quantile": 0.8}, "proposal_dev_nll": 5.418457850271385, "accepted": false, "current_dev_nll": 5.417315657847597, "best_dev_nll": 5.417315657847597, "temperature": 5.4563617510054285e-06}
{"iteration": 575, "proposal": {"node": 1, "members": 348, "mode": "pair", "quantile": 0.65}, "proposal_dev_nll": 5.424120222345368, "accepted": false, "current_dev_nll": 5.417315657847597, "best_dev_nll": 5.417315657847597, "temperature": 3.364050694676906e-06}
{"iteration": 607, "proposal": {"node": 3, "members": 240, "mode": "pair", "quantile": 0.65}, "proposal_dev_nll": 5.419101852518949, "accepted": false, "current_dev_nll": 5.417315657847597, "best_dev_nll": 5.417315657847597, "temperature": 2.0740628266208436e-06}
{"iteration": 639, "proposal": {"node": 1, "members": 348, "mode": "perturb", "quantile": 0.35}, "proposal_dev_nll": 5.423540230726021, "accepted": false, "current_dev_nll": 5.417315657847597, "best_dev_nll": 5.417315657847597, "temperature": 1.2787371532709901e-06}
{"iteration": 671, "proposal": {"node": 1, "members": 349, "mode": "pair", "quantile": 0.5}, "proposal_dev_nll": 5.425693667585618, "accepted": false, "current_dev_nll": 5.416753692767803, "best_dev_nll": 5.416753692767803, "temperature": 7.883891877179468e-07}
{"iteration": 703, "proposal": {"node": 5, "members": 97, "mode": "perturb", "quantile": 0.8}, "proposal_dev_nll": 5.427793632469319, "accepted": false, "current_dev_nll": 5.416377427771687, "best_dev_nll": 5.416377427771687, "temperature": 4.860713632356965e-07}
{"iteration": 735, "proposal": {"node": 6, "members": 66, "mode": "perturb", "quantile": 0.65}, "proposal_dev_nll": 5.417422152778299, "accepted": false, "current_dev_nll": 5.4163081630634755, "best_dev_nll": 5.4163081630634755, "temperature": 2.9968113951650804e-07}
{"iteration": 767, "proposal": {"node": 2, "members": 163, "mode": "pair", "quantile": 0.35}, "proposal_dev_nll": 5.44632728445564, "accepted": false, "current_dev_nll": 5.415296108226853, "best_dev_nll": 5.415296108226853, "temperature": 1.8476460901557856e-07}
{"iteration": 799, "proposal": {"node": 2, "members": 163, "mode": "pair", "quantile": 0.35}, "proposal_dev_nll": 5.450934294045276, "accepted": false, "current_dev_nll": 5.415296108226853, "best_dev_nll": 5.415296108226853, "temperature": 1.1391427835517529e-07}
{"iteration": 831, "proposal": {"node": 1, "members": 349, "mode": "pair", "quantile": 0.35}, "proposal_dev_nll": 5.425122481982035, "accepted": false, "current_dev_nll": 5.415296108226853, "best_dev_nll": 5.415296108226853, "temperature": 7.023240480045741e-08}
{"iteration": 863, "proposal": {"node": 5, "members": 97, "mode": "pair", "quantile": 0.65}, "proposal_dev_nll": 5.4222880344075115, "accepted": false, "current_dev_nll": 5.414886292377845, "best_dev_nll": 5.414886292377845, "temperature": 4.3300899196112224e-08}
{"iteration": 895, "proposal": {"node": 6, "members": 66, "mode": "pair", "quantile": 0.65}, "proposal_dev_nll": 5.4156089619679255, "accepted": false, "current_dev_nll": 5.4148258575133825, "best_dev_nll": 5.4148258575133825, "temperature": 2.6696620691246226e-08}
{"iteration": 927, "proposal": {"node": 6, "members": 66, "mode": "pair", "quantile": 0.35}, "proposal_dev_nll": 5.415770926311512, "accepted": false, "current_dev_nll": 5.4148258575133825, "best_dev_nll": 5.4148258575133825, "temperature": 1.6459463188151687e-08}
{"iteration": 959, "proposal": {"node": 5, "members": 97, "mode": "pair", "quantile": 0.2}, "proposal_dev_nll": 5.420767914355262, "accepted": false, "current_dev_nll": 5.4148258575133825, "best_dev_nll": 5.4148258575133825, "temperature": 1.0147873454671088e-08}
{"iteration": 991, "proposal": {"node": 6, "members": 66, "mode": "perturb", "quantile": 0.35}, "proposal_dev_nll": 5.415308821908471, "accepted": false, "current_dev_nll": 5.4148258575133825, "best_dev_nll": 5.4148258575133825, "temperature": 6.256542784830772e-09}
{"iteration": 1023, "proposal": {"node": 5, "members": 97, "mode": "pair", "quantile": 0.2}, "proposal_dev_nll": 5.422520304130463, "accepted": false, "current_dev_nll": 5.4148258575133825, "best_dev_nll": 5.4148258575133825, "temperature": 3.857392171204083e-09}
{
  "claim": "S1-F-SCALE-A14-C01",
  "boundary": "Corpus context-field embedding F search only; no next-token, decoder, READ, translation, or generation target.",
  "config": {
    "counts": "ara/s1-echo/evidence/s1_probability_residual_corpus_scale_a14/formal/counts/train_0200000/context_counts.pt",
    "out": "ara/s1-echo/evidence/s1_probability_residual_corpus_scale_a14/formal/runs/train_0200000_depth_3",
    "depth": 3,
    "iterations": 1024,
    "fit_ratio": 0.8,
    "alpha": 0.05,
    "temperature": 0.02,
    "seed": 20260924,
    "split_seed": 20260924,
    "search_seed": 20260929,
    "claim": "S1-F-SCALE-A14-C01",
    "save_checkpoint": false,
    "vocab_json": "ara/s1-echo/evidence/s1_real_corpus_annealed_token_space/formal_200k_seed19101/vocab.json",
    "device": "cuda",
    "resolved_split_seed": 20260924,
    "resolved_search_seed": 20260929
  },
  "shape": {
    "tokens": 512,
    "contexts": 1024,
    "leaves": 8
  },
  "counts": {
    "fit": 5869078.0,
    "search_dev": 1465879.0,
    "sealed_test": 3670609.0
  },
  "search": {
    "initial_dev_nll": 5.470741358992184,
    "best_dev_nll": 5.4148258575133825,
    "dev_gain": 0.05591550147880131,
    "accepted": 167,
    "iterations": 1024
  },
  "sealed_evaluation": {
    "initial_test_nll": 5.47031837475569,
    "best_test_nll": 5.413568762223368,
    "random_test_nll": 5.505612514743168,
    "best_minus_initial": -0.05674961253232258,
    "best_minus_random": -0.09204375251980057
  },
  "structure": {
    "leaf_utilization": 1.0,
    "occupancy_entropy": 0.8230965012692423,
    "fold_conservation_max_abs": 6.938893903907228e-18,
    "residual_closure_max_abs": 3.469446951953614e-18
  },
  "embedding_index": {
    "token_leaf": [
      1,
      1,
      3,
      0,
      3,
      3,
      1,
      6,
      1,
      0,
      1,
      1,
      5,
      7,
      3,
      0,
      0,
      7,
      0,
      3,
      1,
      7,
      1,
      3,
      0,
      0,
      1,
      0,
      1,
      7,
      0,
      0,
      1,
      1,
      1,
      3,
      7,
      6,
      1,
      4,
      0,
      0,
      1,
      1,
      7,
      5,
      1,
      0,
      7,
      6,
      1,
      0,
      1,
      0,
      4,
      6,
      1,
      6,
      0,
      6,
      7,
      0,
      1,
      0,
      0,
      0,
      5,
      6,
      0,
      0,
      0,
      6,
      0,
      6,
      6,
      0,
      1,
      6,
      7,
      0,
      0,
      3,
      1,
      1,
      2,
      0,
      5,
      0,
      5,
      4,
      2,
      1,
      1,
      6,
      0,
      3,
      4,
      7,
      2,
      7,
      1,
      0,
      5,
      0,
      1,
      3,
      0,
      2,
      2,
      6,
      3,
      7,
      6,
      5,
      0,
      1,
      1,
      7,
      1,
      5,
      0,
      1,
      0,
      5,
      1,
      1,
      0,
      5,
      0,
      0,
      1,
      2,
      2,
      0,
      5,
      1,
      1,
      0,
      2,
      0,
      2,
      7,
      1,
      3,
      0,
      1,
      3,
      5,
      2,
      1,
      6,
      0,
      1,
      2,
      0,
      6,
      1,
      0,
      0,
      1,
      3,
      1,
      2,
      0,
      0,
      1,
      0,
      3,
      7,
      6,
      5,
      5,
      1,
      7,
      6,
      3,
      3,
      1,
      0,
      0,
      0,
      5,
      7,
      1,
      5,
      0,
      3,
      6,
      1,
      0,
      5,
      4,
      1,
      1,
      7,
      2,
      5,
      0,
      2,
      0,
      0,
      5,
      7,
      0,
      4,
      0,
      3,
      0,
      2,
      4,
      2,
      1,
      1,
      6,
      1,
      5,
      0,
      3,
      5,
      5,
      7,
      0,
      1,
      1,
      1,
      1,
      1,
      1,
      1,
      5,
      0,
      5,
      5,
      3,
      5,
      7,
      1,
      5,
      0,
      1,
      0,
      1,
      1,
      3,
      1,
      1,
      5,
      2,
      7,
      2,
      5,
      0,
      5,
      1,
      0,
      3,
      3,
      3,
      2,
      5,
      7,
      1,
      1,
      3,
      1,
      0,
      2,
      4,
      5,
      1,
      5,
      2,
      1,
      0,
      2,
      3,
      1,
      7,
      5,
      5,
      1,
      1,
      2,
      3,
      1,
      6,
      5,
      3,
      1,
      0,
      1,
      0,
      5,
      1,
      6,
      0,
      0,
      5,
      3,
      5,
      2,
      7,
      3,
      5,
      5,
      0,
      1,
      5,
      2,
      1,
      0,
      6,
      1,
      1,
      0,
      6,
      7,
      7,
      1,
      1,
      3,
      4,
      7,
      1,
      1,
      3,
      1,
      1,
      1,
      3,
      1,
      5,
      2,
      0,
      1,
      2,
      0,
      2,
      3,
      5,
      0,
      1,
      7,
      1,
      1,
      5,
      1,
      2,
      0,
      6,
      5,
      1,
      1,
      2,
      5,
      1,
      2,
      1,
      2,
      1,
      1,
      7,
      7,
      5,
      1,
      5,
      4,
      7,
      5,
      5,
      1,
      1,
      7,
      5,
      7,
      3,
      0,
      5,
      3,
      5,
      5,
      5,
      3,
      3,
      1,
      2,
      5,
      2,
      1,
      1,
      2,
      4,
      1,
      2,
      5,
      3,
      3,
      1,
      1,
      0,
      5,
      1,
      0,
      0,
      1,
      0,
      3,
      5,
      7,
      1,
      5,
      3,
      7,
      5,
      3,
      7,
      2,
      2,
      0,
      3,
      3,
      1,
      1,
      5,
      5,
      3,
      5,
      2,
      2,
      1,
      7,
      1,
      1,
      1,
      3,
      5,
      5,
      3,
      5,
      1,
      3,
      5,
      3,
      3,
      1,
      5,
      2,
      0,
      5,
      2,
      5,
      1,
      4,
      0,
      3,
      1,
      5,
      1,
      5,
      1,
      1,
      1,
      1,
      1,
      3,
      1,
      5,
      1,
      5,
      3,
      2,
      1,
      1,
      1,
      3,
      5,
      1,
      5,
      7,
      1,
      7,
      3,
      5,
      1,
      0,
      4,
      0,
      0,
      1,
      3,
      1,
      3,
      2,
      1,
      1,
      1,
      7,
      1,
      0,
      1,
      0,
      2,
      5,
      1,
      4,
      5,
      2,
      0,
      5,
      3,
      2,
      4
    ],
    "assignment_sha256": "015eef67e08c1bc39a42381e28c9d8f7d046bae3569b93c7e475c315cbd44d00"
  },
  "gates": {
    "finite": true,
    "accepted_at_least_one": true,
    "fold_conservation_le_1e_10": true,
    "residual_closure_le_1e_10": true,
    "dev_gain_ge_0_005": true,
    "sealed_test_not_worse_gt_0_01": true,
    "sealed_test_better_than_random": true,
    "leaf_utilization_ge_0_50": true
  },
  "claim_supported": true
}
=== status=done exit=0 elapsed=3.5s 2026-09-24T01:06:52Z ===
