=== taskd run 593 2026-09-24T01:06:52Z ===
=== cwd=/home/nio/log/holds/SameTime ===
=== cmd=["python3", "ara/s1-echo/src/s1_probability_residual_tree_mc_a11.py", "--counts", "ara/s1-echo/evidence/s1_probability_residual_corpus_scale_a14/formal/counts/train_0200000/context_counts.pt", "--out", "ara/s1-echo/evidence/s1_probability_residual_corpus_scale_a14/formal/runs/train_0200000_depth_5", "--depth", "5", "--iterations", "1024", "--split-seed", "20260924", "--search-seed", "20260929", "--claim", "S1-F-SCALE-A14-C01", "--vocab-json", "ara/s1-echo/evidence/s1_real_corpus_annealed_token_space/formal_200k_seed19101/vocab.json"] ===
{"iteration": 0, "proposal": {"node": 14, "members": 147, "mode": "pair", "quantile": 0.8}, "proposal_dev_nll": 5.36533702771626, "accepted": true, "current_dev_nll": 5.36533702771626, "best_dev_nll": 5.36533702771626, "temperature": 0.02}
{"iteration": 31, "proposal": {"node": 26, "members": 54, "mode": "pair", "quantile": 0.8}, "proposal_dev_nll": 5.3990703665070265, "accepted": true, "current_dev_nll": 5.3990703665070265, "best_dev_nll": 5.364902688654534, "temperature": 0.012518524426807578}
{"iteration": 63, "proposal": {"node": 25, "members": 102, "mode": "perturb", "quantile": 0.8}, "proposal_dev_nll": 5.390676095330814, "accepted": true, "current_dev_nll": 5.390676095330814, "best_dev_nll": 5.364902688654534, "temperature": 0.007718137600860466}
{"iteration": 95, "proposal": {"node": 6, "members": 82, "mode": "pair", "quantile": 0.8}, "proposal_dev_nll": 5.389268195301276, "accepted": true, "current_dev_nll": 5.389268195301276, "best_dev_nll": 5.364902688654534, "temperature": 0.0047585199337273135}
{"iteration": 127, "proposal": {"node": 11, "members": 46, "mode": "perturb", "quantile": 0.65}, "proposal_dev_nll": 5.378243202168343, "accepted": false, "current_dev_nll": 5.377065592916685, "best_dev_nll": 5.364902688654534, "temperature": 0.002933805165271446}
{"iteration": 159, "proposal": {"node": 10, "members": 62, "mode": "pair", "quantile": 0.35}, "proposal_dev_nll": 5.37121083235614, "accepted": true, "current_dev_nll": 5.37121083235614, "best_dev_nll": 5.364902688654534, "temperature": 0.001808800397528533}
{"iteration": 191, "proposal": {"node": 17, "members": 32, "mode": "pair", "quantile": 0.5}, "proposal_dev_nll": 5.370946122063856, "accepted": true, "current_dev_nll": 5.370946122063856, "best_dev_nll": 5.364902688654534, "temperature": 0.0011151929640142498}
{"iteration": 223, "proposal": {"node": 6, "members": 82, "mode": "pair", "quantile": 0.2}, "proposal_dev_nll": 5.368172499324656, "accepted": false, "current_dev_nll": 5.367329215817571, "best_dev_nll": 5.364902688654534, "temperature": 0.0006875580902603542}
{"iteration": 255, "proposal": {"node": 12, "members": 148, "mode": "pair", "quantile": 0.5}, "proposal_dev_nll": 5.367863813538163, "accepted": false, "current_dev_nll": 5.364721649988065, "best_dev_nll": 5.363862445012983, "temperature": 0.00042390522782784066}
{"iteration": 287, "proposal": {"node": 27, "members": 12, "mode": "pair", "quantile": 0.65}, "proposal_dev_nll": 5.356319603140589, "accepted": true, "current_dev_nll": 5.356319603140589, "best_dev_nll": 5.356319603140589, "temperature": 0.00026135339649880203}
{"iteration": 319, "proposal": {"node": 15, "members": 24, "mode": "pair", "quantile": 0.35}, "proposal_dev_nll": 5.351971703305216, "accepted": true, "current_dev_nll": 5.351971703305216, "best_dev_nll": 5.351971703305216, "temperature": 0.00016113412474639443}
{"iteration": 351, "proposal": {"node": 29, "members": 13, "mode": "perturb", "quantile": 0.5}, "proposal_dev_nll": 5.344451081326188, "accepted": true, "current_dev_nll": 5.344451081326188, "best_dev_nll": 5.344451081326188, "temperature": 9.934520272402742e-05}
{"iteration": 383, "proposal": {"node": 3, "members": 77, "mode": "pair", "quantile": 0.2}, "proposal_dev_nll": 5.352095548988612, "accepted": false, "current_dev_nll": 5.343539428468963, "best_dev_nll": 5.343539428468963, "temperature": 6.125002583910422e-05}
{"iteration": 415, "proposal": {"node": 12, "members": 103, "mode": "pair", "quantile": 0.2}, "proposal_dev_nll": 5.354417407886751, "accepted": false, "current_dev_nll": 5.342966514409574, "best_dev_nll": 5.342966514409574, "temperature": 3.776292727201401e-05}
{"iteration": 447, "proposal": {"node": 24, "members": 76, "mode": "pair", "quantile": 0.2}, "proposal_dev_nll": 5.343835286545191, "accepted": false, "current_dev_nll": 5.342403472830843, "best_dev_nll": 5.342403472830843, "temperature": 2.3282254278511423e-05}
{"iteration": 479, "proposal": {"node": 2, "members": 310, "mode": "perturb", "quantile": 0.65}, "proposal_dev_nll": 5.344408255721689, "accepted": false, "current_dev_nll": 5.341594221993455, "best_dev_nll": 5.341594221993455, "temperature": 1.4354378843162008e-05}
{"iteration": 511, "proposal": {"node": 19, "members": 42, "mode": "perturb", "quantile": 0.2}, "proposal_dev_nll": 5.340518319064878, "accepted": false, "current_dev_nll": 5.340472442653206, "best_dev_nll": 5.340472442653206, "temperature": 8.850010377353844e-06}
{"iteration": 543, "proposal": {"node": 10, "members": 52, "mode": "pair", "quantile": 0.8}, "proposal_dev_nll": 5.34236131699275, "accepted": false, "current_dev_nll": 5.339955383127954, "best_dev_nll": 5.339955383127954, "temperature": 5.4563617510054285e-06}
{"iteration": 575, "proposal": {"node": 18, "members": 16, "mode": "pair", "quantile": 0.2}, "proposal_dev_nll": 5.340702185096462, "accepted": false, "current_dev_nll": 5.339425453117918, "best_dev_nll": 5.339425453117918, "temperature": 3.364050694676906e-06}
{"iteration": 607, "proposal": {"node": 1, "members": 202, "mode": "pair", "quantile": 0.65}, "proposal_dev_nll": 5.352391309047468, "accepted": false, "current_dev_nll": 5.33917945342239, "best_dev_nll": 5.33917945342239, "temperature": 2.0740628266208436e-06}
{"iteration": 639, "proposal": {"node": 28, "members": 32, "mode": "perturb", "quantile": 0.2}, "proposal_dev_nll": 5.339102858783178, "accepted": false, "current_dev_nll": 5.33862803578656, "best_dev_nll": 5.33862803578656, "temperature": 1.2787371532709901e-06}
{"iteration": 671, "proposal": {"node": 18, "members": 16, "mode": "perturb", "quantile": 0.35}, "proposal_dev_nll": 5.338131182903761, "accepted": false, "current_dev_nll": 5.337948211102254, "best_dev_nll": 5.337948211102254, "temperature": 7.883891877179468e-07}
{"iteration": 703, "proposal": {"node": 14, "members": 16, "mode": "pair", "quantile": 0.8}, "proposal_dev_nll": 5.336794600668749, "accepted": false, "current_dev_nll": 5.334785706626087, "best_dev_nll": 5.334785706626087, "temperature": 4.860713632356965e-07}
{"iteration": 735, "proposal": {"node": 21, "members": 16, "mode": "pair", "quantile": 0.5}, "proposal_dev_nll": 5.335384232832743, "accepted": false, "current_dev_nll": 5.334208289539433, "best_dev_nll": 5.334208289539433, "temperature": 2.9968113951650804e-07}
{"iteration": 767, "proposal": {"node": 22, "members": 35, "mode": "pair", "quantile": 0.65}, "proposal_dev_nll": 5.3359598126964345, "accepted": false, "current_dev_nll": 5.3339312913558485, "best_dev_nll": 5.3339312913558485, "temperature": 1.8476460901557856e-07}
{"iteration": 799, "proposal": {"node": 20, "members": 31, "mode": "perturb", "quantile": 0.5}, "proposal_dev_nll": 5.3316198740032075, "accepted": false, "current_dev_nll": 5.331088127861494, "best_dev_nll": 5.331088127861494, "temperature": 1.1391427835517529e-07}
{"iteration": 831, "proposal": {"node": 10, "members": 51, "mode": "perturb", "quantile": 0.65}, "proposal_dev_nll": 5.331046195261106, "accepted": false, "current_dev_nll": 5.330839296065714, "best_dev_nll": 5.330839296065714, "temperature": 7.023240480045741e-08}
{"iteration": 863, "proposal": {"node": 17, "members": 14, "mode": "perturb", "quantile": 0.35}, "proposal_dev_nll": 5.331586576239827, "accepted": false, "current_dev_nll": 5.330540110567905, "best_dev_nll": 5.330540110567905, "temperature": 4.3300899196112224e-08}
{"iteration": 895, "proposal": {"node": 28, "members": 49, "mode": "pair", "quantile": 0.5}, "proposal_dev_nll": 5.330985301668878, "accepted": false, "current_dev_nll": 5.329810642237799, "best_dev_nll": 5.329810642237799, "temperature": 2.6696620691246226e-08}
{"iteration": 927, "proposal": {"node": 29, "members": 9, "mode": "pair", "quantile": 0.5}, "proposal_dev_nll": 5.329810642237799, "accepted": false, "current_dev_nll": 5.329716343267651, "best_dev_nll": 5.329716343267651, "temperature": 1.6459463188151687e-08}
{"iteration": 959, "proposal": {"node": 25, "members": 79, "mode": "pair", "quantile": 0.8}, "proposal_dev_nll": 5.329085497811834, "accepted": false, "current_dev_nll": 5.32804893733709, "best_dev_nll": 5.32804893733709, "temperature": 1.0147873454671088e-08}
{"iteration": 991, "proposal": {"node": 26, "members": 40, "mode": "perturb", "quantile": 0.8}, "proposal_dev_nll": 5.331803917842061, "accepted": false, "current_dev_nll": 5.32791705285234, "best_dev_nll": 5.32791705285234, "temperature": 6.256542784830772e-09}
{"iteration": 1023, "proposal": {"node": 9, "members": 72, "mode": "pair", "quantile": 0.8}, "proposal_dev_nll": 5.33253976862674, "accepted": false, "current_dev_nll": 5.32791705285234, "best_dev_nll": 5.32791705285234, "temperature": 3.857392171204083e-09}
{
  "claim": "S1-F-SCALE-A14-C01",
  "boundary": "Corpus context-field embedding F search only; no next-token, decoder, READ, translation, or generation target.",
  "config": {
    "counts": "ara/s1-echo/evidence/s1_probability_residual_corpus_scale_a14/formal/counts/train_0200000/context_counts.pt",
    "out": "ara/s1-echo/evidence/s1_probability_residual_corpus_scale_a14/formal/runs/train_0200000_depth_5",
    "depth": 5,
    "iterations": 1024,
    "fit_ratio": 0.8,
    "alpha": 0.05,
    "temperature": 0.02,
    "seed": 20260924,
    "split_seed": 20260924,
    "search_seed": 20260929,
    "claim": "S1-F-SCALE-A14-C01",
    "save_checkpoint": false,
    "vocab_json": "ara/s1-echo/evidence/s1_real_corpus_annealed_token_space/formal_200k_seed19101/vocab.json",
    "device": "cuda",
    "resolved_split_seed": 20260924,
    "resolved_search_seed": 20260929
  },
  "shape": {
    "tokens": 512,
    "contexts": 1024,
    "leaves": 32
  },
  "counts": {
    "fit": 5869078.0,
    "search_dev": 1465879.0,
    "sealed_test": 3670609.0
  },
  "search": {
    "initial_dev_nll": 5.370846477844552,
    "best_dev_nll": 5.32791705285234,
    "dev_gain": 0.042929424992212084,
    "accepted": 305,
    "iterations": 1024
  },
  "sealed_evaluation": {
    "initial_test_nll": 5.371289405440839,
    "best_test_nll": 5.328783924576419,
    "random_test_nll": 5.437496570030747,
    "best_minus_initial": -0.04250548086442052,
    "best_minus_random": -0.1087126454543288
  },
  "structure": {
    "leaf_utilization": 1.0,
    "occupancy_entropy": 0.9167271453005261,
    "fold_conservation_max_abs": 1.3877787807814457e-17,
    "residual_closure_max_abs": 6.938893903907228e-18
  },
  "embedding_index": {
    "token_leaf": [
      1,
      18,
      20,
      8,
      27,
      31,
      11,
      4,
      27,
      5,
      10,
      11,
      21,
      6,
      20,
      0,
      31,
      9,
      9,
      30,
      29,
      0,
      28,
      27,
      28,
      9,
      14,
      8,
      28,
      3,
      4,
      24,
      6,
      31,
      13,
      20,
      2,
      4,
      3,
      17,
      24,
      9,
      26,
      1,
      26,
      21,
      26,
      24,
      6,
      25,
      1,
      26,
      1,
      9,
      17,
      26,
      11,
      25,
      14,
      13,
      7,
      9,
      3,
      8,
      24,
      24,
      23,
      4,
      9,
      24,
      26,
      25,
      24,
      26,
      9,
      9,
      26,
      24,
      26,
      13,
      26,
      24,
      11,
      14,
      20,
      11,
      13,
      30,
      23,
      22,
      14,
      18,
      7,
      6,
      31,
      21,
      22,
      26,
      19,
      2,
      13,
      25,
      23,
      14,
      10,
      26,
      13,
      14,
      15,
      4,
      11,
      19,
      25,
      18,
      2,
      26,
      18,
      7,
      1,
      23,
      24,
      7,
      25,
      23,
      18,
      11,
      0,
      23,
      9,
      9,
      29,
      19,
      19,
      9,
      23,
      28,
      11,
      5,
      16,
      0,
      19,
      11,
      2,
      21,
      4,
      11,
      20,
      21,
      19,
      18,
      25,
      4,
      7,
      19,
      0,
      25,
      5,
      26,
      26,
      9,
      16,
      11,
      19,
      9,
      9,
      11,
      26,
      9,
      18,
      24,
      21,
      22,
      19,
      9,
      25,
      14,
      24,
      28,
      9,
      11,
      25,
      21,
      3,
      1,
      12,
      9,
      19,
      25,
      0,
      5,
      21,
      17,
      26,
      11,
      8,
      20,
      23,
      9,
      20,
      2,
      24,
      23,
      16,
      9,
      22,
      13,
      21,
      0,
      19,
      16,
      20,
      26,
      18,
      24,
      26,
      22,
      26,
      20,
      23,
      23,
      12,
      24,
      27,
      18,
      14,
      18,
      11,
      18,
      1,
      21,
      2,
      21,
      21,
      21,
      21,
      6,
      18,
      21,
      26,
      18,
      24,
      18,
      18,
      21,
      18,
      11,
      23,
      20,
      7,
      19,
      21,
      11,
      23,
      20,
      26,
      25,
      26,
      26,
      11,
      18,
      2,
      20,
      14,
      26,
      6,
      9,
      19,
      22,
      23,
      20,
      21,
      14,
      18,
      9,
      20,
      20,
      1,
      13,
      21,
      21,
      5,
      18,
      16,
      26,
      3,
      25,
      21,
      26,
      14,
      11,
      11,
      24,
      22,
      18,
      4,
      14,
      14,
      23,
      26,
      21,
      15,
      18,
      21,
      21,
      21,
      26,
      0,
      18,
      23,
      2,
      9,
      13,
      18,
      18,
      25,
      9,
      16,
      18,
      20,
      15,
      1,
      22,
      7,
      28,
      26,
      23,
      18,
      18,
      20,
      21,
      11,
      21,
      15,
      14,
      9,
      14,
      26,
      14,
      18,
      22,
      9,
      1,
      7,
      18,
      18,
      23,
      7,
      20,
      2,
      24,
      16,
      18,
      10,
      20,
      21,
      11,
      19,
      5,
      16,
      18,
      1,
      18,
      18,
      22,
      3,
      23,
      22,
      6,
      21,
      21,
      2,
      9,
      18,
      21,
      2,
      26,
      9,
      13,
      14,
      21,
      21,
      21,
      21,
      9,
      18,
      16,
      21,
      16,
      31,
      18,
      16,
      19,
      18,
      15,
      23,
      26,
      26,
      18,
      20,
      26,
      21,
      11,
      26,
      24,
      18,
      27,
      20,
      21,
      19,
      26,
      22,
      20,
      11,
      12,
      26,
      2,
      19,
      15,
      14,
      26,
      21,
      9,
      18,
      18,
      21,
      14,
      21,
      15,
      19,
      0,
      18,
      19,
      2,
      19,
      24,
      23,
      21,
      14,
      21,
      18,
      26,
      21,
      18,
      23,
      9,
      21,
      21,
      24,
      22,
      15,
      21,
      11,
      12,
      24,
      0,
      2,
      23,
      10,
      21,
      28,
      18,
      18,
      14,
      18,
      18,
      14,
      20,
      27,
      23,
      20,
      15,
      16,
      15,
      9,
      24,
      23,
      14,
      21,
      14,
      1,
      26,
      23,
      23,
      9,
      24,
      12,
      25,
      8,
      18,
      19,
      10,
      18,
      15,
      11,
      26,
      18,
      2,
      19,
      9,
      1,
      9,
      20,
      21,
      18,
      16,
      21,
      21,
      24,
      21,
      26,
      20,
      12
    ],
    "assignment_sha256": "52158b6c383a4142f7347af56462e334245c44347a7738aad85d199659604a74"
  },
  "gates": {
    "finite": true,
    "accepted_at_least_one": true,
    "fold_conservation_le_1e_10": true,
    "residual_closure_le_1e_10": true,
    "dev_gain_ge_0_005": true,
    "sealed_test_not_worse_gt_0_01": true,
    "sealed_test_better_than_random": true,
    "leaf_utilization_ge_0_50": true
  },
  "claim_supported": true
}
=== status=done exit=0 elapsed=5.0s 2026-09-24T01:06:57Z ===
