=== taskd run 594 2026-09-24T01:06:57Z ===
=== cwd=/home/nio/log/holds/SameTime ===
=== cmd=["python3", "ara/s1-echo/src/s1_probability_residual_tree_mc_a11.py", "--counts", "ara/s1-echo/evidence/s1_probability_residual_corpus_scale_a14/formal/counts/train_0500000/context_counts.pt", "--out", "ara/s1-echo/evidence/s1_probability_residual_corpus_scale_a14/formal/runs/train_0500000_depth_3", "--depth", "3", "--iterations", "1024", "--split-seed", "20260924", "--search-seed", "20260929", "--claim", "S1-F-SCALE-A14-C01", "--vocab-json", "ara/s1-echo/evidence/s1_real_corpus_annealed_token_space/formal_200k_seed19101/vocab.json"] ===
{"iteration": 0, "proposal": {"node": 3, "members": 121, "mode": "pair", "quantile": 0.5}, "proposal_dev_nll": 5.459423410511315, "accepted": true, "current_dev_nll": 5.459423410511315, "best_dev_nll": 5.459423410511315, "temperature": 0.02}
{"iteration": 31, "proposal": {"node": 4, "members": 189, "mode": "pair", "quantile": 0.2}, "proposal_dev_nll": 5.437281962412698, "accepted": true, "current_dev_nll": 5.437281962412698, "best_dev_nll": 5.4355010532167345, "temperature": 0.012518524426807578}
{"iteration": 63, "proposal": {"node": 5, "members": 109, "mode": "pair", "quantile": 0.65}, "proposal_dev_nll": 5.445515386723683, "accepted": true, "current_dev_nll": 5.445515386723683, "best_dev_nll": 5.4355010532167345, "temperature": 0.007718137600860466}
{"iteration": 95, "proposal": {"node": 0, "members": 512, "mode": "perturb", "quantile": 0.35}, "proposal_dev_nll": 5.4486712412661, "accepted": true, "current_dev_nll": 5.4486712412661, "best_dev_nll": 5.433359206308469, "temperature": 0.0047585199337273135}
{"iteration": 127, "proposal": {"node": 6, "members": 106, "mode": "perturb", "quantile": 0.8}, "proposal_dev_nll": 5.437711434155102, "accepted": false, "current_dev_nll": 5.432109013164183, "best_dev_nll": 5.430143347674293, "temperature": 0.002933805165271446}
{"iteration": 159, "proposal": {"node": 4, "members": 91, "mode": "perturb", "quantile": 0.2}, "proposal_dev_nll": 5.432775768237823, "accepted": false, "current_dev_nll": 5.431611050056047, "best_dev_nll": 5.428918557748272, "temperature": 0.001808800397528533}
{"iteration": 191, "proposal": {"node": 0, "members": 512, "mode": "pair", "quantile": 0.8}, "proposal_dev_nll": 5.437801572362886, "accepted": false, "current_dev_nll": 5.427429531708605, "best_dev_nll": 5.427429531708605, "temperature": 0.0011151929640142498}
{"iteration": 223, "proposal": {"node": 6, "members": 86, "mode": "perturb", "quantile": 0.5}, "proposal_dev_nll": 5.431979671929256, "accepted": false, "current_dev_nll": 5.426510061677492, "best_dev_nll": 5.426510061677492, "temperature": 0.0006875580902603542}
{"iteration": 255, "proposal": {"node": 1, "members": 344, "mode": "pair", "quantile": 0.65}, "proposal_dev_nll": 5.420887188178804, "accepted": false, "current_dev_nll": 5.420040401259967, "best_dev_nll": 5.418819406407644, "temperature": 0.00042390522782784066}
{"iteration": 287, "proposal": {"node": 6, "members": 91, "mode": "pair", "quantile": 0.65}, "proposal_dev_nll": 5.424771746462554, "accepted": false, "current_dev_nll": 5.4195352179176135, "best_dev_nll": 5.418819406407644, "temperature": 0.00026135339649880203}
{"iteration": 319, "proposal": {"node": 6, "members": 91, "mode": "pair", "quantile": 0.2}, "proposal_dev_nll": 5.42719368888331, "accepted": false, "current_dev_nll": 5.415900279363835, "best_dev_nll": 5.415900279363835, "temperature": 0.00016113412474639443}
{"iteration": 351, "proposal": {"node": 6, "members": 91, "mode": "pair", "quantile": 0.8}, "proposal_dev_nll": 5.426704881556873, "accepted": false, "current_dev_nll": 5.4156214290068805, "best_dev_nll": 5.4156214290068805, "temperature": 9.934520272402742e-05}
{"iteration": 383, "proposal": {"node": 3, "members": 224, "mode": "pair", "quantile": 0.2}, "proposal_dev_nll": 5.417486818713103, "accepted": false, "current_dev_nll": 5.414504861884113, "best_dev_nll": 5.414504861884113, "temperature": 6.125002583910422e-05}
{"iteration": 415, "proposal": {"node": 5, "members": 76, "mode": "pair", "quantile": 0.8}, "proposal_dev_nll": 5.4187342619580585, "accepted": false, "current_dev_nll": 5.414365651258501, "best_dev_nll": 5.414365651258501, "temperature": 3.776292727201401e-05}
{"iteration": 447, "proposal": {"node": 3, "members": 224, "mode": "pair", "quantile": 0.35}, "proposal_dev_nll": 5.413878674846862, "accepted": true, "current_dev_nll": 5.413878674846862, "best_dev_nll": 5.413878674846862, "temperature": 2.3282254278511423e-05}
{"iteration": 479, "proposal": {"node": 2, "members": 167, "mode": "pair", "quantile": 0.65}, "proposal_dev_nll": 5.442923619228755, "accepted": false, "current_dev_nll": 5.413878674846862, "best_dev_nll": 5.413878674846862, "temperature": 1.4354378843162008e-05}
{"iteration": 511, "proposal": {"node": 4, "members": 123, "mode": "perturb", "quantile": 0.8}, "proposal_dev_nll": 5.415569353048927, "accepted": false, "current_dev_nll": 5.41154708402907, "best_dev_nll": 5.41154708402907, "temperature": 8.850010377353844e-06}
{"iteration": 543, "proposal": {"node": 3, "members": 222, "mode": "perturb", "quantile": 0.2}, "proposal_dev_nll": 5.414514796244741, "accepted": false, "current_dev_nll": 5.411471888792171, "best_dev_nll": 5.411471888792171, "temperature": 5.4563617510054285e-06}
{"iteration": 575, "proposal": {"node": 4, "members": 123, "mode": "perturb", "quantile": 0.5}, "proposal_dev_nll": 5.41148513852821, "accepted": false, "current_dev_nll": 5.411471888792171, "best_dev_nll": 5.411471888792171, "temperature": 3.364050694676906e-06}
{"iteration": 607, "proposal": {"node": 2, "members": 167, "mode": "perturb", "quantile": 0.65}, "proposal_dev_nll": 5.411954623847252, "accepted": false, "current_dev_nll": 5.411471888792171, "best_dev_nll": 5.411471888792171, "temperature": 2.0740628266208436e-06}
{"iteration": 639, "proposal": {"node": 6, "members": 91, "mode": "perturb", "quantile": 0.2}, "proposal_dev_nll": 5.4114174887820905, "accepted": true, "current_dev_nll": 5.4114174887820905, "best_dev_nll": 5.4114174887820905, "temperature": 1.2787371532709901e-06}
{"iteration": 671, "proposal": {"node": 6, "members": 91, "mode": "pair", "quantile": 0.5}, "proposal_dev_nll": 5.4152317976245445, "accepted": false, "current_dev_nll": 5.4114174887820905, "best_dev_nll": 5.4114174887820905, "temperature": 7.883891877179468e-07}
{"iteration": 703, "proposal": {"node": 3, "members": 223, "mode": "perturb", "quantile": 0.2}, "proposal_dev_nll": 5.4145275690706365, "accepted": false, "current_dev_nll": 5.4114174887820905, "best_dev_nll": 5.4114174887820905, "temperature": 4.860713632356965e-07}
{"iteration": 735, "proposal": {"node": 4, "members": 122, "mode": "perturb", "quantile": 0.8}, "proposal_dev_nll": 5.415260552955167, "accepted": false, "current_dev_nll": 5.4114174887820905, "best_dev_nll": 5.4114174887820905, "temperature": 2.9968113951650804e-07}
{"iteration": 767, "proposal": {"node": 1, "members": 345, "mode": "perturb", "quantile": 0.65}, "proposal_dev_nll": 5.411426988599846, "accepted": false, "current_dev_nll": 5.4114174887820905, "best_dev_nll": 5.4114174887820905, "temperature": 1.8476460901557856e-07}
{"iteration": 799, "proposal": {"node": 3, "members": 222, "mode": "pair", "quantile": 0.65}, "proposal_dev_nll": 5.411763104328527, "accepted": false, "current_dev_nll": 5.41128013554129, "best_dev_nll": 5.41128013554129, "temperature": 1.1391427835517529e-07}
{"iteration": 831, "proposal": {"node": 4, "members": 122, "mode": "pair", "quantile": 0.2}, "proposal_dev_nll": 5.414677276739266, "accepted": false, "current_dev_nll": 5.41128013554129, "best_dev_nll": 5.41128013554129, "temperature": 7.023240480045741e-08}
{"iteration": 863, "proposal": {"node": 6, "members": 92, "mode": "pair", "quantile": 0.5}, "proposal_dev_nll": 5.416095392033902, "accepted": false, "current_dev_nll": 5.41128013554129, "best_dev_nll": 5.41128013554129, "temperature": 4.3300899196112224e-08}
{"iteration": 895, "proposal": {"node": 0, "members": 512, "mode": "perturb", "quantile": 0.2}, "proposal_dev_nll": 5.443716763462884, "accepted": false, "current_dev_nll": 5.41128013554129, "best_dev_nll": 5.41128013554129, "temperature": 2.6696620691246226e-08}
{"iteration": 927, "proposal": {"node": 0, "members": 512, "mode": "perturb", "quantile": 0.35}, "proposal_dev_nll": 5.432433148927289, "accepted": false, "current_dev_nll": 5.41128013554129, "best_dev_nll": 5.41128013554129, "temperature": 1.6459463188151687e-08}
{"iteration": 959, "proposal": {"node": 0, "members": 512, "mode": "pair", "quantile": 0.2}, "proposal_dev_nll": 5.433705864197004, "accepted": false, "current_dev_nll": 5.410960930283028, "best_dev_nll": 5.410960930283028, "temperature": 1.0147873454671088e-08}
{"iteration": 991, "proposal": {"node": 4, "members": 122, "mode": "pair", "quantile": 0.35}, "proposal_dev_nll": 5.415290760979823, "accepted": false, "current_dev_nll": 5.410899977053955, "best_dev_nll": 5.410899977053955, "temperature": 6.256542784830772e-09}
{"iteration": 1023, "proposal": {"node": 1, "members": 344, "mode": "perturb", "quantile": 0.2}, "proposal_dev_nll": 5.416497744800993, "accepted": false, "current_dev_nll": 5.410661800573298, "best_dev_nll": 5.410661800573298, "temperature": 3.857392171204083e-09}
{
  "claim": "S1-F-SCALE-A14-C01",
  "boundary": "Corpus context-field embedding F search only; no next-token, decoder, READ, translation, or generation target.",
  "config": {
    "counts": "ara/s1-echo/evidence/s1_probability_residual_corpus_scale_a14/formal/counts/train_0500000/context_counts.pt",
    "out": "ara/s1-echo/evidence/s1_probability_residual_corpus_scale_a14/formal/runs/train_0500000_depth_3",
    "depth": 3,
    "iterations": 1024,
    "fit_ratio": 0.8,
    "alpha": 0.05,
    "temperature": 0.02,
    "seed": 20260924,
    "split_seed": 20260924,
    "search_seed": 20260929,
    "claim": "S1-F-SCALE-A14-C01",
    "save_checkpoint": false,
    "vocab_json": "ara/s1-echo/evidence/s1_real_corpus_annealed_token_space/formal_200k_seed19101/vocab.json",
    "device": "cuda",
    "resolved_split_seed": 20260924,
    "resolved_search_seed": 20260929
  },
  "shape": {
    "tokens": 512,
    "contexts": 1024,
    "leaves": 8
  },
  "counts": {
    "fit": 14692813.0,
    "search_dev": 3671882.0,
    "sealed_test": 3670609.0
  },
  "search": {
    "initial_dev_nll": 5.459968938639999,
    "best_dev_nll": 5.410661800573298,
    "dev_gain": 0.04930713806670184,
    "accepted": 183,
    "iterations": 1024
  },
  "sealed_evaluation": {
    "initial_test_nll": 5.461300472758419,
    "best_test_nll": 5.411712371698864,
    "random_test_nll": 5.5050480153249115,
    "best_minus_initial": -0.04958810105955447,
    "best_minus_random": -0.0933356436260473
  },
  "structure": {
    "leaf_utilization": 1.0,
    "occupancy_entropy": 0.8748273968046127,
    "fold_conservation_max_abs": 6.938893903907228e-18,
    "residual_closure_max_abs": 6.938893903907228e-18
  },
  "embedding_index": {
    "token_leaf": [
      1,
      1,
      0,
      3,
      0,
      0,
      1,
      5,
      0,
      3,
      1,
      0,
      0,
      3,
      0,
      3,
      1,
      4,
      2,
      2,
      3,
      4,
      1,
      0,
      3,
      3,
      1,
      3,
      1,
      4,
      5,
      2,
      1,
      0,
      2,
      0,
      4,
      5,
      1,
      6,
      2,
      2,
      3,
      3,
      0,
      7,
      0,
      2,
      4,
      2,
      3,
      3,
      2,
      2,
      6,
      0,
      1,
      5,
      2,
      4,
      4,
      5,
      1,
      2,
      2,
      2,
      7,
      5,
      2,
      2,
      2,
      5,
      2,
      2,
      5,
      2,
      2,
      2,
      2,
      2,
      2,
      2,
      1,
      2,
      0,
      3,
      7,
      2,
      7,
      6,
      1,
      1,
      4,
      5,
      3,
      1,
      6,
      4,
      7,
      3,
      0,
      2,
      7,
      2,
      1,
      0,
      2,
      1,
      7,
      5,
      0,
      7,
      5,
      0,
      3,
      0,
      1,
      4,
      3,
      7,
      2,
      4,
      2,
      7,
      1,
      1,
      3,
      7,
      2,
      2,
      1,
      0,
      1,
      5,
      7,
      0,
      1,
      3,
      7,
      2,
      1,
      4,
      4,
      7,
      5,
      3,
      0,
      0,
      7,
      1,
      5,
      5,
      4,
      7,
      3,
      2,
      1,
      2,
      2,
      2,
      7,
      1,
      1,
      2,
      2,
      3,
      0,
      0,
      1,
      2,
      1,
      7,
      4,
      4,
      5,
      0,
      2,
      1,
      3,
      3,
      2,
      0,
      4,
      2,
      7,
      5,
      0,
      5,
      5,
      3,
      0,
      6,
      2,
      1,
      4,
      0,
      7,
      2,
      1,
      2,
      2,
      6,
      1,
      2,
      6,
      5,
      0,
      5,
      7,
      7,
      0,
      0,
      1,
      5,
      3,
      7,
      0,
      0,
      7,
      7,
      4,
      2,
      3,
      1,
      4,
      1,
      1,
      1,
      0,
      7,
      3,
      0,
      7,
      7,
      0,
      4,
      1,
      1,
      2,
      1,
      2,
      1,
      1,
      0,
      1,
      1,
      7,
      0,
      4,
      1,
      7,
      0,
      7,
      0,
      2,
      5,
      0,
      0,
      1,
      1,
      4,
      1,
      3,
      0,
      1,
      2,
      1,
      6,
      7,
      1,
      0,
      4,
      1,
      2,
      1,
      1,
      0,
      7,
      7,
      4,
      1,
      1,
      7,
      2,
      4,
      5,
      7,
      2,
      3,
      2,
      2,
      3,
      7,
      1,
      5,
      2,
      0,
      7,
      2,
      0,
      7,
      4,
      0,
      0,
      0,
      2,
      4,
      0,
      7,
      1,
      2,
      5,
      1,
      1,
      2,
      5,
      1,
      1,
      1,
      1,
      1,
      6,
      4,
      0,
      2,
      0,
      1,
      1,
      1,
      0,
      0,
      1,
      1,
      5,
      1,
      1,
      2,
      1,
      0,
      7,
      2,
      1,
      4,
      1,
      1,
      7,
      1,
      1,
      5,
      5,
      7,
      1,
      1,
      1,
      7,
      1,
      1,
      1,
      7,
      1,
      1,
      1,
      1,
      7,
      4,
      7,
      7,
      1,
      0,
      1,
      1,
      2,
      1,
      7,
      4,
      0,
      2,
      7,
      2,
      7,
      7,
      7,
      7,
      2,
      1,
      7,
      0,
      1,
      0,
      1,
      7,
      7,
      1,
      7,
      7,
      0,
      0,
      1,
      1,
      2,
      7,
      1,
      1,
      2,
      0,
      2,
      0,
      0,
      7,
      0,
      6,
      1,
      4,
      7,
      0,
      4,
      0,
      7,
      2,
      0,
      0,
      1,
      1,
      1,
      7,
      1,
      1,
      7,
      2,
      1,
      4,
      1,
      1,
      1,
      5,
      7,
      0,
      2,
      0,
      1,
      0,
      7,
      1,
      0,
      2,
      7,
      0,
      2,
      7,
      7,
      1,
      1,
      6,
      2,
      1,
      1,
      7,
      1,
      0,
      2,
      1,
      1,
      0,
      1,
      0,
      5,
      0,
      3,
      7,
      0,
      7,
      1,
      4,
      0,
      2,
      7,
      2,
      7,
      5,
      1,
      0,
      7,
      7,
      5,
      2,
      6,
      5,
      5,
      1,
      1,
      4,
      1,
      4,
      3,
      2,
      1,
      4,
      1,
      3,
      1,
      2,
      0,
      1,
      1,
      7,
      1,
      7,
      5,
      0,
      0,
      0,
      6
    ],
    "assignment_sha256": "87b6aa26b8bf37d0ea37dc285ad5f97a2f730ca0622ff15f9405c8707a4110f7"
  },
  "gates": {
    "finite": true,
    "accepted_at_least_one": true,
    "fold_conservation_le_1e_10": true,
    "residual_closure_le_1e_10": true,
    "dev_gain_ge_0_005": true,
    "sealed_test_not_worse_gt_0_01": true,
    "sealed_test_better_than_random": true,
    "leaf_utilization_ge_0_50": true
  },
  "claim_supported": true
}
=== status=done exit=0 elapsed=3.5s 2026-09-24T01:07:00Z ===
