=== taskd run 595 2026-09-24T01:07:00Z ===
=== cwd=/home/nio/log/holds/SameTime ===
=== cmd=["python3", "ara/s1-echo/src/s1_probability_residual_tree_mc_a11.py", "--counts", "ara/s1-echo/evidence/s1_probability_residual_corpus_scale_a14/formal/counts/train_0500000/context_counts.pt", "--out", "ara/s1-echo/evidence/s1_probability_residual_corpus_scale_a14/formal/runs/train_0500000_depth_5", "--depth", "5", "--iterations", "1024", "--split-seed", "20260924", "--search-seed", "20260929", "--claim", "S1-F-SCALE-A14-C01", "--vocab-json", "ara/s1-echo/evidence/s1_real_corpus_annealed_token_space/formal_200k_seed19101/vocab.json"] ===
{"iteration": 0, "proposal": {"node": 14, "members": 125, "mode": "pair", "quantile": 0.5}, "proposal_dev_nll": 5.3722934123363695, "accepted": true, "current_dev_nll": 5.3722934123363695, "best_dev_nll": 5.369293907833309, "temperature": 0.02}
{"iteration": 31, "proposal": {"node": 25, "members": 57, "mode": "pair", "quantile": 0.8}, "proposal_dev_nll": 5.377165933711788, "accepted": true, "current_dev_nll": 5.377165933711788, "best_dev_nll": 5.368410338071396, "temperature": 0.012518524426807578}
{"iteration": 63, "proposal": {"node": 11, "members": 44, "mode": "pair", "quantile": 0.2}, "proposal_dev_nll": 5.364893525246179, "accepted": true, "current_dev_nll": 5.364893525246179, "best_dev_nll": 5.361181027109137, "temperature": 0.007718137600860466}
{"iteration": 95, "proposal": {"node": 5, "members": 122, "mode": "pair", "quantile": 0.35}, "proposal_dev_nll": 5.360720255012306, "accepted": true, "current_dev_nll": 5.360720255012306, "best_dev_nll": 5.355023229086332, "temperature": 0.0047585199337273135}
{"iteration": 127, "proposal": {"node": 15, "members": 37, "mode": "pair", "quantile": 0.65}, "proposal_dev_nll": 5.361764205970489, "accepted": true, "current_dev_nll": 5.361764205970489, "best_dev_nll": 5.355023229086332, "temperature": 0.002933805165271446}
{"iteration": 159, "proposal": {"node": 20, "members": 3, "mode": "pair", "quantile": 0.5}, "proposal_dev_nll": 5.368675740981516, "accepted": true, "current_dev_nll": 5.368675740981516, "best_dev_nll": 5.355023229086332, "temperature": 0.001808800397528533}
{"iteration": 191, "proposal": {"node": 26, "members": 64, "mode": "pair", "quantile": 0.65}, "proposal_dev_nll": 5.369907223246338, "accepted": false, "current_dev_nll": 5.368267195326178, "best_dev_nll": 5.355023229086332, "temperature": 0.0011151929640142498}
{"iteration": 223, "proposal": {"node": 2, "members": 316, "mode": "pair", "quantile": 0.35}, "proposal_dev_nll": 5.389003502089227, "accepted": false, "current_dev_nll": 5.36717351015572, "best_dev_nll": 5.355023229086332, "temperature": 0.0006875580902603542}
{"iteration": 255, "proposal": {"node": 18, "members": 51, "mode": "pair", "quantile": 0.2}, "proposal_dev_nll": 5.363215815690226, "accepted": true, "current_dev_nll": 5.363215815690226, "best_dev_nll": 5.355023229086332, "temperature": 0.00042390522782784066}
{"iteration": 287, "proposal": {"node": 14, "members": 110, "mode": "pair", "quantile": 0.8}, "proposal_dev_nll": 5.358360911208467, "accepted": false, "current_dev_nll": 5.357938244325602, "best_dev_nll": 5.355023229086332, "temperature": 0.00026135339649880203}
{"iteration": 319, "proposal": {"node": 8, "members": 61, "mode": "perturb", "quantile": 0.2}, "proposal_dev_nll": 5.354964164407083, "accepted": false, "current_dev_nll": 5.352967302899056, "best_dev_nll": 5.352967302899056, "temperature": 0.00016113412474639443}
{"iteration": 351, "proposal": {"node": 20, "members": 28, "mode": "pair", "quantile": 0.5}, "proposal_dev_nll": 5.351121907834572, "accepted": false, "current_dev_nll": 5.350954737577997, "best_dev_nll": 5.350837887449796, "temperature": 9.934520272402742e-05}
{"iteration": 383, "proposal": {"node": 5, "members": 125, "mode": "pair", "quantile": 0.2}, "proposal_dev_nll": 5.353699866250783, "accepted": false, "current_dev_nll": 5.351012363039043, "best_dev_nll": 5.350837887449796, "temperature": 6.125002583910422e-05}
{"iteration": 415, "proposal": {"node": 2, "members": 316, "mode": "pair", "quantile": 0.35}, "proposal_dev_nll": 5.357283565908979, "accepted": false, "current_dev_nll": 5.348297992445119, "best_dev_nll": 5.348297992445119, "temperature": 3.776292727201401e-05}
{"iteration": 447, "proposal": {"node": 18, "members": 31, "mode": "perturb", "quantile": 0.5}, "proposal_dev_nll": 5.346526664692423, "accepted": false, "current_dev_nll": 5.3462307586578826, "best_dev_nll": 5.3462307586578826, "temperature": 2.3282254278511423e-05}
{"iteration": 479, "proposal": {"node": 7, "members": 46, "mode": "pair", "quantile": 0.65}, "proposal_dev_nll": 5.344655508802116, "accepted": false, "current_dev_nll": 5.344054800378235, "best_dev_nll": 5.344054800378235, "temperature": 1.4354378843162008e-05}
{"iteration": 511, "proposal": {"node": 20, "members": 34, "mode": "pair", "quantile": 0.65}, "proposal_dev_nll": 5.339267795865056, "accepted": false, "current_dev_nll": 5.338896979957723, "best_dev_nll": 5.338896979957723, "temperature": 8.850010377353844e-06}
{"iteration": 543, "proposal": {"node": 20, "members": 34, "mode": "pair", "quantile": 0.35}, "proposal_dev_nll": 5.33814502244431, "accepted": false, "current_dev_nll": 5.3378208759731685, "best_dev_nll": 5.3378208759731685, "temperature": 5.4563617510054285e-06}
{"iteration": 575, "proposal": {"node": 16, "members": 26, "mode": "pair", "quantile": 0.5}, "proposal_dev_nll": 5.338451989751385, "accepted": false, "current_dev_nll": 5.337736033786691, "best_dev_nll": 5.337736033786691, "temperature": 3.364050694676906e-06}
{"iteration": 607, "proposal": {"node": 1, "members": 196, "mode": "pair", "quantile": 0.65}, "proposal_dev_nll": 5.344371963031273, "accepted": false, "current_dev_nll": 5.333045534127188, "best_dev_nll": 5.333045534127188, "temperature": 2.0740628266208436e-06}
{"iteration": 639, "proposal": {"node": 4, "members": 83, "mode": "pair", "quantile": 0.5}, "proposal_dev_nll": 5.335457981548796, "accepted": false, "current_dev_nll": 5.333045534127188, "best_dev_nll": 5.333045534127188, "temperature": 1.2787371532709901e-06}
{"iteration": 671, "proposal": {"node": 2, "members": 316, "mode": "perturb", "quantile": 0.8}, "proposal_dev_nll": 5.3349198605071875, "accepted": false, "current_dev_nll": 5.332223951407105, "best_dev_nll": 5.332223951407105, "temperature": 7.883891877179468e-07}
{"iteration": 703, "proposal": {"node": 2, "members": 316, "mode": "perturb", "quantile": 0.65}, "proposal_dev_nll": 5.332425216449697, "accepted": false, "current_dev_nll": 5.3320371308118935, "best_dev_nll": 5.3320371308118935, "temperature": 4.860713632356965e-07}
{"iteration": 735, "proposal": {"node": 0, "members": 512, "mode": "pair", "quantile": 0.5}, "proposal_dev_nll": 5.367962473433018, "accepted": false, "current_dev_nll": 5.3320371308118935, "best_dev_nll": 5.3320371308118935, "temperature": 2.9968113951650804e-07}
{"iteration": 767, "proposal": {"node": 27, "members": 47, "mode": "pair", "quantile": 0.35}, "proposal_dev_nll": 5.3315160139722515, "accepted": true, "current_dev_nll": 5.3315160139722515, "best_dev_nll": 5.3315160139722515, "temperature": 1.8476460901557856e-07}
{"iteration": 799, "proposal": {"node": 3, "members": 113, "mode": "perturb", "quantile": 0.5}, "proposal_dev_nll": 5.332049028408923, "accepted": false, "current_dev_nll": 5.3313750363440455, "best_dev_nll": 5.3313750363440455, "temperature": 1.1391427835517529e-07}
{"iteration": 831, "proposal": {"node": 9, "members": 58, "mode": "perturb", "quantile": 0.8}, "proposal_dev_nll": 5.33260760312769, "accepted": false, "current_dev_nll": 5.330869882248282, "best_dev_nll": 5.330869882248282, "temperature": 7.023240480045741e-08}
{"iteration": 863, "proposal": {"node": 14, "members": 105, "mode": "perturb", "quantile": 0.8}, "proposal_dev_nll": 5.336106503701179, "accepted": false, "current_dev_nll": 5.330865837547832, "best_dev_nll": 5.330865837547832, "temperature": 4.3300899196112224e-08}
{"iteration": 895, "proposal": {"node": 25, "members": 19, "mode": "pair", "quantile": 0.2}, "proposal_dev_nll": 5.331462272771512, "accepted": false, "current_dev_nll": 5.330858936301549, "best_dev_nll": 5.330858936301549, "temperature": 2.6696620691246226e-08}
{"iteration": 927, "proposal": {"node": 23, "members": 15, "mode": "pair", "quantile": 0.2}, "proposal_dev_nll": 5.330740046053209, "accepted": false, "current_dev_nll": 5.330611936032508, "best_dev_nll": 5.330611936032508, "temperature": 1.6459463188151687e-08}
{"iteration": 959, "proposal": {"node": 28, "members": 36, "mode": "perturb", "quantile": 0.2}, "proposal_dev_nll": 5.330459268931643, "accepted": true, "current_dev_nll": 5.330459268931643, "best_dev_nll": 5.330459268931643, "temperature": 1.0147873454671088e-08}
{"iteration": 991, "proposal": {"node": 28, "members": 36, "mode": "pair", "quantile": 0.5}, "proposal_dev_nll": 5.331738129788425, "accepted": false, "current_dev_nll": 5.330299057054794, "best_dev_nll": 5.330299057054794, "temperature": 6.256542784830772e-09}
{"iteration": 1023, "proposal": {"node": 20, "members": 35, "mode": "pair", "quantile": 0.8}, "proposal_dev_nll": 5.331176336082119, "accepted": false, "current_dev_nll": 5.330299057054794, "best_dev_nll": 5.330299057054794, "temperature": 3.857392171204083e-09}
{
  "claim": "S1-F-SCALE-A14-C01",
  "boundary": "Corpus context-field embedding F search only; no next-token, decoder, READ, translation, or generation target.",
  "config": {
    "counts": "ara/s1-echo/evidence/s1_probability_residual_corpus_scale_a14/formal/counts/train_0500000/context_counts.pt",
    "out": "ara/s1-echo/evidence/s1_probability_residual_corpus_scale_a14/formal/runs/train_0500000_depth_5",
    "depth": 5,
    "iterations": 1024,
    "fit_ratio": 0.8,
    "alpha": 0.05,
    "temperature": 0.02,
    "seed": 20260924,
    "split_seed": 20260924,
    "search_seed": 20260929,
    "claim": "S1-F-SCALE-A14-C01",
    "save_checkpoint": false,
    "vocab_json": "ara/s1-echo/evidence/s1_real_corpus_annealed_token_space/formal_200k_seed19101/vocab.json",
    "device": "cuda",
    "resolved_split_seed": 20260924,
    "resolved_search_seed": 20260929
  },
  "shape": {
    "tokens": 512,
    "contexts": 1024,
    "leaves": 32
  },
  "counts": {
    "fit": 14692813.0,
    "search_dev": 3671882.0,
    "sealed_test": 3670609.0
  },
  "search": {
    "initial_dev_nll": 5.369293907833309,
    "best_dev_nll": 5.330299057054794,
    "dev_gain": 0.038994850778514945,
    "accepted": 312,
    "iterations": 1024
  },
  "sealed_evaluation": {
    "initial_test_nll": 5.371301797612582,
    "best_test_nll": 5.332391716476866,
    "random_test_nll": 5.435529695095551,
    "best_minus_initial": -0.03891008113571637,
    "best_minus_random": -0.10313797861868501
  },
  "structure": {
    "leaf_utilization": 1.0,
    "occupancy_entropy": 0.9329526356461507,
    "fold_conservation_max_abs": 6.938893903907228e-18,
    "residual_closure_max_abs": 6.938893903907228e-18
  },
  "embedding_index": {
    "token_leaf": [
      0,
      18,
      26,
      6,
      20,
      14,
      1,
      4,
      21,
      23,
      9,
      1,
      30,
      3,
      27,
      4,
      23,
      7,
      22,
      24,
      23,
      10,
      26,
      20,
      23,
      5,
      21,
      5,
      23,
      9,
      4,
      22,
      4,
      27,
      7,
      24,
      8,
      5,
      3,
      31,
      22,
      7,
      1,
      11,
      27,
      28,
      22,
      22,
      9,
      23,
      7,
      23,
      22,
      22,
      31,
      24,
      3,
      25,
      7,
      4,
      5,
      5,
      10,
      7,
      22,
      7,
      28,
      25,
      7,
      22,
      22,
      25,
      22,
      24,
      5,
      7,
      22,
      24,
      23,
      7,
      24,
      24,
      10,
      1,
      14,
      7,
      13,
      22,
      28,
      29,
      30,
      19,
      8,
      5,
      26,
      28,
      29,
      15,
      28,
      19,
      24,
      5,
      30,
      7,
      10,
      11,
      5,
      14,
      14,
      5,
      11,
      31,
      25,
      30,
      1,
      23,
      19,
      8,
      7,
      13,
      22,
      3,
      7,
      31,
      19,
      1,
      5,
      30,
      1,
      7,
      19,
      21,
      16,
      5,
      30,
      27,
      10,
      7,
      16,
      5,
      21,
      15,
      3,
      28,
      5,
      2,
      24,
      28,
      16,
      19,
      25,
      5,
      3,
      27,
      1,
      25,
      11,
      1,
      1,
      19,
      13,
      11,
      16,
      7,
      7,
      10,
      23,
      11,
      27,
      25,
      30,
      28,
      27,
      15,
      25,
      14,
      24,
      26,
      5,
      7,
      22,
      28,
      9,
      23,
      13,
      5,
      21,
      25,
      5,
      5,
      28,
      31,
      27,
      9,
      5,
      21,
      28,
      7,
      30,
      5,
      25,
      30,
      27,
      7,
      31,
      3,
      30,
      5,
      21,
      29,
      11,
      1,
      19,
      25,
      23,
      31,
      25,
      24,
      29,
      28,
      13,
      22,
      7,
      17,
      14,
      19,
      11,
      21,
      1,
      28,
      7,
      30,
      30,
      28,
      27,
      9,
      19,
      27,
      23,
      19,
      24,
      19,
      23,
      30,
      19,
      1,
      28,
      30,
      9,
      21,
      30,
      1,
      30,
      23,
      24,
      24,
      24,
      15,
      10,
      27,
      8,
      19,
      23,
      22,
      10,
      7,
      17,
      31,
      30,
      21,
      30,
      3,
      19,
      5,
      17,
      27,
      11,
      27,
      30,
      30,
      11,
      19,
      21,
      22,
      3,
      25,
      30,
      24,
      21,
      7,
      23,
      25,
      28,
      27,
      2,
      1,
      7,
      30,
      22,
      28,
      15,
      27,
      28,
      28,
      30,
      22,
      10,
      24,
      28,
      10,
      7,
      25,
      19,
      19,
      25,
      5,
      27,
      26,
      27,
      16,
      11,
      31,
      8,
      27,
      24,
      28,
      19,
      11,
      27,
      30,
      11,
      30,
      14,
      5,
      1,
      11,
      22,
      27,
      24,
      28,
      22,
      10,
      8,
      19,
      19,
      28,
      4,
      27,
      5,
      25,
      28,
      27,
      10,
      21,
      30,
      10,
      16,
      3,
      17,
      23,
      10,
      27,
      17,
      29,
      9,
      28,
      29,
      2,
      28,
      30,
      9,
      23,
      17,
      28,
      8,
      22,
      5,
      15,
      7,
      28,
      30,
      28,
      28,
      22,
      19,
      29,
      28,
      30,
      23,
      19,
      17,
      31,
      19,
      12,
      30,
      24,
      22,
      19,
      14,
      22,
      28,
      3,
      23,
      1,
      23,
      22,
      24,
      30,
      25,
      11,
      29,
      27,
      2,
      2,
      22,
      8,
      23,
      12,
      5,
      24,
      28,
      27,
      19,
      28,
      28,
      3,
      28,
      12,
      22,
      10,
      30,
      19,
      8,
      17,
      24,
      28,
      28,
      3,
      30,
      19,
      24,
      28,
      27,
      24,
      1,
      28,
      21,
      22,
      28,
      12,
      30,
      19,
      13,
      22,
      27,
      9,
      30,
      9,
      28,
      23,
      21,
      19,
      11,
      19,
      24,
      2,
      24,
      22,
      31,
      21,
      3,
      27,
      3,
      11,
      22,
      30,
      1,
      28,
      2,
      11,
      24,
      28,
      31,
      3,
      7,
      13,
      5,
      2,
      19,
      27,
      9,
      27,
      2,
      9,
      23,
      19,
      8,
      19,
      5,
      11,
      22,
      21,
      28,
      17,
      28,
      30,
      28,
      5,
      28,
      24,
      11,
      2
    ],
    "assignment_sha256": "2da5b6c76c30f8e52fa5b2c48aa2746ce5154783c677edc6f851a4b9589e205c"
  },
  "gates": {
    "finite": true,
    "accepted_at_least_one": true,
    "fold_conservation_le_1e_10": true,
    "residual_closure_le_1e_10": true,
    "dev_gain_ge_0_005": true,
    "sealed_test_not_worse_gt_0_01": true,
    "sealed_test_better_than_random": true,
    "leaf_utilization_ge_0_50": true
  },
  "claim_supported": true
}
=== status=done exit=0 elapsed=5.0s 2026-09-24T01:07:05Z ===
