=== taskd run 596 2026-09-24T01:07:06Z ===
=== cwd=/home/nio/log/holds/SameTime ===
=== cmd=["python3", "ara/s1-echo/src/s1_probability_residual_tree_mc_a11.py", "--counts", "ara/s1-echo/evidence/s1_probability_residual_corpus_scale_a14/formal/counts/train_1000000/context_counts.pt", "--out", "ara/s1-echo/evidence/s1_probability_residual_corpus_scale_a14/formal/runs/train_1000000_depth_3", "--depth", "3", "--iterations", "1024", "--split-seed", "20260924", "--search-seed", "20260929", "--claim", "S1-F-SCALE-A14-C01", "--vocab-json", "ara/s1-echo/evidence/s1_real_corpus_annealed_token_space/formal_200k_seed19101/vocab.json", "--save-checkpoint"] ===
{"iteration": 0, "proposal": {"node": 3, "members": 122, "mode": "pair", "quantile": 0.5}, "proposal_dev_nll": 5.469008251696074, "accepted": true, "current_dev_nll": 5.469008251696074, "best_dev_nll": 5.467579046029859, "temperature": 0.02}
{"iteration": 31, "proposal": {"node": 0, "members": 512, "mode": "pair", "quantile": 0.2}, "proposal_dev_nll": 5.458925178204103, "accepted": true, "current_dev_nll": 5.458925178204103, "best_dev_nll": 5.453308711655464, "temperature": 0.012518524426807578}
{"iteration": 63, "proposal": {"node": 6, "members": 30, "mode": "pair", "quantile": 0.8}, "proposal_dev_nll": 5.445618009651437, "accepted": true, "current_dev_nll": 5.445618009651437, "best_dev_nll": 5.442592173520596, "temperature": 0.007718137600860466}
{"iteration": 95, "proposal": {"node": 2, "members": 181, "mode": "perturb", "quantile": 0.65}, "proposal_dev_nll": 5.460595550457661, "accepted": false, "current_dev_nll": 5.442282215167726, "best_dev_nll": 5.439745265374175, "temperature": 0.0047585199337273135}
{"iteration": 127, "proposal": {"node": 6, "members": 64, "mode": "perturb", "quantile": 0.65}, "proposal_dev_nll": 5.452597406375266, "accepted": false, "current_dev_nll": 5.441620794940727, "best_dev_nll": 5.439705640672503, "temperature": 0.002933805165271446}
{"iteration": 159, "proposal": {"node": 6, "members": 117, "mode": "pair", "quantile": 0.8}, "proposal_dev_nll": 5.462430309359319, "accepted": false, "current_dev_nll": 5.448448571138072, "best_dev_nll": 5.439705640672503, "temperature": 0.001808800397528533}
{"iteration": 191, "proposal": {"node": 1, "members": 361, "mode": "perturb", "quantile": 0.2}, "proposal_dev_nll": 5.447740763046159, "accepted": false, "current_dev_nll": 5.438926186752315, "best_dev_nll": 5.438926186752315, "temperature": 0.0011151929640142498}
{"iteration": 223, "proposal": {"node": 1, "members": 360, "mode": "pair", "quantile": 0.5}, "proposal_dev_nll": 5.450822006133418, "accepted": false, "current_dev_nll": 5.42740416262857, "best_dev_nll": 5.42740416262857, "temperature": 0.0006875580902603542}
{"iteration": 255, "proposal": {"node": 3, "members": 209, "mode": "pair", "quantile": 0.65}, "proposal_dev_nll": 5.425099450510724, "accepted": false, "current_dev_nll": 5.419043001039053, "best_dev_nll": 5.419043001039053, "temperature": 0.00042390522782784066}
{"iteration": 287, "proposal": {"node": 0, "members": 512, "mode": "perturb", "quantile": 0.35}, "proposal_dev_nll": 5.433364485363113, "accepted": false, "current_dev_nll": 5.417058206950473, "best_dev_nll": 5.417058206950473, "temperature": 0.00026135339649880203}
{"iteration": 319, "proposal": {"node": 5, "members": 72, "mode": "pair", "quantile": 0.2}, "proposal_dev_nll": 5.433395338578843, "accepted": false, "current_dev_nll": 5.417058206950473, "best_dev_nll": 5.417058206950473, "temperature": 0.00016113412474639443}
{"iteration": 351, "proposal": {"node": 0, "members": 512, "mode": "perturb", "quantile": 0.2}, "proposal_dev_nll": 5.444251777083364, "accepted": false, "current_dev_nll": 5.416228183082097, "best_dev_nll": 5.416228183082097, "temperature": 9.934520272402742e-05}
{"iteration": 383, "proposal": {"node": 5, "members": 44, "mode": "pair", "quantile": 0.2}, "proposal_dev_nll": 5.424010500596401, "accepted": false, "current_dev_nll": 5.415825835971041, "best_dev_nll": 5.415825835971041, "temperature": 6.125002583910422e-05}
{"iteration": 415, "proposal": {"node": 5, "members": 53, "mode": "pair", "quantile": 0.35}, "proposal_dev_nll": 5.415907896075971, "accepted": false, "current_dev_nll": 5.414774594569921, "best_dev_nll": 5.414713360845528, "temperature": 3.776292727201401e-05}
{"iteration": 447, "proposal": {"node": 5, "members": 71, "mode": "perturb", "quantile": 0.8}, "proposal_dev_nll": 5.4226866814017365, "accepted": false, "current_dev_nll": 5.411476169319957, "best_dev_nll": 5.411476169319957, "temperature": 2.3282254278511423e-05}
{"iteration": 479, "proposal": {"node": 1, "members": 281, "mode": "perturb", "quantile": 0.65}, "proposal_dev_nll": 5.411006316143821, "accepted": false, "current_dev_nll": 5.4107045789716635, "best_dev_nll": 5.4107045789716635, "temperature": 1.4354378843162008e-05}
{"iteration": 511, "proposal": {"node": 3, "members": 114, "mode": "pair", "quantile": 0.65}, "proposal_dev_nll": 5.4161172304083305, "accepted": false, "current_dev_nll": 5.4107045789716635, "best_dev_nll": 5.4107045789716635, "temperature": 8.850010377353844e-06}
{"iteration": 543, "proposal": {"node": 1, "members": 280, "mode": "pair", "quantile": 0.65}, "proposal_dev_nll": 5.414436199711553, "accepted": false, "current_dev_nll": 5.4103273607886075, "best_dev_nll": 5.4103273607886075, "temperature": 5.4563617510054285e-06}
{"iteration": 575, "proposal": {"node": 5, "members": 78, "mode": "pair", "quantile": 0.8}, "proposal_dev_nll": 5.419114520492142, "accepted": false, "current_dev_nll": 5.409696969719663, "best_dev_nll": 5.409696969719663, "temperature": 3.364050694676906e-06}
{"iteration": 607, "proposal": {"node": 1, "members": 280, "mode": "perturb", "quantile": 0.35}, "proposal_dev_nll": 5.4120029366444244, "accepted": false, "current_dev_nll": 5.40949793719421, "best_dev_nll": 5.40949793719421, "temperature": 2.0740628266208436e-06}
{"iteration": 639, "proposal": {"node": 1, "members": 280, "mode": "perturb", "quantile": 0.35}, "proposal_dev_nll": 5.411361511277942, "accepted": false, "current_dev_nll": 5.408748814623024, "best_dev_nll": 5.408748814623024, "temperature": 1.2787371532709901e-06}
{"iteration": 671, "proposal": {"node": 5, "members": 78, "mode": "pair", "quantile": 0.8}, "proposal_dev_nll": 5.416929642598523, "accepted": false, "current_dev_nll": 5.408748814623024, "best_dev_nll": 5.408748814623024, "temperature": 7.883891877179468e-07}
{"iteration": 703, "proposal": {"node": 4, "members": 167, "mode": "pair", "quantile": 0.8}, "proposal_dev_nll": 5.418112608828582, "accepted": false, "current_dev_nll": 5.408748814623024, "best_dev_nll": 5.408748814623024, "temperature": 4.860713632356965e-07}
{"iteration": 735, "proposal": {"node": 5, "members": 78, "mode": "pair", "quantile": 0.35}, "proposal_dev_nll": 5.412364259429083, "accepted": false, "current_dev_nll": 5.408748814623024, "best_dev_nll": 5.408748814623024, "temperature": 2.9968113951650804e-07}
{"iteration": 767, "proposal": {"node": 4, "members": 167, "mode": "pair", "quantile": 0.5}, "proposal_dev_nll": 5.4153222022170215, "accepted": false, "current_dev_nll": 5.408748814623024, "best_dev_nll": 5.408748814623024, "temperature": 1.8476460901557856e-07}
{"iteration": 799, "proposal": {"node": 1, "members": 280, "mode": "pair", "quantile": 0.2}, "proposal_dev_nll": 5.431248064230344, "accepted": false, "current_dev_nll": 5.408748814623024, "best_dev_nll": 5.408748814623024, "temperature": 1.1391427835517529e-07}
{"iteration": 831, "proposal": {"node": 0, "members": 512, "mode": "pair", "quantile": 0.65}, "proposal_dev_nll": 5.427114602713203, "accepted": false, "current_dev_nll": 5.408748814623024, "best_dev_nll": 5.408748814623024, "temperature": 7.023240480045741e-08}
{"iteration": 863, "proposal": {"node": 3, "members": 113, "mode": "pair", "quantile": 0.8}, "proposal_dev_nll": 5.412366306705333, "accepted": false, "current_dev_nll": 5.408748814623024, "best_dev_nll": 5.408748814623024, "temperature": 4.3300899196112224e-08}
{"iteration": 895, "proposal": {"node": 0, "members": 512, "mode": "perturb", "quantile": 0.2}, "proposal_dev_nll": 5.4310450173738145, "accepted": false, "current_dev_nll": 5.408498249075872, "best_dev_nll": 5.408498249075872, "temperature": 2.6696620691246226e-08}
{"iteration": 927, "proposal": {"node": 4, "members": 170, "mode": "pair", "quantile": 0.8}, "proposal_dev_nll": 5.410709180311816, "accepted": false, "current_dev_nll": 5.408498249075872, "best_dev_nll": 5.408498249075872, "temperature": 1.6459463188151687e-08}
{"iteration": 959, "proposal": {"node": 1, "members": 284, "mode": "perturb", "quantile": 0.2}, "proposal_dev_nll": 5.414399363937373, "accepted": false, "current_dev_nll": 5.408498249075872, "best_dev_nll": 5.408498249075872, "temperature": 1.0147873454671088e-08}
{"iteration": 991, "proposal": {"node": 0, "members": 512, "mode": "pair", "quantile": 0.2}, "proposal_dev_nll": 5.436730444341549, "accepted": false, "current_dev_nll": 5.408498249075872, "best_dev_nll": 5.408498249075872, "temperature": 6.256542784830772e-09}
{"iteration": 1023, "proposal": {"node": 3, "members": 114, "mode": "pair", "quantile": 0.35}, "proposal_dev_nll": 5.415141906547708, "accepted": false, "current_dev_nll": 5.408498249075872, "best_dev_nll": 5.408498249075872, "temperature": 3.857392171204083e-09}
{
  "claim": "S1-F-SCALE-A14-C01",
  "boundary": "Corpus context-field embedding F search only; no next-token, decoder, READ, translation, or generation target.",
  "config": {
    "counts": "ara/s1-echo/evidence/s1_probability_residual_corpus_scale_a14/formal/counts/train_1000000/context_counts.pt",
    "out": "ara/s1-echo/evidence/s1_probability_residual_corpus_scale_a14/formal/runs/train_1000000_depth_3",
    "depth": 3,
    "iterations": 1024,
    "fit_ratio": 0.8,
    "alpha": 0.05,
    "temperature": 0.02,
    "seed": 20260924,
    "split_seed": 20260924,
    "search_seed": 20260929,
    "claim": "S1-F-SCALE-A14-C01",
    "save_checkpoint": true,
    "vocab_json": "ara/s1-echo/evidence/s1_real_corpus_annealed_token_space/formal_200k_seed19101/vocab.json",
    "device": "cuda",
    "resolved_split_seed": 20260924,
    "resolved_search_seed": 20260929
  },
  "shape": {
    "tokens": 512,
    "contexts": 1024,
    "leaves": 8
  },
  "counts": {
    "fit": 29460566.0,
    "search_dev": 7366000.0,
    "sealed_test": 3670609.0
  },
  "search": {
    "initial_dev_nll": 5.467579046029859,
    "best_dev_nll": 5.408498249075872,
    "dev_gain": 0.05908079695398705,
    "accepted": 163,
    "iterations": 1024
  },
  "sealed_evaluation": {
    "initial_test_nll": 5.468807977360905,
    "best_test_nll": 5.409086307103176,
    "random_test_nll": 5.504857649557219,
    "best_minus_initial": -0.05972167025772901,
    "best_minus_random": -0.09577134245404295
  },
  "structure": {
    "leaf_utilization": 1.0,
    "occupancy_entropy": 0.8980343632352784,
    "fold_conservation_max_abs": 3.469446951953614e-18,
    "residual_closure_max_abs": 3.469446951953614e-18
  },
  "embedding_index": {
    "token_leaf": [
      1,
      1,
      3,
      6,
      3,
      3,
      3,
      6,
      3,
      0,
      7,
      3,
      2,
      7,
      2,
      6,
      7,
      6,
      0,
      0,
      1,
      6,
      3,
      3,
      6,
      6,
      1,
      6,
      1,
      7,
      6,
      0,
      7,
      3,
      7,
      3,
      7,
      6,
      7,
      4,
      0,
      0,
      3,
      3,
      3,
      2,
      0,
      0,
      7,
      6,
      1,
      3,
      0,
      0,
      4,
      0,
      1,
      6,
      0,
      6,
      6,
      6,
      7,
      0,
      0,
      0,
      2,
      6,
      0,
      0,
      0,
      6,
      0,
      0,
      6,
      0,
      3,
      3,
      0,
      0,
      0,
      0,
      3,
      0,
      2,
      3,
      7,
      0,
      5,
      4,
      5,
      7,
      7,
      7,
      6,
      2,
      4,
      6,
      5,
      7,
      0,
      0,
      5,
      0,
      7,
      3,
      6,
      7,
      5,
      6,
      3,
      5,
      6,
      5,
      3,
      3,
      3,
      7,
      0,
      2,
      0,
      7,
      0,
      5,
      3,
      3,
      7,
      4,
      0,
      0,
      1,
      3,
      3,
      6,
      5,
      3,
      3,
      0,
      5,
      0,
      5,
      6,
      7,
      2,
      6,
      3,
      3,
      2,
      5,
      7,
      6,
      6,
      7,
      5,
      0,
      6,
      3,
      3,
      0,
      0,
      2,
      3,
      5,
      0,
      0,
      7,
      3,
      3,
      7,
      0,
      7,
      5,
      7,
      5,
      6,
      3,
      0,
      3,
      6,
      0,
      0,
      2,
      7,
      0,
      5,
      6,
      3,
      6,
      7,
      3,
      2,
      4,
      1,
      7,
      6,
      2,
      5,
      0,
      2,
      0,
      6,
      5,
      7,
      0,
      4,
      3,
      2,
      6,
      5,
      5,
      3,
      3,
      3,
      6,
      3,
      4,
      0,
      3,
      5,
      5,
      7,
      0,
      7,
      7,
      7,
      7,
      1,
      3,
      3,
      2,
      0,
      5,
      2,
      2,
      2,
      7,
      3,
      7,
      0,
      3,
      0,
      7,
      3,
      2,
      3,
      1,
      5,
      2,
      7,
      3,
      7,
      0,
      5,
      3,
      0,
      0,
      0,
      3,
      3,
      5,
      7,
      7,
      1,
      0,
      7,
      6,
      7,
      4,
      5,
      3,
      2,
      1,
      7,
      0,
      5,
      3,
      3,
      5,
      5,
      7,
      7,
      7,
      5,
      1,
      7,
      6,
      5,
      3,
      3,
      0,
      1,
      0,
      5,
      3,
      6,
      1,
      0,
      5,
      0,
      2,
      5,
      7,
      2,
      2,
      5,
      0,
      7,
      7,
      2,
      3,
      6,
      6,
      3,
      3,
      0,
      0,
      7,
      7,
      3,
      5,
      3,
      4,
      7,
      3,
      1,
      2,
      3,
      3,
      3,
      2,
      3,
      5,
      7,
      6,
      3,
      3,
      0,
      3,
      3,
      5,
      0,
      3,
      5,
      7,
      7,
      5,
      7,
      7,
      6,
      6,
      5,
      7,
      7,
      2,
      7,
      3,
      5,
      7,
      5,
      1,
      3,
      7,
      7,
      4,
      5,
      2,
      5,
      7,
      2,
      7,
      7,
      3,
      7,
      2,
      7,
      3,
      0,
      7,
      0,
      2,
      2,
      5,
      2,
      0,
      7,
      5,
      2,
      5,
      3,
      3,
      5,
      5,
      3,
      5,
      2,
      3,
      3,
      3,
      7,
      3,
      2,
      3,
      0,
      0,
      1,
      0,
      3,
      2,
      5,
      1,
      4,
      3,
      7,
      5,
      3,
      7,
      3,
      5,
      0,
      0,
      2,
      0,
      3,
      2,
      2,
      1,
      2,
      5,
      3,
      3,
      6,
      1,
      7,
      7,
      6,
      2,
      2,
      0,
      2,
      7,
      0,
      2,
      6,
      2,
      0,
      2,
      2,
      0,
      5,
      5,
      2,
      7,
      5,
      6,
      3,
      7,
      5,
      7,
      2,
      1,
      3,
      7,
      3,
      7,
      3,
      0,
      2,
      3,
      4,
      3,
      5,
      7,
      7,
      3,
      3,
      7,
      0,
      2,
      6,
      3,
      0,
      2,
      7,
      1,
      0,
      4,
      6,
      0,
      3,
      3,
      7,
      7,
      3,
      7,
      3,
      7,
      7,
      1,
      6,
      3,
      0,
      2,
      7,
      7,
      5,
      7,
      2,
      6,
      2,
      3,
      3,
      5
    ],
    "assignment_sha256": "2cdac51e0bd407ae382a4bf2e66fd7518036e8d009c8ac33091ce7be468075b7"
  },
  "gates": {
    "finite": true,
    "accepted_at_least_one": true,
    "fold_conservation_le_1e_10": true,
    "residual_closure_le_1e_10": true,
    "dev_gain_ge_0_005": true,
    "sealed_test_not_worse_gt_0_01": true,
    "sealed_test_better_than_random": true,
    "leaf_utilization_ge_0_50": true,
    "checkpoint_reload_exact": true
  },
  "claim_supported": true,
  "checkpoint": {
    "path": "ara/s1-echo/evidence/s1_probability_residual_corpus_scale_a14/formal/runs/train_1000000_depth_3/embedding_checkpoint.pt",
    "sha256": "9c9156c5b68dbf0333dcb20f84b0868ab68386a4043973483ad2a97e0dda728f",
    "format": "treeheap_probability_residual_embedding_v1",
    "target_tokens": 512,
    "context_tokens": 1024,
    "leaves": 8,
    "route_dimensions": 3,
    "reload_assignment_exact": true,
    "reload_test_nll_abs_delta": 0.0,
    "reload_pass": true
  }
}
=== status=done exit=0 elapsed=3.5s 2026-09-24T01:07:09Z ===
