=== taskd run 597 2026-09-24T01:07:09Z ===
=== cwd=/home/nio/log/holds/SameTime ===
=== cmd=["python3", "ara/s1-echo/src/s1_probability_residual_tree_mc_a11.py", "--counts", "ara/s1-echo/evidence/s1_probability_residual_corpus_scale_a14/formal/counts/train_1000000/context_counts.pt", "--out", "ara/s1-echo/evidence/s1_probability_residual_corpus_scale_a14/formal/runs/train_1000000_depth_5", "--depth", "5", "--iterations", "1024", "--split-seed", "20260924", "--search-seed", "20260929", "--claim", "S1-F-SCALE-A14-C01", "--vocab-json", "ara/s1-echo/evidence/s1_real_corpus_annealed_token_space/formal_200k_seed19101/vocab.json", "--save-checkpoint"] ===
{"iteration": 0, "proposal": {"node": 14, "members": 148, "mode": "pair", "quantile": 0.8}, "proposal_dev_nll": 5.380995752316451, "accepted": false, "current_dev_nll": 5.3711323043558155, "best_dev_nll": 5.3711323043558155, "temperature": 0.02}
{"iteration": 31, "proposal": {"node": 26, "members": 42, "mode": "pair", "quantile": 0.8}, "proposal_dev_nll": 5.38170642294713, "accepted": true, "current_dev_nll": 5.38170642294713, "best_dev_nll": 5.3711323043558155, "temperature": 0.012518524426807578}
{"iteration": 63, "proposal": {"node": 25, "members": 21, "mode": "pair", "quantile": 0.8}, "proposal_dev_nll": 5.394215267543837, "accepted": true, "current_dev_nll": 5.394215267543837, "best_dev_nll": 5.3711323043558155, "temperature": 0.007718137600860466}
{"iteration": 95, "proposal": {"node": 24, "members": 7, "mode": "pair", "quantile": 0.65}, "proposal_dev_nll": 5.375350522337883, "accepted": true, "current_dev_nll": 5.375350522337883, "best_dev_nll": 5.3711323043558155, "temperature": 0.0047585199337273135}
{"iteration": 127, "proposal": {"node": 17, "members": 34, "mode": "pair", "quantile": 0.2}, "proposal_dev_nll": 5.3769703195839815, "accepted": true, "current_dev_nll": 5.3769703195839815, "best_dev_nll": 5.3711323043558155, "temperature": 0.002933805165271446}
{"iteration": 159, "proposal": {"node": 5, "members": 41, "mode": "pair", "quantile": 0.5}, "proposal_dev_nll": 5.368899872734142, "accepted": true, "current_dev_nll": 5.368899872734142, "best_dev_nll": 5.367987628646049, "temperature": 0.001808800397528533}
{"iteration": 191, "proposal": {"node": 15, "members": 62, "mode": "pair", "quantile": 0.8}, "proposal_dev_nll": 5.36797351093148, "accepted": false, "current_dev_nll": 5.366846885783713, "best_dev_nll": 5.366720599287963, "temperature": 0.0011151929640142498}
{"iteration": 223, "proposal": {"node": 17, "members": 60, "mode": "pair", "quantile": 0.2}, "proposal_dev_nll": 5.362206577274683, "accepted": true, "current_dev_nll": 5.362206577274683, "best_dev_nll": 5.3614892335295, "temperature": 0.0006875580902603542}
{"iteration": 255, "proposal": {"node": 13, "members": 134, "mode": "perturb", "quantile": 0.2}, "proposal_dev_nll": 5.375372633017768, "accepted": false, "current_dev_nll": 5.365119643972736, "best_dev_nll": 5.3614892335295, "temperature": 0.00042390522782784066}
{"iteration": 287, "proposal": {"node": 8, "members": 58, "mode": "pair", "quantile": 0.35}, "proposal_dev_nll": 5.35627103050864, "accepted": true, "current_dev_nll": 5.35627103050864, "best_dev_nll": 5.356131371167711, "temperature": 0.00026135339649880203}
{"iteration": 319, "proposal": {"node": 13, "members": 124, "mode": "pair", "quantile": 0.65}, "proposal_dev_nll": 5.3532087956932255, "accepted": false, "current_dev_nll": 5.352197570793224, "best_dev_nll": 5.352052775434682, "temperature": 0.00016113412474639443}
{"iteration": 351, "proposal": {"node": 5, "members": 70, "mode": "pair", "quantile": 0.5}, "proposal_dev_nll": 5.349511724063212, "accepted": false, "current_dev_nll": 5.345836581747403, "best_dev_nll": 5.345836581747403, "temperature": 9.934520272402742e-05}
{"iteration": 383, "proposal": {"node": 12, "members": 51, "mode": "pair", "quantile": 0.2}, "proposal_dev_nll": 5.345442756727423, "accepted": false, "current_dev_nll": 5.343293898998625, "best_dev_nll": 5.343293898998625, "temperature": 6.125002583910422e-05}
{"iteration": 415, "proposal": {"node": 19, "members": 35, "mode": "pair", "quantile": 0.8}, "proposal_dev_nll": 5.338809595526019, "accepted": false, "current_dev_nll": 5.337805395820525, "best_dev_nll": 5.337805395820525, "temperature": 3.776292727201401e-05}
{"iteration": 447, "proposal": {"node": 3, "members": 67, "mode": "perturb", "quantile": 0.5}, "proposal_dev_nll": 5.339261971710818, "accepted": false, "current_dev_nll": 5.337240815849387, "best_dev_nll": 5.337240815849387, "temperature": 2.3282254278511423e-05}
{"iteration": 479, "proposal": {"node": 18, "members": 31, "mode": "perturb", "quantile": 0.2}, "proposal_dev_nll": 5.3351916801360515, "accepted": true, "current_dev_nll": 5.3351916801360515, "best_dev_nll": 5.3351916801360515, "temperature": 1.4354378843162008e-05}
{"iteration": 511, "proposal": {"node": 7, "members": 9, "mode": "pair", "quantile": 0.8}, "proposal_dev_nll": 5.334453445021373, "accepted": false, "current_dev_nll": 5.332869722313048, "best_dev_nll": 5.332869722313048, "temperature": 8.850010377353844e-06}
{"iteration": 543, "proposal": {"node": 26, "members": 42, "mode": "perturb", "quantile": 0.5}, "proposal_dev_nll": 5.33438321734378, "accepted": false, "current_dev_nll": 5.331772539302286, "best_dev_nll": 5.331772539302286, "temperature": 5.4563617510054285e-06}
{"iteration": 575, "proposal": {"node": 6, "members": 190, "mode": "pair", "quantile": 0.8}, "proposal_dev_nll": 5.349998054535765, "accepted": false, "current_dev_nll": 5.331718672658126, "best_dev_nll": 5.331718672658126, "temperature": 3.364050694676906e-06}
{"iteration": 607, "proposal": {"node": 8, "members": 58, "mode": "pair", "quantile": 0.35}, "proposal_dev_nll": 5.336130803832726, "accepted": false, "current_dev_nll": 5.331718672658126, "best_dev_nll": 5.331718672658126, "temperature": 2.0740628266208436e-06}
{"iteration": 639, "proposal": {"node": 1, "members": 196, "mode": "pair", "quantile": 0.65}, "proposal_dev_nll": 5.348328888729132, "accepted": false, "current_dev_nll": 5.331482380567711, "best_dev_nll": 5.331482380567711, "temperature": 1.2787371532709901e-06}
{"iteration": 671, "proposal": {"node": 2, "members": 316, "mode": "perturb", "quantile": 0.8}, "proposal_dev_nll": 5.335626786461322, "accepted": false, "current_dev_nll": 5.331440795151426, "best_dev_nll": 5.331440795151426, "temperature": 7.883891877179468e-07}
{"iteration": 703, "proposal": {"node": 16, "members": 4, "mode": "pair", "quantile": 0.8}, "proposal_dev_nll": 5.3323488126060905, "accepted": false, "current_dev_nll": 5.331440795151426, "best_dev_nll": 5.331440795151426, "temperature": 4.860713632356965e-07}
{"iteration": 735, "proposal": {"node": 6, "members": 190, "mode": "pair", "quantile": 0.5}, "proposal_dev_nll": 5.358356156966936, "accepted": false, "current_dev_nll": 5.331351487403364, "best_dev_nll": 5.331351487403364, "temperature": 2.9968113951650804e-07}
{"iteration": 767, "proposal": {"node": 23, "members": 22, "mode": "pair", "quantile": 0.2}, "proposal_dev_nll": 5.333146296324488, "accepted": false, "current_dev_nll": 5.330621425308783, "best_dev_nll": 5.330621425308783, "temperature": 1.8476460901557856e-07}
{"iteration": 799, "proposal": {"node": 25, "members": 56, "mode": "perturb", "quantile": 0.2}, "proposal_dev_nll": 5.331471662451649, "accepted": false, "current_dev_nll": 5.3301832322453135, "best_dev_nll": 5.3301832322453135, "temperature": 1.1391427835517529e-07}
{"iteration": 831, "proposal": {"node": 10, "members": 40, "mode": "perturb", "quantile": 0.8}, "proposal_dev_nll": 5.331698209468833, "accepted": false, "current_dev_nll": 5.3301832322453135, "best_dev_nll": 5.3301832322453135, "temperature": 7.023240480045741e-08}
{"iteration": 863, "proposal": {"node": 26, "members": 42, "mode": "pair", "quantile": 0.8}, "proposal_dev_nll": 5.335439331984192, "accepted": false, "current_dev_nll": 5.330123467994154, "best_dev_nll": 5.330123467994154, "temperature": 4.3300899196112224e-08}
{"iteration": 895, "proposal": {"node": 8, "members": 57, "mode": "pair", "quantile": 0.8}, "proposal_dev_nll": 5.334399860781773, "accepted": false, "current_dev_nll": 5.329578690053665, "best_dev_nll": 5.329578690053665, "temperature": 2.6696620691246226e-08}
{"iteration": 927, "proposal": {"node": 28, "members": 25, "mode": "pair", "quantile": 0.65}, "proposal_dev_nll": 5.331172907371844, "accepted": false, "current_dev_nll": 5.329578690053665, "best_dev_nll": 5.329578690053665, "temperature": 1.6459463188151687e-08}
{"iteration": 959, "proposal": {"node": 18, "members": 30, "mode": "pair", "quantile": 0.35}, "proposal_dev_nll": 5.3301160518683615, "accepted": false, "current_dev_nll": 5.329578690053665, "best_dev_nll": 5.329578690053665, "temperature": 1.0147873454671088e-08}
{"iteration": 991, "proposal": {"node": 21, "members": 6, "mode": "pair", "quantile": 0.5}, "proposal_dev_nll": 5.329608898707105, "accepted": false, "current_dev_nll": 5.329578690053665, "best_dev_nll": 5.329578690053665, "temperature": 6.256542784830772e-09}
{"iteration": 1023, "proposal": {"node": 10, "members": 40, "mode": "pair", "quantile": 0.35}, "proposal_dev_nll": 5.333437155306111, "accepted": false, "current_dev_nll": 5.329462753441284, "best_dev_nll": 5.329462753441284, "temperature": 3.857392171204083e-09}
{
  "claim": "S1-F-SCALE-A14-C01",
  "boundary": "Corpus context-field embedding F search only; no next-token, decoder, READ, translation, or generation target.",
  "config": {
    "counts": "ara/s1-echo/evidence/s1_probability_residual_corpus_scale_a14/formal/counts/train_1000000/context_counts.pt",
    "out": "ara/s1-echo/evidence/s1_probability_residual_corpus_scale_a14/formal/runs/train_1000000_depth_5",
    "depth": 5,
    "iterations": 1024,
    "fit_ratio": 0.8,
    "alpha": 0.05,
    "temperature": 0.02,
    "seed": 20260924,
    "split_seed": 20260924,
    "search_seed": 20260929,
    "claim": "S1-F-SCALE-A14-C01",
    "save_checkpoint": true,
    "vocab_json": "ara/s1-echo/evidence/s1_real_corpus_annealed_token_space/formal_200k_seed19101/vocab.json",
    "device": "cuda",
    "resolved_split_seed": 20260924,
    "resolved_search_seed": 20260929
  },
  "shape": {
    "tokens": 512,
    "contexts": 1024,
    "leaves": 32
  },
  "counts": {
    "fit": 29460566.0,
    "search_dev": 7366000.0,
    "sealed_test": 3670609.0
  },
  "search": {
    "initial_dev_nll": 5.3711323043558155,
    "best_dev_nll": 5.329462753441284,
    "dev_gain": 0.041669550914531506,
    "accepted": 295,
    "iterations": 1024
  },
  "sealed_evaluation": {
    "initial_test_nll": 5.372555192205883,
    "best_test_nll": 5.331227367356797,
    "random_test_nll": 5.434866010402404,
    "best_minus_initial": -0.0413278248490867,
    "best_minus_random": -0.1036386430456071
  },
  "structure": {
    "leaf_utilization": 1.0,
    "occupancy_entropy": 0.9272267515552008,
    "fold_conservation_max_abs": 1.3877787807814457e-17,
    "residual_closure_max_abs": 1.3877787807814457e-17
  },
  "embedding_index": {
    "token_leaf": [
      8,
      20,
      18,
      12,
      19,
      22,
      13,
      14,
      17,
      16,
      7,
      10,
      31,
      5,
      22,
      11,
      21,
      11,
      11,
      29,
      17,
      0,
      17,
      19,
      21,
      15,
      10,
      15,
      21,
      7,
      15,
      29,
      5,
      22,
      13,
      28,
      5,
      15,
      6,
      27,
      21,
      11,
      10,
      9,
      31,
      25,
      10,
      29,
      6,
      15,
      9,
      31,
      9,
      21,
      27,
      28,
      6,
      30,
      9,
      15,
      6,
      15,
      6,
      15,
      29,
      9,
      25,
      30,
      9,
      29,
      21,
      30,
      29,
      29,
      14,
      15,
      17,
      29,
      16,
      10,
      28,
      29,
      10,
      9,
      22,
      10,
      13,
      21,
      23,
      26,
      20,
      6,
      5,
      12,
      28,
      24,
      26,
      11,
      23,
      5,
      31,
      30,
      24,
      9,
      20,
      10,
      15,
      10,
      24,
      15,
      9,
      17,
      30,
      24,
      9,
      10,
      20,
      0,
      10,
      25,
      28,
      5,
      11,
      26,
      28,
      10,
      15,
      26,
      10,
      9,
      28,
      22,
      20,
      15,
      25,
      28,
      10,
      10,
      23,
      15,
      23,
      1,
      6,
      24,
      15,
      10,
      28,
      25,
      20,
      20,
      30,
      15,
      5,
      23,
      9,
      30,
      15,
      9,
      22,
      10,
      31,
      6,
      24,
      15,
      9,
      7,
      9,
      9,
      22,
      29,
      24,
      25,
      21,
      3,
      30,
      22,
      29,
      17,
      11,
      10,
      16,
      25,
      6,
      10,
      2,
      15,
      18,
      30,
      15,
      16,
      24,
      27,
      28,
      6,
      16,
      22,
      24,
      9,
      23,
      15,
      29,
      26,
      21,
      10,
      27,
      15,
      23,
      15,
      17,
      23,
      8,
      10,
      20,
      29,
      17,
      27,
      28,
      28,
      26,
      25,
      1,
      9,
      10,
      21,
      5,
      21,
      10,
      22,
      10,
      25,
      10,
      31,
      25,
      28,
      24,
      6,
      20,
      24,
      28,
      20,
      28,
      20,
      20,
      28,
      10,
      10,
      25,
      28,
      5,
      23,
      24,
      10,
      27,
      28,
      29,
      29,
      22,
      8,
      6,
      31,
      1,
      20,
      9,
      22,
      20,
      30,
      24,
      27,
      27,
      22,
      25,
      15,
      20,
      15,
      28,
      24,
      9,
      20,
      25,
      24,
      10,
      20,
      25,
      22,
      7,
      30,
      31,
      22,
      24,
      10,
      22,
      30,
      27,
      17,
      15,
      9,
      9,
      26,
      28,
      25,
      24,
      20,
      25,
      25,
      24,
      28,
      10,
      31,
      28,
      6,
      9,
      30,
      24,
      20,
      30,
      15,
      21,
      24,
      28,
      20,
      10,
      27,
      5,
      21,
      28,
      31,
      20,
      9,
      24,
      31,
      8,
      24,
      10,
      15,
      10,
      8,
      17,
      20,
      20,
      26,
      28,
      6,
      1,
      20,
      6,
      23,
      5,
      28,
      15,
      30,
      23,
      24,
      6,
      23,
      24,
      10,
      17,
      10,
      26,
      22,
      5,
      24,
      17,
      26,
      7,
      25,
      26,
      6,
      25,
      24,
      6,
      9,
      20,
      25,
      6,
      22,
      15,
      24,
      9,
      25,
      24,
      25,
      28,
      29,
      20,
      26,
      25,
      25,
      20,
      20,
      26,
      21,
      24,
      5,
      25,
      28,
      22,
      20,
      6,
      28,
      25,
      6,
      21,
      29,
      22,
      17,
      28,
      31,
      21,
      10,
      26,
      20,
      5,
      2,
      28,
      6,
      22,
      4,
      9,
      28,
      25,
      22,
      20,
      24,
      25,
      5,
      25,
      4,
      22,
      12,
      31,
      5,
      5,
      22,
      30,
      25,
      23,
      9,
      24,
      20,
      22,
      25,
      28,
      22,
      9,
      25,
      24,
      20,
      27,
      4,
      24,
      10,
      4,
      28,
      5,
      5,
      24,
      6,
      25,
      21,
      21,
      16,
      9,
      20,
      22,
      9,
      28,
      16,
      24,
      28,
      5,
      24,
      5,
      10,
      28,
      25,
      10,
      25,
      15,
      10,
      28,
      25,
      24,
      10,
      9,
      4,
      30,
      11,
      28,
      20,
      6,
      21,
      4,
      10,
      21,
      20,
      6,
      28,
      15,
      10,
      28,
      22,
      24,
      17,
      25,
      24,
      25,
      16,
      25,
      28,
      22,
      2
    ],
    "assignment_sha256": "d7a78b20d8e3a69fcf4e8487e4b457ff2f67e436517fb9280714310f1bd216d4"
  },
  "gates": {
    "finite": true,
    "accepted_at_least_one": true,
    "fold_conservation_le_1e_10": true,
    "residual_closure_le_1e_10": true,
    "dev_gain_ge_0_005": true,
    "sealed_test_not_worse_gt_0_01": true,
    "sealed_test_better_than_random": true,
    "leaf_utilization_ge_0_50": true,
    "checkpoint_reload_exact": true
  },
  "claim_supported": true,
  "checkpoint": {
    "path": "ara/s1-echo/evidence/s1_probability_residual_corpus_scale_a14/formal/runs/train_1000000_depth_5/embedding_checkpoint.pt",
    "sha256": "2b12b42c1e88e97fc40a14417c2d379ecb9f40dbb4aeef237f4f573a7e9a6407",
    "format": "treeheap_probability_residual_embedding_v1",
    "target_tokens": 512,
    "context_tokens": 1024,
    "leaves": 32,
    "route_dimensions": 5,
    "reload_assignment_exact": true,
    "reload_test_nll_abs_delta": 0.0,
    "reload_pass": true
  }
}
=== status=done exit=0 elapsed=5.0s 2026-09-24T01:07:14Z ===
