[plain] epoch=1 train=7.0469 valid=6.6203 bleu=0.410
[plain] epoch=2 train=5.9482 valid=6.4467 bleu=0.447
[plain] epoch=3 train=4.7303 valid=6.4703 bleu=0.743
[plain] epoch=4 train=3.4608 valid=6.6576 bleu=0.447
[plain] epoch=5 train=2.4398 valid=6.9563 bleu=0.795
[structured_mask] epoch=1 train=7.0598 valid=6.6313 bleu=0.198
[structured_mask] epoch=2 train=6.0389 valid=6.4759 bleu=0.710
[structured_mask] epoch=3 train=4.9714 valid=6.4695 bleu=0.652
[structured_mask] epoch=4 train=3.8720 valid=6.6047 bleu=0.312
[structured_mask] epoch=5 train=2.9605 valid=6.8020 bleu=0.389
[random_mask] epoch=1 train=7.0569 valid=6.6285 bleu=0.326
[random_mask] epoch=2 train=6.0174 valid=6.4664 bleu=0.339
[random_mask] epoch=3 train=4.9459 valid=6.4469 bleu=0.802
[random_mask] epoch=4 train=3.8424 valid=6.5907 bleu=0.658
[random_mask] epoch=5 train=2.9393 valid=6.7942 bleu=0.716
{
  "derived": {
    "clean_nll_gain_over_plain": 0.012400258351128457,
    "cut_nll_gain_over_plain": 0.07318713296979862,
    "cut_nll_gain_over_random_mask": 0.005096923381253227,
    "root_contribution_gain_over_plain": -0.00045539153065909943
  },
  "gates": {
    "P1_clean_s2_gain": false,
    "P2_structured_cut_gain": false,
    "P3_upper_state_causal_gain": false,
    "P4_beats_equal_random_mask": false,
    "P5_finite_and_nonempty": false
  },
  "decision": "not_supported"
}
