{"event": "pool_sampling_started", "required": 1034000}
{"event": "dataset_ready", "train_doses": [30000, 100000, 300000, 1000000], "train_sha256": {"30000": "50e7a7213af49b8e0c1f7e705aa80a7caa561e2dd36b3c42b67f68cf904120be", "100000": "871417858c7b8f4f1be53a4b0ddb345df6177aa902a4b92afeacc2095a97d06c", "300000": "be1a37b5a64081cca144886f2c8a0211f1ca50f8b39a723963cf3c21adb884b4", "1000000": "a4a254f3a965a20751b5b3322434876751ee3c93eae9fd89518179fd279a8fdf"}, "validation_rows": 2000, "validation_sha256": "86ac3b0fe60302b397416a6fabb8921f6890565ebb373cd04768fa72bddf6f76", "test_rows": 2000, "test_sha256": "b893d33aa433214f87a6c16ee357178beffb12adcde53576a5d178e2813660c0"}
{"event": "evaluation", "model": "h1", "dose": 30000, "step": 0, "cycle": 0, "train_nll_window": null, "valid_nll": 10.63186059468217, "elapsed_sec": 0.0}
{"event": "evaluation", "model": "h1", "dose": 30000, "step": 500, "cycle": 1, "sample_exposures": 32000, "train_nll_window": 6.935965870857239, "valid_nll": 6.437319503844317, "elapsed_sec": 110.30387878417969}
{"event": "evaluation", "model": "h1", "dose": 30000, "step": 1000, "cycle": 2, "sample_exposures": 64000, "train_nll_window": 4.98424386882782, "valid_nll": 6.299772479652573, "elapsed_sec": 220.59948563575745}
{"event": "evaluation", "model": "h1", "dose": 30000, "step": 1500, "cycle": 3, "sample_exposures": 96000, "train_nll_window": 3.628695877075195, "valid_nll": 6.391454122539835, "elapsed_sec": 328.2993230819702}
{"event": "evaluation", "model": "h1", "dose": 30000, "step": 2000, "cycle": 4, "sample_exposures": 128000, "train_nll_window": 2.8354619214534758, "valid_nll": 6.617481138614466, "elapsed_sec": 439.48746943473816}
{"event": "evaluation", "model": "h1", "dose": 30000, "step": 2500, "cycle": 5, "sample_exposures": 160000, "train_nll_window": 2.3033747596740723, "valid_nll": 6.889965029255449, "elapsed_sec": 546.9343214035034}
{"event": "evaluation", "model": "h1", "dose": 30000, "step": 3000, "cycle": 6, "sample_exposures": 192000, "train_nll_window": 1.8494659388065338, "valid_nll": 7.051647119600422, "elapsed_sec": 654.8487129211426}
{"event": "evaluation", "model": "h1", "dose": 30000, "step": 3500, "cycle": 7, "sample_exposures": 224000, "train_nll_window": 1.5333514932394028, "valid_nll": 7.368667129245296, "elapsed_sec": 766.7360479831696}
{"event": "evaluation", "model": "h1", "dose": 30000, "step": 4000, "cycle": 8, "sample_exposures": 256000, "train_nll_window": 1.2740279158353807, "valid_nll": 7.563466551258029, "elapsed_sec": 874.4723401069641}
{"event": "evaluation", "model": "h1", "dose": 30000, "step": 4500, "cycle": 9, "sample_exposures": 288000, "train_nll_window": 1.0430943393707275, "valid_nll": 7.7623475558878505, "elapsed_sec": 984.9453763961792}
{"event": "evaluation", "model": "h1", "dose": 30000, "step": 5000, "cycle": 10, "sample_exposures": 320000, "train_nll_window": 0.8746820046305657, "valid_nll": 7.965805225859495, "elapsed_sec": 1092.3444664478302}
{"event": "evaluation", "model": "h1", "dose": 30000, "step": 5500, "cycle": 11, "sample_exposures": 352000, "train_nll_window": 0.764509838104248, "valid_nll": 8.238372225233348, "elapsed_sec": 1202.194212436676}
{"event": "evaluation", "model": "h1", "dose": 30000, "step": 6000, "cycle": 12, "sample_exposures": 384000, "train_nll_window": 0.6608383023142814, "valid_nll": 8.424205863923028, "elapsed_sec": 1309.2051339149475}
{"event": "evaluation", "model": "h1", "dose": 30000, "step": 6500, "cycle": 13, "sample_exposures": 416000, "train_nll_window": 0.5861412047743797, "valid_nll": 8.642415646141863, "elapsed_sec": 1419.2925200462341}
{"event": "evaluation", "model": "h1", "dose": 30000, "step": 7000, "cycle": 14, "sample_exposures": 448000, "train_nll_window": 0.5111224721074105, "valid_nll": 8.785980491783937, "elapsed_sec": 1526.8674230575562}
{"event": "evaluation", "model": "h1", "dose": 30000, "step": 7500, "cycle": 15, "sample_exposures": 480000, "train_nll_window": 0.4482973674535751, "valid_nll": 9.044593803001558, "elapsed_sec": 1637.2919487953186}
{"event": "evaluation", "model": "h1", "dose": 30000, "step": 8000, "cycle": 17, "sample_exposures": 512000, "train_nll_window": 0.3798281637728214, "valid_nll": 9.186082164282732, "elapsed_sec": 1745.136929512024}
{"event": "evaluation", "model": "h1", "dose": 30000, "step": 8500, "cycle": 18, "sample_exposures": 544000, "train_nll_window": 0.3447922669053078, "valid_nll": 9.35295379821379, "elapsed_sec": 1852.4719214439392}
{"event": "evaluation", "model": "h1", "dose": 30000, "step": 9000, "cycle": 19, "sample_exposures": 576000, "train_nll_window": 0.31604343712329863, "valid_nll": 9.450740157634387, "elapsed_sec": 1962.7241921424866}
{"event": "evaluation", "model": "h1", "dose": 30000, "step": 9500, "cycle": 20, "sample_exposures": 608000, "train_nll_window": 0.29099034163355825, "valid_nll": 9.718509039762214, "elapsed_sec": 2071.2823238372803}
{"event": "evaluation", "model": "h1", "dose": 30000, "step": 10000, "cycle": 21, "sample_exposures": 640000, "train_nll_window": 0.27413565254211425, "valid_nll": 9.74579859831448, "elapsed_sec": 2181.492781162262}
{"event": "evaluation", "model": "h1", "dose": 30000, "step": 10500, "cycle": 22, "sample_exposures": 672000, "train_nll_window": 0.2502711723446846, "valid_nll": 9.821514855302224, "elapsed_sec": 2289.7553386688232}
{"event": "evaluation", "model": "h1", "dose": 30000, "step": 11000, "cycle": 23, "sample_exposures": 704000, "train_nll_window": 0.22398851096630096, "valid_nll": 10.037228290632804, "elapsed_sec": 2401.4151294231415}
{"event": "evaluation", "model": "h1", "dose": 30000, "step": 11500, "cycle": 24, "sample_exposures": 736000, "train_nll_window": 0.20753764362633229, "valid_nll": 10.159192078523628, "elapsed_sec": 2509.723383665085}
{"event": "evaluation", "model": "h1", "dose": 30000, "step": 12000, "cycle": 25, "sample_exposures": 768000, "train_nll_window": 0.19473442463576793, "valid_nll": 10.298191055981397, "elapsed_sec": 2619.8401217460632}
{"event": "evaluation", "model": "h1", "dose": 30000, "step": 12500, "cycle": 26, "sample_exposures": 800000, "train_nll_window": 0.18911069025099278, "valid_nll": 10.282861949512432, "elapsed_sec": 2728.4587943553925}
{"event": "evaluation", "model": "h1", "dose": 30000, "step": 13000, "cycle": 27, "sample_exposures": 832000, "train_nll_window": 0.17993060933053492, "valid_nll": 10.413845234748713, "elapsed_sec": 2839.1154112815857}
{"event": "evaluation", "model": "h1", "dose": 30000, "step": 13500, "cycle": 28, "sample_exposures": 864000, "train_nll_window": 0.16822351810336114, "valid_nll": 10.448471314934546, "elapsed_sec": 2947.372367620468}
{"event": "evaluation", "model": "h1", "dose": 30000, "step": 14000, "cycle": 29, "sample_exposures": 896000, "train_nll_window": 0.15925392954051495, "valid_nll": 10.527230299051002, "elapsed_sec": 3055.0144493579865}
{"event": "evaluation", "model": "h1", "dose": 30000, "step": 14500, "cycle": 30, "sample_exposures": 928000, "train_nll_window": 0.15133765704929827, "valid_nll": 10.59174067836587, "elapsed_sec": 3165.3020951747894}
{"event": "evaluation", "model": "h1", "dose": 30000, "step": 15000, "cycle": 31, "sample_exposures": 960000, "train_nll_window": 0.14966136786341666, "valid_nll": 10.637924704354731, "elapsed_sec": 3273.076690673828}
{"event": "evaluation", "model": "h1", "dose": 30000, "step": 15500, "cycle": 33, "sample_exposures": 992000, "train_nll_window": 0.14243641155958175, "valid_nll": 10.678072612485522, "elapsed_sec": 3383.1607842445374}
{"event": "evaluation", "model": "h1", "dose": 30000, "step": 15625, "cycle": 33, "sample_exposures": 1000000, "train_nll_window": 0.11647431057691573, "valid_nll": 10.797894699715037, "elapsed_sec": 3411.482182741165}
{"event": "evaluation", "model": "h1", "dose": 100000, "step": 0, "cycle": 0, "train_nll_window": null, "valid_nll": 10.63186059468217, "elapsed_sec": 0.0}
{"event": "evaluation", "model": "h1", "dose": 100000, "step": 500, "cycle": 0, "sample_exposures": 32000, "train_nll_window": 6.9817674417495725, "valid_nll": 6.272813552833033, "elapsed_sec": 110.24510979652405}
{"event": "evaluation", "model": "h1", "dose": 100000, "step": 1000, "cycle": 0, "sample_exposures": 64000, "train_nll_window": 6.041968758583069, "valid_nll": 5.7607073538132445, "elapsed_sec": 220.39907336235046}
{"event": "evaluation", "model": "h1", "dose": 100000, "step": 1500, "cycle": 0, "sample_exposures": 96000, "train_nll_window": 5.629209077835083, "valid_nll": 5.464597449943496, "elapsed_sec": 328.3559913635254}
{"event": "evaluation", "model": "h1", "dose": 100000, "step": 2000, "cycle": 1, "sample_exposures": 128000, "train_nll_window": 4.672019455909729, "valid_nll": 5.415971154666535, "elapsed_sec": 439.411333322525}
{"event": "evaluation", "model": "h1", "dose": 100000, "step": 2500, "cycle": 1, "sample_exposures": 160000, "train_nll_window": 4.650769814491272, "valid_nll": 5.311636796636434, "elapsed_sec": 547.1047523021698}
{"event": "evaluation", "model": "h1", "dose": 100000, "step": 3000, "cycle": 1, "sample_exposures": 192000, "train_nll_window": 4.661403164863587, "valid_nll": 5.198376094288242, "elapsed_sec": 657.9035391807556}
{"event": "evaluation", "model": "h1", "dose": 100000, "step": 3500, "cycle": 2, "sample_exposures": 224000, "train_nll_window": 3.8940766286849975, "valid_nll": 5.29211988775892, "elapsed_sec": 766.7102339267731}
{"event": "evaluation", "model": "h1", "dose": 100000, "step": 4000, "cycle": 2, "sample_exposures": 256000, "train_nll_window": 3.8457007703781128, "valid_nll": 5.267113090691187, "elapsed_sec": 875.4245998859406}
{"event": "evaluation", "model": "h1", "dose": 100000, "step": 4500, "cycle": 2, "sample_exposures": 288000, "train_nll_window": 3.9920121574401857, "valid_nll": 5.22741221058917, "elapsed_sec": 985.74533867836}
{"event": "evaluation", "model": "h1", "dose": 100000, "step": 5000, "cycle": 3, "sample_exposures": 320000, "train_nll_window": 3.492665080547333, "valid_nll": 5.295986004650975, "elapsed_sec": 1093.8298649787903}
{"event": "evaluation", "model": "h1", "dose": 100000, "step": 5500, "cycle": 3, "sample_exposures": 352000, "train_nll_window": 3.351223906040192, "valid_nll": 5.3224461395181955, "elapsed_sec": 1204.6233389377594}
{"event": "evaluation", "model": "h1", "dose": 100000, "step": 6000, "cycle": 3, "sample_exposures": 384000, "train_nll_window": 3.521838954925537, "valid_nll": 5.3177085891843445, "elapsed_sec": 1312.4839153289795}
{"event": "evaluation", "model": "h1", "dose": 100000, "step": 6500, "cycle": 4, "sample_exposures": 416000, "train_nll_window": 3.1957135491371154, "valid_nll": 5.430750939220494, "elapsed_sec": 1423.9159014225006}
{"event": "evaluation", "model": "h1", "dose": 100000, "step": 7000, "cycle": 4, "sample_exposures": 448000, "train_nll_window": 2.9781702461242676, "valid_nll": 5.411892260321319, "elapsed_sec": 1531.8148667812347}
{"event": "evaluation", "model": "h1", "dose": 100000, "step": 7500, "cycle": 4, "sample_exposures": 480000, "train_nll_window": 3.1831313157081604, "valid_nll": 5.440538599235837, "elapsed_sec": 1642.5953397750854}
{"event": "evaluation", "model": "h1", "dose": 100000, "step": 8000, "cycle": 5, "sample_exposures": 512000, "train_nll_window": 2.994223555326462, "valid_nll": 5.506935249314153, "elapsed_sec": 1751.7204949855804}
{"event": "evaluation", "model": "h1", "dose": 100000, "step": 8500, "cycle": 5, "sample_exposures": 544000, "train_nll_window": 2.6868306188583375, "valid_nll": 5.553401029699205, "elapsed_sec": 1861.7043888568878}
{"event": "evaluation", "model": "h1", "dose": 100000, "step": 9000, "cycle": 5, "sample_exposures": 576000, "train_nll_window": 2.8921275100708006, "valid_nll": 5.523851137635524, "elapsed_sec": 1969.1626889705658}
{"event": "evaluation", "model": "h1", "dose": 100000, "step": 9500, "cycle": 6, "sample_exposures": 608000, "train_nll_window": 2.8270615131855013, "valid_nll": 5.620818929288637, "elapsed_sec": 2079.8960103988647}
{"event": "evaluation", "model": "h1", "dose": 100000, "step": 10000, "cycle": 6, "sample_exposures": 640000, "train_nll_window": 2.426704302310944, "valid_nll": 5.633279414630122, "elapsed_sec": 2187.8984484672546}
{"event": "evaluation", "model": "h1", "dose": 100000, "step": 10500, "cycle": 6, "sample_exposures": 672000, "train_nll_window": 2.652960862159729, "valid_nll": 5.656936148342779, "elapsed_sec": 2295.470060825348}
{"event": "evaluation", "model": "h1", "dose": 100000, "step": 11000, "cycle": 7, "sample_exposures": 704000, "train_nll_window": 2.700516964673996, "valid_nll": 5.678716776779066, "elapsed_sec": 2405.203055858612}
{"event": "evaluation", "model": "h1", "dose": 100000, "step": 11500, "cycle": 7, "sample_exposures": 736000, "train_nll_window": 2.2068896553516386, "valid_nll": 5.785438125588776, "elapsed_sec": 2512.2633233070374}
{"event": "evaluation", "model": "h1", "dose": 100000, "step": 12000, "cycle": 7, "sample_exposures": 768000, "train_nll_window": 2.428922939777374, "valid_nll": 5.765840796250263, "elapsed_sec": 2622.664630651474}
{"event": "evaluation", "model": "h1", "dose": 100000, "step": 12500, "cycle": 7, "sample_exposures": 800000, "train_nll_window": 2.5862086515426634, "valid_nll": 5.709576661522421, "elapsed_sec": 2730.795695543289}
{"event": "evaluation", "model": "h1", "dose": 100000, "step": 13000, "cycle": 8, "sample_exposures": 832000, "train_nll_window": 2.0359951190948484, "valid_nll": 5.862549162322733, "elapsed_sec": 2841.407648086548}
{"event": "evaluation", "model": "h1", "dose": 100000, "step": 13500, "cycle": 8, "sample_exposures": 864000, "train_nll_window": 2.2466660838127135, "valid_nll": 5.866565010816548, "elapsed_sec": 2949.4642028808594}
{"event": "evaluation", "model": "h1", "dose": 100000, "step": 14000, "cycle": 8, "sample_exposures": 896000, "train_nll_window": 2.4113777749538423, "valid_nll": 5.8587153524356745, "elapsed_sec": 3059.2466015815735}
{"event": "evaluation", "model": "h1", "dose": 100000, "step": 14500, "cycle": 9, "sample_exposures": 928000, "train_nll_window": 1.9534271001815795, "valid_nll": 6.0056337694954065, "elapsed_sec": 3167.1280715465546}
{"event": "evaluation", "model": "h1", "dose": 100000, "step": 15000, "cycle": 9, "sample_exposures": 960000, "train_nll_window": 2.0710583086013794, "valid_nll": 5.964138640526518, "elapsed_sec": 3277.1897790431976}
{"event": "evaluation", "model": "h1", "dose": 100000, "step": 15500, "cycle": 9, "sample_exposures": 992000, "train_nll_window": 2.2445438787937166, "valid_nll": 5.974424662811381, "elapsed_sec": 3385.1095983982086}
{"event": "evaluation", "model": "h1", "dose": 100000, "step": 15625, "cycle": 9, "sample_exposures": 1000000, "train_nll_window": 2.3415345048904417, "valid_nll": 5.957615574536877, "elapsed_sec": 3413.9580817222595}
{"event": "evaluation", "model": "h1", "dose": 300000, "step": 0, "cycle": 0, "train_nll_window": null, "valid_nll": 10.63186059468217, "elapsed_sec": 0.0}
{"event": "evaluation", "model": "h1", "dose": 300000, "step": 500, "cycle": 0, "sample_exposures": 32000, "train_nll_window": 7.052930232048035, "valid_nll": 6.288688191194361, "elapsed_sec": 113.09937644004822}
{"event": "evaluation", "model": "h1", "dose": 300000, "step": 1000, "cycle": 0, "sample_exposures": 64000, "train_nll_window": 6.057461541175842, "valid_nll": 5.754304393347235, "elapsed_sec": 220.1059694290161}
{"event": "evaluation", "model": "h1", "dose": 300000, "step": 1500, "cycle": 0, "sample_exposures": 96000, "train_nll_window": 5.624595746994019, "valid_nll": 5.454408488228719, "elapsed_sec": 329.7693302631378}
{"event": "evaluation", "model": "h1", "dose": 300000, "step": 2000, "cycle": 0, "sample_exposures": 128000, "train_nll_window": 5.376542552947998, "valid_nll": 5.257101771597606, "elapsed_sec": 436.766393661499}
{"event": "evaluation", "model": "h1", "dose": 300000, "step": 2500, "cycle": 0, "sample_exposures": 160000, "train_nll_window": 5.212175514221191, "valid_nll": 5.114788224699336, "elapsed_sec": 543.959951877594}
{"event": "evaluation", "model": "h1", "dose": 300000, "step": 3000, "cycle": 0, "sample_exposures": 192000, "train_nll_window": 5.091320333480835, "valid_nll": 4.991969749978376, "elapsed_sec": 653.4892973899841}
{"event": "evaluation", "model": "h1", "dose": 300000, "step": 3500, "cycle": 0, "sample_exposures": 224000, "train_nll_window": 4.989245318412781, "valid_nll": 4.899734598523196, "elapsed_sec": 761.0132896900177}
{"event": "evaluation", "model": "h1", "dose": 300000, "step": 4000, "cycle": 0, "sample_exposures": 256000, "train_nll_window": 4.8908375606536865, "valid_nll": 4.8273875137439735, "elapsed_sec": 871.4568619728088}
{"event": "evaluation", "model": "h1", "dose": 300000, "step": 4500, "cycle": 0, "sample_exposures": 288000, "train_nll_window": 4.812682465553284, "valid_nll": 4.768905617154359, "elapsed_sec": 978.7504348754883}
{"event": "evaluation", "model": "h1", "dose": 300000, "step": 5000, "cycle": 1, "sample_exposures": 320000, "train_nll_window": 4.411289936065674, "valid_nll": 4.7411736432365315, "elapsed_sec": 1089.63938331604}
{"event": "evaluation", "model": "h1", "dose": 300000, "step": 5500, "cycle": 1, "sample_exposures": 352000, "train_nll_window": 4.236570219039917, "valid_nll": 4.734904328811083, "elapsed_sec": 1196.7601158618927}
{"event": "evaluation", "model": "h1", "dose": 300000, "step": 6000, "cycle": 1, "sample_exposures": 384000, "train_nll_window": 4.271213705062866, "valid_nll": 4.683760165780878, "elapsed_sec": 1306.915969133377}
{"event": "evaluation", "model": "h1", "dose": 300000, "step": 6500, "cycle": 1, "sample_exposures": 416000, "train_nll_window": 4.2717600026130675, "valid_nll": 4.657664791212647, "elapsed_sec": 1414.4676835536957}
{"event": "evaluation", "model": "h1", "dose": 300000, "step": 7000, "cycle": 1, "sample_exposures": 448000, "train_nll_window": 4.296167373180389, "valid_nll": 4.608528532230587, "elapsed_sec": 1524.8655543327332}
{"event": "evaluation", "model": "h1", "dose": 300000, "step": 7500, "cycle": 1, "sample_exposures": 480000, "train_nll_window": 4.269490178585053, "valid_nll": 4.583890278139479, "elapsed_sec": 1632.3563995361328}
{"event": "evaluation", "model": "h1", "dose": 300000, "step": 8000, "cycle": 1, "sample_exposures": 512000, "train_nll_window": 4.281473087787628, "valid_nll": 4.542732575033047, "elapsed_sec": 1739.6228828430176}
{"event": "evaluation", "model": "h1", "dose": 300000, "step": 8500, "cycle": 1, "sample_exposures": 544000, "train_nll_window": 4.2532895350456235, "valid_nll": 4.493455769378121, "elapsed_sec": 1849.6298296451569}
{"event": "evaluation", "model": "h1", "dose": 300000, "step": 9000, "cycle": 1, "sample_exposures": 576000, "train_nll_window": 4.243776731491089, "valid_nll": 4.4805110866094795, "elapsed_sec": 1957.1845426559448}
{"event": "evaluation", "model": "h1", "dose": 300000, "step": 9500, "cycle": 2, "sample_exposures": 608000, "train_nll_window": 4.065044390201568, "valid_nll": 4.465433524530672, "elapsed_sec": 2067.588453054428}
{"event": "evaluation", "model": "h1", "dose": 300000, "step": 10000, "cycle": 2, "sample_exposures": 640000, "train_nll_window": 3.6899422850608827, "valid_nll": 4.484979034858101, "elapsed_sec": 2175.0909519195557}
{"event": "evaluation", "model": "h1", "dose": 300000, "step": 10500, "cycle": 2, "sample_exposures": 672000, "train_nll_window": 3.7311634635925293, "valid_nll": 4.474353269361669, "elapsed_sec": 2284.6173782348633}
{"event": "evaluation", "model": "h1", "dose": 300000, "step": 11000, "cycle": 2, "sample_exposures": 704000, "train_nll_window": 3.7924579901695252, "valid_nll": 4.46744733763543, "elapsed_sec": 2391.8821403980255}
{"event": "evaluation", "model": "h1", "dose": 300000, "step": 11500, "cycle": 2, "sample_exposures": 736000, "train_nll_window": 3.8318634090423584, "valid_nll": 4.4383875997980535, "elapsed_sec": 2501.468333721161}
{"event": "evaluation", "model": "h1", "dose": 300000, "step": 12000, "cycle": 2, "sample_exposures": 768000, "train_nll_window": 3.85344913482666, "valid_nll": 4.410897199425938, "elapsed_sec": 2608.218991756439}
{"event": "evaluation", "model": "h1", "dose": 300000, "step": 12500, "cycle": 2, "sample_exposures": 800000, "train_nll_window": 3.849257431983948, "valid_nll": 4.37413716388669, "elapsed_sec": 2718.003515481949}
{"event": "evaluation", "model": "h1", "dose": 300000, "step": 13000, "cycle": 2, "sample_exposures": 832000, "train_nll_window": 3.849955776691437, "valid_nll": 4.356579336808323, "elapsed_sec": 2825.3287613391876}
{"event": "evaluation", "model": "h1", "dose": 300000, "step": 13500, "cycle": 2, "sample_exposures": 864000, "train_nll_window": 3.8770130953788757, "valid_nll": 4.359226142453847, "elapsed_sec": 2932.598277568817}
{"event": "evaluation", "model": "h1", "dose": 300000, "step": 14000, "cycle": 2, "sample_exposures": 896000, "train_nll_window": 3.8873220677375793, "valid_nll": 4.318615656918454, "elapsed_sec": 3042.38108086586}
{"event": "evaluation", "model": "h1", "dose": 300000, "step": 14500, "cycle": 3, "sample_exposures": 928000, "train_nll_window": 3.396718550682068, "valid_nll": 4.37831146617584, "elapsed_sec": 3150.2900462150574}
{"event": "evaluation", "model": "h1", "dose": 300000, "step": 15000, "cycle": 3, "sample_exposures": 960000, "train_nll_window": 3.404236175060272, "valid_nll": 4.366559046672395, "elapsed_sec": 3260.387663602829}
{"event": "evaluation", "model": "h1", "dose": 300000, "step": 15500, "cycle": 3, "sample_exposures": 992000, "train_nll_window": 3.4592788195610047, "valid_nll": 4.3674305315292274, "elapsed_sec": 3367.6069021224976}
{"event": "evaluation", "model": "h1", "dose": 300000, "step": 15625, "cycle": 3, "sample_exposures": 1000000, "train_nll_window": 3.494962631225586, "valid_nll": 4.3592690042311935, "elapsed_sec": 3396.588455438614}
{"event": "evaluation", "model": "h1", "dose": 1000000, "step": 0, "cycle": 0, "train_nll_window": null, "valid_nll": 10.63186059468217, "elapsed_sec": 0.0}
{"event": "evaluation", "model": "h1", "dose": 1000000, "step": 500, "cycle": 0, "sample_exposures": 32000, "train_nll_window": 7.00938311958313, "valid_nll": 6.282957026931137, "elapsed_sec": 113.10229301452637}
{"event": "evaluation", "model": "h1", "dose": 1000000, "step": 1000, "cycle": 0, "sample_exposures": 64000, "train_nll_window": 6.030794763565064, "valid_nll": 5.739056133349567, "elapsed_sec": 220.75199937820435}
{"event": "evaluation", "model": "h1", "dose": 1000000, "step": 1500, "cycle": 0, "sample_exposures": 96000, "train_nll_window": 5.652583666801453, "valid_nll": 5.455309055633301, "elapsed_sec": 330.484512090683}
{"event": "evaluation", "model": "h1", "dose": 1000000, "step": 2000, "cycle": 0, "sample_exposures": 128000, "train_nll_window": 5.390682451248169, "valid_nll": 5.2623545556777245, "elapsed_sec": 437.6205725669861}
{"event": "evaluation", "model": "h1", "dose": 1000000, "step": 2500, "cycle": 0, "sample_exposures": 160000, "train_nll_window": 5.227941722869873, "valid_nll": 5.118476364772462, "elapsed_sec": 547.7660105228424}
{"event": "evaluation", "model": "h1", "dose": 1000000, "step": 3000, "cycle": 0, "sample_exposures": 192000, "train_nll_window": 5.09987208366394, "valid_nll": 5.010331697199168, "elapsed_sec": 655.118185043335}
{"event": "evaluation", "model": "h1", "dose": 1000000, "step": 3500, "cycle": 0, "sample_exposures": 224000, "train_nll_window": 4.994851729393005, "valid_nll": 4.926831435158765, "elapsed_sec": 766.6387124061584}
{"event": "evaluation", "model": "h1", "dose": 1000000, "step": 4000, "cycle": 0, "sample_exposures": 256000, "train_nll_window": 4.9077446165084835, "valid_nll": 4.84174360902291, "elapsed_sec": 873.8707654476166}
{"event": "evaluation", "model": "h1", "dose": 1000000, "step": 4500, "cycle": 0, "sample_exposures": 288000, "train_nll_window": 4.836583210945129, "valid_nll": 4.7836070782462805, "elapsed_sec": 981.0687763690948}
{"event": "evaluation", "model": "h1", "dose": 1000000, "step": 5000, "cycle": 0, "sample_exposures": 320000, "train_nll_window": 4.7690040273666385, "valid_nll": 4.714545586862383, "elapsed_sec": 1090.8263597488403}
{"event": "evaluation", "model": "h1", "dose": 1000000, "step": 5500, "cycle": 0, "sample_exposures": 352000, "train_nll_window": 4.734106119155884, "valid_nll": 4.655454014450739, "elapsed_sec": 1197.746167898178}
{"event": "evaluation", "model": "h1", "dose": 1000000, "step": 6000, "cycle": 0, "sample_exposures": 384000, "train_nll_window": 4.659978219985962, "valid_nll": 4.6021048625226575, "elapsed_sec": 1307.853066444397}
{"event": "evaluation", "model": "h1", "dose": 1000000, "step": 6500, "cycle": 0, "sample_exposures": 416000, "train_nll_window": 4.6279621639251705, "valid_nll": 4.560658618235309, "elapsed_sec": 1414.8665328025818}
{"event": "evaluation", "model": "h1", "dose": 1000000, "step": 7000, "cycle": 0, "sample_exposures": 448000, "train_nll_window": 4.579572231292724, "valid_nll": 4.519763062033915, "elapsed_sec": 1524.9793508052826}
{"event": "evaluation", "model": "h1", "dose": 1000000, "step": 7500, "cycle": 0, "sample_exposures": 480000, "train_nll_window": 4.51741761302948, "valid_nll": 4.4648437426549945, "elapsed_sec": 1631.59334897995}
{"event": "evaluation", "model": "h1", "dose": 1000000, "step": 8000, "cycle": 0, "sample_exposures": 512000, "train_nll_window": 4.482412446975708, "valid_nll": 4.43981277317543, "elapsed_sec": 1741.4329407215118}
{"event": "evaluation", "model": "h1", "dose": 1000000, "step": 8500, "cycle": 0, "sample_exposures": 544000, "train_nll_window": 4.4477133417129515, "valid_nll": 4.4166987912707025, "elapsed_sec": 1849.2058243751526}
{"event": "evaluation", "model": "h1", "dose": 1000000, "step": 9000, "cycle": 0, "sample_exposures": 576000, "train_nll_window": 4.414587775707245, "valid_nll": 4.364721678953, "elapsed_sec": 1956.7148671150208}
{"event": "evaluation", "model": "h1", "dose": 1000000, "step": 9500, "cycle": 0, "sample_exposures": 608000, "train_nll_window": 4.369018370628357, "valid_nll": 4.338344421450987, "elapsed_sec": 2067.19766163826}
{"event": "evaluation", "model": "h1", "dose": 1000000, "step": 10000, "cycle": 0, "sample_exposures": 640000, "train_nll_window": 4.343225037097931, "valid_nll": 4.3049064325674475, "elapsed_sec": 2174.709426879883}
{"event": "evaluation", "model": "h1", "dose": 1000000, "step": 10500, "cycle": 0, "sample_exposures": 672000, "train_nll_window": 4.3057569351196285, "valid_nll": 4.290830159948357, "elapsed_sec": 2284.995754003525}
{"event": "evaluation", "model": "h1", "dose": 1000000, "step": 11000, "cycle": 0, "sample_exposures": 704000, "train_nll_window": 4.303911917686462, "valid_nll": 4.257312117854074, "elapsed_sec": 2392.4869644641876}
{"event": "evaluation", "model": "h1", "dose": 1000000, "step": 11500, "cycle": 0, "sample_exposures": 736000, "train_nll_window": 4.266497549057007, "valid_nll": 4.244000239917247, "elapsed_sec": 2503.4640035629272}
{"event": "evaluation", "model": "h1", "dose": 1000000, "step": 12000, "cycle": 0, "sample_exposures": 768000, "train_nll_window": 4.2370793266296385, "valid_nll": 4.219244080131538, "elapsed_sec": 2611.2860844135284}
{"event": "evaluation", "model": "h1", "dose": 1000000, "step": 12500, "cycle": 0, "sample_exposures": 800000, "train_nll_window": 4.215482572078705, "valid_nll": 4.190259437626452, "elapsed_sec": 2721.069004058838}
{"event": "evaluation", "model": "h1", "dose": 1000000, "step": 13000, "cycle": 0, "sample_exposures": 832000, "train_nll_window": 4.187060348987579, "valid_nll": 4.166552912124124, "elapsed_sec": 2828.5348072052}
{"event": "evaluation", "model": "h1", "dose": 1000000, "step": 13500, "cycle": 0, "sample_exposures": 864000, "train_nll_window": 4.154613090515137, "valid_nll": 4.146455920450187, "elapsed_sec": 2938.2782859802246}
{"event": "evaluation", "model": "h1", "dose": 1000000, "step": 14000, "cycle": 0, "sample_exposures": 896000, "train_nll_window": 4.173680912971497, "valid_nll": 4.115666085020608, "elapsed_sec": 3045.5477623939514}
{"event": "evaluation", "model": "h1", "dose": 1000000, "step": 14500, "cycle": 0, "sample_exposures": 928000, "train_nll_window": 4.1391362557411195, "valid_nll": 4.119290587969422, "elapsed_sec": 3152.4067933559418}
{"event": "evaluation", "model": "h1", "dose": 1000000, "step": 15000, "cycle": 0, "sample_exposures": 960000, "train_nll_window": 4.108811485290527, "valid_nll": 4.088104981629261, "elapsed_sec": 3261.791020154953}
{"event": "evaluation", "model": "h1", "dose": 1000000, "step": 15500, "cycle": 0, "sample_exposures": 992000, "train_nll_window": 4.106708045482636, "valid_nll": 4.060870091950062, "elapsed_sec": 3368.6038086414337}
{"event": "evaluation", "model": "h1", "dose": 1000000, "step": 15625, "cycle": 0, "sample_exposures": 1000000, "train_nll_window": 4.108649932861328, "valid_nll": 4.053605059251275, "elapsed_sec": 3397.66744017601}
{"event": "evaluation", "model": "flat", "dose": 30000, "step": 0, "cycle": 0, "train_nll_window": null, "valid_nll": 10.382035648189062, "elapsed_sec": 0.0}
{"event": "evaluation", "model": "flat", "dose": 30000, "step": 500, "cycle": 1, "sample_exposures": 32000, "train_nll_window": 7.077070527076721, "valid_nll": 6.399961419626136, "elapsed_sec": 30.82487654685974}
{"event": "evaluation", "model": "flat", "dose": 30000, "step": 1000, "cycle": 2, "sample_exposures": 64000, "train_nll_window": 5.411191956520081, "valid_nll": 6.052030738200044, "elapsed_sec": 60.71804428100586}
{"event": "evaluation", "model": "flat", "dose": 30000, "step": 1500, "cycle": 3, "sample_exposures": 96000, "train_nll_window": 4.103054159641266, "valid_nll": 6.0767484799365015, "elapsed_sec": 90.98243689537048}
{"event": "evaluation", "model": "flat", "dose": 30000, "step": 2000, "cycle": 4, "sample_exposures": 128000, "train_nll_window": 3.113357518672943, "valid_nll": 6.264522999502655, "elapsed_sec": 121.420814037323}
{"event": "evaluation", "model": "flat", "dose": 30000, "step": 2500, "cycle": 5, "sample_exposures": 160000, "train_nll_window": 2.4072126886844636, "valid_nll": 6.487308804375367, "elapsed_sec": 151.5369052886963}
{"event": "evaluation", "model": "flat", "dose": 30000, "step": 3000, "cycle": 6, "sample_exposures": 192000, "train_nll_window": 1.8935658240318298, "valid_nll": 6.729191071670327, "elapsed_sec": 181.93355298042297}
{"event": "evaluation", "model": "flat", "dose": 30000, "step": 3500, "cycle": 7, "sample_exposures": 224000, "train_nll_window": 1.5183758244514465, "valid_nll": 7.004191316993498, "elapsed_sec": 211.8354618549347}
{"event": "evaluation", "model": "flat", "dose": 30000, "step": 4000, "cycle": 8, "sample_exposures": 256000, "train_nll_window": 1.23146282684803, "valid_nll": 7.258890247290457, "elapsed_sec": 241.79301571846008}
{"event": "evaluation", "model": "flat", "dose": 30000, "step": 4500, "cycle": 9, "sample_exposures": 288000, "train_nll_window": 1.0004234528541565, "valid_nll": 7.507658886563036, "elapsed_sec": 272.02910327911377}
{"event": "evaluation", "model": "flat", "dose": 30000, "step": 5000, "cycle": 10, "sample_exposures": 320000, "train_nll_window": 0.8260293955802918, "valid_nll": 7.746649575917033, "elapsed_sec": 302.5822126865387}
{"event": "evaluation", "model": "flat", "dose": 30000, "step": 5500, "cycle": 11, "sample_exposures": 352000, "train_nll_window": 0.6927482404708862, "valid_nll": 8.00721413915835, "elapsed_sec": 331.91755294799805}
{"event": "evaluation", "model": "flat", "dose": 30000, "step": 6000, "cycle": 12, "sample_exposures": 384000, "train_nll_window": 0.5767810550928116, "valid_nll": 8.217625744137159, "elapsed_sec": 362.20252895355225}
{"event": "evaluation", "model": "flat", "dose": 30000, "step": 6500, "cycle": 13, "sample_exposures": 416000, "train_nll_window": 0.4979944424033165, "valid_nll": 8.42435299906548, "elapsed_sec": 392.3820369243622}
{"event": "evaluation", "model": "flat", "dose": 30000, "step": 7000, "cycle": 14, "sample_exposures": 448000, "train_nll_window": 0.42697491943836213, "valid_nll": 8.648208188940327, "elapsed_sec": 422.36809754371643}
{"event": "evaluation", "model": "flat", "dose": 30000, "step": 7500, "cycle": 15, "sample_exposures": 480000, "train_nll_window": 0.3778846344053745, "valid_nll": 8.857037349292247, "elapsed_sec": 452.3090000152588}
{"event": "evaluation", "model": "flat", "dose": 30000, "step": 8000, "cycle": 17, "sample_exposures": 512000, "train_nll_window": 0.32803679567575456, "valid_nll": 9.080037169251481, "elapsed_sec": 482.60166025161743}
{"event": "evaluation", "model": "flat", "dose": 30000, "step": 8500, "cycle": 18, "sample_exposures": 544000, "train_nll_window": 0.2996485169529915, "valid_nll": 9.219939185708053, "elapsed_sec": 512.3250825405121}
{"event": "evaluation", "model": "flat", "dose": 30000, "step": 9000, "cycle": 19, "sample_exposures": 576000, "train_nll_window": 0.26552195206284523, "valid_nll": 9.385729862581417, "elapsed_sec": 542.6323537826538}
{"event": "evaluation", "model": "flat", "dose": 30000, "step": 9500, "cycle": 20, "sample_exposures": 608000, "train_nll_window": 0.23964086216688157, "valid_nll": 9.543138008297857, "elapsed_sec": 573.0523591041565}
{"event": "evaluation", "model": "flat", "dose": 30000, "step": 10000, "cycle": 21, "sample_exposures": 640000, "train_nll_window": 0.2236424139738083, "valid_nll": 9.720259611556173, "elapsed_sec": 603.7501447200775}
{"event": "evaluation", "model": "flat", "dose": 30000, "step": 10500, "cycle": 22, "sample_exposures": 672000, "train_nll_window": 0.21576991382241248, "valid_nll": 9.836451540182937, "elapsed_sec": 633.6818013191223}
{"event": "evaluation", "model": "flat", "dose": 30000, "step": 11000, "cycle": 23, "sample_exposures": 704000, "train_nll_window": 0.21116192995011807, "valid_nll": 9.973116546780513, "elapsed_sec": 664.0292317867279}
{"event": "evaluation", "model": "flat", "dose": 30000, "step": 11500, "cycle": 24, "sample_exposures": 736000, "train_nll_window": 0.19893248496949673, "valid_nll": 10.091426774882292, "elapsed_sec": 693.9745945930481}
{"event": "evaluation", "model": "flat", "dose": 30000, "step": 12000, "cycle": 25, "sample_exposures": 768000, "train_nll_window": 0.17855237339437008, "valid_nll": 10.17844600316552, "elapsed_sec": 724.2900290489197}
{"event": "evaluation", "model": "flat", "dose": 30000, "step": 12500, "cycle": 26, "sample_exposures": 800000, "train_nll_window": 0.1648979034423828, "valid_nll": 10.269282195566579, "elapsed_sec": 754.7708463668823}
{"event": "evaluation", "model": "flat", "dose": 30000, "step": 13000, "cycle": 27, "sample_exposures": 832000, "train_nll_window": 0.1568271477520466, "valid_nll": 10.371936817032044, "elapsed_sec": 784.9142978191376}
{"event": "evaluation", "model": "flat", "dose": 30000, "step": 13500, "cycle": 28, "sample_exposures": 864000, "train_nll_window": 0.15113841393589975, "valid_nll": 10.464639889383047, "elapsed_sec": 815.1877534389496}
{"event": "evaluation", "model": "flat", "dose": 30000, "step": 14000, "cycle": 29, "sample_exposures": 896000, "train_nll_window": 0.15104814302921296, "valid_nll": 10.550708688694474, "elapsed_sec": 844.7100450992584}
{"event": "evaluation", "model": "flat", "dose": 30000, "step": 14500, "cycle": 30, "sample_exposures": 928000, "train_nll_window": 0.1561617646664381, "valid_nll": 10.671259988031755, "elapsed_sec": 874.6270043849945}
{"event": "evaluation", "model": "flat", "dose": 30000, "step": 15000, "cycle": 31, "sample_exposures": 960000, "train_nll_window": 0.16105524790287018, "valid_nll": 10.737644570266667, "elapsed_sec": 904.8955738544464}
{"event": "evaluation", "model": "flat", "dose": 30000, "step": 15500, "cycle": 33, "sample_exposures": 992000, "train_nll_window": 0.14852359081804753, "valid_nll": 10.855778239135503, "elapsed_sec": 935.3684945106506}
{"event": "evaluation", "model": "flat", "dose": 30000, "step": 15625, "cycle": 33, "sample_exposures": 1000000, "train_nll_window": 0.1198372762799263, "valid_nll": 10.815540560352202, "elapsed_sec": 943.1665465831757}
{"event": "evaluation", "model": "flat", "dose": 100000, "step": 0, "cycle": 0, "train_nll_window": null, "valid_nll": 10.382035648189062, "elapsed_sec": 0.0}
{"event": "evaluation", "model": "flat", "dose": 100000, "step": 500, "cycle": 0, "sample_exposures": 32000, "train_nll_window": 7.109906167030334, "valid_nll": 6.3803276003022145, "elapsed_sec": 29.9028742313385}
{"event": "evaluation", "model": "flat", "dose": 100000, "step": 1000, "cycle": 0, "sample_exposures": 64000, "train_nll_window": 6.119317467689514, "valid_nll": 5.792053485240183, "elapsed_sec": 60.50201177597046}
{"event": "evaluation", "model": "flat", "dose": 100000, "step": 1500, "cycle": 0, "sample_exposures": 96000, "train_nll_window": 5.6503568487167355, "valid_nll": 5.457425529874545, "elapsed_sec": 90.28486466407776}
{"event": "evaluation", "model": "flat", "dose": 100000, "step": 2000, "cycle": 1, "sample_exposures": 128000, "train_nll_window": 4.782998202323913, "valid_nll": 5.34043179845447, "elapsed_sec": 121.27824449539185}
{"event": "evaluation", "model": "flat", "dose": 100000, "step": 2500, "cycle": 1, "sample_exposures": 160000, "train_nll_window": 4.702003603935242, "valid_nll": 5.2270393156970165, "elapsed_sec": 151.66040301322937}
{"event": "evaluation", "model": "flat", "dose": 100000, "step": 3000, "cycle": 1, "sample_exposures": 192000, "train_nll_window": 4.676901549339294, "valid_nll": 5.114699981807892, "elapsed_sec": 181.72183847427368}
{"event": "evaluation", "model": "flat", "dose": 100000, "step": 3500, "cycle": 2, "sample_exposures": 224000, "train_nll_window": 3.9180041670799257, "valid_nll": 5.156804360588512, "elapsed_sec": 212.76150059700012}
{"event": "evaluation", "model": "flat", "dose": 100000, "step": 4000, "cycle": 2, "sample_exposures": 256000, "train_nll_window": 3.8410422954559325, "valid_nll": 5.142690654150856, "elapsed_sec": 244.1501169204712}
{"event": "evaluation", "model": "flat", "dose": 100000, "step": 4500, "cycle": 2, "sample_exposures": 288000, "train_nll_window": 3.945420245170593, "valid_nll": 5.093725181227718, "elapsed_sec": 274.0815145969391}
{"event": "evaluation", "model": "flat", "dose": 100000, "step": 5000, "cycle": 3, "sample_exposures": 320000, "train_nll_window": 3.4412588777542115, "valid_nll": 5.1629579067158495, "elapsed_sec": 304.1457462310791}
{"event": "evaluation", "model": "flat", "dose": 100000, "step": 5500, "cycle": 3, "sample_exposures": 352000, "train_nll_window": 3.2672217254638674, "valid_nll": 5.197278361238869, "elapsed_sec": 334.80796360969543}
{"event": "evaluation", "model": "flat", "dose": 100000, "step": 6000, "cycle": 3, "sample_exposures": 384000, "train_nll_window": 3.4309117279052734, "valid_nll": 5.181848679614872, "elapsed_sec": 364.9505183696747}
{"event": "evaluation", "model": "flat", "dose": 100000, "step": 6500, "cycle": 4, "sample_exposures": 416000, "train_nll_window": 3.098765862941742, "valid_nll": 5.250666107496324, "elapsed_sec": 395.075336933136}
{"event": "evaluation", "model": "flat", "dose": 100000, "step": 7000, "cycle": 4, "sample_exposures": 448000, "train_nll_window": 2.8600179386138915, "valid_nll": 5.305855921378595, "elapsed_sec": 424.84807324409485}
{"event": "evaluation", "model": "flat", "dose": 100000, "step": 7500, "cycle": 4, "sample_exposures": 480000, "train_nll_window": 3.054943283557892, "valid_nll": 5.314880633677683, "elapsed_sec": 453.04146790504456}
{"event": "evaluation", "model": "flat", "dose": 100000, "step": 8000, "cycle": 5, "sample_exposures": 512000, "train_nll_window": 2.868130380153656, "valid_nll": 5.3725512597623934, "elapsed_sec": 481.9936726093292}
{"event": "evaluation", "model": "flat", "dose": 100000, "step": 8500, "cycle": 5, "sample_exposures": 544000, "train_nll_window": 2.545151141166687, "valid_nll": 5.438686258723516, "elapsed_sec": 510.41697001457214}
{"event": "evaluation", "model": "flat", "dose": 100000, "step": 9000, "cycle": 5, "sample_exposures": 576000, "train_nll_window": 2.7532303743362427, "valid_nll": 5.442098186206809, "elapsed_sec": 540.0821859836578}
{"event": "evaluation", "model": "flat", "dose": 100000, "step": 9500, "cycle": 6, "sample_exposures": 608000, "train_nll_window": 2.698762916326523, "valid_nll": 5.491575282806201, "elapsed_sec": 569.4759826660156}
{"event": "evaluation", "model": "flat", "dose": 100000, "step": 10000, "cycle": 6, "sample_exposures": 640000, "train_nll_window": 2.2892631468772886, "valid_nll": 5.569349845267184, "elapsed_sec": 597.1849801540375}
{"event": "evaluation", "model": "flat", "dose": 100000, "step": 10500, "cycle": 6, "sample_exposures": 672000, "train_nll_window": 2.501441503047943, "valid_nll": 5.601553557456273, "elapsed_sec": 626.8836555480957}
{"event": "evaluation", "model": "flat", "dose": 100000, "step": 11000, "cycle": 7, "sample_exposures": 704000, "train_nll_window": 2.5600107951164244, "valid_nll": 5.619835947254167, "elapsed_sec": 656.4998502731323}
{"event": "evaluation", "model": "flat", "dose": 100000, "step": 11500, "cycle": 7, "sample_exposures": 736000, "train_nll_window": 2.0791985099315644, "valid_nll": 5.715611707009744, "elapsed_sec": 685.754332780838}
{"event": "evaluation", "model": "flat", "dose": 100000, "step": 12000, "cycle": 7, "sample_exposures": 768000, "train_nll_window": 2.297743275165558, "valid_nll": 5.7258249072414, "elapsed_sec": 714.8381855487823}
{"event": "evaluation", "model": "flat", "dose": 100000, "step": 12500, "cycle": 7, "sample_exposures": 800000, "train_nll_window": 2.4520831768512727, "valid_nll": 5.722411025986745, "elapsed_sec": 744.5723133087158}
{"event": "evaluation", "model": "flat", "dose": 100000, "step": 13000, "cycle": 8, "sample_exposures": 832000, "train_nll_window": 1.9138500773906708, "valid_nll": 5.829757207036538, "elapsed_sec": 773.8512940406799}
{"event": "evaluation", "model": "flat", "dose": 100000, "step": 13500, "cycle": 8, "sample_exposures": 864000, "train_nll_window": 2.11308296751976, "valid_nll": 5.856256641353625, "elapsed_sec": 803.4665257930756}
{"event": "evaluation", "model": "flat", "dose": 100000, "step": 14000, "cycle": 8, "sample_exposures": 896000, "train_nll_window": 2.2767274668216704, "valid_nll": 5.861967177169984, "elapsed_sec": 831.7884395122528}
{"event": "evaluation", "model": "flat", "dose": 100000, "step": 14500, "cycle": 9, "sample_exposures": 928000, "train_nll_window": 1.843649513244629, "valid_nll": 5.968810625672215, "elapsed_sec": 861.402316570282}
{"event": "evaluation", "model": "flat", "dose": 100000, "step": 15000, "cycle": 9, "sample_exposures": 960000, "train_nll_window": 1.9525723357200622, "valid_nll": 6.006804287872962, "elapsed_sec": 891.3203444480896}
{"event": "evaluation", "model": "flat", "dose": 100000, "step": 15500, "cycle": 9, "sample_exposures": 992000, "train_nll_window": 2.1333992743492125, "valid_nll": 5.99737076360671, "elapsed_sec": 920.571174621582}
{"event": "evaluation", "model": "flat", "dose": 100000, "step": 15625, "cycle": 9, "sample_exposures": 1000000, "train_nll_window": 2.226541910171509, "valid_nll": 5.996221446586418, "elapsed_sec": 928.3664391040802}
{"event": "evaluation", "model": "flat", "dose": 300000, "step": 0, "cycle": 0, "train_nll_window": null, "valid_nll": 10.382035648189062, "elapsed_sec": 0.0}
{"event": "evaluation", "model": "flat", "dose": 300000, "step": 500, "cycle": 0, "sample_exposures": 32000, "train_nll_window": 7.112008173942566, "valid_nll": 6.363856433678012, "elapsed_sec": 29.834668397903442}
{"event": "evaluation", "model": "flat", "dose": 300000, "step": 1000, "cycle": 0, "sample_exposures": 64000, "train_nll_window": 6.106260659217835, "valid_nll": 5.7833779728467505, "elapsed_sec": 60.33088517189026}
{"event": "evaluation", "model": "flat", "dose": 300000, "step": 1500, "cycle": 0, "sample_exposures": 96000, "train_nll_window": 5.635083011627197, "valid_nll": 5.452289483633213, "elapsed_sec": 89.84789967536926}
{"event": "evaluation", "model": "flat", "dose": 300000, "step": 2000, "cycle": 0, "sample_exposures": 128000, "train_nll_window": 5.357222533226013, "valid_nll": 5.222522497456866, "elapsed_sec": 118.03343725204468}
{"event": "evaluation", "model": "flat", "dose": 300000, "step": 2500, "cycle": 0, "sample_exposures": 160000, "train_nll_window": 5.180596607208252, "valid_nll": 5.06062031770614, "elapsed_sec": 147.81093382835388}
{"event": "evaluation", "model": "flat", "dose": 300000, "step": 3000, "cycle": 0, "sample_exposures": 192000, "train_nll_window": 5.037359018325805, "valid_nll": 4.935325647118455, "elapsed_sec": 177.00942015647888}
{"event": "evaluation", "model": "flat", "dose": 300000, "step": 3500, "cycle": 0, "sample_exposures": 224000, "train_nll_window": 4.923815350532532, "valid_nll": 4.829643767105048, "elapsed_sec": 206.6126627922058}
{"event": "evaluation", "model": "flat", "dose": 300000, "step": 4000, "cycle": 0, "sample_exposures": 256000, "train_nll_window": 4.816842686653137, "valid_nll": 4.739000678560952, "elapsed_sec": 236.39662408828735}
{"event": "evaluation", "model": "flat", "dose": 300000, "step": 4500, "cycle": 0, "sample_exposures": 288000, "train_nll_window": 4.728906803131103, "valid_nll": 4.6705769833511654, "elapsed_sec": 265.89363050460815}
{"event": "evaluation", "model": "flat", "dose": 300000, "step": 5000, "cycle": 1, "sample_exposures": 320000, "train_nll_window": 4.332655258178711, "valid_nll": 4.6400339988534745, "elapsed_sec": 295.6658139228821}
{"event": "evaluation", "model": "flat", "dose": 300000, "step": 5500, "cycle": 1, "sample_exposures": 352000, "train_nll_window": 4.148184136390686, "valid_nll": 4.625530955729715, "elapsed_sec": 325.5518307685852}
{"event": "evaluation", "model": "flat", "dose": 300000, "step": 6000, "cycle": 1, "sample_exposures": 384000, "train_nll_window": 4.179315945625305, "valid_nll": 4.594296222322845, "elapsed_sec": 355.23825216293335}
{"event": "evaluation", "model": "flat", "dose": 300000, "step": 6500, "cycle": 1, "sample_exposures": 416000, "train_nll_window": 4.178496248722077, "valid_nll": 4.5512319799113525, "elapsed_sec": 384.7160415649414}
{"event": "evaluation", "model": "flat", "dose": 300000, "step": 7000, "cycle": 1, "sample_exposures": 448000, "train_nll_window": 4.198170334815979, "valid_nll": 4.51206393586036, "elapsed_sec": 414.72393679618835}
{"event": "evaluation", "model": "flat", "dose": 300000, "step": 7500, "cycle": 1, "sample_exposures": 480000, "train_nll_window": 4.1710808215141295, "valid_nll": 4.474179321278045, "elapsed_sec": 445.17298555374146}
{"event": "evaluation", "model": "flat", "dose": 300000, "step": 8000, "cycle": 1, "sample_exposures": 512000, "train_nll_window": 4.183176810264587, "valid_nll": 4.447657940085677, "elapsed_sec": 474.53682589530945}
{"event": "evaluation", "model": "flat", "dose": 300000, "step": 8500, "cycle": 1, "sample_exposures": 544000, "train_nll_window": 4.159029059886932, "valid_nll": 4.419086241113131, "elapsed_sec": 502.7407956123352}
{"event": "evaluation", "model": "flat", "dose": 300000, "step": 9000, "cycle": 1, "sample_exposures": 576000, "train_nll_window": 4.149125917434692, "valid_nll": 4.392167304173937, "elapsed_sec": 532.2169320583344}
{"event": "evaluation", "model": "flat", "dose": 300000, "step": 9500, "cycle": 2, "sample_exposures": 608000, "train_nll_window": 3.969587854385376, "valid_nll": 4.382016944133539, "elapsed_sec": 561.7630825042725}
{"event": "evaluation", "model": "flat", "dose": 300000, "step": 10000, "cycle": 2, "sample_exposures": 640000, "train_nll_window": 3.5794719848632814, "valid_nll": 4.403437766476785, "elapsed_sec": 589.7610185146332}
{"event": "evaluation", "model": "flat", "dose": 300000, "step": 10500, "cycle": 2, "sample_exposures": 672000, "train_nll_window": 3.618151071548462, "valid_nll": 4.397160196265588, "elapsed_sec": 619.0450055599213}
{"event": "evaluation", "model": "flat", "dose": 300000, "step": 11000, "cycle": 2, "sample_exposures": 704000, "train_nll_window": 3.6897608423233033, "valid_nll": 4.389923845811772, "elapsed_sec": 648.0843367576599}
{"event": "evaluation", "model": "flat", "dose": 300000, "step": 11500, "cycle": 2, "sample_exposures": 736000, "train_nll_window": 3.731051755428314, "valid_nll": 4.356137542095693, "elapsed_sec": 675.5764439105988}
{"event": "evaluation", "model": "flat", "dose": 300000, "step": 12000, "cycle": 2, "sample_exposures": 768000, "train_nll_window": 3.7546238470077515, "valid_nll": 4.350017015438848, "elapsed_sec": 705.6426055431366}
{"event": "evaluation", "model": "flat", "dose": 300000, "step": 12500, "cycle": 2, "sample_exposures": 800000, "train_nll_window": 3.7542457747459412, "valid_nll": 4.326997097342119, "elapsed_sec": 735.5236399173737}
{"event": "evaluation", "model": "flat", "dose": 300000, "step": 13000, "cycle": 2, "sample_exposures": 832000, "train_nll_window": 3.7613038578033446, "valid_nll": 4.301391021307096, "elapsed_sec": 765.6784262657166}
{"event": "evaluation", "model": "flat", "dose": 300000, "step": 13500, "cycle": 2, "sample_exposures": 864000, "train_nll_window": 3.794468262195587, "valid_nll": 4.289720781393375, "elapsed_sec": 795.6721019744873}
{"event": "evaluation", "model": "flat", "dose": 300000, "step": 14000, "cycle": 2, "sample_exposures": 896000, "train_nll_window": 3.80506076335907, "valid_nll": 4.270282100492833, "elapsed_sec": 825.0832948684692}
{"event": "evaluation", "model": "flat", "dose": 300000, "step": 14500, "cycle": 3, "sample_exposures": 928000, "train_nll_window": 3.299500168800354, "valid_nll": 4.309876253998033, "elapsed_sec": 855.5240025520325}
{"event": "evaluation", "model": "flat", "dose": 300000, "step": 15000, "cycle": 3, "sample_exposures": 960000, "train_nll_window": 3.3072722759246824, "valid_nll": 4.317175698045782, "elapsed_sec": 885.6638929843903}
{"event": "evaluation", "model": "flat", "dose": 300000, "step": 15500, "cycle": 3, "sample_exposures": 992000, "train_nll_window": 3.3682054085731505, "valid_nll": 4.327152293627685, "elapsed_sec": 915.3418278694153}
{"event": "evaluation", "model": "flat", "dose": 300000, "step": 15625, "cycle": 3, "sample_exposures": 1000000, "train_nll_window": 3.403662181854248, "valid_nll": 4.313257685020091, "elapsed_sec": 922.9342584609985}
{"event": "evaluation", "model": "flat", "dose": 1000000, "step": 0, "cycle": 0, "train_nll_window": null, "valid_nll": 10.382035648189062, "elapsed_sec": 0.0}
{"event": "evaluation", "model": "flat", "dose": 1000000, "step": 500, "cycle": 0, "sample_exposures": 32000, "train_nll_window": 7.126165132522583, "valid_nll": 6.36510538202018, "elapsed_sec": 29.456299781799316}
{"event": "evaluation", "model": "flat", "dose": 1000000, "step": 1000, "cycle": 0, "sample_exposures": 64000, "train_nll_window": 6.090746793746948, "valid_nll": 5.776998872629855, "elapsed_sec": 59.865418434143066}
{"event": "evaluation", "model": "flat", "dose": 1000000, "step": 1500, "cycle": 0, "sample_exposures": 96000, "train_nll_window": 5.654578575134277, "valid_nll": 5.449352135292878, "elapsed_sec": 89.78316330909729}
{"event": "evaluation", "model": "flat", "dose": 1000000, "step": 2000, "cycle": 0, "sample_exposures": 128000, "train_nll_window": 5.360549632072448, "valid_nll": 5.222030587774339, "elapsed_sec": 119.12755608558655}
{"event": "evaluation", "model": "flat", "dose": 1000000, "step": 2500, "cycle": 0, "sample_exposures": 160000, "train_nll_window": 5.178590076446533, "valid_nll": 5.060065582522366, "elapsed_sec": 148.4971215724945}
{"event": "evaluation", "model": "flat", "dose": 1000000, "step": 3000, "cycle": 0, "sample_exposures": 192000, "train_nll_window": 5.031253303527832, "valid_nll": 4.941759684301103, "elapsed_sec": 177.42889857292175}
{"event": "evaluation", "model": "flat", "dose": 1000000, "step": 3500, "cycle": 0, "sample_exposures": 224000, "train_nll_window": 4.912774437904358, "valid_nll": 4.835708086110254, "elapsed_sec": 207.04171442985535}
{"event": "evaluation", "model": "flat", "dose": 1000000, "step": 4000, "cycle": 0, "sample_exposures": 256000, "train_nll_window": 4.818613081932068, "valid_nll": 4.760108500856251, "elapsed_sec": 235.7652883529663}
{"event": "evaluation", "model": "flat", "dose": 1000000, "step": 4500, "cycle": 0, "sample_exposures": 288000, "train_nll_window": 4.740317066192627, "valid_nll": 4.687205898650212, "elapsed_sec": 264.3328950405121}
{"event": "evaluation", "model": "flat", "dose": 1000000, "step": 5000, "cycle": 0, "sample_exposures": 320000, "train_nll_window": 4.672518508911133, "valid_nll": 4.61405149865134, "elapsed_sec": 293.7834632396698}
{"event": "evaluation", "model": "flat", "dose": 1000000, "step": 5500, "cycle": 0, "sample_exposures": 352000, "train_nll_window": 4.6275720729827885, "valid_nll": 4.563781108447062, "elapsed_sec": 324.0048179626465}
{"event": "evaluation", "model": "flat", "dose": 1000000, "step": 6000, "cycle": 0, "sample_exposures": 384000, "train_nll_window": 4.549867952346802, "valid_nll": 4.494937128372121, "elapsed_sec": 353.28870701789856}
{"event": "evaluation", "model": "flat", "dose": 1000000, "step": 6500, "cycle": 0, "sample_exposures": 416000, "train_nll_window": 4.519371078014374, "valid_nll": 4.459310941272395, "elapsed_sec": 382.058958530426}
{"event": "evaluation", "model": "flat", "dose": 1000000, "step": 7000, "cycle": 0, "sample_exposures": 448000, "train_nll_window": 4.479888883590698, "valid_nll": 4.414778487426056, "elapsed_sec": 410.5786714553833}
{"event": "evaluation", "model": "flat", "dose": 1000000, "step": 7500, "cycle": 0, "sample_exposures": 480000, "train_nll_window": 4.415152727127075, "valid_nll": 4.38059313325461, "elapsed_sec": 440.00261402130127}
{"event": "evaluation", "model": "flat", "dose": 1000000, "step": 8000, "cycle": 0, "sample_exposures": 512000, "train_nll_window": 4.375840667247772, "valid_nll": 4.345169517723439, "elapsed_sec": 468.05654668807983}
{"event": "evaluation", "model": "flat", "dose": 1000000, "step": 8500, "cycle": 0, "sample_exposures": 544000, "train_nll_window": 4.344013901233673, "valid_nll": 4.311636859068978, "elapsed_sec": 498.3051483631134}
{"event": "evaluation", "model": "flat", "dose": 1000000, "step": 9000, "cycle": 0, "sample_exposures": 576000, "train_nll_window": 4.308771384716034, "valid_nll": 4.262735702683124, "elapsed_sec": 528.3607800006866}
{"event": "evaluation", "model": "flat", "dose": 1000000, "step": 9500, "cycle": 0, "sample_exposures": 608000, "train_nll_window": 4.263368441104889, "valid_nll": 4.246125656702217, "elapsed_sec": 558.9125497341156}
{"event": "evaluation", "model": "flat", "dose": 1000000, "step": 10000, "cycle": 0, "sample_exposures": 640000, "train_nll_window": 4.240056992530823, "valid_nll": 4.216138705617953, "elapsed_sec": 588.1508827209473}
{"event": "evaluation", "model": "flat", "dose": 1000000, "step": 10500, "cycle": 0, "sample_exposures": 672000, "train_nll_window": 4.204043785572052, "valid_nll": 4.18604555310474, "elapsed_sec": 616.1656303405762}
{"event": "evaluation", "model": "flat", "dose": 1000000, "step": 11000, "cycle": 0, "sample_exposures": 704000, "train_nll_window": 4.202095813751221, "valid_nll": 4.166847241169071, "elapsed_sec": 646.0106654167175}
{"event": "evaluation", "model": "flat", "dose": 1000000, "step": 11500, "cycle": 0, "sample_exposures": 736000, "train_nll_window": 4.1730652832984925, "valid_nll": 4.143497176109953, "elapsed_sec": 674.5412900447845}
{"event": "evaluation", "model": "flat", "dose": 1000000, "step": 12000, "cycle": 0, "sample_exposures": 768000, "train_nll_window": 4.139548391819, "valid_nll": 4.111625928232367, "elapsed_sec": 704.0937032699585}
{"event": "evaluation", "model": "flat", "dose": 1000000, "step": 12500, "cycle": 0, "sample_exposures": 800000, "train_nll_window": 4.119268669128418, "valid_nll": 4.090526435172867, "elapsed_sec": 734.2539265155792}
{"event": "evaluation", "model": "flat", "dose": 1000000, "step": 13000, "cycle": 0, "sample_exposures": 832000, "train_nll_window": 4.085835484981537, "valid_nll": 4.064829281074425, "elapsed_sec": 763.0302946567535}
{"event": "evaluation", "model": "flat", "dose": 1000000, "step": 13500, "cycle": 0, "sample_exposures": 864000, "train_nll_window": 4.058785359859467, "valid_nll": 4.055744997111357, "elapsed_sec": 790.9729790687561}
{"event": "evaluation", "model": "flat", "dose": 1000000, "step": 14000, "cycle": 0, "sample_exposures": 896000, "train_nll_window": 4.074523471355438, "valid_nll": 4.032910046442174, "elapsed_sec": 818.7563900947571}
{"event": "evaluation", "model": "flat", "dose": 1000000, "step": 14500, "cycle": 0, "sample_exposures": 928000, "train_nll_window": 4.043637124538422, "valid_nll": 4.015985915188812, "elapsed_sec": 848.883225440979}
{"event": "evaluation", "model": "flat", "dose": 1000000, "step": 15000, "cycle": 0, "sample_exposures": 960000, "train_nll_window": 4.018779603004456, "valid_nll": 3.999180503089368, "elapsed_sec": 877.1129150390625}
{"event": "evaluation", "model": "flat", "dose": 1000000, "step": 15500, "cycle": 0, "sample_exposures": 992000, "train_nll_window": 4.01803745174408, "valid_nll": 3.972425576441877, "elapsed_sec": 907.6492047309875}
{"event": "evaluation", "model": "flat", "dose": 1000000, "step": 15625, "cycle": 0, "sample_exposures": 1000000, "train_nll_window": 4.009413434982299, "valid_nll": 3.9659298522337747, "elapsed_sec": 915.7989151477814}
{"event": "evaluation", "model": "transformer", "dose": 30000, "step": 0, "cycle": 0, "train_nll_window": null, "valid_nll": 10.540988830421343, "elapsed_sec": 0.0}
{"event": "evaluation", "model": "transformer", "dose": 30000, "step": 500, "cycle": 1, "sample_exposures": 32000, "train_nll_window": 7.338740556716919, "valid_nll": 6.716445306330196, "elapsed_sec": 13.564239025115967}
{"event": "evaluation", "model": "transformer", "dose": 30000, "step": 1000, "cycle": 2, "sample_exposures": 64000, "train_nll_window": 5.6628258447647095, "valid_nll": 6.581779073939405, "elapsed_sec": 26.898995399475098}
{"event": "evaluation", "model": "transformer", "dose": 30000, "step": 1500, "cycle": 3, "sample_exposures": 96000, "train_nll_window": 4.761984007358551, "valid_nll": 6.6775580875322476, "elapsed_sec": 39.891342639923096}
{"event": "evaluation", "model": "transformer", "dose": 30000, "step": 2000, "cycle": 4, "sample_exposures": 128000, "train_nll_window": 4.151378595352173, "valid_nll": 6.879723580134123, "elapsed_sec": 52.84098744392395}
{"event": "evaluation", "model": "transformer", "dose": 30000, "step": 2500, "cycle": 5, "sample_exposures": 160000, "train_nll_window": 3.60172194480896, "valid_nll": 7.17765061990668, "elapsed_sec": 65.79218125343323}
{"event": "evaluation", "model": "transformer", "dose": 30000, "step": 3000, "cycle": 6, "sample_exposures": 192000, "train_nll_window": 3.076455934524536, "valid_nll": 7.507322382498721, "elapsed_sec": 78.78274178504944}
{"event": "evaluation", "model": "transformer", "dose": 30000, "step": 3500, "cycle": 7, "sample_exposures": 224000, "train_nll_window": 2.584578660964966, "valid_nll": 7.974892216456948, "elapsed_sec": 91.72753810882568}
{"event": "evaluation", "model": "transformer", "dose": 30000, "step": 4000, "cycle": 8, "sample_exposures": 256000, "train_nll_window": 2.1243817677497865, "valid_nll": 8.509525788547997, "elapsed_sec": 104.95235276222229}
{"event": "evaluation", "model": "transformer", "dose": 30000, "step": 4500, "cycle": 9, "sample_exposures": 288000, "train_nll_window": 1.7212223103046418, "valid_nll": 9.059679238925847, "elapsed_sec": 118.38893103599548}
{"event": "evaluation", "model": "transformer", "dose": 30000, "step": 5000, "cycle": 10, "sample_exposures": 320000, "train_nll_window": 1.3828066787719726, "valid_nll": 9.673748446384518, "elapsed_sec": 131.56279063224792}
{"event": "evaluation", "model": "transformer", "dose": 30000, "step": 5500, "cycle": 11, "sample_exposures": 352000, "train_nll_window": 1.1222919434309007, "valid_nll": 10.234393200922673, "elapsed_sec": 145.28100633621216}
{"event": "evaluation", "model": "transformer", "dose": 30000, "step": 6000, "cycle": 12, "sample_exposures": 384000, "train_nll_window": 0.9011776762008668, "valid_nll": 10.878191125612044, "elapsed_sec": 158.52946281433105}
{"event": "evaluation", "model": "transformer", "dose": 30000, "step": 6500, "cycle": 13, "sample_exposures": 416000, "train_nll_window": 0.7514081580638885, "valid_nll": 11.423061519471197, "elapsed_sec": 171.57264113426208}
{"event": "evaluation", "model": "transformer", "dose": 30000, "step": 7000, "cycle": 14, "sample_exposures": 448000, "train_nll_window": 0.6350930272340775, "valid_nll": 11.888571894790381, "elapsed_sec": 184.5486855506897}
{"event": "evaluation", "model": "transformer", "dose": 30000, "step": 7500, "cycle": 15, "sample_exposures": 480000, "train_nll_window": 0.5449354294538498, "valid_nll": 12.381219485910753, "elapsed_sec": 198.0441746711731}
{"event": "evaluation", "model": "transformer", "dose": 30000, "step": 8000, "cycle": 17, "sample_exposures": 512000, "train_nll_window": 0.46335238361358644, "valid_nll": 12.785023246647388, "elapsed_sec": 211.12687921524048}
{"event": "evaluation", "model": "transformer", "dose": 30000, "step": 8500, "cycle": 18, "sample_exposures": 544000, "train_nll_window": 0.41272421181201935, "valid_nll": 13.22536197360405, "elapsed_sec": 224.25713324546814}
{"event": "evaluation", "model": "transformer", "dose": 30000, "step": 9000, "cycle": 19, "sample_exposures": 576000, "train_nll_window": 0.3711194626092911, "valid_nll": 13.453986032914555, "elapsed_sec": 237.16315054893494}
{"event": "evaluation", "model": "transformer", "dose": 30000, "step": 9500, "cycle": 20, "sample_exposures": 608000, "train_nll_window": 0.3401758825778961, "valid_nll": 13.700192418567985, "elapsed_sec": 250.1570601463318}
{"event": "evaluation", "model": "transformer", "dose": 30000, "step": 10000, "cycle": 21, "sample_exposures": 640000, "train_nll_window": 0.31989846122264864, "valid_nll": 13.848496290889937, "elapsed_sec": 264.09368801116943}
{"event": "evaluation", "model": "transformer", "dose": 30000, "step": 10500, "cycle": 22, "sample_exposures": 672000, "train_nll_window": 0.2980582637488842, "valid_nll": 14.081885055018201, "elapsed_sec": 277.3221127986908}
{"event": "evaluation", "model": "transformer", "dose": 30000, "step": 11000, "cycle": 23, "sample_exposures": 704000, "train_nll_window": 0.27668860387802124, "valid_nll": 14.165376800525173, "elapsed_sec": 290.44213485717773}
{"event": "evaluation", "model": "transformer", "dose": 30000, "step": 11500, "cycle": 24, "sample_exposures": 736000, "train_nll_window": 0.26335175812244416, "valid_nll": 14.272483626220799, "elapsed_sec": 303.42412662506104}
{"event": "evaluation", "model": "transformer", "dose": 30000, "step": 12000, "cycle": 25, "sample_exposures": 768000, "train_nll_window": 0.24754947048425674, "valid_nll": 14.402639298315796, "elapsed_sec": 316.68311882019043}
{"event": "evaluation", "model": "transformer", "dose": 30000, "step": 12500, "cycle": 26, "sample_exposures": 800000, "train_nll_window": 0.2388510848581791, "valid_nll": 14.45973019416433, "elapsed_sec": 330.1542010307312}
{"event": "evaluation", "model": "transformer", "dose": 30000, "step": 13000, "cycle": 27, "sample_exposures": 832000, "train_nll_window": 0.2336435687839985, "valid_nll": 14.462220753188555, "elapsed_sec": 343.3427209854126}
{"event": "evaluation", "model": "transformer", "dose": 30000, "step": 13500, "cycle": 28, "sample_exposures": 864000, "train_nll_window": 0.2132105378806591, "valid_nll": 14.573156640225431, "elapsed_sec": 356.20651865005493}
{"event": "evaluation", "model": "transformer", "dose": 30000, "step": 14000, "cycle": 29, "sample_exposures": 896000, "train_nll_window": 0.20860299262404441, "valid_nll": 14.619040740275448, "elapsed_sec": 369.51961278915405}
{"event": "evaluation", "model": "transformer", "dose": 30000, "step": 14500, "cycle": 30, "sample_exposures": 928000, "train_nll_window": 0.20025504359602928, "valid_nll": 14.755107643106554, "elapsed_sec": 382.5945887565613}
{"event": "evaluation", "model": "transformer", "dose": 30000, "step": 15000, "cycle": 31, "sample_exposures": 960000, "train_nll_window": 0.1972936938405037, "valid_nll": 14.687106542766028, "elapsed_sec": 395.39301013946533}
{"event": "evaluation", "model": "transformer", "dose": 30000, "step": 15500, "cycle": 33, "sample_exposures": 992000, "train_nll_window": 0.18644359950721265, "valid_nll": 14.784231411026017, "elapsed_sec": 408.50499153137207}
{"event": "evaluation", "model": "transformer", "dose": 30000, "step": 15625, "cycle": 33, "sample_exposures": 1000000, "train_nll_window": 0.16273533952236174, "valid_nll": 14.729078516811953, "elapsed_sec": 412.6696033477783}
{"event": "evaluation", "model": "transformer", "dose": 100000, "step": 0, "cycle": 0, "train_nll_window": null, "valid_nll": 10.540988830421343, "elapsed_sec": 0.0}
{"event": "evaluation", "model": "transformer", "dose": 100000, "step": 500, "cycle": 0, "sample_exposures": 32000, "train_nll_window": 7.375437533378601, "valid_nll": 6.69450980846107, "elapsed_sec": 13.042430877685547}
{"event": "evaluation", "model": "transformer", "dose": 100000, "step": 1000, "cycle": 0, "sample_exposures": 64000, "train_nll_window": 6.4614119672775265, "valid_nll": 6.178872116292232, "elapsed_sec": 25.93047285079956}
{"event": "evaluation", "model": "transformer", "dose": 100000, "step": 1500, "cycle": 0, "sample_exposures": 96000, "train_nll_window": 6.059831246376038, "valid_nll": 5.892951699305128, "elapsed_sec": 38.90741205215454}
{"event": "evaluation", "model": "transformer", "dose": 100000, "step": 2000, "cycle": 1, "sample_exposures": 128000, "train_nll_window": 5.364979816436768, "valid_nll": 5.819929333118194, "elapsed_sec": 51.9931435585022}
{"event": "evaluation", "model": "transformer", "dose": 100000, "step": 2500, "cycle": 1, "sample_exposures": 160000, "train_nll_window": 5.318411782264709, "valid_nll": 5.675644900997558, "elapsed_sec": 64.93655514717102}
{"event": "evaluation", "model": "transformer", "dose": 100000, "step": 3000, "cycle": 1, "sample_exposures": 192000, "train_nll_window": 5.266385584831238, "valid_nll": 5.550049437760425, "elapsed_sec": 77.74604082107544}
{"event": "evaluation", "model": "transformer", "dose": 100000, "step": 3500, "cycle": 2, "sample_exposures": 224000, "train_nll_window": 4.7526387577056886, "valid_nll": 5.623190367019916, "elapsed_sec": 90.9200086593628}
{"event": "evaluation", "model": "transformer", "dose": 100000, "step": 4000, "cycle": 2, "sample_exposures": 256000, "train_nll_window": 4.722362503051758, "valid_nll": 5.531868992961017, "elapsed_sec": 104.1513147354126}
{"event": "evaluation", "model": "transformer", "dose": 100000, "step": 4500, "cycle": 2, "sample_exposures": 288000, "train_nll_window": 4.757151397705078, "valid_nll": 5.432157463629885, "elapsed_sec": 116.95569062232971}
{"event": "evaluation", "model": "transformer", "dose": 100000, "step": 5000, "cycle": 3, "sample_exposures": 320000, "train_nll_window": 4.368883508682251, "valid_nll": 5.567391178460825, "elapsed_sec": 130.16934895515442}
{"event": "evaluation", "model": "transformer", "dose": 100000, "step": 5500, "cycle": 3, "sample_exposures": 352000, "train_nll_window": 4.273359771728516, "valid_nll": 5.472971806109728, "elapsed_sec": 143.1817343235016}
{"event": "evaluation", "model": "transformer", "dose": 100000, "step": 6000, "cycle": 3, "sample_exposures": 384000, "train_nll_window": 4.366423579692841, "valid_nll": 5.375711852188177, "elapsed_sec": 155.91465258598328}
{"event": "evaluation", "model": "transformer", "dose": 100000, "step": 6500, "cycle": 4, "sample_exposures": 416000, "train_nll_window": 4.048422894001007, "valid_nll": 5.546867368539686, "elapsed_sec": 169.68777799606323}
{"event": "evaluation", "model": "transformer", "dose": 100000, "step": 7000, "cycle": 4, "sample_exposures": 448000, "train_nll_window": 3.885809636116028, "valid_nll": 5.467531111091263, "elapsed_sec": 182.485764503479}
{"event": "evaluation", "model": "transformer", "dose": 100000, "step": 7500, "cycle": 4, "sample_exposures": 480000, "train_nll_window": 4.014473347187042, "valid_nll": 5.385799148014662, "elapsed_sec": 195.17997694015503}
{"event": "evaluation", "model": "transformer", "dose": 100000, "step": 8000, "cycle": 5, "sample_exposures": 512000, "train_nll_window": 3.78637451171875, "valid_nll": 5.568987732842539, "elapsed_sec": 209.1207399368286}
{"event": "evaluation", "model": "transformer", "dose": 100000, "step": 8500, "cycle": 5, "sample_exposures": 544000, "train_nll_window": 3.5275802035331725, "valid_nll": 5.530615134482931, "elapsed_sec": 221.92502236366272}
{"event": "evaluation", "model": "transformer", "dose": 100000, "step": 9000, "cycle": 5, "sample_exposures": 576000, "train_nll_window": 3.6885113773345948, "valid_nll": 5.4308773247234985, "elapsed_sec": 235.0798192024231}
{"event": "evaluation", "model": "transformer", "dose": 100000, "step": 9500, "cycle": 6, "sample_exposures": 608000, "train_nll_window": 3.5672297716140746, "valid_nll": 5.657246801661593, "elapsed_sec": 248.5636670589447}
{"event": "evaluation", "model": "transformer", "dose": 100000, "step": 10000, "cycle": 6, "sample_exposures": 640000, "train_nll_window": 3.1824757509231567, "valid_nll": 5.60641805518602, "elapsed_sec": 261.8698318004608}
{"event": "evaluation", "model": "transformer", "dose": 100000, "step": 10500, "cycle": 6, "sample_exposures": 672000, "train_nll_window": 3.3724201107025147, "valid_nll": 5.523503454473426, "elapsed_sec": 275.0654892921448}
{"event": "evaluation", "model": "transformer", "dose": 100000, "step": 11000, "cycle": 7, "sample_exposures": 704000, "train_nll_window": 3.3711166644096373, "valid_nll": 5.734399818772282, "elapsed_sec": 287.92900586128235}
{"event": "evaluation", "model": "transformer", "dose": 100000, "step": 11500, "cycle": 7, "sample_exposures": 736000, "train_nll_window": 2.85461851644516, "valid_nll": 5.7609524456164065, "elapsed_sec": 300.5947766304016}
{"event": "evaluation", "model": "transformer", "dose": 100000, "step": 12000, "cycle": 7, "sample_exposures": 768000, "train_nll_window": 3.081034641265869, "valid_nll": 5.638805726700704, "elapsed_sec": 313.73432421684265}
{"event": "evaluation", "model": "transformer", "dose": 100000, "step": 12500, "cycle": 7, "sample_exposures": 800000, "train_nll_window": 3.2029161534309387, "valid_nll": 5.530748086420507, "elapsed_sec": 326.78378653526306}
{"event": "evaluation", "model": "transformer", "dose": 100000, "step": 13000, "cycle": 8, "sample_exposures": 832000, "train_nll_window": 2.5630621266365052, "valid_nll": 5.894633363933604, "elapsed_sec": 340.1946794986725}
{"event": "evaluation", "model": "transformer", "dose": 100000, "step": 13500, "cycle": 8, "sample_exposures": 864000, "train_nll_window": 2.8000893621444702, "valid_nll": 5.815816148616601, "elapsed_sec": 353.2289710044861}
{"event": "evaluation", "model": "transformer", "dose": 100000, "step": 14000, "cycle": 8, "sample_exposures": 896000, "train_nll_window": 2.9372715640068052, "valid_nll": 5.695923134345197, "elapsed_sec": 365.95182180404663}
{"event": "evaluation", "model": "transformer", "dose": 100000, "step": 14500, "cycle": 9, "sample_exposures": 928000, "train_nll_window": 2.39019664645195, "valid_nll": 6.095459770290547, "elapsed_sec": 378.8436813354492}
{"event": "evaluation", "model": "transformer", "dose": 100000, "step": 15000, "cycle": 9, "sample_exposures": 960000, "train_nll_window": 2.5392341046333313, "valid_nll": 5.967060696566204, "elapsed_sec": 394.44209599494934}
{"event": "evaluation", "model": "transformer", "dose": 100000, "step": 15500, "cycle": 9, "sample_exposures": 992000, "train_nll_window": 2.703753580093384, "valid_nll": 5.8699526300054155, "elapsed_sec": 407.26368737220764}
{"event": "evaluation", "model": "transformer", "dose": 100000, "step": 15625, "cycle": 9, "sample_exposures": 1000000, "train_nll_window": 2.773084539413452, "valid_nll": 5.833558812748673, "elapsed_sec": 411.10450434684753}
{"event": "evaluation", "model": "transformer", "dose": 300000, "step": 0, "cycle": 0, "train_nll_window": null, "valid_nll": 10.540988830421343, "elapsed_sec": 0.0}
{"event": "evaluation", "model": "transformer", "dose": 300000, "step": 500, "cycle": 0, "sample_exposures": 32000, "train_nll_window": 7.373404434204102, "valid_nll": 6.6749013440948035, "elapsed_sec": 13.004069805145264}
{"event": "evaluation", "model": "transformer", "dose": 300000, "step": 1000, "cycle": 0, "sample_exposures": 64000, "train_nll_window": 6.422524550437927, "valid_nll": 6.1208482432040485, "elapsed_sec": 25.830310344696045}
{"event": "evaluation", "model": "transformer", "dose": 300000, "step": 1500, "cycle": 0, "sample_exposures": 96000, "train_nll_window": 6.005806670188904, "valid_nll": 5.829806550780898, "elapsed_sec": 38.68927788734436}
{"event": "evaluation", "model": "transformer", "dose": 300000, "step": 2000, "cycle": 0, "sample_exposures": 128000, "train_nll_window": 5.7556881952285766, "valid_nll": 5.627247373249891, "elapsed_sec": 51.503859996795654}
{"event": "evaluation", "model": "transformer", "dose": 300000, "step": 2500, "cycle": 0, "sample_exposures": 160000, "train_nll_window": 5.595467623710633, "valid_nll": 5.474245459376598, "elapsed_sec": 64.31735849380493}
{"event": "evaluation", "model": "transformer", "dose": 300000, "step": 3000, "cycle": 0, "sample_exposures": 192000, "train_nll_window": 5.45257959651947, "valid_nll": 5.358370460375519, "elapsed_sec": 77.05608034133911}
{"event": "evaluation", "model": "transformer", "dose": 300000, "step": 3500, "cycle": 0, "sample_exposures": 224000, "train_nll_window": 5.345532723426819, "valid_nll": 5.247733004568945, "elapsed_sec": 90.03431558609009}
{"event": "evaluation", "model": "transformer", "dose": 300000, "step": 4000, "cycle": 0, "sample_exposures": 256000, "train_nll_window": 5.235056070327759, "valid_nll": 5.135385646261733, "elapsed_sec": 102.78447103500366}
{"event": "evaluation", "model": "transformer", "dose": 300000, "step": 4500, "cycle": 0, "sample_exposures": 288000, "train_nll_window": 5.1393690662384035, "valid_nll": 5.078262314870615, "elapsed_sec": 115.43212532997131}
{"event": "evaluation", "model": "transformer", "dose": 300000, "step": 5000, "cycle": 1, "sample_exposures": 320000, "train_nll_window": 4.844756039619446, "valid_nll": 5.03209438178796, "elapsed_sec": 128.49782371520996}
{"event": "evaluation", "model": "transformer", "dose": 300000, "step": 5500, "cycle": 1, "sample_exposures": 352000, "train_nll_window": 4.695165767669677, "valid_nll": 4.9890973608632745, "elapsed_sec": 141.4160876274109}
{"event": "evaluation", "model": "transformer", "dose": 300000, "step": 6000, "cycle": 1, "sample_exposures": 384000, "train_nll_window": 4.675396105289459, "valid_nll": 4.926746163321888, "elapsed_sec": 154.3235216140747}
{"event": "evaluation", "model": "transformer", "dose": 300000, "step": 6500, "cycle": 1, "sample_exposures": 416000, "train_nll_window": 4.634972804069519, "valid_nll": 4.849725760278542, "elapsed_sec": 167.04846143722534}
{"event": "evaluation", "model": "transformer", "dose": 300000, "step": 7000, "cycle": 1, "sample_exposures": 448000, "train_nll_window": 4.611566158294678, "valid_nll": 4.781580973275464, "elapsed_sec": 180.00329756736755}
{"event": "evaluation", "model": "transformer", "dose": 300000, "step": 7500, "cycle": 1, "sample_exposures": 480000, "train_nll_window": 4.553762510299682, "valid_nll": 4.730541766695843, "elapsed_sec": 192.82318568229675}
{"event": "evaluation", "model": "transformer", "dose": 300000, "step": 8000, "cycle": 1, "sample_exposures": 512000, "train_nll_window": 4.5339953570365905, "valid_nll": 4.663290385717361, "elapsed_sec": 205.70216464996338}
{"event": "evaluation", "model": "transformer", "dose": 300000, "step": 8500, "cycle": 1, "sample_exposures": 544000, "train_nll_window": 4.474234127998352, "valid_nll": 4.608585268722594, "elapsed_sec": 218.59609365463257}
{"event": "evaluation", "model": "transformer", "dose": 300000, "step": 9000, "cycle": 1, "sample_exposures": 576000, "train_nll_window": 4.435584314346314, "valid_nll": 4.561169294405903, "elapsed_sec": 231.3455376625061}
{"event": "evaluation", "model": "transformer", "dose": 300000, "step": 9500, "cycle": 2, "sample_exposures": 608000, "train_nll_window": 4.27252152633667, "valid_nll": 4.5453082112515135, "elapsed_sec": 244.50961685180664}
{"event": "evaluation", "model": "transformer", "dose": 300000, "step": 10000, "cycle": 2, "sample_exposures": 640000, "train_nll_window": 3.983300705909729, "valid_nll": 4.542015008430891, "elapsed_sec": 257.1655783653259}
{"event": "evaluation", "model": "transformer", "dose": 300000, "step": 10500, "cycle": 2, "sample_exposures": 672000, "train_nll_window": 3.9833880524635314, "valid_nll": 4.492771780466846, "elapsed_sec": 269.87741351127625}
{"event": "evaluation", "model": "transformer", "dose": 300000, "step": 11000, "cycle": 2, "sample_exposures": 704000, "train_nll_window": 4.011885633945465, "valid_nll": 4.452461283302841, "elapsed_sec": 282.6443088054657}
{"event": "evaluation", "model": "transformer", "dose": 300000, "step": 11500, "cycle": 2, "sample_exposures": 736000, "train_nll_window": 4.012989265918732, "valid_nll": 4.400777442349349, "elapsed_sec": 295.39324712753296}
{"event": "evaluation", "model": "transformer", "dose": 300000, "step": 12000, "cycle": 2, "sample_exposures": 768000, "train_nll_window": 4.004520365238189, "valid_nll": 4.359852300467354, "elapsed_sec": 308.2596299648285}
{"event": "evaluation", "model": "transformer", "dose": 300000, "step": 12500, "cycle": 2, "sample_exposures": 800000, "train_nll_window": 3.972786995410919, "valid_nll": 4.320359530067748, "elapsed_sec": 321.1331219673157}
{"event": "evaluation", "model": "transformer", "dose": 300000, "step": 13000, "cycle": 2, "sample_exposures": 832000, "train_nll_window": 3.9534821853637694, "valid_nll": 4.283242626437506, "elapsed_sec": 333.99002742767334}
{"event": "evaluation", "model": "transformer", "dose": 300000, "step": 13500, "cycle": 2, "sample_exposures": 864000, "train_nll_window": 3.959692328453064, "valid_nll": 4.264983296283169, "elapsed_sec": 346.7838740348816}
{"event": "evaluation", "model": "transformer", "dose": 300000, "step": 14000, "cycle": 2, "sample_exposures": 896000, "train_nll_window": 3.946554975986481, "valid_nll": 4.225158201127159, "elapsed_sec": 359.485148191452}
{"event": "evaluation", "model": "transformer", "dose": 300000, "step": 14500, "cycle": 3, "sample_exposures": 928000, "train_nll_window": 3.5314463038444517, "valid_nll": 4.290927859533888, "elapsed_sec": 372.61483216285706}
{"event": "evaluation", "model": "transformer", "dose": 300000, "step": 15000, "cycle": 3, "sample_exposures": 960000, "train_nll_window": 3.533902635574341, "valid_nll": 4.267197470109942, "elapsed_sec": 385.39573526382446}
{"event": "evaluation", "model": "transformer", "dose": 300000, "step": 15500, "cycle": 3, "sample_exposures": 992000, "train_nll_window": 3.5603371782302857, "valid_nll": 4.2423672139126385, "elapsed_sec": 398.90996408462524}
{"event": "evaluation", "model": "transformer", "dose": 300000, "step": 15625, "cycle": 3, "sample_exposures": 1000000, "train_nll_window": 3.5794156703948974, "valid_nll": 4.224610755860962, "elapsed_sec": 402.384254693985}
{"event": "evaluation", "model": "transformer", "dose": 1000000, "step": 0, "cycle": 0, "train_nll_window": null, "valid_nll": 10.540988830421343, "elapsed_sec": 0.0}
{"event": "evaluation", "model": "transformer", "dose": 1000000, "step": 500, "cycle": 0, "sample_exposures": 32000, "train_nll_window": 7.403466403961182, "valid_nll": 6.681335961532857, "elapsed_sec": 13.194363117218018}
{"event": "evaluation", "model": "transformer", "dose": 1000000, "step": 1000, "cycle": 0, "sample_exposures": 64000, "train_nll_window": 6.420014213562012, "valid_nll": 6.136063413953677, "elapsed_sec": 25.915714979171753}
{"event": "evaluation", "model": "transformer", "dose": 1000000, "step": 1500, "cycle": 0, "sample_exposures": 96000, "train_nll_window": 6.034792834281921, "valid_nll": 5.829441346109098, "elapsed_sec": 38.733240365982056}
{"event": "evaluation", "model": "transformer", "dose": 1000000, "step": 2000, "cycle": 0, "sample_exposures": 128000, "train_nll_window": 5.769221062660217, "valid_nll": 5.633571745833678, "elapsed_sec": 51.37301993370056}
{"event": "evaluation", "model": "transformer", "dose": 1000000, "step": 2500, "cycle": 0, "sample_exposures": 160000, "train_nll_window": 5.605424133300781, "valid_nll": 5.486675657589494, "elapsed_sec": 64.18453240394592}
{"event": "evaluation", "model": "transformer", "dose": 1000000, "step": 3000, "cycle": 0, "sample_exposures": 192000, "train_nll_window": 5.463177487373352, "valid_nll": 5.363553948004885, "elapsed_sec": 76.86264824867249}
{"event": "evaluation", "model": "transformer", "dose": 1000000, "step": 3500, "cycle": 0, "sample_exposures": 224000, "train_nll_window": 5.348620536804199, "valid_nll": 5.254853902559869, "elapsed_sec": 89.54298090934753}
{"event": "evaluation", "model": "transformer", "dose": 1000000, "step": 4000, "cycle": 0, "sample_exposures": 256000, "train_nll_window": 5.238155744552612, "valid_nll": 5.167715406083592, "elapsed_sec": 102.36754846572876}
{"event": "evaluation", "model": "transformer", "dose": 1000000, "step": 4500, "cycle": 0, "sample_exposures": 288000, "train_nll_window": 5.151206659317016, "valid_nll": 5.082020210457313, "elapsed_sec": 115.28132557868958}
{"event": "evaluation", "model": "transformer", "dose": 1000000, "step": 5000, "cycle": 0, "sample_exposures": 320000, "train_nll_window": 5.069883059501648, "valid_nll": 5.0073257758910845, "elapsed_sec": 128.2952983379364}
{"event": "evaluation", "model": "transformer", "dose": 1000000, "step": 5500, "cycle": 0, "sample_exposures": 352000, "train_nll_window": 5.008194080352784, "valid_nll": 4.924887392257589, "elapsed_sec": 140.87375378608704}
{"event": "evaluation", "model": "transformer", "dose": 1000000, "step": 6000, "cycle": 0, "sample_exposures": 384000, "train_nll_window": 4.9129801197052005, "valid_nll": 4.844834416555101, "elapsed_sec": 153.68016028404236}
{"event": "evaluation", "model": "transformer", "dose": 1000000, "step": 6500, "cycle": 0, "sample_exposures": 416000, "train_nll_window": 4.856943420410156, "valid_nll": 4.782511886568677, "elapsed_sec": 166.37200927734375}
{"event": "evaluation", "model": "transformer", "dose": 1000000, "step": 7000, "cycle": 0, "sample_exposures": 448000, "train_nll_window": 4.786825024604798, "valid_nll": 4.717031889456146, "elapsed_sec": 179.1144506931305}
{"event": "evaluation", "model": "transformer", "dose": 1000000, "step": 7500, "cycle": 0, "sample_exposures": 480000, "train_nll_window": 4.703465853691101, "valid_nll": 4.6496980791577665, "elapsed_sec": 192.17990636825562}
{"event": "evaluation", "model": "transformer", "dose": 1000000, "step": 8000, "cycle": 0, "sample_exposures": 512000, "train_nll_window": 4.641312784194946, "valid_nll": 4.594865728311904, "elapsed_sec": 204.95115494728088}
{"event": "evaluation", "model": "transformer", "dose": 1000000, "step": 8500, "cycle": 0, "sample_exposures": 544000, "train_nll_window": 4.585497630119324, "valid_nll": 4.540522745776799, "elapsed_sec": 217.7524836063385}
{"event": "evaluation", "model": "transformer", "dose": 1000000, "step": 9000, "cycle": 0, "sample_exposures": 576000, "train_nll_window": 4.520536019325256, "valid_nll": 4.470783236970783, "elapsed_sec": 230.51567125320435}
{"event": "evaluation", "model": "transformer", "dose": 1000000, "step": 9500, "cycle": 0, "sample_exposures": 608000, "train_nll_window": 4.455274713516236, "valid_nll": 4.417297258614927, "elapsed_sec": 243.22268676757812}
{"event": "evaluation", "model": "transformer", "dose": 1000000, "step": 10000, "cycle": 0, "sample_exposures": 640000, "train_nll_window": 4.405882629394531, "valid_nll": 4.367067754381619, "elapsed_sec": 256.0073347091675}
{"event": "evaluation", "model": "transformer", "dose": 1000000, "step": 10500, "cycle": 0, "sample_exposures": 672000, "train_nll_window": 4.3540229864120485, "valid_nll": 4.325669594170252, "elapsed_sec": 268.73678636550903}
{"event": "evaluation", "model": "transformer", "dose": 1000000, "step": 11000, "cycle": 0, "sample_exposures": 704000, "train_nll_window": 4.326359441280365, "valid_nll": 4.2763161911294905, "elapsed_sec": 281.40544748306274}
{"event": "evaluation", "model": "transformer", "dose": 1000000, "step": 11500, "cycle": 0, "sample_exposures": 736000, "train_nll_window": 4.280665962696076, "valid_nll": 4.240600244394762, "elapsed_sec": 294.26450991630554}
{"event": "evaluation", "model": "transformer", "dose": 1000000, "step": 12000, "cycle": 0, "sample_exposures": 768000, "train_nll_window": 4.226958862304688, "valid_nll": 4.190689627231001, "elapsed_sec": 307.40346789360046}
{"event": "evaluation", "model": "transformer", "dose": 1000000, "step": 12500, "cycle": 0, "sample_exposures": 800000, "train_nll_window": 4.19577451467514, "valid_nll": 4.153743634524767, "elapsed_sec": 320.03467202186584}
{"event": "evaluation", "model": "transformer", "dose": 1000000, "step": 13000, "cycle": 0, "sample_exposures": 832000, "train_nll_window": 4.146439381599427, "valid_nll": 4.126835553503133, "elapsed_sec": 332.7143268585205}
{"event": "evaluation", "model": "transformer", "dose": 1000000, "step": 13500, "cycle": 0, "sample_exposures": 864000, "train_nll_window": 4.101118204593658, "valid_nll": 4.0849989111764415, "elapsed_sec": 345.52424669265747}
{"event": "evaluation", "model": "transformer", "dose": 1000000, "step": 14000, "cycle": 0, "sample_exposures": 896000, "train_nll_window": 4.104895904064178, "valid_nll": 4.051970443053059, "elapsed_sec": 358.29251980781555}
{"event": "evaluation", "model": "transformer", "dose": 1000000, "step": 14500, "cycle": 0, "sample_exposures": 928000, "train_nll_window": 4.062118802547455, "valid_nll": 4.0250499489727805, "elapsed_sec": 370.97149085998535}
{"event": "evaluation", "model": "transformer", "dose": 1000000, "step": 15000, "cycle": 0, "sample_exposures": 960000, "train_nll_window": 4.029036884307861, "valid_nll": 3.989282638617287, "elapsed_sec": 383.71859192848206}
{"event": "evaluation", "model": "transformer", "dose": 1000000, "step": 15500, "cycle": 0, "sample_exposures": 992000, "train_nll_window": 4.013905305862426, "valid_nll": 3.968118696810411, "elapsed_sec": 396.43356227874756}
{"event": "evaluation", "model": "transformer", "dose": 1000000, "step": 15625, "cycle": 0, "sample_exposures": 1000000, "train_nll_window": 4.009052909851074, "valid_nll": 3.96088552674381, "elapsed_sec": 400.2735233306885}
{
  "experiment_id": "s3_private_protocol_data_dose_full",
  "claim": "S3-PRIVATE-PROTOCOL-DATA-DOSE-C03",
  "predict": "P-S3-PRIVATE-PROTOCOL-DATA-DOSE-03",
  "status": "supported_pilot_single_seed",
  "host": "io",
  "device_name": "NVIDIA GeForce RTX 3090",
  "git_commit": "7bbb89c",
  "seconds": 19134.186819553375,
  "config": {
    "data": "/home/nio/datasets/wmt_massive/train.massive.zh-en.tsv",
    "spm_model": "/home/nio/datasets/wmt_massive/sp_bpe_massive.model",
    "evidence_dir": "ara/s3-generation/evidence/s3_private_protocol_data_dose_full",
    "models": [
      "h1",
      "flat",
      "transformer"
    ],
    "doses": [
      30000,
      100000,
      300000,
      1000000
    ],
    "base_train_samples": 30000,
    "valid_samples": 2000,
    "test_samples": 2000,
    "baseline_max_scan": 300000,
    "pool_max_scan": 3000000,
    "source_rows": 14170275,
    "code_commit": "7bbb89c",
    "source_col": 1,
    "target_col": 0,
    "min_len": 8,
    "max_len": 32,
    "data_seed": 71900,
    "pool_seed": 72003,
    "model_seed": 71901,
    "batch_size": 64,
    "fixed_steps": 15625,
    "eval_interval": 500,
    "lr": 0.002,
    "grad_clip": 1.0,
    "num_workers": 2,
    "device": "cuda",
    "heap_width": 64,
    "dim": 192,
    "hidden": 256,
    "tf_dim": 256,
    "tf_heads": 4,
    "tf_encoder_layers": 2,
    "tf_decoder_layers": 2,
    "tf_feedforward": 512,
    "tf_dropout": 0.0,
    "max_positions": 128,
    "smoke": false
  },
  "curves": {
    "h1": {
      "doses": [
        30000,
        100000,
        300000,
        1000000
      ],
      "test_nll": [
        6.26710072318349,
        5.14543889724367,
        4.255821958224378,
        4.019758249489361
      ],
      "spearman_log_dose_vs_nll": -1.0,
      "nll_improvement_first_to_last": 2.247342473694129,
      "adjacent_improvements": 3
    },
    "flat": {
      "doses": [
        30000,
        100000,
        300000,
        1000000
      ],
      "test_nll": [
        6.031940800187375,
        5.053230043158837,
        4.202527606580746,
        3.9365029901563995
      ],
      "spearman_log_dose_vs_nll": -1.0,
      "nll_improvement_first_to_last": 2.095437810030975,
      "adjacent_improvements": 3
    },
    "transformer": {
      "doses": [
        30000,
        100000,
        300000,
        1000000
      ],
      "test_nll": [
        6.537277812595862,
        5.337504335699014,
        4.176113218852175,
        3.9200728865052823
      ],
      "spearman_log_dose_vs_nll": -1.0,
      "nll_improvement_first_to_last": 2.61720492609058,
      "adjacent_improvements": 3
    }
  },
  "gates": {
    "P1_h1_improves_at_least_0_10": true,
    "P2_h1_spearman_at_most_minus_0_80": true,
    "P3_two_of_three_adjacent_doses_improve": true,
    "P4_all_gradients_finite": true
  },
  "boundary": "This fixed-update, single-seed curve tests data diversity under one training recipe. It does not establish a universal scaling law, dataset optimum, semantic heads, or TreeHeap superiority. A common gain across models is a corpus effect."
}
