model=bow
started_at=2026-07-04T16:33:33+08:00
               total        used        free      shared  buff/cache   available
Mem:            31Gi       890Mi        26Gi       3.0Mi       4.1Gi        29Gi
Swap:             0B          0B          0B
NVIDIA GeForce RTX 3090, 223.87 W, 270.00 W, 73, 8 %, 1 MiB, 24576 MiB
[
  {
    "model": "bow",
    "step": 60000,
    "seen_lines": 18150978,
    "accepted_pairs": 15360000,
    "loss": 0.6075426936149597,
    "align": 0.6075426340103149,
    "echo": 8.821917418799785e-08,
    "batch_positive_distance_proxy": 0.29873061180114746,
    "elapsed_sec": 1341.848972082138,
    "cuda_memory_allocated": 890713600,
    "cuda_memory_reserved": 2885681152
  }
]
pilot_pass=True
finished_at=2026-07-04T16:55:57+08:00
               total        used        free      shared  buff/cache   available
Mem:            31Gi       888Mi        26Gi       3.0Mi       4.1Gi        29Gi
Swap:             0B          0B          0B
NVIDIA GeForce RTX 3090, 229.74 W, 270.00 W, 73, 5 %, 1 MiB, 24576 MiB
