{"event": "pool_sampling_started", "required": 1034000}
{"event": "dataset_ready", "train_doses": [30000, 1000000], "train_sha256": {"30000": "50e7a7213af49b8e0c1f7e705aa80a7caa561e2dd36b3c42b67f68cf904120be", "1000000": "a4a254f3a965a20751b5b3322434876751ee3c93eae9fd89518179fd279a8fdf"}, "validation_rows": 2000, "validation_sha256": "86ac3b0fe60302b397416a6fabb8921f6890565ebb373cd04768fa72bddf6f76", "test_rows": 2000, "test_sha256": "b893d33aa433214f87a6c16ee357178beffb12adcde53576a5d178e2813660c0"}
{"event": "evaluation", "variant": "identity", "seed": 71901, "step": 500, "sample_exposures": 32000, "train_nll_window": 7.016005350112915, "valid_nll": 6.308734862238259, "elapsed_sec": 94.54281115531921}
{"event": "evaluation", "variant": "identity", "seed": 71901, "step": 1000, "sample_exposures": 64000, "train_nll_window": 6.035944853782654, "valid_nll": 5.754594701001882, "elapsed_sec": 188.6851019859314}
{"event": "evaluation", "variant": "identity", "seed": 71901, "step": 1500, "sample_exposures": 96000, "train_nll_window": 5.649257312774658, "valid_nll": 5.454382688898254, "elapsed_sec": 285.3217043876648}
{"event": "evaluation", "variant": "identity", "seed": 71901, "step": 2000, "sample_exposures": 128000, "train_nll_window": 5.38133479309082, "valid_nll": 5.2593257987487405, "elapsed_sec": 379.27889347076416}
{"event": "evaluation", "variant": "identity", "seed": 71901, "step": 2500, "sample_exposures": 160000, "train_nll_window": 5.21930473613739, "valid_nll": 5.110297473882337, "elapsed_sec": 473.34408259391785}
{"event": "evaluation", "variant": "identity", "seed": 71901, "step": 3000, "sample_exposures": 192000, "train_nll_window": 5.091173998832702, "valid_nll": 4.999086516403923, "elapsed_sec": 569.3106079101562}
{"event": "evaluation", "variant": "identity", "seed": 71901, "step": 3500, "sample_exposures": 224000, "train_nll_window": 4.990023625373841, "valid_nll": 4.913541643652318, "elapsed_sec": 663.2112040519714}
{"event": "evaluation", "variant": "identity", "seed": 71901, "step": 4000, "sample_exposures": 256000, "train_nll_window": 4.904346519470215, "valid_nll": 4.836534149455459, "elapsed_sec": 756.9843277931213}
{"event": "evaluation", "variant": "identity", "seed": 71901, "step": 4500, "sample_exposures": 288000, "train_nll_window": 4.833704260826111, "valid_nll": 4.767625371745399, "elapsed_sec": 853.6393492221832}
{"event": "evaluation", "variant": "identity", "seed": 71901, "step": 5000, "sample_exposures": 320000, "train_nll_window": 4.773241324424744, "valid_nll": 4.7103681262210335, "elapsed_sec": 947.6742475032806}
{"event": "evaluation", "variant": "identity", "seed": 71901, "step": 5500, "sample_exposures": 352000, "train_nll_window": 4.736955480098724, "valid_nll": 4.65480086721594, "elapsed_sec": 1043.8374655246735}
{"event": "evaluation", "variant": "identity", "seed": 71901, "step": 6000, "sample_exposures": 384000, "train_nll_window": 4.669400986671448, "valid_nll": 4.610147165697675, "elapsed_sec": 1138.3011872768402}
{"event": "evaluation", "variant": "identity", "seed": 71901, "step": 6500, "sample_exposures": 416000, "train_nll_window": 4.640990197181702, "valid_nll": 4.57243209954092, "elapsed_sec": 1232.241855621338}
{"event": "evaluation", "variant": "identity", "seed": 71901, "step": 7000, "sample_exposures": 448000, "train_nll_window": 4.597339091300964, "valid_nll": 4.52542750427068, "elapsed_sec": 1328.698882341385}
{"event": "evaluation", "variant": "identity", "seed": 71901, "step": 7500, "sample_exposures": 480000, "train_nll_window": 4.539313143730164, "valid_nll": 4.488537737578597, "elapsed_sec": 1422.2400081157684}
{"event": "evaluation", "variant": "identity", "seed": 71901, "step": 8000, "sample_exposures": 512000, "train_nll_window": 4.496254431724548, "valid_nll": 4.465581239928529, "elapsed_sec": 1515.700941324234}
{"event": "evaluation", "variant": "identity", "seed": 71901, "step": 8500, "sample_exposures": 544000, "train_nll_window": 4.4726476593017575, "valid_nll": 4.442334445641321, "elapsed_sec": 1611.9915039539337}
{"event": "evaluation", "variant": "identity", "seed": 71901, "step": 9000, "sample_exposures": 576000, "train_nll_window": 4.434173132896423, "valid_nll": 4.402079866001253, "elapsed_sec": 1706.3819682598114}
{"event": "evaluation", "variant": "identity", "seed": 71901, "step": 9500, "sample_exposures": 608000, "train_nll_window": 4.395172401428223, "valid_nll": 4.37529976067623, "elapsed_sec": 1800.3618738651276}
{"event": "evaluation", "variant": "identity", "seed": 71901, "step": 10000, "sample_exposures": 640000, "train_nll_window": 4.369965178966522, "valid_nll": 4.344501889811056, "elapsed_sec": 1896.6858232021332}
{"event": "evaluation", "variant": "identity", "seed": 71901, "step": 10500, "sample_exposures": 672000, "train_nll_window": 4.338322531223297, "valid_nll": 4.324118747755366, "elapsed_sec": 1990.6351337432861}
{"event": "evaluation", "variant": "identity", "seed": 71901, "step": 11000, "sample_exposures": 704000, "train_nll_window": 4.3356622772216795, "valid_nll": 4.296252290466395, "elapsed_sec": 2084.855598926544}
{"event": "evaluation", "variant": "identity", "seed": 71901, "step": 11500, "sample_exposures": 736000, "train_nll_window": 4.307111541748047, "valid_nll": 4.270419044440689, "elapsed_sec": 2181.2930929660797}
{"event": "evaluation", "variant": "identity", "seed": 71901, "step": 12000, "sample_exposures": 768000, "train_nll_window": 4.270423635482788, "valid_nll": 4.237722754173608, "elapsed_sec": 2275.825184106827}
{"event": "evaluation", "variant": "identity", "seed": 71901, "step": 12500, "sample_exposures": 800000, "train_nll_window": 4.254731599807739, "valid_nll": 4.225542458742225, "elapsed_sec": 2369.5784752368927}
{"event": "evaluation", "variant": "identity", "seed": 71901, "step": 13000, "sample_exposures": 832000, "train_nll_window": 4.22418294095993, "valid_nll": 4.192932644892859, "elapsed_sec": 2466.657893180847}
{"event": "evaluation", "variant": "identity", "seed": 71901, "step": 13500, "sample_exposures": 864000, "train_nll_window": 4.192902641296387, "valid_nll": 4.1801806546608935, "elapsed_sec": 2560.2680802345276}
{"event": "evaluation", "variant": "identity", "seed": 71901, "step": 14000, "sample_exposures": 896000, "train_nll_window": 4.211936478614807, "valid_nll": 4.168742616066359, "elapsed_sec": 2654.553416490555}
{"event": "evaluation", "variant": "identity", "seed": 71901, "step": 14500, "sample_exposures": 928000, "train_nll_window": 4.181173959255219, "valid_nll": 4.153234276782592, "elapsed_sec": 2751.386551618576}
{"event": "evaluation", "variant": "identity", "seed": 71901, "step": 15000, "sample_exposures": 960000, "train_nll_window": 4.152554334640503, "valid_nll": 4.134321292588102, "elapsed_sec": 2845.3552429676056}
{"event": "evaluation", "variant": "identity", "seed": 71901, "step": 15500, "sample_exposures": 992000, "train_nll_window": 4.150419072151184, "valid_nll": 4.121765759207934, "elapsed_sec": 2941.911705970764}
{"event": "evaluation", "variant": "identity", "seed": 71901, "step": 15625, "sample_exposures": 1000000, "train_nll_window": 4.15297797203064, "valid_nll": 4.118212862713981, "elapsed_sec": 2967.5539722442627}
{"event": "evaluation", "variant": "learned_structural", "seed": 71901, "step": 500, "sample_exposures": 32000, "train_nll_window": 7.065053199768067, "valid_nll": 6.338955316543866, "elapsed_sec": 96.6654531955719}
{"event": "evaluation", "variant": "learned_structural", "seed": 71901, "step": 1000, "sample_exposures": 64000, "train_nll_window": 6.090209473609924, "valid_nll": 5.813603208750687, "elapsed_sec": 193.27764701843262}
{"event": "evaluation", "variant": "learned_structural", "seed": 71901, "step": 1500, "sample_exposures": 96000, "train_nll_window": 5.7030040674209594, "valid_nll": 5.511917212038193, "elapsed_sec": 292.92640495300293}
{"event": "evaluation", "variant": "learned_structural", "seed": 71901, "step": 2000, "sample_exposures": 128000, "train_nll_window": 5.434333820343017, "valid_nll": 5.311715443278698, "elapsed_sec": 389.0258765220642}
{"event": "evaluation", "variant": "learned_structural", "seed": 71901, "step": 2500, "sample_exposures": 160000, "train_nll_window": 5.276415023803711, "valid_nll": 5.170721477964279, "elapsed_sec": 485.61445355415344}
{"event": "evaluation", "variant": "learned_structural", "seed": 71901, "step": 3000, "sample_exposures": 192000, "train_nll_window": 5.145606600761414, "valid_nll": 5.06080994370318, "elapsed_sec": 587.5166602134705}
{"event": "evaluation", "variant": "learned_structural", "seed": 71901, "step": 3500, "sample_exposures": 224000, "train_nll_window": 5.042494669914245, "valid_nll": 4.9650971673664595, "elapsed_sec": 684.3720047473907}
{"event": "evaluation", "variant": "learned_structural", "seed": 71901, "step": 4000, "sample_exposures": 256000, "train_nll_window": 4.957125293731689, "valid_nll": 4.880024358093561, "elapsed_sec": 780.973530292511}
{"event": "evaluation", "variant": "learned_structural", "seed": 71901, "step": 4500, "sample_exposures": 288000, "train_nll_window": 4.897937348365784, "valid_nll": 4.8578510730288595, "elapsed_sec": 880.4185914993286}
{"event": "evaluation", "variant": "learned_structural", "seed": 71901, "step": 5000, "sample_exposures": 320000, "train_nll_window": 4.886289974212646, "valid_nll": 4.824022337218234, "elapsed_sec": 976.9864745140076}
{"event": "evaluation", "variant": "learned_structural", "seed": 71901, "step": 5500, "sample_exposures": 352000, "train_nll_window": 4.8702464714050295, "valid_nll": 4.792240669023022, "elapsed_sec": 1073.5939037799835}
{"event": "evaluation", "variant": "learned_structural", "seed": 71901, "step": 6000, "sample_exposures": 384000, "train_nll_window": 4.816217010498047, "valid_nll": 4.752779577630475, "elapsed_sec": 1172.5070230960846}
{"event": "evaluation", "variant": "learned_structural", "seed": 71901, "step": 6500, "sample_exposures": 416000, "train_nll_window": 4.801688639640808, "valid_nll": 4.740369618579173, "elapsed_sec": 1269.167495727539}
{"event": "evaluation", "variant": "learned_structural", "seed": 71901, "step": 7000, "sample_exposures": 448000, "train_nll_window": 4.766449272155762, "valid_nll": 4.700598336603134, "elapsed_sec": 1368.5624289512634}
{"event": "evaluation", "variant": "learned_structural", "seed": 71901, "step": 7500, "sample_exposures": 480000, "train_nll_window": 4.714514246940613, "valid_nll": 4.674250381999026, "elapsed_sec": 1465.362646818161}
{"event": "evaluation", "variant": "learned_structural", "seed": 71901, "step": 8000, "sample_exposures": 512000, "train_nll_window": 4.684733107566833, "valid_nll": 4.649843991356868, "elapsed_sec": 1561.8668849468231}
{"event": "evaluation", "variant": "learned_structural", "seed": 71901, "step": 8500, "sample_exposures": 544000, "train_nll_window": 4.6749045810699466, "valid_nll": 4.632333264123798, "elapsed_sec": 1658.8576545715332}
{"event": "evaluation", "variant": "learned_structural", "seed": 71901, "step": 9000, "sample_exposures": 576000, "train_nll_window": 4.665227766990662, "valid_nll": 4.6242089429491715, "elapsed_sec": 1758.321941614151}
{"event": "evaluation", "variant": "learned_structural", "seed": 71901, "step": 9500, "sample_exposures": 608000, "train_nll_window": 4.62350366973877, "valid_nll": 4.6023446953021585, "elapsed_sec": 1855.00168466568}
{"event": "evaluation", "variant": "learned_structural", "seed": 71901, "step": 10000, "sample_exposures": 640000, "train_nll_window": 4.61562428855896, "valid_nll": 4.5816082254479396, "elapsed_sec": 1956.2387247085571}
{"event": "evaluation", "variant": "learned_structural", "seed": 71901, "step": 10500, "sample_exposures": 672000, "train_nll_window": 4.5986905288696285, "valid_nll": 4.57528228470556, "elapsed_sec": 2053.1872544288635}
{"event": "evaluation", "variant": "learned_structural", "seed": 71901, "step": 11000, "sample_exposures": 704000, "train_nll_window": 4.607815801620483, "valid_nll": 4.555092239161828, "elapsed_sec": 2149.7257862091064}
{"event": "evaluation", "variant": "learned_structural", "seed": 71901, "step": 11500, "sample_exposures": 736000, "train_nll_window": 4.578037045478821, "valid_nll": 4.506866848954024, "elapsed_sec": 2250.003211259842}
{"event": "evaluation", "variant": "learned_structural", "seed": 71901, "step": 12000, "sample_exposures": 768000, "train_nll_window": 4.549345857143402, "valid_nll": 4.499260717890223, "elapsed_sec": 2349.125693798065}
{"event": "evaluation", "variant": "learned_structural", "seed": 71901, "step": 12500, "sample_exposures": 800000, "train_nll_window": 4.5233463306427, "valid_nll": 4.480095888160369, "elapsed_sec": 2446.1530125141144}
{"event": "evaluation", "variant": "learned_structural", "seed": 71901, "step": 13000, "sample_exposures": 832000, "train_nll_window": 4.494499264717102, "valid_nll": 4.454651692365567, "elapsed_sec": 2545.966978788376}
{"event": "evaluation", "variant": "learned_structural", "seed": 71901, "step": 13500, "sample_exposures": 864000, "train_nll_window": 4.456847221374511, "valid_nll": 4.466911332214699, "elapsed_sec": 2644.828033208847}
{"event": "evaluation", "variant": "learned_structural", "seed": 71901, "step": 14000, "sample_exposures": 896000, "train_nll_window": 4.489841054439545, "valid_nll": 4.422854217719349, "elapsed_sec": 2744.2703392505646}
{"event": "evaluation", "variant": "learned_structural", "seed": 71901, "step": 14500, "sample_exposures": 928000, "train_nll_window": 4.459996149063111, "valid_nll": 4.443264183733716, "elapsed_sec": 2843.694475412369}
{"event": "evaluation", "variant": "learned_structural", "seed": 71901, "step": 15000, "sample_exposures": 960000, "train_nll_window": 4.445765077114105, "valid_nll": 4.408299748542281, "elapsed_sec": 2940.1247782707214}
{"event": "evaluation", "variant": "learned_structural", "seed": 71901, "step": 15500, "sample_exposures": 992000, "train_nll_window": 4.469058674335479, "valid_nll": 4.409698031855934, "elapsed_sec": 3038.9704349040985}
{"event": "evaluation", "variant": "learned_structural", "seed": 71901, "step": 15625, "sample_exposures": 1000000, "train_nll_window": 4.461506414413452, "valid_nll": 4.405619761836153, "elapsed_sec": 3065.064012527466}
{"event": "evaluation", "variant": "frozen_random", "seed": 71901, "step": 500, "sample_exposures": 32000, "train_nll_window": 7.053280966758728, "valid_nll": 6.328617541352966, "elapsed_sec": 94.17356419563293}
{"event": "evaluation", "variant": "frozen_random", "seed": 71901, "step": 1000, "sample_exposures": 64000, "train_nll_window": 6.070968014717102, "valid_nll": 5.776828002103374, "elapsed_sec": 188.2584114074707}
{"event": "evaluation", "variant": "frozen_random", "seed": 71901, "step": 1500, "sample_exposures": 96000, "train_nll_window": 5.68130371761322, "valid_nll": 5.479235648506367, "elapsed_sec": 284.9934241771698}
{"event": "evaluation", "variant": "frozen_random", "seed": 71901, "step": 2000, "sample_exposures": 128000, "train_nll_window": 5.4111301002502445, "valid_nll": 5.2884724096341085, "elapsed_sec": 379.31838965415955}
{"event": "evaluation", "variant": "frozen_random", "seed": 71901, "step": 2500, "sample_exposures": 160000, "train_nll_window": 5.252267285346985, "valid_nll": 5.136564299232453, "elapsed_sec": 474.7290358543396}
{"event": "evaluation", "variant": "frozen_random", "seed": 71901, "step": 3000, "sample_exposures": 192000, "train_nll_window": 5.124193506240845, "valid_nll": 5.026881852008371, "elapsed_sec": 572.4345996379852}
{"event": "evaluation", "variant": "frozen_random", "seed": 71901, "step": 3500, "sample_exposures": 224000, "train_nll_window": 5.024600584030152, "valid_nll": 4.940200119365147, "elapsed_sec": 666.9529602527618}
{"event": "evaluation", "variant": "frozen_random", "seed": 71901, "step": 4000, "sample_exposures": 256000, "train_nll_window": 4.941392836570739, "valid_nll": 4.8787078320318376, "elapsed_sec": 762.2379488945007}
{"event": "evaluation", "variant": "frozen_random", "seed": 71901, "step": 4500, "sample_exposures": 288000, "train_nll_window": 4.868159960746765, "valid_nll": 4.79937818876052, "elapsed_sec": 859.4916434288025}
{"event": "evaluation", "variant": "frozen_random", "seed": 71901, "step": 5000, "sample_exposures": 320000, "train_nll_window": 4.809027918815612, "valid_nll": 4.751667514476123, "elapsed_sec": 953.8591256141663}
{"event": "evaluation", "variant": "frozen_random", "seed": 71901, "step": 5500, "sample_exposures": 352000, "train_nll_window": 4.77462011051178, "valid_nll": 4.695780883631145, "elapsed_sec": 1049.079820394516}
{"event": "evaluation", "variant": "frozen_random", "seed": 71901, "step": 6000, "sample_exposures": 384000, "train_nll_window": 4.704883397102356, "valid_nll": 4.6421375495582184, "elapsed_sec": 1145.5519218444824}
{"event": "evaluation", "variant": "frozen_random", "seed": 71901, "step": 6500, "sample_exposures": 416000, "train_nll_window": 4.677639998435974, "valid_nll": 4.606647013685449, "elapsed_sec": 1240.0031356811523}
{"event": "evaluation", "variant": "frozen_random", "seed": 71901, "step": 7000, "sample_exposures": 448000, "train_nll_window": 4.637681684017181, "valid_nll": 4.570369166714459, "elapsed_sec": 1334.290378332138}
{"event": "evaluation", "variant": "frozen_random", "seed": 71901, "step": 7500, "sample_exposures": 480000, "train_nll_window": 4.5839074168205265, "valid_nll": 4.533109817727528, "elapsed_sec": 1433.4850914478302}
{"event": "evaluation", "variant": "frozen_random", "seed": 71901, "step": 8000, "sample_exposures": 512000, "train_nll_window": 4.539310156345367, "valid_nll": 4.503735827518831, "elapsed_sec": 1527.7724349498749}
{"event": "evaluation", "variant": "frozen_random", "seed": 71901, "step": 8500, "sample_exposures": 544000, "train_nll_window": 4.516345998764038, "valid_nll": 4.474351638770533, "elapsed_sec": 1622.0451061725616}
{"event": "evaluation", "variant": "frozen_random", "seed": 71901, "step": 9000, "sample_exposures": 576000, "train_nll_window": 4.477325493812561, "valid_nll": 4.427332933745468, "elapsed_sec": 1719.3747515678406}
{"event": "evaluation", "variant": "frozen_random", "seed": 71901, "step": 9500, "sample_exposures": 608000, "train_nll_window": 4.442781945705414, "valid_nll": 4.40707095856665, "elapsed_sec": 1814.8305897712708}
{"event": "evaluation", "variant": "frozen_random", "seed": 71901, "step": 10000, "sample_exposures": 640000, "train_nll_window": 4.416614176273346, "valid_nll": 4.388620963097049, "elapsed_sec": 1908.8200359344482}
{"event": "evaluation", "variant": "frozen_random", "seed": 71901, "step": 10500, "sample_exposures": 672000, "train_nll_window": 4.384245267391205, "valid_nll": 4.35642441596045, "elapsed_sec": 2005.3617408275604}
{"event": "evaluation", "variant": "frozen_random", "seed": 71901, "step": 11000, "sample_exposures": 704000, "train_nll_window": 4.379417209148407, "valid_nll": 4.331857915224304, "elapsed_sec": 2099.513597726822}
{"event": "evaluation", "variant": "frozen_random", "seed": 71901, "step": 11500, "sample_exposures": 736000, "train_nll_window": 4.355657126903534, "valid_nll": 4.32797855896053, "elapsed_sec": 2194.362862110138}
{"event": "evaluation", "variant": "frozen_random", "seed": 71901, "step": 12000, "sample_exposures": 768000, "train_nll_window": 4.321742231845856, "valid_nll": 4.284675725075401, "elapsed_sec": 2293.2138979434967}
{"event": "evaluation", "variant": "frozen_random", "seed": 71901, "step": 12500, "sample_exposures": 800000, "train_nll_window": 4.303488160610199, "valid_nll": 4.271558978216948, "elapsed_sec": 2388.389372587204}
{"event": "evaluation", "variant": "frozen_random", "seed": 71901, "step": 13000, "sample_exposures": 832000, "train_nll_window": 4.277896275043488, "valid_nll": 4.23958886657052, "elapsed_sec": 2483.238906145096}
{"event": "evaluation", "variant": "frozen_random", "seed": 71901, "step": 13500, "sample_exposures": 864000, "train_nll_window": 4.245794885635376, "valid_nll": 4.220293027656941, "elapsed_sec": 2580.667018890381}
{"event": "evaluation", "variant": "frozen_random", "seed": 71901, "step": 14000, "sample_exposures": 896000, "train_nll_window": 4.264657771110534, "valid_nll": 4.213721929006353, "elapsed_sec": 2674.7947874069214}
{"event": "evaluation", "variant": "frozen_random", "seed": 71901, "step": 14500, "sample_exposures": 928000, "train_nll_window": 4.234667016983032, "valid_nll": 4.201725376222914, "elapsed_sec": 2769.142652273178}
{"event": "evaluation", "variant": "frozen_random", "seed": 71901, "step": 15000, "sample_exposures": 960000, "train_nll_window": 4.210984634399414, "valid_nll": 4.177586938712337, "elapsed_sec": 2865.9786100387573}
{"event": "evaluation", "variant": "frozen_random", "seed": 71901, "step": 15500, "sample_exposures": 992000, "train_nll_window": 4.2100295057296755, "valid_nll": 4.159038002351342, "elapsed_sec": 2962.0100231170654}
{"event": "evaluation", "variant": "frozen_random", "seed": 71901, "step": 15625, "sample_exposures": 1000000, "train_nll_window": 4.212896306991577, "valid_nll": 4.163592239720049, "elapsed_sec": 2987.606328010559}
{"event": "evaluation", "variant": "identity", "seed": 71902, "step": 500, "sample_exposures": 32000, "train_nll_window": 7.077780371665955, "valid_nll": 6.28062662207093, "elapsed_sec": 97.36217021942139}
{"event": "evaluation", "variant": "identity", "seed": 71902, "step": 1000, "sample_exposures": 64000, "train_nll_window": 6.071013751983642, "valid_nll": 5.790084105743865, "elapsed_sec": 191.21775031089783}
{"event": "evaluation", "variant": "identity", "seed": 71902, "step": 1500, "sample_exposures": 96000, "train_nll_window": 5.672031802177429, "valid_nll": 5.506749659397423, "elapsed_sec": 285.0302622318268}
{"event": "evaluation", "variant": "identity", "seed": 71902, "step": 2000, "sample_exposures": 128000, "train_nll_window": 5.418871921539306, "valid_nll": 5.293996933195944, "elapsed_sec": 381.59350967407227}
{"event": "evaluation", "variant": "identity", "seed": 71902, "step": 2500, "sample_exposures": 160000, "train_nll_window": 5.246085130691529, "valid_nll": 5.143500393222194, "elapsed_sec": 475.68704175949097}
{"event": "evaluation", "variant": "identity", "seed": 71902, "step": 3000, "sample_exposures": 192000, "train_nll_window": 5.1142862548828125, "valid_nll": 5.025874686544562, "elapsed_sec": 570.1823041439056}
{"event": "evaluation", "variant": "identity", "seed": 71902, "step": 3500, "sample_exposures": 224000, "train_nll_window": 5.017438856124878, "valid_nll": 4.926550587870706, "elapsed_sec": 667.2256860733032}
{"event": "evaluation", "variant": "identity", "seed": 71902, "step": 4000, "sample_exposures": 256000, "train_nll_window": 4.931768866539001, "valid_nll": 4.8606519878991925, "elapsed_sec": 762.7067196369171}
{"event": "evaluation", "variant": "identity", "seed": 71902, "step": 4500, "sample_exposures": 288000, "train_nll_window": 4.857862894058227, "valid_nll": 4.797936151251401, "elapsed_sec": 856.6931154727936}
{"event": "evaluation", "variant": "identity", "seed": 71902, "step": 5000, "sample_exposures": 320000, "train_nll_window": 4.787592997550965, "valid_nll": 4.725937998285147, "elapsed_sec": 953.4349718093872}
{"event": "evaluation", "variant": "identity", "seed": 71902, "step": 5500, "sample_exposures": 352000, "train_nll_window": 4.733429642677307, "valid_nll": 4.665000229457959, "elapsed_sec": 1048.2152256965637}
{"event": "evaluation", "variant": "identity", "seed": 71902, "step": 6000, "sample_exposures": 384000, "train_nll_window": 4.694712951660156, "valid_nll": 4.623123806583569, "elapsed_sec": 1144.883600950241}
{"event": "evaluation", "variant": "identity", "seed": 71902, "step": 6500, "sample_exposures": 416000, "train_nll_window": 4.630733870506287, "valid_nll": 4.592291807152131, "elapsed_sec": 1238.6675193309784}
{"event": "evaluation", "variant": "identity", "seed": 71902, "step": 7000, "sample_exposures": 448000, "train_nll_window": 4.583040360450744, "valid_nll": 4.537317433287376, "elapsed_sec": 1332.2544379234314}
{"event": "evaluation", "variant": "identity", "seed": 71902, "step": 7500, "sample_exposures": 480000, "train_nll_window": 4.545876662254334, "valid_nll": 4.504911766510161, "elapsed_sec": 1429.3712887763977}
{"event": "evaluation", "variant": "identity", "seed": 71902, "step": 8000, "sample_exposures": 512000, "train_nll_window": 4.507570956707001, "valid_nll": 4.45799913804896, "elapsed_sec": 1523.1703712940216}
{"event": "evaluation", "variant": "identity", "seed": 71902, "step": 8500, "sample_exposures": 544000, "train_nll_window": 4.472003521442414, "valid_nll": 4.433005870480648, "elapsed_sec": 1618.0225994586945}
{"event": "evaluation", "variant": "identity", "seed": 71902, "step": 9000, "sample_exposures": 576000, "train_nll_window": 4.445560425281525, "valid_nll": 4.402144454303726, "elapsed_sec": 1714.5332674980164}
{"event": "evaluation", "variant": "identity", "seed": 71902, "step": 9500, "sample_exposures": 608000, "train_nll_window": 4.419685347557068, "valid_nll": 4.373346808283849, "elapsed_sec": 1809.3963429927826}
{"event": "evaluation", "variant": "identity", "seed": 71902, "step": 10000, "sample_exposures": 640000, "train_nll_window": 4.3932047715187075, "valid_nll": 4.357791670299996, "elapsed_sec": 1904.2111160755157}
{"event": "evaluation", "variant": "identity", "seed": 71902, "step": 10500, "sample_exposures": 672000, "train_nll_window": 4.369372106075287, "valid_nll": 4.324153041584246, "elapsed_sec": 2000.7985124588013}
{"event": "evaluation", "variant": "identity", "seed": 71902, "step": 11000, "sample_exposures": 704000, "train_nll_window": 4.341723809242248, "valid_nll": 4.306257994303566, "elapsed_sec": 2094.9388811588287}
{"event": "evaluation", "variant": "identity", "seed": 71902, "step": 11500, "sample_exposures": 736000, "train_nll_window": 4.314557872772217, "valid_nll": 4.283565174992103, "elapsed_sec": 2188.996746778488}
{"event": "evaluation", "variant": "identity", "seed": 71902, "step": 12000, "sample_exposures": 768000, "train_nll_window": 4.284778524875641, "valid_nll": 4.261400593758461, "elapsed_sec": 2287.976637840271}
{"event": "evaluation", "variant": "identity", "seed": 71902, "step": 12500, "sample_exposures": 800000, "train_nll_window": 4.2632576837539675, "valid_nll": 4.23321247298801, "elapsed_sec": 2382.1951653957367}
{"event": "evaluation", "variant": "identity", "seed": 71902, "step": 13000, "sample_exposures": 832000, "train_nll_window": 4.257838290691375, "valid_nll": 4.200477022826161, "elapsed_sec": 2476.2425570487976}
{"event": "evaluation", "variant": "identity", "seed": 71902, "step": 13500, "sample_exposures": 864000, "train_nll_window": 4.212196078777313, "valid_nll": 4.192616012739882, "elapsed_sec": 2572.807718515396}
{"event": "evaluation", "variant": "identity", "seed": 71902, "step": 14000, "sample_exposures": 896000, "train_nll_window": 4.197929096698761, "valid_nll": 4.167342360618832, "elapsed_sec": 2667.397708415985}
{"event": "evaluation", "variant": "identity", "seed": 71902, "step": 14500, "sample_exposures": 928000, "train_nll_window": 4.173961639881134, "valid_nll": 4.1533382086049615, "elapsed_sec": 2763.142174243927}
{"event": "evaluation", "variant": "identity", "seed": 71902, "step": 15000, "sample_exposures": 960000, "train_nll_window": 4.1686309456825255, "valid_nll": 4.141206221272216, "elapsed_sec": 2860.36066699028}
{"event": "evaluation", "variant": "identity", "seed": 71902, "step": 15500, "sample_exposures": 992000, "train_nll_window": 4.1393747911453245, "valid_nll": 4.114213959146964, "elapsed_sec": 2955.071241378784}
{"event": "evaluation", "variant": "identity", "seed": 71902, "step": 15625, "sample_exposures": 1000000, "train_nll_window": 4.113710933685303, "valid_nll": 4.1144333250697125, "elapsed_sec": 2980.681437730789}
{"event": "evaluation", "variant": "learned_structural", "seed": 71902, "step": 500, "sample_exposures": 32000, "train_nll_window": 7.0924177732467655, "valid_nll": 6.337317413455861, "elapsed_sec": 100.91478633880615}
{"event": "evaluation", "variant": "learned_structural", "seed": 71902, "step": 1000, "sample_exposures": 64000, "train_nll_window": 6.121991379737854, "valid_nll": 5.827351526891415, "elapsed_sec": 197.09882974624634}
{"event": "evaluation", "variant": "learned_structural", "seed": 71902, "step": 1500, "sample_exposures": 96000, "train_nll_window": 5.709747269630432, "valid_nll": 5.5333670434791395, "elapsed_sec": 293.76048135757446}
{"event": "evaluation", "variant": "learned_structural", "seed": 71902, "step": 2000, "sample_exposures": 128000, "train_nll_window": 5.45868337726593, "valid_nll": 5.326776736171177, "elapsed_sec": 392.8128821849823}
{"event": "evaluation", "variant": "learned_structural", "seed": 71902, "step": 2500, "sample_exposures": 160000, "train_nll_window": 5.281640397071838, "valid_nll": 5.187882505831347, "elapsed_sec": 488.9535253047943}
{"event": "evaluation", "variant": "learned_structural", "seed": 71902, "step": 3000, "sample_exposures": 192000, "train_nll_window": 5.159823839187622, "valid_nll": 5.058509326511214, "elapsed_sec": 585.7046542167664}
{"event": "evaluation", "variant": "learned_structural", "seed": 71902, "step": 3500, "sample_exposures": 224000, "train_nll_window": 5.064690760612487, "valid_nll": 4.971686055619434, "elapsed_sec": 684.8673601150513}
{"event": "evaluation", "variant": "learned_structural", "seed": 71902, "step": 4000, "sample_exposures": 256000, "train_nll_window": 4.9721865587234495, "valid_nll": 4.899741532208024, "elapsed_sec": 782.6013617515564}
{"event": "evaluation", "variant": "learned_structural", "seed": 71902, "step": 4500, "sample_exposures": 288000, "train_nll_window": 4.901950015068055, "valid_nll": 4.822474759330625, "elapsed_sec": 881.7988133430481}
{"event": "evaluation", "variant": "learned_structural", "seed": 71902, "step": 5000, "sample_exposures": 320000, "train_nll_window": 4.836803696632385, "valid_nll": 4.776718087774339, "elapsed_sec": 978.5506436824799}
{"event": "evaluation", "variant": "learned_structural", "seed": 71902, "step": 5500, "sample_exposures": 352000, "train_nll_window": 4.786203218460083, "valid_nll": 4.717334988437199, "elapsed_sec": 1075.6331729888916}
{"event": "evaluation", "variant": "learned_structural", "seed": 71902, "step": 6000, "sample_exposures": 384000, "train_nll_window": 4.748348789215088, "valid_nll": 4.683627272603342, "elapsed_sec": 1175.8530888557434}
{"event": "evaluation", "variant": "learned_structural", "seed": 71902, "step": 6500, "sample_exposures": 416000, "train_nll_window": 4.680948325157166, "valid_nll": 4.630772806769721, "elapsed_sec": 1274.5030953884125}
{"event": "evaluation", "variant": "learned_structural", "seed": 71902, "step": 7000, "sample_exposures": 448000, "train_nll_window": 4.636724842548371, "valid_nll": 4.582292633024506, "elapsed_sec": 1370.9482207298279}
{"event": "evaluation", "variant": "learned_structural", "seed": 71902, "step": 7500, "sample_exposures": 480000, "train_nll_window": 4.601163028240204, "valid_nll": 4.554858410924009, "elapsed_sec": 1470.5198884010315}
{"event": "evaluation", "variant": "learned_structural", "seed": 71902, "step": 8000, "sample_exposures": 512000, "train_nll_window": 4.567687634468078, "valid_nll": 4.512568868236954, "elapsed_sec": 1568.0842115879059}
{"event": "evaluation", "variant": "learned_structural", "seed": 71902, "step": 8500, "sample_exposures": 544000, "train_nll_window": 4.53398926115036, "valid_nll": 4.4770745496865505, "elapsed_sec": 1664.3786370754242}
{"event": "evaluation", "variant": "learned_structural", "seed": 71902, "step": 9000, "sample_exposures": 576000, "train_nll_window": 4.507953434467316, "valid_nll": 4.447971751756691, "elapsed_sec": 1763.2753405570984}
{"event": "evaluation", "variant": "learned_structural", "seed": 71902, "step": 9500, "sample_exposures": 608000, "train_nll_window": 4.47990638256073, "valid_nll": 4.423240686180955, "elapsed_sec": 1860.062453508377}
{"event": "evaluation", "variant": "learned_structural", "seed": 71902, "step": 10000, "sample_exposures": 640000, "train_nll_window": 4.450747424125671, "valid_nll": 4.406157383158009, "elapsed_sec": 1958.9031960964203}
{"event": "evaluation", "variant": "learned_structural", "seed": 71902, "step": 10500, "sample_exposures": 672000, "train_nll_window": 4.43237895488739, "valid_nll": 4.375390140964163, "elapsed_sec": 2058.1965749263763}
{"event": "evaluation", "variant": "learned_structural", "seed": 71902, "step": 11000, "sample_exposures": 704000, "train_nll_window": 4.4057567324638365, "valid_nll": 4.348183569952184, "elapsed_sec": 2153.7820670604706}
{"event": "evaluation", "variant": "learned_structural", "seed": 71902, "step": 11500, "sample_exposures": 736000, "train_nll_window": 4.38128067445755, "valid_nll": 4.335743599209983, "elapsed_sec": 2250.1739361286163}
{"event": "evaluation", "variant": "learned_structural", "seed": 71902, "step": 12000, "sample_exposures": 768000, "train_nll_window": 4.347195033073425, "valid_nll": 4.321847646466453, "elapsed_sec": 2349.3973591327667}
{"event": "evaluation", "variant": "learned_structural", "seed": 71902, "step": 12500, "sample_exposures": 800000, "train_nll_window": 4.333963157176972, "valid_nll": 4.297348635309802, "elapsed_sec": 2445.970525741577}
{"event": "evaluation", "variant": "learned_structural", "seed": 71902, "step": 13000, "sample_exposures": 832000, "train_nll_window": 4.3276904573440556, "valid_nll": 4.2595090125563155, "elapsed_sec": 2544.993137359619}
{"event": "evaluation", "variant": "learned_structural", "seed": 71902, "step": 13500, "sample_exposures": 864000, "train_nll_window": 4.282776436328888, "valid_nll": 4.258919127850567, "elapsed_sec": 2641.260568857193}
{"event": "evaluation", "variant": "learned_structural", "seed": 71902, "step": 14000, "sample_exposures": 896000, "train_nll_window": 4.270380112171173, "valid_nll": 4.230935910687793, "elapsed_sec": 2737.689646244049}
{"event": "evaluation", "variant": "learned_structural", "seed": 71902, "step": 14500, "sample_exposures": 928000, "train_nll_window": 4.242224468231202, "valid_nll": 4.225023960141184, "elapsed_sec": 2836.576411485672}
{"event": "evaluation", "variant": "learned_structural", "seed": 71902, "step": 15000, "sample_exposures": 960000, "train_nll_window": 4.244319635868073, "valid_nll": 4.205937156400661, "elapsed_sec": 2932.671725511551}
{"event": "evaluation", "variant": "learned_structural", "seed": 71902, "step": 15500, "sample_exposures": 992000, "train_nll_window": 4.212125257968903, "valid_nll": 4.192147636453742, "elapsed_sec": 3029.264057159424}
{"event": "evaluation", "variant": "learned_structural", "seed": 71902, "step": 15625, "sample_exposures": 1000000, "train_nll_window": 4.191567529678345, "valid_nll": 4.1987808811926035, "elapsed_sec": 3055.379153251648}
{"event": "evaluation", "variant": "frozen_random", "seed": 71902, "step": 500, "sample_exposures": 32000, "train_nll_window": 7.119012451171875, "valid_nll": 6.343550010200743, "elapsed_sec": 98.03959107398987}
{"event": "evaluation", "variant": "frozen_random", "seed": 71902, "step": 1000, "sample_exposures": 64000, "train_nll_window": 6.110584946632385, "valid_nll": 5.818356844645738, "elapsed_sec": 193.45670461654663}
{"event": "evaluation", "variant": "frozen_random", "seed": 71902, "step": 1500, "sample_exposures": 96000, "train_nll_window": 5.691838693618775, "valid_nll": 5.521714971435569, "elapsed_sec": 287.9598321914673}
{"event": "evaluation", "variant": "frozen_random", "seed": 71902, "step": 2000, "sample_exposures": 128000, "train_nll_window": 5.433994253158569, "valid_nll": 5.306432643835179, "elapsed_sec": 384.8255534172058}
{"event": "evaluation", "variant": "frozen_random", "seed": 71902, "step": 2500, "sample_exposures": 160000, "train_nll_window": 5.253038955688477, "valid_nll": 5.150992232333911, "elapsed_sec": 479.12285804748535}
{"event": "evaluation", "variant": "frozen_random", "seed": 71902, "step": 3000, "sample_exposures": 192000, "train_nll_window": 5.126626306533813, "valid_nll": 5.045779228066992, "elapsed_sec": 576.8606171607971}
{"event": "evaluation", "variant": "frozen_random", "seed": 71902, "step": 3500, "sample_exposures": 224000, "train_nll_window": 5.032292897224426, "valid_nll": 4.953364781364464, "elapsed_sec": 671.6926226615906}
{"event": "evaluation", "variant": "frozen_random", "seed": 71902, "step": 4000, "sample_exposures": 256000, "train_nll_window": 4.939727230072021, "valid_nll": 4.879401722010007, "elapsed_sec": 766.8564224243164}
{"event": "evaluation", "variant": "frozen_random", "seed": 71902, "step": 4500, "sample_exposures": 288000, "train_nll_window": 4.871869861602783, "valid_nll": 4.804073116029692, "elapsed_sec": 863.6877081394196}
{"event": "evaluation", "variant": "frozen_random", "seed": 71902, "step": 5000, "sample_exposures": 320000, "train_nll_window": 4.802661986351013, "valid_nll": 4.738083147867058, "elapsed_sec": 958.0264806747437}
{"event": "evaluation", "variant": "frozen_random", "seed": 71902, "step": 5500, "sample_exposures": 352000, "train_nll_window": 4.750646203041077, "valid_nll": 4.693973351322524, "elapsed_sec": 1053.0664734840393}
{"event": "evaluation", "variant": "frozen_random", "seed": 71902, "step": 6000, "sample_exposures": 384000, "train_nll_window": 4.716085865974426, "valid_nll": 4.651013437363677, "elapsed_sec": 1150.601998090744}
{"event": "evaluation", "variant": "frozen_random", "seed": 71902, "step": 6500, "sample_exposures": 416000, "train_nll_window": 4.652682419776917, "valid_nll": 4.610683145410888, "elapsed_sec": 1245.0734779834747}
{"event": "evaluation", "variant": "frozen_random", "seed": 71902, "step": 7000, "sample_exposures": 448000, "train_nll_window": 4.608961301803589, "valid_nll": 4.567996656612432, "elapsed_sec": 1339.7138540744781}
{"event": "evaluation", "variant": "frozen_random", "seed": 71902, "step": 7500, "sample_exposures": 480000, "train_nll_window": 4.573861695766449, "valid_nll": 4.513452318107118, "elapsed_sec": 1437.038122177124}
{"event": "evaluation", "variant": "frozen_random", "seed": 71902, "step": 8000, "sample_exposures": 512000, "train_nll_window": 4.534840050220489, "valid_nll": 4.483907762189653, "elapsed_sec": 1531.1036024093628}
{"event": "evaluation", "variant": "frozen_random", "seed": 71902, "step": 8500, "sample_exposures": 544000, "train_nll_window": 4.502433156013489, "valid_nll": 4.4473805926925545, "elapsed_sec": 1625.363862991333}
{"event": "evaluation", "variant": "frozen_random", "seed": 71902, "step": 9000, "sample_exposures": 576000, "train_nll_window": 4.4773699083328244, "valid_nll": 4.4373431767958005, "elapsed_sec": 1721.9578688144684}
{"event": "evaluation", "variant": "frozen_random", "seed": 71902, "step": 9500, "sample_exposures": 608000, "train_nll_window": 4.451872482299804, "valid_nll": 4.4128544596638175, "elapsed_sec": 1816.0690145492554}
{"event": "evaluation", "variant": "frozen_random", "seed": 71902, "step": 10000, "sample_exposures": 640000, "train_nll_window": 4.4213096346855165, "valid_nll": 4.382796671513979, "elapsed_sec": 1910.5840954780579}
{"event": "evaluation", "variant": "frozen_random", "seed": 71902, "step": 10500, "sample_exposures": 672000, "train_nll_window": 4.401684951782227, "valid_nll": 4.359853714380838, "elapsed_sec": 2007.4037697315216}
{"event": "evaluation", "variant": "frozen_random", "seed": 71902, "step": 11000, "sample_exposures": 704000, "train_nll_window": 4.380463488578797, "valid_nll": 4.329745458700858, "elapsed_sec": 2102.5893139839172}
{"event": "evaluation", "variant": "frozen_random", "seed": 71902, "step": 11500, "sample_exposures": 736000, "train_nll_window": 4.356108706474304, "valid_nll": 4.311212148838243, "elapsed_sec": 2200.3066313266754}
{"event": "evaluation", "variant": "frozen_random", "seed": 71902, "step": 12000, "sample_exposures": 768000, "train_nll_window": 4.324657299041748, "valid_nll": 4.281772519991341, "elapsed_sec": 2295.2180840969086}
{"event": "evaluation", "variant": "frozen_random", "seed": 71902, "step": 12500, "sample_exposures": 800000, "train_nll_window": 4.303721224784851, "valid_nll": 4.262638777995634, "elapsed_sec": 2389.353992462158}
{"event": "evaluation", "variant": "frozen_random", "seed": 71902, "step": 13000, "sample_exposures": 832000, "train_nll_window": 4.302963826656342, "valid_nll": 4.239620435402502, "elapsed_sec": 2486.3619079589844}
{"event": "evaluation", "variant": "frozen_random", "seed": 71902, "step": 13500, "sample_exposures": 864000, "train_nll_window": 4.25598419380188, "valid_nll": 4.230502022873169, "elapsed_sec": 2581.271767616272}
{"event": "evaluation", "variant": "frozen_random", "seed": 71902, "step": 14000, "sample_exposures": 896000, "train_nll_window": 4.242896099567413, "valid_nll": 4.207488373738304, "elapsed_sec": 2675.632326602936}
{"event": "evaluation", "variant": "frozen_random", "seed": 71902, "step": 14500, "sample_exposures": 928000, "train_nll_window": 4.214962362766266, "valid_nll": 4.187924118957823, "elapsed_sec": 2772.500799179077}
{"event": "evaluation", "variant": "frozen_random", "seed": 71902, "step": 15000, "sample_exposures": 960000, "train_nll_window": 4.214876598834992, "valid_nll": 4.171939136584659, "elapsed_sec": 2866.813472509384}
{"event": "evaluation", "variant": "frozen_random", "seed": 71902, "step": 15500, "sample_exposures": 992000, "train_nll_window": 4.183929198741913, "valid_nll": 4.152859126973867, "elapsed_sec": 2962.1685016155243}
{"event": "evaluation", "variant": "frozen_random", "seed": 71902, "step": 15625, "sample_exposures": 1000000, "train_nll_window": 4.15802014541626, "valid_nll": 4.143378693832452, "elapsed_sec": 2987.7793669700623}
{"event": "evaluation", "variant": "identity", "seed": 71903, "step": 500, "sample_exposures": 32000, "train_nll_window": 7.028982598304749, "valid_nll": 6.2955486536664385, "elapsed_sec": 98.56404900550842}
{"event": "evaluation", "variant": "identity", "seed": 71903, "step": 1000, "sample_exposures": 64000, "train_nll_window": 6.044780249595642, "valid_nll": 5.7621068527252435, "elapsed_sec": 192.6583330631256}
{"event": "evaluation", "variant": "identity", "seed": 71903, "step": 1500, "sample_exposures": 96000, "train_nll_window": 5.64532986164093, "valid_nll": 5.466705543533904, "elapsed_sec": 286.6928503513336}
{"event": "evaluation", "variant": "identity", "seed": 71903, "step": 2000, "sample_exposures": 128000, "train_nll_window": 5.40098380279541, "valid_nll": 5.283345691549272, "elapsed_sec": 383.41961693763733}
{"event": "evaluation", "variant": "identity", "seed": 71903, "step": 2500, "sample_exposures": 160000, "train_nll_window": 5.234341564178467, "valid_nll": 5.142621284250053, "elapsed_sec": 478.05821990966797}
{"event": "evaluation", "variant": "identity", "seed": 71903, "step": 3000, "sample_exposures": 192000, "train_nll_window": 5.0929908285140995, "valid_nll": 5.0165625421603295, "elapsed_sec": 572.3877575397491}
{"event": "evaluation", "variant": "identity", "seed": 71903, "step": 3500, "sample_exposures": 224000, "train_nll_window": 5.0084115514755245, "valid_nll": 4.924088648658908, "elapsed_sec": 669.0741050243378}
{"event": "evaluation", "variant": "identity", "seed": 71903, "step": 4000, "sample_exposures": 256000, "train_nll_window": 4.923854763031006, "valid_nll": 4.851093785843625, "elapsed_sec": 763.9263508319855}
{"event": "evaluation", "variant": "identity", "seed": 71903, "step": 4500, "sample_exposures": 288000, "train_nll_window": 4.852120179176331, "valid_nll": 4.786708734351026, "elapsed_sec": 857.7031877040863}
{"event": "evaluation", "variant": "identity", "seed": 71903, "step": 5000, "sample_exposures": 320000, "train_nll_window": 4.788057094573975, "valid_nll": 4.731630223003757, "elapsed_sec": 954.2193675041199}
{"event": "evaluation", "variant": "identity", "seed": 71903, "step": 5500, "sample_exposures": 352000, "train_nll_window": 4.719406831741333, "valid_nll": 4.6756809906801875, "elapsed_sec": 1048.664241552353}
{"event": "evaluation", "variant": "identity", "seed": 71903, "step": 6000, "sample_exposures": 384000, "train_nll_window": 4.667586574554443, "valid_nll": 4.628822421456628, "elapsed_sec": 1143.1681880950928}
{"event": "evaluation", "variant": "identity", "seed": 71903, "step": 6500, "sample_exposures": 416000, "train_nll_window": 4.638615242481231, "valid_nll": 4.587860238713842, "elapsed_sec": 1239.7683658599854}
{"event": "evaluation", "variant": "identity", "seed": 71903, "step": 7000, "sample_exposures": 448000, "train_nll_window": 4.587551011562347, "valid_nll": 4.540199874041976, "elapsed_sec": 1334.2328023910522}
{"event": "evaluation", "variant": "identity", "seed": 71903, "step": 7500, "sample_exposures": 480000, "train_nll_window": 4.545337344169616, "valid_nll": 4.495220652914545, "elapsed_sec": 1428.2734982967377}
{"event": "evaluation", "variant": "identity", "seed": 71903, "step": 8000, "sample_exposures": 512000, "train_nll_window": 4.510402720451355, "valid_nll": 4.463877558647222, "elapsed_sec": 1525.0113122463226}
{"event": "evaluation", "variant": "identity", "seed": 71903, "step": 8500, "sample_exposures": 544000, "train_nll_window": 4.474458525657654, "valid_nll": 4.437418617343331, "elapsed_sec": 1618.8152027130127}
{"event": "evaluation", "variant": "identity", "seed": 71903, "step": 9000, "sample_exposures": 576000, "train_nll_window": 4.43966428899765, "valid_nll": 4.395739492323823, "elapsed_sec": 1715.1774129867554}
{"event": "evaluation", "variant": "identity", "seed": 71903, "step": 9500, "sample_exposures": 608000, "train_nll_window": 4.409917363166809, "valid_nll": 4.374895869862492, "elapsed_sec": 1809.4773666858673}
{"event": "evaluation", "variant": "identity", "seed": 71903, "step": 10000, "sample_exposures": 640000, "train_nll_window": 4.375732281208038, "valid_nll": 4.348797134954421, "elapsed_sec": 1904.1523411273956}
{"event": "evaluation", "variant": "identity", "seed": 71903, "step": 10500, "sample_exposures": 672000, "train_nll_window": 4.3612813725471495, "valid_nll": 4.3121989355853625, "elapsed_sec": 2001.2688932418823}
{"event": "evaluation", "variant": "identity", "seed": 71903, "step": 11000, "sample_exposures": 704000, "train_nll_window": 4.323487706661225, "valid_nll": 4.301713713089293, "elapsed_sec": 2096.015448331833}
{"event": "evaluation", "variant": "identity", "seed": 71903, "step": 11500, "sample_exposures": 736000, "train_nll_window": 4.305380373954773, "valid_nll": 4.275821409549964, "elapsed_sec": 2190.069105863571}
{"event": "evaluation", "variant": "identity", "seed": 71903, "step": 12000, "sample_exposures": 768000, "train_nll_window": 4.293556955814362, "valid_nll": 4.236467158601812, "elapsed_sec": 2287.266831636429}
{"event": "evaluation", "variant": "identity", "seed": 71903, "step": 12500, "sample_exposures": 800000, "train_nll_window": 4.257861988544464, "valid_nll": 4.23462139554157, "elapsed_sec": 2381.2583861351013}
{"event": "evaluation", "variant": "identity", "seed": 71903, "step": 13000, "sample_exposures": 832000, "train_nll_window": 4.226160586833954, "valid_nll": 4.207910483837228, "elapsed_sec": 2475.4071393013}
{"event": "evaluation", "variant": "identity", "seed": 71903, "step": 13500, "sample_exposures": 864000, "train_nll_window": 4.2335673804283145, "valid_nll": 4.198335546187508, "elapsed_sec": 2572.7278633117676}
{"event": "evaluation", "variant": "identity", "seed": 71903, "step": 14000, "sample_exposures": 896000, "train_nll_window": 4.20959326505661, "valid_nll": 4.177156021952281, "elapsed_sec": 2667.100987672806}
{"event": "evaluation", "variant": "identity", "seed": 71903, "step": 14500, "sample_exposures": 928000, "train_nll_window": 4.175926114082336, "valid_nll": 4.154379047244718, "elapsed_sec": 2761.166266441345}
{"event": "evaluation", "variant": "identity", "seed": 71903, "step": 15000, "sample_exposures": 960000, "train_nll_window": 4.177388527870178, "valid_nll": 4.126800837336459, "elapsed_sec": 2857.1180136203766}
{"event": "evaluation", "variant": "identity", "seed": 71903, "step": 15500, "sample_exposures": 992000, "train_nll_window": 4.150793790817261, "valid_nll": 4.128196149595543, "elapsed_sec": 2950.72114276886}
{"event": "evaluation", "variant": "identity", "seed": 71903, "step": 15625, "sample_exposures": 1000000, "train_nll_window": 4.130769556045532, "valid_nll": 4.111720105887944, "elapsed_sec": 2976.0167384147644}
{"event": "evaluation", "variant": "learned_structural", "seed": 71903, "step": 500, "sample_exposures": 32000, "train_nll_window": 7.0757911195755, "valid_nll": 6.369361158778562, "elapsed_sec": 96.78010654449463}
{"event": "evaluation", "variant": "learned_structural", "seed": 71903, "step": 1000, "sample_exposures": 64000, "train_nll_window": 6.101417998313904, "valid_nll": 5.810403107542392, "elapsed_sec": 195.67937016487122}
{"event": "evaluation", "variant": "learned_structural", "seed": 71903, "step": 1500, "sample_exposures": 96000, "train_nll_window": 5.704440415382385, "valid_nll": 5.534331831935941, "elapsed_sec": 291.98802161216736}
{"event": "evaluation", "variant": "learned_structural", "seed": 71903, "step": 2000, "sample_exposures": 128000, "train_nll_window": 5.451984272956848, "valid_nll": 5.316933099871856, "elapsed_sec": 388.45908761024475}
{"event": "evaluation", "variant": "learned_structural", "seed": 71903, "step": 2500, "sample_exposures": 160000, "train_nll_window": 5.286060550689697, "valid_nll": 5.184746508155189, "elapsed_sec": 488.1385176181793}
{"event": "evaluation", "variant": "learned_structural", "seed": 71903, "step": 3000, "sample_exposures": 192000, "train_nll_window": 5.146178176879883, "valid_nll": 5.068051292432976, "elapsed_sec": 584.3966956138611}
{"event": "evaluation", "variant": "learned_structural", "seed": 71903, "step": 3500, "sample_exposures": 224000, "train_nll_window": 5.05383256816864, "valid_nll": 4.96734899168945, "elapsed_sec": 683.4276642799377}
{"event": "evaluation", "variant": "learned_structural", "seed": 71903, "step": 4000, "sample_exposures": 256000, "train_nll_window": 4.978593777656555, "valid_nll": 4.895823478784805, "elapsed_sec": 779.7645652294159}
{"event": "evaluation", "variant": "learned_structural", "seed": 71903, "step": 4500, "sample_exposures": 288000, "train_nll_window": 4.901887541770935, "valid_nll": 4.8253763448410565, "elapsed_sec": 875.9350852966309}
{"event": "evaluation", "variant": "learned_structural", "seed": 71903, "step": 5000, "sample_exposures": 320000, "train_nll_window": 4.841154577255249, "valid_nll": 4.781647926669584, "elapsed_sec": 974.7306833267212}
{"event": "evaluation", "variant": "learned_structural", "seed": 71903, "step": 5500, "sample_exposures": 352000, "train_nll_window": 4.772824584960937, "valid_nll": 4.709180523361582, "elapsed_sec": 1071.129194021225}
{"event": "evaluation", "variant": "learned_structural", "seed": 71903, "step": 6000, "sample_exposures": 384000, "train_nll_window": 4.720841813087463, "valid_nll": 4.662838139062453, "elapsed_sec": 1167.6535577774048}
{"event": "evaluation", "variant": "learned_structural", "seed": 71903, "step": 6500, "sample_exposures": 416000, "train_nll_window": 4.690109488487244, "valid_nll": 4.624741250159827, "elapsed_sec": 1266.4290404319763}
{"event": "evaluation", "variant": "learned_structural", "seed": 71903, "step": 7000, "sample_exposures": 448000, "train_nll_window": 4.642080871582031, "valid_nll": 4.582712782007064, "elapsed_sec": 1362.8494944572449}
{"event": "evaluation", "variant": "learned_structural", "seed": 71903, "step": 7500, "sample_exposures": 480000, "train_nll_window": 4.606592460632324, "valid_nll": 4.558099769026031, "elapsed_sec": 1458.9683284759521}
{"event": "evaluation", "variant": "learned_structural", "seed": 71903, "step": 8000, "sample_exposures": 512000, "train_nll_window": 4.570848376274109, "valid_nll": 4.5135078610357935, "elapsed_sec": 1558.1829121112823}
{"event": "evaluation", "variant": "learned_structural", "seed": 71903, "step": 8500, "sample_exposures": 544000, "train_nll_window": 4.537153239250183, "valid_nll": 4.492962981967484, "elapsed_sec": 1654.2750940322876}
{"event": "evaluation", "variant": "learned_structural", "seed": 71903, "step": 9000, "sample_exposures": 576000, "train_nll_window": 4.4994219255447385, "valid_nll": 4.451544777237159, "elapsed_sec": 1750.919763803482}
{"event": "evaluation", "variant": "learned_structural", "seed": 71903, "step": 9500, "sample_exposures": 608000, "train_nll_window": 4.468606048107147, "valid_nll": 4.444456263373786, "elapsed_sec": 1849.75878572464}
{"event": "evaluation", "variant": "learned_structural", "seed": 71903, "step": 10000, "sample_exposures": 640000, "train_nll_window": 4.437453113079071, "valid_nll": 4.404061012195764, "elapsed_sec": 1948.2494049072266}
{"event": "evaluation", "variant": "learned_structural", "seed": 71903, "step": 10500, "sample_exposures": 672000, "train_nll_window": 4.425072561264038, "valid_nll": 4.371789858169714, "elapsed_sec": 2045.8326632976532}
{"event": "evaluation", "variant": "learned_structural", "seed": 71903, "step": 11000, "sample_exposures": 704000, "train_nll_window": 4.3843567790985105, "valid_nll": 4.3585726867288335, "elapsed_sec": 2145.68079996109}
{"event": "evaluation", "variant": "learned_structural", "seed": 71903, "step": 11500, "sample_exposures": 736000, "train_nll_window": 4.370298460006714, "valid_nll": 4.337094110610371, "elapsed_sec": 2242.119894504547}
{"event": "evaluation", "variant": "learned_structural", "seed": 71903, "step": 12000, "sample_exposures": 768000, "train_nll_window": 4.363280481338501, "valid_nll": 4.313806742514911, "elapsed_sec": 2338.4444637298584}
{"event": "evaluation", "variant": "learned_structural", "seed": 71903, "step": 12500, "sample_exposures": 800000, "train_nll_window": 4.325904054164886, "valid_nll": 4.282246327908763, "elapsed_sec": 2437.0023427009583}
{"event": "evaluation", "variant": "learned_structural", "seed": 71903, "step": 13000, "sample_exposures": 832000, "train_nll_window": 4.297272202968597, "valid_nll": 4.26960891608408, "elapsed_sec": 2533.3790152072906}
{"event": "evaluation", "variant": "learned_structural", "seed": 71903, "step": 13500, "sample_exposures": 864000, "train_nll_window": 4.300680909633637, "valid_nll": 4.2517278316581235, "elapsed_sec": 2632.5565173625946}
{"event": "evaluation", "variant": "learned_structural", "seed": 71903, "step": 14000, "sample_exposures": 896000, "train_nll_window": 4.280245407581329, "valid_nll": 4.2280813038300735, "elapsed_sec": 2729.2840309143066}
{"event": "evaluation", "variant": "learned_structural", "seed": 71903, "step": 14500, "sample_exposures": 928000, "train_nll_window": 4.246132635593415, "valid_nll": 4.213922980158849, "elapsed_sec": 2826.334235191345}
{"event": "evaluation", "variant": "learned_structural", "seed": 71903, "step": 15000, "sample_exposures": 960000, "train_nll_window": 4.247672358989716, "valid_nll": 4.208143882392248, "elapsed_sec": 2925.447687625885}
{"event": "evaluation", "variant": "learned_structural", "seed": 71903, "step": 15500, "sample_exposures": 992000, "train_nll_window": 4.223184765338898, "valid_nll": 4.204107258551466, "elapsed_sec": 3021.425446987152}
{"event": "evaluation", "variant": "learned_structural", "seed": 71903, "step": 15625, "sample_exposures": 1000000, "train_nll_window": 4.205159122467041, "valid_nll": 4.167394752540314, "elapsed_sec": 3047.395900964737}
{"event": "evaluation", "variant": "frozen_random", "seed": 71903, "step": 500, "sample_exposures": 32000, "train_nll_window": 7.0613790121078495, "valid_nll": 6.334895126254175, "elapsed_sec": 97.66050314903259}
{"event": "evaluation", "variant": "frozen_random", "seed": 71903, "step": 1000, "sample_exposures": 64000, "train_nll_window": 6.078125589370727, "valid_nll": 5.783793292488445, "elapsed_sec": 191.8245325088501}
{"event": "evaluation", "variant": "frozen_random", "seed": 71903, "step": 1500, "sample_exposures": 96000, "train_nll_window": 5.677535124778748, "valid_nll": 5.484322901878723, "elapsed_sec": 286.5676188468933}
{"event": "evaluation", "variant": "frozen_random", "seed": 71903, "step": 2000, "sample_exposures": 128000, "train_nll_window": 5.428508330345154, "valid_nll": 5.298794775004278, "elapsed_sec": 383.4602208137512}
{"event": "evaluation", "variant": "frozen_random", "seed": 71903, "step": 2500, "sample_exposures": 160000, "train_nll_window": 5.262518893241882, "valid_nll": 5.147165675639403, "elapsed_sec": 477.5388505458832}
{"event": "evaluation", "variant": "frozen_random", "seed": 71903, "step": 3000, "sample_exposures": 192000, "train_nll_window": 5.118610437393189, "valid_nll": 5.037828506088245, "elapsed_sec": 571.8698987960815}
{"event": "evaluation", "variant": "frozen_random", "seed": 71903, "step": 3500, "sample_exposures": 224000, "train_nll_window": 5.038730345726013, "valid_nll": 4.944746820758606, "elapsed_sec": 668.8530340194702}
{"event": "evaluation", "variant": "frozen_random", "seed": 71903, "step": 4000, "sample_exposures": 256000, "train_nll_window": 4.958333340644836, "valid_nll": 4.873743600150144, "elapsed_sec": 763.4929976463318}
{"event": "evaluation", "variant": "frozen_random", "seed": 71903, "step": 4500, "sample_exposures": 288000, "train_nll_window": 4.886424145698547, "valid_nll": 4.811224936492148, "elapsed_sec": 857.7846033573151}
{"event": "evaluation", "variant": "frozen_random", "seed": 71903, "step": 5000, "sample_exposures": 320000, "train_nll_window": 4.828055679321289, "valid_nll": 4.758148827784192, "elapsed_sec": 954.499048948288}
{"event": "evaluation", "variant": "frozen_random", "seed": 71903, "step": 5500, "sample_exposures": 352000, "train_nll_window": 4.761786641120911, "valid_nll": 4.702876099811686, "elapsed_sec": 1048.9116480350494}
{"event": "evaluation", "variant": "frozen_random", "seed": 71903, "step": 6000, "sample_exposures": 384000, "train_nll_window": 4.70851695728302, "valid_nll": 4.660465702410478, "elapsed_sec": 1143.071136713028}
{"event": "evaluation", "variant": "frozen_random", "seed": 71903, "step": 6500, "sample_exposures": 416000, "train_nll_window": 4.684036849021911, "valid_nll": 4.616036067618235, "elapsed_sec": 1240.3158349990845}
{"event": "evaluation", "variant": "frozen_random", "seed": 71903, "step": 7000, "sample_exposures": 448000, "train_nll_window": 4.63298985004425, "valid_nll": 4.578767717327537, "elapsed_sec": 1334.6763055324554}
{"event": "evaluation", "variant": "frozen_random", "seed": 71903, "step": 7500, "sample_exposures": 480000, "train_nll_window": 4.596110945701599, "valid_nll": 4.554859542054796, "elapsed_sec": 1429.8711078166962}
{"event": "evaluation", "variant": "frozen_random", "seed": 71903, "step": 8000, "sample_exposures": 512000, "train_nll_window": 4.558617017745972, "valid_nll": 4.497552658985867, "elapsed_sec": 1528.7685883045197}
{"event": "evaluation", "variant": "frozen_random", "seed": 71903, "step": 8500, "sample_exposures": 544000, "train_nll_window": 4.529582259654998, "valid_nll": 4.48766818445811, "elapsed_sec": 1622.8953244686127}
{"event": "evaluation", "variant": "frozen_random", "seed": 71903, "step": 9000, "sample_exposures": 576000, "train_nll_window": 4.4864611430168155, "valid_nll": 4.449583065926181, "elapsed_sec": 1718.0905516147614}
{"event": "evaluation", "variant": "frozen_random", "seed": 71903, "step": 9500, "sample_exposures": 608000, "train_nll_window": 4.461120195388794, "valid_nll": 4.42100560112462, "elapsed_sec": 1815.4857981204987}
{"event": "evaluation", "variant": "frozen_random", "seed": 71903, "step": 10000, "sample_exposures": 640000, "train_nll_window": 4.422839679718018, "valid_nll": 4.386484003636541, "elapsed_sec": 1909.8512861728668}
{"event": "evaluation", "variant": "frozen_random", "seed": 71903, "step": 10500, "sample_exposures": 672000, "train_nll_window": 4.408559702396393, "valid_nll": 4.357040647199543, "elapsed_sec": 2004.919438123703}
{"event": "evaluation", "variant": "frozen_random", "seed": 71903, "step": 11000, "sample_exposures": 704000, "train_nll_window": 4.371736267566681, "valid_nll": 4.338623241517635, "elapsed_sec": 2102.071624279022}
{"event": "evaluation", "variant": "frozen_random", "seed": 71903, "step": 11500, "sample_exposures": 736000, "train_nll_window": 4.360698006629944, "valid_nll": 4.321054136183916, "elapsed_sec": 2197.0817799568176}
{"event": "evaluation", "variant": "frozen_random", "seed": 71903, "step": 12000, "sample_exposures": 768000, "train_nll_window": 4.352280593395233, "valid_nll": 4.286827774848916, "elapsed_sec": 2291.6263604164124}
{"event": "evaluation", "variant": "frozen_random", "seed": 71903, "step": 12500, "sample_exposures": 800000, "train_nll_window": 4.3117124528884885, "valid_nll": 4.275653194242833, "elapsed_sec": 2389.1015903949738}
{"event": "evaluation", "variant": "frozen_random", "seed": 71903, "step": 13000, "sample_exposures": 832000, "train_nll_window": 4.280362500190735, "valid_nll": 4.247189632108085, "elapsed_sec": 2484.2449400424957}
{"event": "evaluation", "variant": "frozen_random", "seed": 71903, "step": 13500, "sample_exposures": 864000, "train_nll_window": 4.286859889030456, "valid_nll": 4.242471854528001, "elapsed_sec": 2578.721935749054}
{"event": "evaluation", "variant": "frozen_random", "seed": 71903, "step": 14000, "sample_exposures": 896000, "train_nll_window": 4.261530670642853, "valid_nll": 4.219974764912829, "elapsed_sec": 2675.8581557273865}
{"event": "evaluation", "variant": "frozen_random", "seed": 71903, "step": 14500, "sample_exposures": 928000, "train_nll_window": 4.233716530323028, "valid_nll": 4.19984946558918, "elapsed_sec": 2770.8829934597015}
{"event": "evaluation", "variant": "frozen_random", "seed": 71903, "step": 15000, "sample_exposures": 960000, "train_nll_window": 4.231368835926056, "valid_nll": 4.181713722490899, "elapsed_sec": 2864.8049528598785}
{"event": "evaluation", "variant": "frozen_random", "seed": 71903, "step": 15500, "sample_exposures": 992000, "train_nll_window": 4.205588173389435, "valid_nll": 4.170728536514194, "elapsed_sec": 2961.651537656784}
{"event": "evaluation", "variant": "frozen_random", "seed": 71903, "step": 15625, "sample_exposures": 1000000, "train_nll_window": 4.184704292297363, "valid_nll": 4.162488417661435, "elapsed_sec": 2987.0601012706757}
{
  "experiment_id": "s3_stone1_private_protocol",
  "claim": "S3-STONE1-PRIVATE-PROTOCOL-C01",
  "predict": "P-S3-STONE1-PRIVATE-PROTOCOL-01",
  "status": "not_supported_under_recipe",
  "host": "io",
  "device_name": "NVIDIA GeForce RTX 3090",
  "git_commit": "4c3d275",
  "seconds": 27268.440192461014,
  "config": {
    "data": "/home/nio/datasets/wmt_massive/train.massive.zh-en.tsv",
    "spm_model": "/home/nio/datasets/wmt_massive/sp_bpe_massive.model",
    "evidence_dir": "ara/s3-generation/evidence/s3_stone1_private_protocol",
    "checkpoint_dir": "ara/s3-generation/evidence/s3_stone1_private_protocol/checkpoints",
    "variants": [
      "identity",
      "learned_structural",
      "frozen_random"
    ],
    "seeds": [
      71901,
      71902,
      71903
    ],
    "train_samples": 1000000,
    "valid_samples": 2000,
    "test_samples": 2000,
    "baseline_max_scan": 300000,
    "pool_max_scan": 3000000,
    "source_rows": 14170275,
    "source_col": 1,
    "target_col": 0,
    "min_len": 8,
    "max_len": 32,
    "data_seed": 71900,
    "pool_seed": 72003,
    "model_seed": 71901,
    "batch_size": 64,
    "fixed_steps": 15625,
    "eval_interval": 500,
    "lr": 0.002,
    "grad_clip": 1.0,
    "num_workers": 2,
    "device": "cuda",
    "heap_width": 64,
    "leaf_cut": 1,
    "dim": 192,
    "hidden": 256,
    "cli_max_new_tokens": 64,
    "latency_repeats": 20,
    "code_commit": "4c3d275",
    "smoke": false,
    "base_train_samples": 30000,
    "doses": [
      30000,
      1000000
    ]
  },
  "dataset": {
    "source": {
      "path": "/home/nio/datasets/wmt_massive/train.massive.zh-en.tsv",
      "bytes": 2520995022,
      "declared_rows": 14170275
    },
    "tokenizer": {
      "path": "/home/nio/datasets/wmt_massive/sp_bpe_massive.model",
      "bytes": 756882,
      "sha256": "9956eff597852f8c684c4ad23243d15889da6a9b138f8fd025570147324cc731",
      "vocabulary_pieces": 32000
    },
    "language_direction": "en_to_zh",
    "filter": {
      "min_tokens": 8,
      "max_tokens": 32
    },
    "sampling": {
      "historical_30k_contract": {
        "scanned": 300000,
        "eligible": 173313,
        "selected": 34000,
        "sampling": "deterministic_reservoir_then_shuffle"
      },
      "large_pool": {
        "scanned": 3000000,
        "eligible": 1734343,
        "selected": 1034000,
        "sampling": "deterministic_reservoir_then_shuffle"
      },
      "data_seed": 71900,
      "pool_seed": 72003,
      "algorithm": "historical reservoir plus leakage-free deterministic reservoir pool"
    },
    "splits": {
      "train_doses": [
        30000,
        1000000
      ],
      "train_sha256": {
        "30000": "50e7a7213af49b8e0c1f7e705aa80a7caa561e2dd36b3c42b67f68cf904120be",
        "1000000": "a4a254f3a965a20751b5b3322434876751ee3c93eae9fd89518179fd279a8fdf"
      },
      "validation_rows": 2000,
      "validation_sha256": "86ac3b0fe60302b397416a6fabb8921f6890565ebb373cd04768fa72bddf6f76",
      "test_rows": 2000,
      "test_sha256": "b893d33aa433214f87a6c16ee357178beffb12adcde53576a5d178e2813660c0"
    },
    "leakage_control": {
      "train_rows_unique": 1000000,
      "historical_train_eval_overlap_removed": 0,
      "historical_train_duplicates_removed": 0,
      "validation_test_content_overlap": 0,
      "new_train_rows_matching_frozen_eval": 0
    }
  },
  "aggregate": {
    "identity": {
      "nll_mean": 4.071877074325834,
      "nll_std": 0.005801094242744635,
      "bleu4_mean": 11.173549989485323,
      "nonempty_mean": 1.0,
      "severe_repetition_mean": 0.03966666666666667,
      "seconds_mean": 2979.6748099327087,
      "parameters": 27769097,
      "peak_vram_max": 1778750976
    },
    "learned_structural": {
      "nll_mean": 4.2269050024429164,
      "nll_std": 0.11247114016312774,
      "bleu4_mean": 9.787451935577256,
      "nonempty_mean": 1.0,
      "severe_repetition_mean": 0.05583333333333333,
      "seconds_mean": 3061.3424132665,
      "parameters": 27769097,
      "peak_vram_max": 1819453440
    },
    "frozen_random": {
      "nll_mean": 4.1209664445537895,
      "nll_std": 0.010646156396396569,
      "bleu4_mean": 10.719838203021604,
      "nonempty_mean": 1.0,
      "severe_repetition_mean": 0.043000000000000003,
      "seconds_mean": 2992.3747523625693,
      "parameters": 27769097,
      "peak_vram_max": 1778750976
    }
  },
  "intervention": {
    "seed": 71903,
    "normal": {
      "nll": 4.141139266948594,
      "ppl": 62.8744114002465,
      "tokens": 33414
    },
    "force_identity": {
      "nll": 4.129340210801189,
      "ppl": 62.136912143530225,
      "tokens": 33414
    },
    "force_random": {
      "nll": 4.1445807737073155,
      "ppl": 63.091166880819735,
      "tokens": 33414
    },
    "address_swap": {
      "nll": 5.635948209921833,
      "ppl": 280.32459789506896,
      "tokens": 33414
    },
    "damage_nll": {
      "force_identity": -0.01179905614740484,
      "force_random": 0.0034415067587216797,
      "address_swap": 1.494808942973239
    },
    "latency": {
      "samples": 20,
      "p50_ms": 27.419887948781252,
      "min_ms": 27.350300922989845,
      "max_ms": 27.591509046033025
    }
  },
  "gates": {
    "Q1_nll_at_most_3_90": false,
    "Q2_bleu4_at_least_13_5": false,
    "Q3_nll_std_at_most_0_05": false,
    "Q4_nonempty_is_one": true,
    "Q5_repetition_at_most_0_10": true,
    "S1_learned_beats_identity_0_05": false,
    "S2_learned_beats_random_0_10": false,
    "S3_force_identity_damage_0_10": false,
    "S4_force_random_damage_0_10": false,
    "S5_address_damage_0_10": true,
    "S6_closure_below_1e_5": false,
    "E1_latency_p50_at_most_1000ms": true,
    "E2_vram_at_most_4gib": true,
    "E3_checkpoint_at_most_300mib": true,
    "E4_finite": true,
    "E5_checkpoint_created": true
  },
  "demo_checkpoint": {
    "path": "ara/s3-generation/evidence/s3_stone1_private_protocol/checkpoints/stone1_learned_structural_seed71903.pt",
    "bytes": 111087481,
    "sha256": "732b9b367a1c473d790a46dfca8698d41608453ab965c747c33639d889c76d56"
  },
  "boundary": "This test can support a fixed-capacity TreeHeap translation PoC. It cannot establish dialogue, world knowledge, semantic rotation, or superiority over industry-scale Transformers."
}
