[structured] seed=00 k=4 purity=0.556 f1=0.400 heldout_mrr=0.348 beats_other=0.333
[shuffled] seed=00 k=4 purity=0.333 f1=0.069 heldout_mrr=0.192 beats_other=0.056
[structured] seed=01 k=4 purity=0.611 f1=0.462 heldout_mrr=0.314 beats_other=0.333
[shuffled] seed=01 k=4 purity=0.389 f1=0.156 heldout_mrr=0.202 beats_other=0.111
[structured] seed=02 k=4 purity=0.667 f1=0.667 heldout_mrr=0.476 beats_other=0.667
[shuffled] seed=02 k=4 purity=0.333 f1=0.190 heldout_mrr=0.198 beats_other=0.056
[structured] seed=03 k=4 purity=0.611 f1=0.519 heldout_mrr=0.344 beats_other=0.333
[shuffled] seed=03 k=4 purity=0.333 f1=0.127 heldout_mrr=0.181 beats_other=0.056
[structured] seed=04 k=4 purity=0.556 f1=0.452 heldout_mrr=0.314 beats_other=0.333
[shuffled] seed=04 k=4 purity=0.500 f1=0.373 heldout_mrr=0.218 beats_other=0.056
[structured] seed=05 k=4 purity=0.611 f1=0.462 heldout_mrr=0.314 beats_other=0.333
[shuffled] seed=05 k=4 purity=0.389 f1=0.188 heldout_mrr=0.199 beats_other=0.056
[structured] seed=06 k=4 purity=0.667 f1=0.667 heldout_mrr=0.476 beats_other=0.667
[shuffled] seed=06 k=4 purity=0.333 f1=0.107 heldout_mrr=0.115 beats_other=0.000
[structured] seed=07 k=4 purity=0.667 f1=0.667 heldout_mrr=0.476 beats_other=0.667
[shuffled] seed=07 k=4 purity=0.444 f1=0.216 heldout_mrr=0.228 beats_other=0.111
[structured] seed=00 k=6 purity=0.778 f1=0.696 heldout_mrr=0.395 beats_other=0.500
[shuffled] seed=00 k=6 purity=0.500 f1=0.195 heldout_mrr=0.204 beats_other=0.056
[structured] seed=01 k=6 purity=0.722 f1=0.596 heldout_mrr=0.395 beats_other=0.500
[shuffled] seed=01 k=6 purity=0.556 f1=0.213 heldout_mrr=0.199 beats_other=0.111
[structured] seed=02 k=6 purity=0.778 f1=0.537 heldout_mrr=0.314 beats_other=0.333
[shuffled] seed=02 k=6 purity=0.444 f1=0.163 heldout_mrr=0.144 beats_other=0.056
[structured] seed=03 k=6 purity=0.556 f1=0.393 heldout_mrr=0.314 beats_other=0.333
[shuffled] seed=03 k=6 purity=0.389 f1=0.189 heldout_mrr=0.237 beats_other=0.111
[structured] seed=04 k=6 purity=0.722 f1=0.488 heldout_mrr=0.317 beats_other=0.333
[shuffled] seed=04 k=6 purity=0.389 f1=0.143 heldout_mrr=0.217 beats_other=0.111
[structured] seed=05 k=6 purity=0.889 f1=0.757 heldout_mrr=0.312 beats_other=0.333
[shuffled] seed=05 k=6 purity=0.500 f1=0.143 heldout_mrr=0.158 beats_other=0.056
[structured] seed=06 k=6 purity=0.833 f1=0.649 heldout_mrr=0.436 beats_other=0.389
[shuffled] seed=06 k=6 purity=0.444 f1=0.174 heldout_mrr=0.179 beats_other=0.056
[structured] seed=07 k=6 purity=0.611 f1=0.429 heldout_mrr=0.382 beats_other=0.500
[shuffled] seed=07 k=6 purity=0.389 f1=0.171 heldout_mrr=0.173 beats_other=0.056
[structured] seed=00 k=8 purity=0.833 f1=0.615 heldout_mrr=0.314 beats_other=0.333
[shuffled] seed=00 k=8 purity=0.500 f1=0.108 heldout_mrr=0.193 beats_other=0.056
[structured] seed=01 k=8 purity=0.667 f1=0.419 heldout_mrr=0.314 beats_other=0.333
[shuffled] seed=01 k=8 purity=0.556 f1=0.230 heldout_mrr=0.218 beats_other=0.111
[structured] seed=02 k=8 purity=0.778 f1=0.571 heldout_mrr=0.384 beats_other=0.222
[shuffled] seed=02 k=8 purity=0.556 f1=0.217 heldout_mrr=0.126 beats_other=0.000
[structured] seed=03 k=8 purity=0.667 f1=0.278 heldout_mrr=0.314 beats_other=0.333
[shuffled] seed=03 k=8 purity=0.444 f1=0.085 heldout_mrr=0.113 beats_other=0.000
[structured] seed=04 k=8 purity=0.833 f1=0.683 heldout_mrr=0.476 beats_other=0.667
[shuffled] seed=04 k=8 purity=0.500 f1=0.056 heldout_mrr=0.206 beats_other=0.056
[structured] seed=05 k=8 purity=0.722 f1=0.457 heldout_mrr=0.314 beats_other=0.333
[shuffled] seed=05 k=8 purity=0.556 f1=0.158 heldout_mrr=0.165 beats_other=0.056
[structured] seed=06 k=8 purity=0.833 f1=0.545 heldout_mrr=0.395 beats_other=0.500
[shuffled] seed=06 k=8 purity=0.444 f1=0.136 heldout_mrr=0.180 beats_other=0.056
[structured] seed=07 k=8 purity=0.778 f1=0.432 heldout_mrr=0.395 beats_other=0.500
[shuffled] seed=07 k=8 purity=0.444 f1=0.103 heldout_mrr=0.204 beats_other=0.111
{
  "by_mode": {
    "shuffled": {
      "cluster_purity": {
        "mean": 0.4444444444444445,
        "std": 0.07507376941024183,
        "n": 24
      },
      "pairwise_f1": {
        "mean": 0.16293176595173714,
        "std": 0.06568440236585513,
        "n": 24
      },
      "heldout_top1": {
        "mean": 0.05555555555555557,
        "std": 0.032764879145532694,
        "n": 24
      },
      "heldout_top3": {
        "mean": 0.13657407407407404,
        "std": 0.06340483857875287,
        "n": 24
      },
      "heldout_mrr": {
        "mean": 0.1854053314378069,
        "std": 0.033888511517879985,
        "n": 24
      },
      "heldout_beats_other_category": {
        "mean": 0.06481481481481484,
        "std": 0.03539011429281145,
        "n": 24
      },
      "full_context_cell_acc": {
        "mean": 0.6206275721391042,
        "std": 0.024923706916541933,
        "n": 24
      }
    },
    "structured": {
      "cluster_purity": {
        "mean": 0.7060185185185186,
        "std": 0.10029367327101385,
        "n": 24
      },
      "pairwise_f1": {
        "mean": 0.5348986325194723,
        "std": 0.12149632783828351,
        "n": 24
      },
      "heldout_top1": {
        "mean": 0.14814814814814817,
        "std": 0.04536092116265143,
        "n": 24
      },
      "heldout_top3": {
        "mean": 0.44444444444444436,
        "std": 0.1236847064202136,
        "n": 24
      },
      "heldout_mrr": {
        "mean": 0.36814098324514993,
        "std": 0.06159792280150572,
        "n": 24
      },
      "heldout_beats_other_category": {
        "mean": 0.4212962962962962,
        "std": 0.13401262815599962,
        "n": 24
      },
      "full_context_cell_acc": {
        "mean": 0.8652263308564822,
        "std": 0.03347353261301221,
        "n": 24
      }
    }
  },
  "structured_minus_shuffled": {
    "cluster_purity": 0.2615740740740741,
    "pairwise_f1": 0.3719668665677352,
    "heldout_top1": 0.09259259259259259,
    "heldout_top3": 0.30787037037037035,
    "heldout_mrr": 0.18273565180734302,
    "heldout_beats_other_category": 0.3564814814814814,
    "full_context_cell_acc": 0.2445987587173779
  }
}
