{"variant": "token_only", "step": 1, "train_nll": 10.445987701416016, "valid_nll_by_width": {"1": 6.276066720485687, "2": 8.204491058985392, "4": 9.689791393280029, "8": 10.646887567308214}, "elapsed_sec": 0.7443280220031738}
{"variant": "token_only", "step": 100, "train_nll": 4.441378593444824, "valid_nll_by_width": {"1": 4.511697351932526, "2": 14.159623622894287, "4": 29.31161766052246, "8": 40.78834788004557}, "elapsed_sec": 6.258199453353882}
{"variant": "token_only", "step": 200, "train_nll": 4.021143913269043, "valid_nll_by_width": {"1": 4.212046831846237, "2": 13.166901429494223, "4": 41.82376594543457, "8": 63.96736484103732}, "elapsed_sec": 11.783719062805176}
{"variant": "token_only", "step": 300, "train_nll": 3.7580313682556152, "valid_nll_by_width": {"1": 4.01789990067482, "2": 13.707683404286703, "4": 23.353517150878908, "8": 37.94210349188911}, "elapsed_sec": 17.233078718185425}
{"variant": "token_only", "step": 400, "train_nll": 3.689425468444824, "valid_nll_by_width": {"1": 3.939704567193985, "2": 13.904471715291342, "4": 18.41111469268799, "8": 30.86258316040039}, "elapsed_sec": 22.51628279685974}
{"variant": "token_only", "step": 500, "train_nll": 4.290523529052734, "valid_nll_by_width": {"1": 3.9799474477767944, "2": 11.282645543416342, "4": 20.417749977111818, "8": 35.94377093844943}, "elapsed_sec": 28.026538848876953}
{"variant": "random_span", "step": 1, "train_nll": 10.58968734741211, "valid_nll_by_width": {"1": 7.495502829551697, "2": 8.529350121816, "4": 9.335346698760986, "8": 9.878854327731663}, "elapsed_sec": 0.6488525867462158}
{"variant": "random_span", "step": 100, "train_nll": 6.664328575134277, "valid_nll_by_width": {"1": 4.43315988779068, "2": 5.880735794703166, "4": 7.232621574401856, "8": 7.908801714579265}, "elapsed_sec": 10.750548601150513}
{"variant": "random_span", "step": 200, "train_nll": 6.466053009033203, "valid_nll_by_width": {"1": 4.121240109205246, "2": 5.591715057690938, "4": 6.679177474975586, "8": 7.577799161275228}, "elapsed_sec": 20.289329528808594}
{"variant": "random_span", "step": 300, "train_nll": 5.909087181091309, "valid_nll_by_width": {"1": 3.9896486699581146, "2": 5.305536866188049, "4": 6.252063417434693, "8": 7.304969416724311}, "elapsed_sec": 30.07850956916809}
{"variant": "random_span", "step": 400, "train_nll": 5.720515251159668, "valid_nll_by_width": {"1": 3.8650554716587067, "2": 5.2072203159332275, "4": 6.041057825088501, "8": 7.204054567548964}, "elapsed_sec": 40.13244414329529}
{"variant": "random_span", "step": 500, "train_nll": 6.762828826904297, "valid_nll_by_width": {"1": 3.9035113155841827, "2": 5.14867635567983, "4": 6.042233896255493, "8": 7.083533922831218}, "elapsed_sec": 49.81718587875366}
{"variant": "subheap", "step": 1, "train_nll": 10.486465454101562, "valid_nll_by_width": {"1": 7.299206018447876, "2": 8.351322571436564, "4": 9.204406547546387, "8": 9.795025295681423}, "elapsed_sec": 0.658841609954834}
{"variant": "subheap", "step": 100, "train_nll": 6.987812042236328, "valid_nll_by_width": {"1": 4.494152188301086, "2": 5.9093968868255615, "4": 7.116321563720703, "8": 8.017650074428982}, "elapsed_sec": 10.62412977218628}
{"variant": "subheap", "step": 200, "train_nll": 6.190648555755615, "valid_nll_by_width": {"1": 4.323954403400421, "2": 5.536513805389404, "4": 6.62493863105774, "8": 7.479719585842556}, "elapsed_sec": 19.98960304260254}
{"variant": "subheap", "step": 300, "train_nll": 5.976272106170654, "valid_nll_by_width": {"1": 3.9228729009628296, "2": 5.362909118334453, "4": 6.2403261184692385, "8": 7.401173114776611}, "elapsed_sec": 29.680001735687256}
{"variant": "subheap", "step": 400, "train_nll": 5.700057506561279, "valid_nll_by_width": {"1": 3.930427074432373, "2": 5.101065357526143, "4": 6.027724266052246, "8": 7.157410727606879}, "elapsed_sec": 39.816962003707886}
{"variant": "subheap", "step": 500, "train_nll": 6.926337718963623, "valid_nll_by_width": {"1": 3.92343008518219, "2": 5.107693314552307, "4": 6.071555852890015, "8": 7.08373318778144}, "elapsed_sec": 49.341039180755615}
{
  "derived": {
    "subheap_nll_gain_over_token_by_width": {
      "1": 2.2519939094781876,
      "2": 2.765094856421152,
      "4": 3.3638948678970326,
      "8": 3.608821445041233
    },
    "subheap_nll_gain_over_random_span_by_width": {
      "1": 0.019964680075645447,
      "2": 0.05869575341542532,
      "4": 0.0006749153137199926,
      "8": 0.0007072819603815006
    },
    "subheap_accuracy_gain_over_token_by_width": {
      "1": 0.0234375,
      "2": 0.02864583333333337,
      "4": 0.042578124999999994,
      "8": 0.050998263888888895
    },
    "subheap_source_shuffle_damage_width8": 0.022870593600802458,
    "subheap_root_zero_damage_width8": -0.010077661938137972,
    "subheap_no_source_damage_width8": 3.464917633268569,
    "subheap_sibling_swap_damage_width8": 0.0015646351708307193,
    "subheap_detail_shuffle_damage_width8": [
      0.25890421867370605,
      1.1129005485110808,
      2.5241896576351595,
      3.971271806293063,
      4.823010630077786,
      4.113825718561809
    ]
  },
  "gates": {
    "P1_finite_and_learning": true,
    "P2_subheap_beats_matched_span_on_deep": false,
    "P3_generation_nonempty_and_accuracy_gain": true,
    "P4_source_causal": false,
    "P5_root_and_depth_causal": false,
    "P6_addresses_causal": false,
    "P7_closed": true
  }
}
